欧盟
欧洲联盟
国民党
立  法院
立院
立法院
行政院
新党
新  党
亲民党
行  政院
联合国
法塔组织
英国广播公司
研究  处
证券划拨交额户
央行
中央银行
《台北国际之声》
经研处
共和党
民主党
《纽约时报》
美国广播公司
美国有线电视新闻网
美国哥伦比亚广播公司
纳斯维尔饭店
北方舰队
国际传真社
消息报
华盛顿邮报
《东亚日报》
北约
南韩国  防部
容总
台北国际之声
荣民总医院
财政部
外汇银行
《cbs台北国际之声》
中共
诺贝尔委员会
台湾银行
外交部
克里姆林宫
中共中央
中宣部
国家航天局
国防科工  委
科技部
全国政协
中共中央政治局
新华社
中科院
教育部
中国工程院
汉沙航空公司
国际航空公司
中央台
国务院
理事会
全国人大
委员会
五角大楼
政协
政治局
中央
中国军事科学学会
中国人民志愿军
军事科学院
北海舰队
常委会
新闻办
全国人大常委会
中共中央政治  局
大东国税局
国家纪委
农业部
新闻出版署
纠风办
法制办
妇联
铁路局
中央电台
华西热带厂
党委
地检署
科技类股，
不过因为选举的结果
气象局
公务局
环保局
波导
中概
保二
保  二
高师启智学  校
启智学校
“梅”休闲泡沫红茶  店
土城分局
少年队
联邦调查局
北海舰  队
常委员
全  国人大
常委  会
全国人民代表大会
常务委员会
人大
全  国人民代表
世界贸易组织
人事部
华盛顿中国大专院校校友会
中国学仁国际交流中心
北京大学
中国银行
北大
中行
总统大赫委员会
世界知识出版社
中国人权发展资金会
日军
国际战争罪行法庭
下院
杜马外交事务委员会
美国之音
议会
众议院
世贸组织
下院杜马
美加研究  所
美国知音
国会
外交关系委员会
国防部
伊斯兰
人口调查局
人口普查局
葆曼科技大学
文尼传通讯社
共和军
解除武装委员会
厄尔斯特统一党
联邦安全局
莫斯科城市法院
褒曼空军院
褒曼科学院
海军
莫斯科航空学院
革命联合阵线
人权观察
法院
中功
法轮功
联  合国
美  国之音
美国  之音
历史博  物馆
穆斯林
自由亚奇运动
天主教爱国会
天主教会
国家宗教局
天主教
国家电视台
安 全会议
侨办
华侨华人 总会
华侨华人总会
奥委会
国奥足球队
国际奥委会
体育局
外高桥保税区开发股份有限公司
网球联 合会
网球协会
吴佩倩舞极舞蹈团
世界精神卫生联盟
杜马
俄安全局
社会联络中心
国际事务委员会
中国农业科学院
国际昆虫与生态研究所
科诺 公司
卫生部
中国农业大学
信息科技部
美国有线新闻广播公司
海 军陆战队
库尔斯克”号核潜艇事故原因调查委员会
外交 通商部
西安交通大学
俄罗斯电视台
俄通社－塔斯社
国际电影联盟
社会党
基民党
反对党联盟
激进党
争取民 主党
亚琛队
勒沃库森队
弗赖堡 队
波鸿队
韦恩陶努斯 队
多特蒙德队
比勒费尔德队
亚 琛队
美因茨０５队
不来 梅队
弗赖堡队
纽伦堡队
卡尔斯鲁厄队
汉堡队
勒沃 库森队
管理局
美国 驻土耳其大使馆
阿纳多卢通讯社
国家 电视台
斯安银行
红宝石”设计局
州法院
民主 党
保安服务总公司
保安公司
公安部第一研究所
公安局
保安总公司
保安管理 处
北方 舰队
红星报
速滑 队
“飞行”生产联合企业
“地球观察”公司
航天器地面指挥测量中心
国际文传电讯社
安理会
议会上院
国务委员会
俄联邦国务委员会
联邦国务委员会
议会 上院
联邦委员会
办公厅
财政
农业
计划厅
计财处
督查议案处
教育局
计划
教育厅
财政厅
“红宝 石”中央海军兵器设计局
美国白宫
维和部队
南通社
部队
青珍生物工程有限公司
林登绿色保健食品有限公司
香 格里拉贸易公司
青珍贸易公司
伟松食品有 限公司
州委
卫生 部
国家烟草专卖局
烟 草专卖局
团中央
全国学联
长春大学
青海医学院
华 中师范大学
电子科技大学
河 北师范大学
建昊
复旦大学
科协
清华大学
书记处
中南大学
建昊集团
山东大学
托儿所
小小学庭
全国职总托儿合作社
社体部
社 体部
职总托儿所
职总托儿合作社
家庭坊
社会发展及体育部
学习展望国际私人有限公司
加大
路透
加州大学
能源部
移民局
海关
美联
松江市新闻广播室
日本广播公司（NHK
日本广播公司
联合早报
公关事务处
国家公园局
环球塑料网络
GlobalPlas.com
第五舰队
中文系
国大
军事委员会
参议院
中央情报局
中央司令部
公司
法新
英国广播公司电台
NTV电视台
海军新闻处
RIA通讯社
中 央指挥部
中央指挥部
纽约时报
法新社
回教
俄通社―塔斯社
NTV
外经贸部
对外经济贸易合作部
中 央
国际文传通讯社
约翰・格伦学院
俄亥俄州大学
兴都基金会
国防与战略研究院
环境发展部
亚晋联
世 界晋江同乡总会
世晋总
世界晋江总会
新加坡晋江会馆
世界晋江同乡总 会
交通及资讯科技部
亚洲晋江社团联 合会
世界晋江同乡总会
香港晋江同乡会
武装部队
职总
全国职工总会
Malaysiakini.com
《民族报》
《太阳报》
马来西亚现在
东南亚新 闻业联盟组织
中央电视台
工人日报
中国社会科学院
劳动与 社会保障部
劳动和社会保障部
安全委员会
东京大学
管理学 院
管理学院
台北宾馆
侨委会
中华会馆
侨  委会
中正学校
外务部
共党
中国记协
证管会
汉  兵马俑博物馆
汉兵马俑博物馆
皇家海军
福特基金会
福特
美联社
福特基金
福  特基金会
福特  基金会
外交事务委员会
红宝石”中央海军兵器设计局
哈利 伯顿”公司
全国人 大
全国 人大
最高人民法院
体育总会
新浪网
国家经贸委
省委
中共中 央政治局
南部非洲发展共同体
南共体
香港康乐及文化事务署
民主反对党
亚洲杯赛组委会
亚洲足总
真主党
亚洲杯黎巴嫩组委会
远顺建筑
建屋发展局
建设局
远顺
远顺建 筑私人有限公司
远顺 建筑
国防情报局
局
WABC电视台
海军 陆战队反恐怖活动安全小组
《华盛顿邮报》
