费雪
米洛舍维奇
科什图尼察
维  德林
张俊雄
廖峰德
钟少何
陈水扁
陈清宝
赖世宝
巴拉克
阿拉  法特
巴国皮
阿拉法特
克林顿
安南
库克
金大中
奥尔布赖特
何友  琳
何友琳
小布什
戈尔
耐克
小布  什
小  布什
克雷巴诺  夫
克列斯利克夫
本?拉登
阿利安尼
许佳慧
林佩玉
曾美慧
徐仁月
朱阿定
高行健
高行  健
钟景龙
蒋公人
吴绍祺
普京
波普
李瑞环
江泽民
朱容基
朱邦造
希拉克
班达拉耐克
何鲁丽
普罗迪
波波夫
科列巴诺夫
李鹏
李子顺
李涛
王志勇
朱琳
张丹丽
吴邦国
李原
李胜
胡锦涛
郭亮
吴仁宝
赵福全
孙业
立元新
立  元新
林福生
济公
何淑文
刘
刘邦玉
刘大玉
蔡农花
黄胜忠
林征义
马英久
龙应台
子云
黄焦石
王新平
梁兴范
吕秀莲
陈总统
钟茂兴
苏炳昆
黄正福
王武艺
圣诞老人
杨松州
戈达尔
戈尔达
伊万诺夫
罗哥金
米洛塞  维奇
佩斯
穆巴拉克
巴沙尔
科莱漫游卡
罗金格金
埃德蒙德波普
詹姆斯
魏利达
乔治华盛顿
本拉登
贝利达
沙利贺
布里提鄂姆
卡西丹
安格拉.布里提鄂姆
乔.科斯坦扎
美国人
科斯坦扎
萨迪赫
米勒
萨利赫
加斯佩里尼
库罗耶多夫
多普
巴尔基那
埃德蒙・  多普
巴布金
多  普
阿斯卡科夫
皮克林
拉马布萨
阿克西  萨里
克利斯尼科夫
科列尼科夫
那  柏伦罗斯斯基
盖斯.伯里尼
科莱斯尼科夫
阿斯塔霍夫
帕勃金
白桦
达妮  连科
勉丁
阿姆斯特朗
乔治・w・布什
肯・罗斯
贝里
维吾尔族人
吴永琪
张永泰
秦国人
中国人
黄光南
尤多约诺
马赫伏德
马赖
郭西德
盛世良
李俊
古宣辉
维南茨
宋洁云
乌拉蒂雅
马吉 里奥内
张兰华
张礼庆
穆萨
葛相 文
刘琦
郭礼华
吴佩倩
刘燕华
程瑛
法海
张乐
谢列兹尼奥夫
张金海
克 林顿
罗戈津
波 普
夏云龙
谢天健
顾明
门广涛
魏仁苗
孙占林
克列巴诺夫
李廷彬
高浩荣
斯帕斯基
马尼洛夫
施罗德
布莱尔
范阿尔岑
张伟
熊艳
苏森
贾 治邦
马兴华
胡安
雅克林・里塞尔贝尔格
华金・拉温
侯耀其
拉戈斯
社会党人
科 列斯尼科夫
李德平
德加洛
海科・赫尔利希
王东
塞利米
谢晖
拉梅 罗
布尔达里奇
鲁迪・ 弗勒尔
邵杰
怀成波
贝利
本・拉丹
多布罗斯科琴科
纳夫罗茨基
吴平
科列斯尼科夫
巴克斯
胡晓明
哈里斯
布什
休斯
比戈
刘江
戈 尔
牛爱民
波 波夫
贡达・ 尼曼－施蒂尔内曼
林特耶・ 里茨马
尼曼－施蒂尔内曼
克劳迪娅・佩希施泰因
安妮・弗里辛格尔
雷娜特・格鲁内沃尔德
秦德岐
格罗莫夫
普 京
卜云彤
朱明国
汪啸风
韩至中
于迅
张世养
哈克特
迈克尔・克利姆
格兰特・哈克特
齐紫剑
奥列维尔・萨敏丁
艾德蒙・波普
阿族
阿尔巴尼亚族
罗宾・库克
李拯宇
刘远达
侯鹤祥
訾红旗
李钧德
王文元
宫璐璐
胡春华
楚洪波
李辉
胡晓梦
黄郑
侯华
冯长根
马扬飚
卓玛本
邓小平
谢文兵
温蜀山
黄立业
龙格查普莉
海尔登
摩 西尔
摩西尔
埃克摩夫
符喜泉
林玉辉
玛丽妮
森喜朗
黄・珍妮花
明翠
陈庭福
佩尔基
形奇特利
苏菲亚
梁文福
林秋离
姚谦
陈ㄙ
黄 舒骏
陈俐珊
沃纳
医疗队
专家
乌萨 马
克拉克
水兵
乌萨马
人员
雷诺
培根
弗兰克斯
沙勒
弗里
纳夫罗特斯基
科恩
藤森
蒙特 西诺斯
蒙特西诺斯
龙永图
龙 永图
谢尔盖耶夫
胡申
奥萨马
家族
阿拉法
古玛
纳拉亚南
纳丹
吴作栋
吴
李光 耀
杨荣文
蔡锦淞
王为谦
林瑞生
黄呈辉
张志贤
桑保
李显龙
林泉宝
颜重庆
Pramesh Chandra
Steven Gan
奥利弗・哈里逊
阿布拉姆
披 头士
哈里逊
斯特劳
乔治・哈里逊
乔治
冯兰瑞
埃德蒙・波普
埃德蒙・ 波普
井崛
德川
严友干
库尔滕
阿加西
布鲁格拉
库 尔滕
诺曼
桑普拉斯
穆斯特
卡菲尔尼科夫
弗雷华
华夏  送义访问团
陈水  扁
林超华
那弗洛斯基
艾斯塔  克夫
伯  尔金
艾斯塔克夫
于芳
范长江
皮树义
冯并
涛奋
王晨
本・拉登
林  肯
阿扁
尼克松
甘乃迪
傅
郑俊杰
拉各斯
迟浩田
郑玉文
丹奇克
陈舒
达新
白罗斯・福德
卢加
波谱
凯尔迪什
符泉生
曹志
何椿霖
王炽
肖扬
王长有
柳昌林
黎应钦
红色娘子军
李佳路
王志东
廖晓淇
王旭东
李岚清
钮茂生
张保庆
吕国庆
小平
张佑才
郝建秀
张文康
徐冠华
高原
萨文比
库什内
米 洛舍维奇
帕夫科维奇
塔奇
韦拉潘
卡米
许贵荣
高启智
川田悦子
奥肯登
贾丁・弗莱明
威尔逊
谢尔顿
贝肯
朱利亚尼
克里克
史密斯
贝努瓦
包润石
西沃特
鲍尔斯
