अगरतला
आग्रा
अहमदाबाद
अहमदनगर
ऎज़वाल
अजमेर
अकोला
अलापुज़ा
अलिगड
अलाहबाद
अलवार
अम्बट्टुर
अमरावती
अमरितसर
असानसोल
बली
बन्ग्लोर
बारानगर
बर्दामन
बरेली
बेहला
बेलगाव
बेल्लारी
भागलपुर
भाटपारा
भावनगर
भिलई
भिलवाडा
भिलवाडा
भोपाल
भुबनेस्वर
बिजापुर
बिकानेर
बिलासपुर
बोकारो स्ट्ल सिटी
ब्रम्हपुर
चन्दीगढ
चद्रपुर
चेन्नई
कोएम्बतुर
कुडप्पा
कट्टक
दमन
दर्भन्गा
दसराहल्ली
दवानगेरी
देहरादून
दिल्ली
धनबाद
धुले
दिसपुर
दुर्गापुर
इरोड
फ़रीदाबाद
फ़िरोज़ाबाद
गजुवाका
गान्धीनगर
गेन्गटोक
गाया
गज़ीयाबाद
गोरखपुर
गुलबर्गा
गुन्टुर
गुहाटी
ग्वालियर
हवरा
हिसार
हुब्ली-धरवर
हेद्राबाद
इचलकरन्जी
इम्फाल
इन्दोर
इटानगर
जबलपुर
जादलपुर
जयपुर
जलन्धर
जलगाव
जम्मू
जामनगर
जमशेदपुर
झान्सी
जोधपुर
जुनागड
काकीनाडा
कल्यान
कमर्हटी
कानपुर
कवरट्टी
खड्कपुर
कोची
कोहीमा
कोल्हापुर
कोलकाता
कोलम
कोरबा
कोटा
कोज़ीकोड
कुकाट्पल्ली
कुल्टी
कुर्नूल
लालबहादुर नगर
लातूर
लखनऊ
लुधियाना
मदुराई
महेशतल
मालेगाव
मन्गलोर
मथुरा
मीरट
मीरा भयन्डर
मोरादाबाद
मुम्बई
मुज़फ़र नगर
मुज़फ़रपुर
मॆसुर
नागपुर
नान्देड
नासिक
नवी मुम्बई
नेल्लोर
नई दिल्ली
निज़ामाबाद
नोयडा
पन्जी
पानीहटी
पानीपत
पर्भानी
पटियाला
पटना
पिम्प्री-चिन्चवड
पान्डिचेरी
पोर्ट ब्लेयर
पुने
रायपुर
राजमन्ड्री
राजरघाट गॊपालपुर
राजकोट
राजपुर
सोनारपुर
रामपुर
रान्ची
रोरकेला
रोहतक
सागर
साहरामपुर
सलेम
सान्गली
शाहजहानपुर
सम्भाजीनगर
सिलिगुरी
शिलान्
शिमला
शिमोगा
सिलवासा
सोलापुर
दक्शीण डम डम
श्रीनगर
सुरत
थालसेरी
थाना
थिरुवन्तपुरम
थोथुकुडी
त्रिचुर
तिरुचिरापल्ली
तिरुनेलवेली
तिरुपती
तिरुप्पुर
उदयपुर
ऊज्जॆन
ऊल्हासनगर
बरोडा
वारानसी
वेल्लुर
विजयवाडा
विसाखापट्ट्नम
वारन्गल
यमुनानगर

