अगर्तला 
आग्रा
अह्मदाबाद
अह्मद्नगर
ऎज़वाल
अजमेर
अकोला
आलपुज़ा
अलीगड़
अल्लहाबाद
अल्वर
अम्बट्टुर
अम्रावती
अमृतसर
असानसोल
बली
बन्गलोर
बारानगर
बर्दामन
बरेली
बेहला	
बेलगाँव
बल्लारी
भागलपुर
भाटपारा
भावनगर
भिलई
भिलवाडा
भोपाल
भूवनेश्वर
बिजापुर
बीकानेर
बिलासपुर
बोकारो स्टील सिटी	
ब्रम्हपुर
चन्दीगढ
चंद्रपुर
चेन्नई
कोयम्बतुर
कुडप्पा	
कटक
दमन
दर्भन्गा
दसराहल्ली
दावनगेरे
देह्रादून
धनबाद
धुले
दिस्पूर
दुर्गापुर
इरोड
फ़रीदाबाद
फ़िरोज़ाबाद
गजुवाका
गान्धीनगर
गांग्टोक
गाया
गज़ीयाबाद
गोरखपूर
गुलबर्गा
गुन्टुर
गुहाटी
ग्वालियर
हवरा
हिसार
हुब्ली
धार्वाड़
हैदराबाद
इचलकरन्जी
इंफाल	
इंदौर
इटानगर
जबलपुर
जयपुर
जलन्धर
जलगाँव
जम्मू
जाम्नगर
जम्शेद्पुर
झाँसी
जोधपुर
जूनागढ
काकीनाडा
कल्यान
कमर्हटी
कान्पुर
कवरट्टी
खड्कपुर
कोची
कोहीमा
कोल्हापुर
कोल्कत्ता
कोल्लम
कोरबा
कोटा
कोज़ीकोड
कुकाट्पल्ली
कुल्टी
कुर्नूल
लालबहादुर नगर
लातूर
लखनऊ
लुधियाना
मधुरै
महेशतल
मालेगाँव
मन्गलोर
मथुरा
मीरठ
मीरा भयन्डर
मोरादाबाद
मुम्बई
मुज़फ़्फ़र्नगर
मुज़फ़्फ़रपुर
मैसूर
नाग्पुर
नान्देड
नासिक
नवी मुम्बई
नेल्लोर
नई दिल्ली
निज़ामाबाद
नोयडा
पनजी
पानीहटी
पानीपत
पर्भानी
पटियाला
पटना
पिम्प्री-चिन्चवड
पान्डिचेरी
पोर्ट ब्लेयर
पुने
रायपुर
राजमन्ड्री
राजरघाट गॊपालपुर
राजकोट
राजपुर
सोनारपुर
रामपुर
रान्ची
रूर्केला
रोहतक
सागर
साहरामपुर
सेलम
सान्गली
शाहजहानपुर
सम्भाजीनगर
सिलिगुरी
शिलान्
शिम्ला
शिमोगा
सिलवासा
सोलापुर
दक्शीण डम डम
श्रीनगर
सूरत
थालसेरी
थाना
तिरुवनन्तपुरम
थोथुकुडी
त्रिचुर
तिरुचिरापल्ली
तिरुनेल्वेली
तिरुपती
तिरुप्पुर
उदयपुर
उज्जैन
ऊल्हासनगर
बरोडा
वार्णासी
वेल्लुर
विजयवाडा
विशाखपटनम
वरन्गल
यमुनानगर