नगा 
शिव 
कहो ना 
सपोतरा 
उम्टा 
सोमैया 
यमुना 
कोसोवो 
विदिशा 
मथुरा 
सौदा 
घलोटी 
गुना 
अयोध्या 
डोडा 
मिश्र 
टोक्यो 
अग्निहोत्री 
सिमी 
जम्मू 
पुणे 
ब्रह्मगिरि 
जया 
मदुरै 
दुबई 
केन्या 
सेबी 
अमेरिका 
गेक्को 
धुले 
करौली 
ब्रुनेई 
केरल 
पुरी 
जेनेवा 
मध्य प्रदेश 
कर्नाटक 
जयललिता 
दतिया 
बिलमाला 
करुणानिधि 
मणिपुर 
बैलेनो 
प्रिटोरिया 
बेटनोटी 
रायगडा 
मारुति 
मुरसोलि मारन 
फूलन देवी 
मनाली 
चीन 
पटना 
भट्टाचार्य 
गदर 
सुराणा 
जिन्ना 
कनाडा 
सोलन 
पानसागुडा 
निष्कल्प 
लुधियाना 
उज्जैन 
परना 
गोद 
उत्तर प्रदेश 
नगरोटा 
कलोल 
हमामात्सु 
फूलन 
पिताजोडी 
10 जनपथ 
बेहमई 
मुरसोली मारन 
सुब्रह्मण्यम 
सखालिन 
सुधाकरन 
भरतपुर 
धर्मेंद्र 
एवरेस्ट 
कश्मीर 
केनरा 
जैन 
इटली 
भट्टाचार्य 
दोआबा 
कलकत्ता 
गुजरात 
बाली 
देओल 
हरिपाद सा 
गदरः 
कुरुक्षेत्र 
मुरैना 
शिकागो 
भोपाल 
धौलपुर 
स्पार्क्स 
सरदार सरोवर 
लखपत 
हरियाणा 
कराची 
लैक्टोजेन 
कोरबा 
रोहित बल 
जालू 
पेरिस 
विघ्नेश्वर गणेश 
लिबर्टी 
घातली 
मुल्तान 
खालिस्तान 
कोलकाता 
अकासाका 
आंध्र प्रदेश 
मुंबई 
डब्लिन 
कोस्टारिका 
वडनगर 
लालू 
बिहार 
चेन्नै 
यूरोप 
अरुणाचल प्रदेश 
नीतीश 
इंडोनेशिया 
कोहजा 
हिमाचल प्रदेश 
लालू यादव 
चौटाला 
तिरुवरुर 
होशियारपुर 
उदयपुर 
महाराष्ट्र 
रीना ढाका 
इस 
नेपाल 
शोर्स 
लोकनायक भवन 
करगिल 
बच्चूभाई कास्ता 
तमिलनाडु के 
राजनकुंटे 
श्रीनगर 
शेषनाग 
उपहार 
पाकिस्तान 
कश्मीरी 
दलाल स्ट्रीट 
बंग्लादेश 
ओडीसा 
राजस्थान 
मलेशिया 
आऍस्ट्रेलिया 
मेडिटरेनियन 
गांधीनगर 
तमिलनाडु से 
बड़शल्ला 
बंगलूर 
टर्की 
जयपुर 
चीनी 
वैजयंतीमाला बाली 
दीपेंद्र 
परीक्षित सागर 
जालंधर 
बंगलूर पैलेस 
खार 
तो राज्यसभा 
भूटान 
मुंबईः 
पहले 
उसे राज्यसभा 
बंगलूरः 
बर्मिंघम 
तिब्बत 
मिर्जापुर 
टर्टल 
गुवाहाटी 
बामियान 
बांग्ला 
और अमेरिका 
मोहंती 
कोइजाम 
मालाबार हिल 
लिश्टेंस्टीन 
बाबरी मस्जिद 
वसंउधरा राजे 
इंडिया 
इंडिया 
ब्रिटेन 
उसे 
बढ़ी 
पर 
वे राज्यसभा 
कैरिबजेट 
ओलिवर रोड 
प्रागपुर 
आसनसोल 
उस 
कोलंबो 
लिबर्टीर् 
पाकिस्तानी 
कच्छ 
बांग्लादेश 
लाहौर 
काबुल 
एशिया 
ग्रीन पार्क 
विएतनाम 
बंगारू लक्ष्मण 
धौलपुर 
इज्राएल 
सिटी 
ओंतारियो 
कश्मीर' 
तिलक मार्ग 
पेशावर 
ग्रॉसी 
मुशर्रफ 
डेनमार्क 
डेरा 
इस्लामाबाद 
सिंगापुर 
तोर्शा नदी 
बांडा एकेह 
मुस्लिम-जाट बूल 
हाजीपुर 
मध्य प्रदेश 
जरिया 
देने 
दिल्ली 
लौटे 
लेबनान 
जॉर्डन 
इंदिरा 
सिलिकान वैली 
, भाउसाहब हिरे मार्ग 
युद्ध 
अनोखा 
डरबन 
देते 
सनी देओल 
असम 
थाइलैंड 
याकाओलंग 
पवई लेक 
देहरादून 
स्टरलाइट 
सकता 
मयूरभंज 
चारबाग 
मंउबई 
झारखंड 
अहमदाबाद 
बेल्लारी, 
वाली 
कोलकाता 
चल 
गोवा 
कोइज़ाम 
वसंउधरा राजे 
मुलतान 
जया जेटली 
आऍस्ट्रेलिया, 
सिलिकॉन वैली 
करते 
नंदूरबार 
हत्या 
देखा 
उनका 
लगा 
माहौल 
इसका 
लेकसाइड 
अनुदान 
एनीमल 
बढ़त 
गांगुली 
ब्रीच कैंडी 
भरे 
काठमांडो 
म्यांमार 
रही 
गुजरात 
इंफाल 
गोपालनगर झील 
भिंड 
साल 
सरसिंग रोंगफार 
गांधीधाम 
जापान 
मैसूर 
कर्ज 
काजीरंगा 
अमेरिका 
जल्दापाड़ा 
हैदराबाद 
जिन्ना 
ऊमायूं रोड 
कक्कड़ 
एशिया 
ऊर्जा 
ज्यादा 
गाजियाबाद 
शेयर 
बेकनगंज 
रावलपिंडी 
विलक्षण 
दीवाली 
मध्य यूरोप 
कभी 
अफगानिस्तान 
हृदय 
ज्ञानेंद्र 
``अयोध्या 
जायज 
पांडेय 
केवलादेव नेशनल पार्क 
