七十六点八亿
四百三十八点八亿
一千零九十八点二亿
二千万
三十亿
二百零九亿
十点九二亿
一百四十七亿
二百亿
一百七十八亿
一点三亿多
三十一亿
一点六八亿
二十二亿
二千多万
亿元
二百五十亿
一百六十九点八亿
一百五十亿
二亿
二十点五亿
十五亿
二十万
一点五亿
三百亿
一点一三亿
十二亿
二十六点二七亿 人民币
三点六五亿
八点一二亿
六千万
三点二亿
一千二百五十万
六十亿
五十亿
一百零九亿 人民币
二千三百八十一点五亿 人民币
一千零五十五亿 人民币
一百八十五点六亿 人民币
一千五百五十九亿 人民币
二千九百七十万
三点五亿
六千多万
一千零三十七万
四千多万
二千八百三十万
一百八十四点九亿
八十五点二亿
九点五亿
一百七十八点三亿
三百六十一亿
四点九亿
一百八十二点七亿
一百六十五点九亿
四十二点九亿
五十七点九亿
一百五十八点一亿
一亿
二十五点二四亿
三十一点六亿
十四点四亿
一亿多
八十二点七亿
六百万
十亿多
一亿五千万
十二点四亿
一百零九点九亿
二点六亿
七点八亿
十亿
五亿 人民币
四百多亿
一点零一万亿
八十多亿
一千一百四十七亿
五百一十五亿
一百三十八点七亿
七十亿
四百八十亿
三十亿 人民币
七十亿 人民币
六百亿 人民币
四百九十六亿
两千多万
两千五百万
一千万
三十多亿
四十五亿 人民币
八点八四亿
十五亿 人民币
二点五亿 人民币
十点六亿
四千八百五十六万
一百亿 人民币
七千万
一点四七亿
数亿
一点二七亿 人民币
一点二亿 人民币
三点四七亿
五点七八亿
十三亿五千七百多万
十九点二七亿
一百亿
六十多亿
一百万
十万
八亿多
一亿 人民币
七亿多
四十三亿
四百六十九点五九亿
二点零五亿
四百点零七亿
四百八十四点六二亿
三点一一亿
二千三百亿
二百三十八亿
六十二点三五亿
两亿
六点一亿
六亿
二十八亿
六点五亿
一百四十五亿
二点六五亿
二百二十点二亿
三十七亿
一万二千七百四十七万
六十四亿
十八亿
四十五点五亿
三点六亿
两千万
十亿 人民币
五亿
二千四百万
五百万
四十八点九亿
八十五点七九亿
九十亿
三十八点六亿
四亿
一点八亿
五千万
二十六点六亿
二点六亿 人民币
四亿 人民币
五点三亿
三点七亿 人民币
六十四点一亿
十六点三七亿
二十四点六亿
八点八九亿
二十八点九亿
五十一亿多
三十点三二亿
七十七亿
七点一六亿
一千二百五十五亿
二十一点八亿
四十二亿
三十五点二亿
一百四十亿
一千一百三十亿
五十五亿
二百三十亿
三百四十亿
三百一十八亿
三千亿
一百八十亿
一百六十亿
二千七百八十亿