新华社
日本 公社债 研究所
中国 银行
日本 野村 证券 公司
中国 进出口 银行
进出口 银行
普康 公司
国务院
卫生部
浙大 半导体厂
经济部
江苏 苏钢 集团 公司
韩国 驻华 使馆
中国 新华 通讯社 对外部
中国 海关
对外 贸易 经济 合作部 亚洲司
大韩 贸易 振兴 公社
国家 开发 银行
日本 兴业 银行 证券 株式会社
日本 野村 证券 株式会社
中国 （ 海南 ） 改革 开展 研究院
专科 医院
加拿大 政府
中国 电子 进出口 总公司
中国 长江 三峡 工程 开发 总公司
中国 银行 三峡 分行
福建 乡镇 企业局
满洲里 国际 贸易 公司
加拿大 太平 矿业 有限 公司
美国 环球 集团 有限 公司
瑞士 特联 投资 集团
满洲里 服装厂
海关 总署
东芝 大连 有限 公司
大连 斯大 精密 有限 公司
欧姆龙 大连 有限 公司
佳能 大连 办公室 设备 有限 公司
万宝至 马达 大连 有限 公司
缅甸 政府
泰国 政府
美国 通用 电气
成都 通用 医疗 设备 （ 西南 ） 有限 公司
通用 电气
通用 公司
中国 医疗 器械 工业 公司 西南 医用 设备厂
泰康 人寿 保险 股份 有限 公司
中国 国际 旅行社
中国 外 贸易 运输 总 公司
中国 人民 银行
中国 贸易 促进会 广东 分会
广东省 外经贸委
东莞 地区 海关
香港 中华 总 商会
外经贸部
福建 计算机 外部 设备厂
福建 日立 有限 公司
福建 实达 电脑 股份 有限 公司
中国 政府
中华 映像 公司
厦华 电子 企业 有限 公司
天津 外经贸委
澳 政府
自由党 和 国家党 联盟 政府
澳大利亚 新 政府
韩国 乐金 集团
水东 开发区 管委会
日本 伊滕忠 商事 株式会社
香港 德成 化工 有限 公司
安玻 公司
安阳 彩色 显像管 玻壳 有限 公司
白宫
华盛顿 国会
克林顿 政府
美国 商会 中国 分会
西屋 电气
仙妮雷德 集团
波音
美国 商会 广州 分会
美国 政府
麦道
福特
美国 商会 广东 分会
国会
克雷 公司
中国 国家 气象局
武汉 大学
美国 克雷 公司
连云港 钟山 氨纶丝 有限 公司
钟山 氨伦 有限 公司
民生 集团
九江 民生 集团 有限 公司
省政府
??? ?? ?? ?? ??
???
??? ??
?? ???
美国 传统 基金会
《 华尔街 日报 》
传统 基金会
道琼斯 公司
新华社 对外部
澳大利亚 国卫 人寿 保险 公司
新加坡 华侨 银行
中国 人民 外 友好 协会
天津市 外经贸委
狗不理 包子店
开发 计划署
工发 组织
联合国 开发 计划署
日本 进出口 银行
中国 东北 师范 大学
联合国 工发 组织
芬兰 政府
日本 政府
江苏省 农林厅
连云港 如意 集团
河南省 政府
比利时 通用 银行
东盟
联合国 经社 事务部
联合国
欧盟
国家 计委
重庆 长安 汽车 股份 有限 公司
国家 经贸委
外 经济 贸易 合作部
中国 科学院
中国 中医 研究院 中汇 制药 公司
世界 卫生 组织
中国 医学 科学院
中国 中医 研究院
中科院
中央 政府
特区 政府
上海市 外 经济 贸易 委员会
市 外 经济 贸易 委员会
爱立信 公司
摩托罗拉
松下
上海 施贵宝 制药 有限 公司
美国 百时美 施贵宝 公司
住友
法国 罗纳普朗克 集团
上海 施贵宝
罗纳普郎克
夏普
上海 政府
三菱
上海 外国 投资 工作 委员会
欧共体
国家 医药 管理局
上海 浦东 海关
青海省 政府
新 中国
香港 泰华 公司
基金 组织
国际 货币 基金 组织
金川 公司
金川 有色 金属 公司
中国 贵州 茅台 酒厂
茅台 酒厂
贵州 茅台 酒厂
国家 财政部
轻工 总会
埃索
长江 实业
美孚
万海
汕头 机场
壳牌
阿莫科
立荣
岩谷
化学 工业部
正大 粮油
宁波 海天 机械 制造 有限 公司
兴洋 毛毯
北仑 钢铁厂
美国 协和 石化
宁波 麦芽
中国 机械部
安徽省
陕西省
陕西省 人民 政府
洽谈会 组委会
安徽
中国 信息 协会
国务院 特区 办公室