MASAE
zeev
LANG
Wentz
pipa
BILL
Detlev
FLEISCHMANN
jan
Bührmann
Ebens
alfons
krzysztof
Kätha
Martinson
lutz
detlev
begin
Rinnenburger
birnbaum
Nies
BIERMANN
Cascais
HARALD
don
MATTHIAS
lochmann
maier
Zenetti
Hilmar
BODENSOHN
MATTHES
MASER
Reinhold
BECKMANNS
ebeling
Spahn
DOSSE
EFFINGER
Armin
Anna
eckhardt
Drewermann
hilmar
MEHNERT
lilo
tony
Rainer
elfriede
mahlberg
CLAUS-PETER
Heinicke
Anne
GILA
Engel
l.
EDITH
eufinger
h.
springsteens
Riebel
berg
Douglas
Fugmann-Heesing
ERMSTER
Oldfield
Schaumann
ELLEN
riebel
zychon
jäger
Lochmann
josef
ULRIKE
jagger
CHERUBINI
L.
MAGEN
H.
RAY
wilhelm
bulat
Eckhardt
EMMERICH
PROTZMANN
ULRICH
wilma
LANKAU
Lehner
Steinbach
gennadij
thorsten
Felsing
SUZUKI-YATABE
JURKSCHAT
Esser
Scheckenhofer
HECKMANN
Richter
sieglinde
Jordan
Denekke
SCHENKENDORF
YANN
chris
lehner
filatow
Kontorowitz
wolfgang
fuchs
Stiebing
HENNING
POLTER
WOHLFAHRT
VLADIMIR
jordan
GRETA
silke
Diethardt
abraham
piesold
BERNHARD
Keindl
conny
Begin
Suzukis
DARTEVELLE
KARLHEINZ
KARL-HEINZ
Özak
FIDEL
KINSLER
gonzales
Mechthild
VERDONK
jean-young
keindl
Gennadij
Thorsten
Schwefer
RöTTGER
Klembnitz
GERHARD
STUMPF
annemarie
Maier
Renzenbrink
Valery
Sakalakoglu
georg
DA
Barczynski
Pierre
Wolfgang
SCHWARZ-SCHILLING
ludewig
MATKOWSKIJ
FALLERSLEBEN
DE
KüHLEWIND
FRIBOLIN
Ray
WAGNER
pierre
rita
Vittorio
DIDI
Timo
SCHMITT
lévy
Schenk
HILL
SEUL
diane
VIOLA
Pörzgen
schenk
SCHMIDT
ABBADOS
biermann
Josef
AXEL
SCHILF
schulmeyer
SCHULZ
IRINA
AMTHOR
AQUIRRE
Sontheimer
MEISTER
Alimow
MARGOT
ringel
Wilma
wagenbach
ALMA
EVERETT
FRIEDRICH
stockhausen
alimow
Platzeck
TSCHAKAROW
REGINA
Fuchs
BARBARA
da
I
Yoko
CEJKA
TOMBERG
Silke
de
ALTVATER
GUSTAV
CLOOS
janet
Conny
hans-paul
zarcadas
STEINER
gÜnzel
MILLHONE
djaba
Treber
GERMANN
Georg
LüCKER
Karin
Raymond
ringelberg
köhn
Isolde
debo
Schreiber
kalberlah
Petery
Ralf
gaspar
Viktor
joschka
Kroneberger
kleinhenz
Diane
scheckenhofer
Behrens
Luise
Köhler
SCH
Zarcadas
Oldfields
Kornhuber
viktor
Braungart
bernhard
BADEN-POWELL
RITA
Leonid
Michael
bultmann
köhler
beckmann
HANS-ERICH
Fleischmann
prestwick
fonseca
treutel
leonid
Eugen
LOTUS
eyerkaufer
gumbrecht
LIESELOTTE
Weizsäcker
i
czernek
Haimann
SMOLINNA
schenkendorf
ANNETTE
Bräter
Bosinger
Constanze
Keller
dalai
Reuter
EICHHORST
Bultmann
Beckmann
kater
rené
HERBERT
reuter
Janet
CHRISTA
KONRAD
linde
seltmann
Marlies
eben
RALF-RAINER
löhr
NILS
Älteren
Sch
HELLER
pölt
RYTMANN
Djaba
Cornelius
MAX
Holler
MAY
merz
KRAWINKEL
BOOTZUM
KUHN
Leon
FITZ
Vidovic
WINFRIED
rupprecht
Gottas
HANSKARL
heinz
fallersleben
LOTHAR
SCHüPPEL
Holzhausen
Vetter
Sato
KEISHA
holler
MARTIN
ABERSFELDER
Hess
Penner
LEIBOVITZ
Jovicic
gottas
weber
Schmian
Hannelore
Irmgard
rainer
vetter
OLEG
Seltmann
Birnbaum
penner
Georgi
reichel
Jigme
Sabine
Keßler
NIKITA
STEFAN
OHMEIS
schwabs
albrecht
bonin
Ludwig
Frieda
Gilwell
georgi
Mahler
SUZUKI
Vonhausen
ingraham
klaus
Sigrid
keßler
schwarz
sabine
ginsberg
HOLGERSSONS
KöHLER
Akesha
LILLI
karl-heinz
Rauert
frieda
WINKELS
Elfriede
mahler
Mahlberg
SWIAD
ALEXEJ
hermann
sigrid
HOFFMANN
DAGMAR
KISCHKE
Hernig
akesha
manfred
dartevelle
rauert
Eufinger
SUCHOMIL
hose
ute
Pape
Richinger
ferre
honecker
Max
Schier
hernig
Theod.
LORD
May
Claus-Peter
GUNDLACH
hofmann
Albrecht
feuck
schier
DASH
matkowskij
theod.
Ingraham
ZALUSKOWSKI
Ginsberg
JOACHIM
younger
MEINZINGER
ZEEV
PIPA
WENTZ
SCHEWARDNADSE
FUGMANN-HEESING
gerd
Ringler-Friesenhahn
BECKERT
EBENS
EDUARD
CLAUDIA
Dörper
JOHANNES
riesenhuber
EDELSTEIN
udo
HÖHN
ELISABETHE
LUTZ
Honecker
KUHLMANN
bauer
valery
HOLZAPFEL
bardo
smolinna
SCHNEIDER
schindler
KRAMMIG
Hirsch-Ballin
Gija
osuchukwu
ono
kern
Carl-Dieter
SPAHN
Baumert
ARMIN
Engler
bernstein
Steffen
Jürgen
LILO
TONY
MORITZ
Gonzales
Jäger
CLAUDIO
ENGEL
SCHLEGELMILCH
leo
jürgen
BERG
CARRILES
RUZICKA
matthias
herrant
moog
BENJAMIN
Bulat
DETLEF
Bodensohn
Glos
JIGME
Löffler
Beckmanns
Kwak
effinger
TAKAZAWA
Melanie
winfried
hanskarl
COHN-BENDIT
Jochem
baier
Ferre
Jochen
Chris
Otto
descartes
Arnold
thilo
IBRAHIM
ISMAIL
SIEGFRIED
ORLOWSKI
PUTTKAMMER
ESSER
Biermann
Tesiew
Airapetjan
thon
Matthias
BüHRMANN
ALFONS
RENé
Wilhelmine
Cherubini
matthes
DETLEV
Effinger
BRENNER
emmerich
hans-erich
CASCAIS
mehnert
Protzmann
Carlos
hoffmann
BEGIN
weiss-thiel
Jurkschat
ZENETTI
treber
Bauer
jose
heckmann
carlos
GERD
MUSSORGSKIS
Bardo
Gamsachurdia
Dirk
REINHARD
HILMAR
Hans-Dieter
MAIER
matsunobu
ermster
Wohlfahrt
isolde
juan
vladimir
lieselotte
STEINBRECH
corinna
petery
gieseking
bueno
IOSSELANI
Seeger
rorty
DOUGLAS
Emmerich
Karlheinz
seeger
RIEBEL
ZYCHON
CHRISTIAN
JAGGER
FINKERNAGEL
Dreier
BORODINA
HAU
singh
Edelstein
Heckmann
voigt
JOSEF
henning
Else
dreier
Ilse
Holzapfel
Vladimir
fribolin
Illert
Elke
Schneider
BULAT
Thilo
Bernhard
Richard
WILMA
DENEKKE
illert
röttger
LEHNER
Küsters
Stadler
Sandra
Cranach
bräter
MENACHEM
Iris
rocco
keller
kinsler
JORDAN
verdonk
CHRIS
Abersfelder
gerhard
nies
FUCHS
Margret
Hélène
Schewardnadse
sebastian
HUBERT
SILKE
SUZUKIS
geraschenko
Yonden
GÜNZEL
Kühlewind
Fribolin
SPIELBERG
hélène
WEIDHAAS
KEINDL
CONNY
Jung
Friedrich
Nicoló
sue
stamm
Mursch
yonden
schmitt
Steblianko
GRIMALDI
Holgerssons
nicoló
Hau
JAROSLAV
mursch
Graffon
KARIN
GEORG
schmidt
abbados
Rolf
niederhut
DEBO
MESGARZADEH
altvater
Rorty
Herodes
Nikolaj
aquirre
THEINERT
Schlegelmilch
Lyndon
SCHENK
PÖRZGEN
millhone
everett
Modest
DIANE
LUISE
schlosser
Ulbrich
lyndon
ludwig
Zaluskowski
Singh
Rettner
Voigt
John
PöRZGEN
vijay
modest
mario
meinzinger
barbara
RINGEL
LANGHAMMER
Hans-Joachim
tomberg
barthes
ALIMOW
EUGEN
DRESSLER
UWE
elisabethe
Dalai
WEIßKOPF
gae
Hillach
Frey
ZIEGLER
Kater
steiner
DIETER
Rocco
Millhone
Sigmund
Steven
tanak
germann
Rüdiger
peter
ohotnikow
steven
tkacz
JANET
Wolf
Stamm
Olga
dörper
hansi
Heinz
Hartwig
EBEN
SCHINKARJOW
Kurt
KOBINGER
ROSENZWEIG
DJABA
Gergiew
SCHUBERT
timo
Weber
u.
Eichhorst
MERZ
Wessel
GASPAR
Carmen
Haertelzur
m.
KRäMER
i.
Kunz
tschakarow
BEHRENS
wessel
Schwab
Uwe
SCHöNE
carmen
engler
VIKTOR
Guggenberger
Bonin
milicevic
BöHMS
Gjorgi
PINDLING
VERSLUYS
Hans-Otto
Klaus
U.
puttkammer
MICHAEL
schwab
grenz
M.
Spielberg
Zimmermann
gjorgi
heinz-jürgen
weidhaas
Smolinna
I.
Krawinkel
annette
Vijay
LEONID
klaus-peter
Mario
schewardnadse
Walter
Lama
MARGARETE
Hilbert
HAIMANN
jaroslav
Leibovitz
GERLINDE
yoko
herbert
KLüBER
jochem
Haug
Pariser
eckart
christa
Neumann
jochen
kadelbach
arnold
HOSE
Weizel
Mussorgskis
rytmann
Regehly
biagiotti
brown
tesiew
Tanak
DALAI
gerda
HARTINGER
REUTER
HANS-OTTO
RINNENBURGER
weizel
bootzum
Damm
Henkel
Ochs
Winfried
GIRRBACH
Hanskarl
MARLIES
schlegelmilch
ÄLTEREN
Minjelkiew
LINDE
henkel
suchomil
VIDOVIC
DöRPER
Emil
Finkernagel
Gisela
HOLLER
gundlach
KAUFMANN
alexander
Müller
oesterreich
GOTTAS
brian
SCHMIAN
IRMGARD
RAINER
VETTER
GRIEßMANN
PENNER
müller
winkels
KERN
Andreas
Hamann
Körner
Hoffmann
kischke
LAGERLöF
JüRGEN
GILWELL
gertz
johannes
Suchomil
SABINE
konanz
voss
hamann
körner
KAMMERMEIER
kuhlmann
Wenzel
JöRG
beregovoy
WASILIEW
BONIN
FRIEDA
MAHLER
SIGRID
schüppel
FELSING
tom
MOOG
wenzel
AKESHA
arndt
schubert
RICHTER
Vaupel
biwer
joachim
Judith
HERNIG
KATHARINA
BURGHARD
EISENBACH
sylvester
vaupel
beckert
GREGORIOS
FERRE
Sergej
claudia
sandra
judith
Hermine
SCHIER
Brown
althusser
KATHARINE
Gerda
Margarethe
pindling
hirsch-ballin
Kuhlmann
Betz
Körber
carriles
benjamin
sergej
FEUCK
Rößler
Mesgarzadeh
Rosario
Schüppel
THON
takazawa
krammig
körber
anna
Boutang
Oliver
ene
rößler
brunhilde
sato
Margarete
evi
hess
anne
Töpfer
VALERY
oliver
Jörg
PIERRE
claudio
Werner
orlowski
Brian
BAUER
Bueno
langhammer
JOSE
BAUMERT
BARDO
Carriles
ruzicka
voß
Benjamin
meister
Niemann
werner
Iwanischwili
drago
JUAN
allen
Takazawa
Rothschild
wenzl
Volkmer
Volkmar
Gertz
Jabotinsky
NEUBAUER
ibrahim
Baden-Powell
Thomas
STOCKHAUSEN
HACKHAUSEN
pape
Orlowski
reinhard
Martini
MELANIE
Arndt
Altvater
LöFFLER
thomas
Naumans
harry
THEOD.
Iosselani
Schinkarjow
BAIER
THILO
bay
Sylvia
brenner
almdinger
Held
rinnenburger
Christian
JAN
zenetti
Krätschmer
borodina
Reinhard
rohde
HEINRICH
NIES
Giorgio
DON
RAYMOND
TREBER
CARLOS
douglas
SCHOELER
ralf-rainer
ISOLDE
Scholl
klingspor
menachem
Inge
hörig
EBERHARD
PETERY
Hans-Peter
Alfred
martinson
Borodina
scholl
DREWERMANN
Allen
gottfried
Denecke
BUENO
SEEGER
RORTY
Joseph
nerke
Lugerth
kwak
Ingo
Auriga
denekke
Doubek
Jan
joseph
grimaldi
otto
Menachem
DREIER
auriga
frank
MARBURGER
SINGH
VOIGT
doubek
walter
YOSHIRIRO
scholz
Don
ILLERT
STADLER
Theodor
Hans-Jürgen
CRANACH
theinert
suzukis
louis
FICHTNER
schaumann
Lorenz
Gerbig
KELLER
Weidhaas
Peter
Tamm
steinbrech
greenwald
KATER
lorenz
gerbig
ROCCO
Tkacz
Grimaldi
Rohde
jutta
Mehr
Jaroslav
reche
Hansi
ÖZAK
franz
Schäfer
dirk
ralf
Geldern
dressler
Koenigs
pÖrzgen
Matern
Kammermeier
Andò
Theinert
BOVELAND
MURSCH
STAMM
JOVICIC
GRAFFON
HEINZ
pörzgen
Hörig
gisela
diethardt
matern
Feller
bobby
Staude
TIMO
WEBER
HERODES
Manuel
françois
Grenz
GEORGI
feller
staude
klembnitz
Nerke
manuel
SCHUBERTS
ULBRICH
LYNDON
Ospina
Reiser
LUDWIG
Dressler
else
CARL-DIETER
ilse
RETTNER
hasheider
Merike
Gundlach
kobinger
KLAUS
MODEST
ziegler
elke
RAUERT
ospina
thimm
werum
Frank
STäNICKE
merike
VIJAY
INGO-ENDRICK
Ansgar
schoeler
MARIO
iris
JACKSONS
selma
HILLACH
François
ansgar
davor
WEIZSäCKER
Johannes
YOKO
versluys
SIGMUND
cohn-bendit
LAMPUGNANI
bachs
CHRISTOPH
Yanogi
Kobinger
jung
Jutta
leon
STEVEN
gnadl
Schubert
TANAK
Reche
yanogi
Franz
NICOLó
gerlinde
Antonio
HARTWIG
CHRISTINE
Dreiser
weißkopf
TKACZ
Marburger
behrens
Goebler
Yoshiriro
kokoschka
GERGIEW
HANSI
töpfer
Pindling
Versluys
Otfried
hackhausen
michael
fichtner
Roland
RALF
Seidel
STEFFEN
Hartinger
grady
Günter
WESSEL
Porzelt
ENGLER
girrbach
CARMEN
MüLLER
roland
seidel
löw
kügelgen
john
Hartmut
Schmid
günter
KLEINHENZ
SCHWAB
haimann
GöLZENLEUCHTER
HANS-DIETER
Wels
Gerlinde
Bahman
klemm
BACKHAUS
GJORGI
KöRNER
schmid
Lummer
klein
freud
Aulenti
bahman
Thimm
VOSS
HILBERT
Biwer
frey
kaufmann
boveland
lummer
JOCHEM
boris
Günther
GUMBRECHT
PARISER
ECKART
rosenzweig
oldfields
JOCHEN
Girrbach
ARNOLD
Mike
cascais
marlies
pfaff
FRANçOIS
Heimerl
REGEHLY
TESIEW
sylvia
Bachs
KäTHA
WEIZEL
Isabel
vidovic
Schöne
Schuberts
BROWN
wasiliew
olga
Gnadl
Mick
stänicke
drewermann
GERDA
Eick
Dehmer
KRZYSZTOF
Kaufmann
kurt
isabel
KöRBER
schöne
lagerlöf
schmian
gija
SCHMALZ-JACOBSEN
irmgard
kölle
dehmer
Petr
Oursler
angie
ANNA
Katharina
RICHARDS
burghard
Eisenbach
kunz
SATO
von
Gregorios
bayer
HESS
Silvia
ANNE
RUPPRECHT
gilwell
Johann
TöPFER
Katharine
Welteke
remer
Drago
Bleich
Petz
Stephan
petra
Wenzl
Wasiliew
Jelzin
BRIAN
alfred
silvia
ANGELIKA
ANDREAS
johann
glos
Schaar
Fischer
bleich
felsing
Hisgen
Lagerlöf
KONANZ
richter
HAMANN
schaar
Freud
Hans-Paul
Moulier
OSCHLIES
hÖhn
GERTZ
Burghard
haug
Harry
meike
WENZEL
Schulmeyer
Blakely
RICHARD
Edmund
UTE
PAPE
Streit
Michler
ARNDT
Jean-Baptiste
Galusin
VAUPEL
gotta
edmund
SIEGLINDE
KüSTERS
damm
SANDRA
JUDITH
ochs
HERMINE
MARGRET
streit
vonhausen
GERASCHENKO
SERGEJ
neubauer
Ridder-Melchers
Kleiner
ROSARIO
steinbach
ingo-endrick
ali
dem
HANS-PAUL
BOUTANG
emil
YONDEN
Helmut
Gerhold
UDO
Kölle
baumert
HANS-JüRGEN
Angie
Gabi
OLIVER
Langer
ANNEMARIE
Jean-Young
v.
helmut
Berger
BARCZYNSKI
r.
Bayer
GIJA
langer
ONO
Remer
Ringelberg
NIKOLAJ
j.
berger
b.
Neubauer
NIEMANN
löffler
Ute
HEINZ-JüRGEN
mechthild
MARTINA
Heumann
V.
VOLKMER
Gerling
JäGER
melanie
Gölzenleuchter
R.
VOLKMAR
BERNSTEIN
heinrich
LEO
Morlock
Gary
DRAGO
J.
ALLEN
besser
lampugnani
oskar
B.
Dara
Lara
rütli
DIETRICH
GLOS
reiser
KWAK
MARTINI
SONTHEIMER
NAUMANS
wilke
WAGENBACH
OTTO
eberhard
Eyerkaufer
Louis
Lang
Udo
Colombo
gamal
Gotta
HARRY
Buscemi
betz
Heinrich
LANDMANN
raymond
Grosche
SALZMANN
RIESENHUBER
bodensohn
Ono
bosco
steib
beckmanns
RüDIGER
PETER
Schoeler
jean-baptiste
GIORGIO
gamsachurdia
Hans
Eberhard
pfeil
ROHDE
jörg
HIRSCH-BALLIN
Leo
kontorowitz
rolf
Stockhausen
annie
HEIDECKE
keith
DIRK
Bobby
stein
cherubini
KALBERLAH
fritz
MATSUNOBU
SCHOLL
Springsteens
DENECKE
ernst
Emilio
protzmann
Gerald
Weißkopf
GIESEKING
renzenbrink
LUGERTH
JR
sakalakoglu
jurkschat
Oskar
molly
GRENZ
gerald
Rütli
Werum
schreiber
JOSEPH
stadler
NERKE
cranach
Fichtner
PRESTWICK
wohlfahrt
AURIGA
ILSE
Annemarie
ELSE
DOUBEK
Selma
Wilke
WALTER
NEUMANN
ELKE
kornhuber
Davor
SCHOLZ
braungart
Martha
Kügelgen
held
laura
FRANK
THEODOR
Dartevelle
martha
Ellmer
IRIS
Ritter
Lennon
GABRIELE
wolf
Susanne
Filatow
Steib
LORENZ
GERBIG
ellmer
Siebert
kai
ritter
lennon
Boveland
HENKEL
Matkowskij
jovicic
graffon
GAMSACHURDIA
JUTTA
constanze
JUNG
WEISS-THIEL
LEON
SUE
GELDERN
jr
RECHE
herodes
KOENIGS
jacksons
inge
Annie
FRANZ
Minkel
Keith
Stein
blaul
GISELA
MATERN
Grady
HOLZHAUSEN
minkel
Dumesic
ulbrich
Fritz
Christoph
ROLF
Geil
landmann
Stänicke
rettner
salzmann
Axel
Ernst
cornelius
FELLER
ingo
Klemm
STAUDE
jelzin
MANUEL
lama
GüNTER
Josephi
SPRANGER
Klein
hisgen
WILFRIED
Christine
tafel
Jacksons
Alma
hillach
JOHN
Geraschenko
heide
Monika
OSPINA
hannelore
halil
MERIKE
SCHLOSSER
Boris
sigmund
Grießmann
gölzenleuchter
kroneberger
BRäTER
heidi
monika
WORZFELD
Cedric
Laura
THIMM
Eckert
Pfaff
GAE
Sue
BIWER
ANSGAR
FREY
tamm
Kalberlah
eckert
cedric
barczynski
Möller
Kleinhenz
DAVOR
mehr
fleischmann
MEDEBACH
backhaus
Castro
Armani
möller
gergiew
BACHS
richinger
YANOGI
castro
Blauls
armani
Carsten
Karl
OLGA
GNADL
steffen
DREISER
GOEBLER
KURT
Gumbrecht
claus-peter
Neumann-Grunow
Matwig
Blaul
Waller
guggenberger
Mehler
Petra
WERNER
sontheimer
SCHINDLER
Backhaus
OSUCHUKWU
matwig
Stryck
KUNZ
gemma
KEßLER
PORZELT
mehler
ROLAND
lukas
Gae
Lieselotte
Krzysztof
Joschka
HARTMUT
stryck
hilbert
Jackson
Born
Pistor
erika
WENZL
Zobeley
Steinle
Tafel
pariser
SCHMID
Riesenhuber
AULENTI
pistor
BAHMAN
THOMAS
richards
regehly
Suzuki-Yatabe
LUMMER
FREUD
Rupprecht
Bill
Witcher
erich
HAUG
Schenkendorf
DESCARTES
bernd
lydia
angelika
BORIS
HEIMERL
GüNTHER
eriko
SYLVIA
AIRAPETJAN
PFAFF
krawinkel
DAMM
OCHS
oschlies
Richards
WILHELMINE
ISABEL
SCHILLER
DEHMER
OURSLER
RIDDER-MELCHERS
WELLMANN
Gila
Hans-Erich
MINJELKIEW
EMIL
andreas
bernt
Fallersleben
Ebeling
Sieglinde
WIEDMANN
GUGGENBERGER
ANGIE
WELTEKE
Gemma
STEPHAN
BAYER
Oschlies
JOHANN
ALFRED
weizsäcker
SILVIA
REMER
FISCHER
BLEICH
ray
HERRMANN
Erika
emilio
richard
SCHAAR
küsters
MOULIER
KLAUS-PETER
Yann
TOM
hermine
hasek
Wilhelm
margret
BLAKELY
mike
Lord
BEREGOVOY
Gamal
Erich
Ingrid
WOLLHEIM
Hermann
carl-dieter
Meinzinger
woman
MEIKE
MICHLER
Schindler
karlheinz
Bernd
GALUSIN
rosario
Lydia
EDMUND
ingrid
Eriko
STREIT
LOUIS
Bosco
Bernstein
edelstein
mick
WLADIMIR
eick
GOTTA
holzhausen
BETZ
KLEINER
holzapfel
Abraham
Piesold
RößLER
dietrich
Lutz
schneider
Pfeil
petr
salvo
SEBASTIAN
ENE
nikolaj
GERHOLD
STAYMANN
Wagenbach
OESTERREICH
Xavier
EVI
Didi
weiss
Bernt
martina
HELMUT
Hill
Seul
JÖRG
STEBLIANKO
BRUNHILDE
volkmer
petz
Kummer
iwanischwili
volkmar
Ingo-Endrick
Daniel
LANGER
Lilo
Ludewig
REICHERT
Tom
BERGER
kühlewind
BOBBY
kummer
Dietrich
daniel
suzuki-yatabe
NIEDERHUT
friedrich
GERLING
HONNETH
martini
Molly
Davies
Wonder
Tschakarow
naumans
BESSER
baden-powell
neumann-grunow
Renate
siegfried
REISER
davies
Gangel
Dippel
HANS-PETER
yokio
Weiss-Thiel
Kaiser
heidecke
Karl-Heinz
Herrant
OSKAR
KRäTSCHMER
rüdiger
Landmann
WERUM
hans-dieter
dippel
Salzmann
kaiser
Woman
Ene
wibke
COLOMBO
Matsunobu
SELMA
WILKE
Evi
Lüders
BAY
giorgio
hartwig
SMIETANA
HELD
Gieseking
GROSCHE
Herlth
lüders
ALMDINGER
Voß
Heidecke
andò
WOLF
CORNELIA
herlth
Prestwick
BOSCO
STEIB
ANTONIO
OHOTNIKOW
blauls
iosselani
edith
BOUTANGS
OTFRIED
PFEIL
denecke
VOß
sch
schwarz-schilling
abersfelder
IWANISCHWILI
christian
lugerth
INGE
Kinsey
ANNIE
waller
Rita
KEITH
gabriele
BRIGITTE
SEIDEL
STEIN
HAERTELZUR
KLINGSPOR
GRADY
kinsey
HEINICKE
FRITZ
Corinna
wayne
dara
MILICEVIC
neumann
ringler-friesenhahn
Bay
ERNST
GOTTFRIED
GERALD
holgerssons
Heide
INGO
marco
KLEMM
Halil
airapetjan
eichhorst
theodor
ZIMMERMANN
LAMA
Fonseca
Treutel
KLEIN
Polter
Heidi
wilhelmine
BERNARD-HENRI
greta
Gabriele
Wibke
Czernek
KüGELGEN
polter
SPINDLER
KADELBACH
spielberg
schäfer
LAURA
fidel
Niederhut
Nils
zaluskowski
lange
SUSANNE
TAMM
FILATOW
spranger
max
wilfried
BREIDERT
horst
BIAGIOTTI
koenigs
ELLMER
SIEBERT
hans
Kuhn
may
Fitz
LENNON
LüDERS
MöLLER
leibovitz
MEHR
GREENWALD
Schlosser
Michel
Wagner
Becker
Angelika
worzfeld
w.
Oleg
michel
becker
g.
HöRIG
MINKEL
DUMESIC
ALEXANDER
Spranger
böhms
Wilfried
wels
medebach
Lukas
BLAUL
W.
PETRA
Langhammer
Margot
bruce
JELZIN
Reichel
JOSEPHI
Schwabs
HISGEN
G.
margot
Marco
Worzfeld
LACHMANN
Schwarz
abram
boutangs
TAFEL
HASHEIDER
Rudolf
Medebach
Dash
Ursula
HALIL
Manfred
Osuchukwu
Gustav
cloos
willi
Barthes
Oesterreich
Bäumer
boutang
Zeev
rudolf
ursula
Pipa
Elisabethe
CEDRIC
ECKERT
gustav
steblianko
SYLVESTER
Lange
Hofmann
bäumer
René
dreiser
gioia
Horst
ALTHUSSER
Zangpo
goebler
SCHäFER
MARGARETHE
Younger
CASTRO
zangpo
Klaus-Peter
ARMANI
CARSTEN
PETERSEN
niemann
OF
hans-peter
xavier
LöW
Descartes
Tony
Wiener
KOKOSCHKA
MATWIG
NIRUMAND
HEUMANN
Berg
aulenti
MEHLER
lotus
wiener
jakob
Bruce
MORLOCK
JOSCHKA
margarete
STRYCK
JACKSON
GEMMA
Heinz-Jürgen
ZOBELEY
RINGLER-FRIESENHAHN
schiller
ROTHSCHILD
STEINLE
günther
wonder
Puttkammer
wellmann
PISTOR
masae
ERIKA
JABOTINSKY
Hasek
Abram
renate
gangel
heimerl
LéVY
wiedmann
hartinger
WITCHER
BUSCEMI
of
Willi
Konrad
Alexander
MIKE
Harald
GAMAL
ERICH
Köster
herrmann
Schiller
BOSINGER
BERND
Gioia
maser
LYDIA
harald
oursler
dosse
köster
ERIKO
Salvo
karl
gabi
MICK
Matthes
haertelzur
Lothar
EICK
Gerd
lachmann
Steinbrech
Martin
Wiedmann
Löw
welteke
Weiss
Mehnert
Beregovoy
lothar
wollheim
stephan
PETR
martin
REINHOLD
fischer
Nikita
ellen
EBELING
zimmermann
VON
Herrmann
Ulrike
BERNT
schmalz-jacobsen
Ermster
Lévy
magen
wladimir
gary
nikita
mesgarzadeh
Sylvester
moulier
born
PETZ
ulrike
Jakob
hau
lara
MARTINSON
Lankau
SAKALAKOGLU
Ulrich
swiad
BIRNBAUM
KöHN
blakely
EMILIO
Sebastian
OLDFIELD
NEUMANN-GRUNOW
lankau
ulrich
Wollheim
staymann
Bernard-Henri
Yokio
LOCHMANN
michler
Masae
MOLLY
eisenbach
galusin
lang
bill
gregorios
Ralf-Rainer
WILHELM
Brunhilde
ECKHARDT
Henning
reichert
HERMANN
HASEK
minjelkiew
wentz
MARTHA
INGRID
Röttger
WOMAN
Stumpf
STIEBING
geldern
Maser
SCHAUMANN
gerhold
Staymann
Dosse
Verdonk
RITTER
Gerhard
HANS-JOACHIM
stumpf
Gürbüz
ABRAHAM
PIESOLD
KöSTER
ALI
DEM
Edith
gürbüz
Reichert
KöLLE
spahn
Köhn
GENNADIJ
THORSTEN
schinkarjow
SCHWEFER
wagner
bernard-henri
GABI
Krämer
Debo
viola
Moritz
Schmitt
Ellen
WOLFGANG
Schilf
LUDEWIG
krämer
smietana
Magen
irina
Schulz
Amthor
DIETHARDT
Schmidt
LöHR
Abbados
KUMMER
VITTORIO
PöLT
DANIEL
schilf
Wayne
Hackhausen
Almdinger
schulz
amthor
bührmann
Aquirre
Meister
cornelia
GARY
Ohotnikow
MECHTHILD
Regina
yann
KLEMBNITZ
Everett
colombo
uwe
DARA
cejka
Klüber
margarethe
regina
Greta
HEIDE
Barbara
MONIKA
Smietana
Ali
grosche
klüber
Tomberg
YOKIO
KAISER
Alfons
brigitte
JEAN-BAPTISTE
HEIDI
Klingspor
Fidel
PLATZECK
heinicke
Cornelia
EYERKAUFER
antonio
WIBKE
Rosenzweig
Steiner
Milicevic
GüRBüZ
Gottfried
Brenner
Boutangs
Germann
otfried
Eben
oldfield
Löhr
ANDò
Pölt
HERLTH
didi
hill
Merz
seul
HANS
BLAULS
porzelt
Brigitte
mussorgskis
rothschild
Viola
spindler
geil
hartmut
axel
jabotinsky
Böhms
Kadelbach
hans-jürgen
Cohn-Bendit
Irina
Zychon
WALLER
Jagger
stiebing
breidert
Biagiotti
KINSEY
alma
CORINNA
ZARCADAS
Greenwald
marburger
WELS
LUKAS
finkernagel
Schmalz-Jacobsen
yoshiriro
kammermeier
WAYNE
RüTLI
Cejka
schwefer
Annette
FONSECA
TREUTEL
krätschmer
MARCO
Hose
Cloos
SCHREIBER
susanne
CZERNEK
Breidert
siebert
jÖrg
Herbert
Hubert
Heller
Christa
OLDFIELDS
KORNHUBER
konrad
vittorio
BRAUNGART
Lücker
Wellmann
hubert
heller
BäUMER
BULTMANN
Rytmann
BECKMANN
lücker
Keisha
LANGE
KAI
Bootzum
KONTOROWITZ
HORST
karin
Hasheider
keisha
dumesic
Stefan
Ohmeis
MICHEL
BECKER
CONSTANZE
Kern
Suzuki
SPRINGSTEENS
platzeck
josephi
schuberts
stefan
ohmeis
hans-joachim
luise
lilli
Lotus
RENZENBRINK
suzuki
GEIL
Althusser
Lachmann
Alexej
Dagmar
JEAN-YOUNG
SELTMANN
Ringel
REICHEL
Winkels
alexej
SCHWABS
dagmar
Moog
katharina
Schwarz-Schilling
eugen
petersen
CORNELIUS
BRUCE
SCHWARZ
katharine
Dieter
SCHECKENHOFER
hans-otto
Wladimir
ELFRIEDE
Kai
MAHLBERG
Lampugnani
Ziegler
christoph
kleiner
SCHULMEYER
MANFRED
ABRAM
EUFINGER
Kokoschka
HANNELORE
dieter
nils
fugmann-heesing
BARTHES
nirumand
ebens
Eduard
Joachim
RUDOLF
URSULA
kätha
Thon
carsten
kuhn
WILLI
HOFMANN
Beckert
fitz
ALBRECHT
christine
Petersen
eduard
Claudia
VONHAUSEN
INGRAHAM
GINSBERG
YOUNGER
gila
GIOIA
ZANGPO
grießmann
oleg
STEINBACH
armin
KARL
Gaspar
SALVO
Krammig
Jose
Nirumand
RICHINGER
heumann
gerling
HONECKER
honneth
XAVIER
ridder-melchers
engel
WEISS
morlock
Juan
jackson
moritz
HéLèNE
zobeley
Claudio
bosinger
Lilli
steinle
jigme
Swiad
RINGELBERG
Ruzicka
WIENER
detlef
GONZALES
BORN
JAKOB
Ismail
DAVIES
lord
LARA
witcher
WONDER
KRONEBERGER
buscemi
esser
HERRANT
Ibrahim
RENATE
dash
ismail
GANGEL
reinhold
DIPPEL
