Agartala
Agra
Ahmedabad
Ahmadnagar
Aizwal
Ajmer
Akola
Alapuzza
Aligarh
Allahabad
Alwar
Ambattur
Amravati
Amritsar
Asansol
Bally
Bangalore
Baranagar
Barddhaman
Bareilly
Behala
Belgaun
Bellary
Bhagalpur
Bhatpara
Bhavnagar
Bhilai
Bhilwara
Bhiwandi
Bhopal
Bhubaneswar
Bijapur
Bikaner
Bilaspur
Bokaro Steel City
Bramhapur
Chandigarh
Chandrapur
Chennai
Coimbatore
Cuddapah
Cuttack
Daman
Darbhanga
Dasarahalli
Davanagere
Dehra Dun
Delhi
Dhanbad
Dhule
Dispur
Durgapur
Erode
Faridabad
Firozabad
Gajuwaka
Gandhinagar
Gangtok
Gaya
Ghaziabad
Gorakhpur
Gulbarga
Guntur
Guwahati
Gwalior
Howrah
Hisar
Hubli-Dharwar
Hyderabad
Ichalkaranji
Imphal
Indore
Itanagar
Jabalpur
Jadabpur
Jaipur
Jalandhar
Jalgaon
Jammu
Jamnagar
Jamshedpur
Jhansi
Jodhpur
Junagadh
Kakinada
Kalyan
Kamarhati
Kanpur
Kavaratti
Kharagpur
Kochi
Kohima
Kolhapur
Kolkata
Kollam
Korba
Kota
Kozhicode
Kukatpalle
Kulti
Kurnool
Lalbahadur Nagar
Latur
Lucknow
Ludhiana
Madurai
Maheshtala
Malegaon
Mangalore
Mathura
Meerut
Mira Bhayandar
Moradabad
Mumbai
Muzzafarnagar
Muzzafarpur
Mysore
Nagpur
Nanded
Nasik
Navi Mumbai
Nellore
New Delhi
Nizamabad
Noida
Panaji
Panihati
Panipat
Parbhani
Patiala
Patna
Pimpri-Chinchwad
Pondicherry
Port Blair
Pune
Raipur
Rajahmundry
Rajarghat Gopalpur
Rajkot
Rajpur
Sonarpur
Rampur
Ranchi
Raurkela
Rohtak
Sagar
Saharampur
Salem
Sangli
Shahjhanpur
Sambhajinagar
Siliguri
Shillong
Shimla
Shimoga
Silvassa
Solapur
South Dum Dum
Srinagar
Surat
Thalaserry
Thane
Thiruvanantpuram
Thoothukkudi
Trichur
Tiruchirapalli
Tirunelveli
Tirupati
Tiruppur
Udaipur
Ujjain
Ulhasnagar
Baroda
Varanasi
Vellore
Vijayawada
Visakhpatnam
Warangal
Yamunanagar
