Thane
Great Himalaya Range
Satna
Gandhidham
Nasik
Ratlam
Chirala
Karur
Dhanbad
Nellore
Kasauli
Kolhapur
Kharbu Tarai
State of Meghalaya
Barddhaman
Cuttack
Cannanore
Guntur
Dindigul
Burhanpur
Patiala
Himatnagar
Kunsang Group
Basirhat
Satpura Range
Warangal
Solapur
Sultanpur
Idukki
Balurghat
Jalor
Jalandhar
Ambala
Ladakh Range
Bankura
Nizamabad
Sirohi
Cochin
Navsari
Azamgarh
Quilon
Hindupur
Bhind
Rohilkhand Plains
State of Karnataka
Kanchipuram
Mysore
Moradabad
West District
Gwalior
Malwa Plateau
Raniganj
Bijapur
Kulaba
Guruvayur
Cuddapah
Murwara
Tumkur
Manipur North
K&apos;a-la-k&apos;un-lun Shan
Raigarh
Hamirpur
Soman Bridge
Vijayawada
Nagaur
Nalgonda
Erode
Jaipur
Jhansi
Arabian Sea
Agra
Anand
Bharatpur
Narsimhapur
Siwalik Range
Fatehpur
Gulf of Khambhat
Bidar
Chota Nagpur Plateau
Mirzapur
Sikar
Hugli
Sawai Madhopur
Faridabad
Krishnanagar
Bhatinda
Krishna
Sirsa
Andal
Munger
Harka Bahadur Bridge
Bhilwara
Tehri-Garhwal
Rampur
Jaipur
Kohima
Unnao
Ajmer
Uttar Kannad
Aligarh
Sibsagar
Kanpur
Shimla
Vadodara
Morbi
Shrinagar
Mirzapur
Rampur Kalan
Karnal
Malappuram
Bara Banki
Sitapur Muafi
Thanjavur
Ranchi
Tuticorin
Chamoli
Hospet
Kamthi
Soda Plains
Patna
Barmer
Gandhinagar
Rewa
Thorang Tlang
Nadiad
Jampai Tlang
Balasore
Sagar
Navadwip
Jalalpur
Madhubani
Adilabad
Beawar
Latur
Katihar
Bhavnagar
Gangtok
Morena
Kinkor
Barddhaman
Manipur West
Pithoragarh
Vaishali
Bhagalpur
Jaintia Hills
Bengal Basin
Bhopal
Firozabad
Kheri
Ghaziabad
Porbandar
Sonipat
Mormugao Head
Madurai
Damoh
Shahdol
Chapra
Ladakh Plateau
Kollam
Lesser Himalaya
Tiruchchirappalli
Jhabua
Sangrur
Pondicherry
Guna
Cuddapah
Jhansi
Koraput
Begusarai
Chittaurgarh
Chhindwara
South Arcot
Goalpara
Aurangabad
Bilaspur
Sabar Kantha
Datia
Pir Panjal Range
Khasi Hills
Dhaola Dhar
Ongole
Siwallk Range
Shivpuri
Yanam
Udhampur
Rae Bareli
Faizabad
Laccadive Sea
Dhule
Ajmer
Rajgarh
Surendranagar
Bulandshahr
Coimbatore
Haldia
Valparai
Hazaribag
Mahendragarh
Vishakhapatnam
Saharsa
Mangalore
Jalaun
Tiruchchirappalli
Bundi
Raiganj
Maikala Range
Pune
Ganganagar
Trivandrum
Tonk Khurd
Tirap
Zunheboto
Rajapalaiyam
Dhawad
Jhalrapatan
Delhi
Patratu
Chamba
Pratapgarh
Faridkot
Yorjing Mountains
Khasi Hills
Damoh
Guna
Ludhiana
Tenali
Aizawl
Haora
Gorakhpur
Malappuram
Ballia
Amritsar
Saharanpur
Gonda
Pali
Ranchi
Auraiya
Western Ghats
Atrauli
Namnenglong Madin
Sambalpur
Unnao
East Godavari
Ganganagar
Bikaner
Diu
Someswar Range
Itanagar
Amravati
Manipur South
Barail Range
Nagpur
Sonipat
Jammu
Naini Tal
Sambhal
Indo-Gangetic Plain
Bhiwandi
Dhar
Naihati
State of Manipur
Kathihar
Surat
Kheda
Darrang
Phulabani
Bellary
Siwan
Amreli
Vidisha
Banas Kantha
Tiruppur
Abohar
Jabalpur
Aravalli Range
The Dangs
Hisar
Dhenkanal
Velikonda Range
Uiphum Tlang
Belgaum
Rohtak
Ladakh
Ghazipur
Jullundur
Upper Subansiri
Banka
Coimbatore
Sikar
Raipur
Bhiwani
Nagpur
Budaun
Lower Subansiri
Kolhapur
Balaghat
Nalanda
Jalpaiguri
Indore
Gandhinagar
Pondicherry
Patan
Calcutta
Balaghat Range
Cachar
Indore
State of Tamil Nadu
Ramparda
Sitapur
Shajapur
Benares
Erramala Hills
Vishakhapatnam
Kodagu
Saser Group
Nag Tibba Range
Tumkur
Sakhan Tlang
Kharagpur
Nadia
Amroha
Allahabad
Panipat
Banswara
Palamu
Udaipur
Athara Mura Range
Lahinpi Taung
Jamshedpur
Sa-ssu-K&apos;a-erh Shan
Wynaad
Purba Champaran
Bhanrer Range
Budaun
State of Sikkim
Kanpur
Koch Bihar
Betul
Bareilly
Arganglas Group
Jalgaon
Mado
West Nimar
Buldana
Jaunpur
South District
Srinagar
Lakhimpur
Khammam
Raichur
Churu
Bharuch
Panihati
Sitapur
Mandya
Saser Muztagh
Dewas
Surat
Tonk
Bhatpara
Jamirapat
Udaipur
State of Maharashtra
Mysore
Moga
Bharuch
Hapur
Raurkela
Naga Hills
Twenty-four Parganas
Raichur
Cuttack
Valsad
Fatehpur
Gulbarga
Bahraich
Khammam
Quilon
Stateof Arunachal Pradesh
Mandsaur
Heera Ratna Oilfield Development Area
Anantnag
Sagar
Dibrugarh
Taj Mahal
Nawada
Shantipur
Surendranagar
Kalyan
Jorhat
Shelkar Group
Rewa
Chittoor
West Siang
Bhubaneshwar
Almora
Kozhikode
State of Jammu and Kashmir
Eastern Ghats
Agartala
Darbhanga
Bhagalpur
Ahmadabad
South Terong Group
Kavaratti
Bareilly
Nanded
Dakshin Kannad
Singalila Range
Mokokchung
Wardha
Bulandshahr
Ramanathapuram
Madurai
Shimoga
Wardha
Surguja
Medinipur
Gurgaon
Keonjhar
Mahadeo Hills
Mainpat
Sariling
Angaikot Pahar
Kharo Sha
Tatan di Range
Meerut
State of Uttar Pradesh
Shillong
Meerut
Lohit District
Dhule
Kamarhati
Simla
Santhal Pargana
Jabalpur
Bharatpur
Junagadh
Lalitpur
Palghat
Pathankot
Nizamabad
Mahadeo Range
East Nimar
Jamnagar
State of Rajasthan
Manipur East
State of Kerala
Bangalore
Karakoram Range
Etawah
Rajahmundry
Titagarh
New Delhi
Ganjam
North Arcot
Shahjahanpur
Gopalganj
Bellary
Langtarai Range
State of Madhya Pradesh
Purnia
Nellore
Bay of Bengal
Kinnaur
Jind
Baleshwar
Kurnool
Guntur
Ulhasnagar
Ujjain
Kachchh
Udipi
Trichur
Mainpuri
Hamirpur
Kottayam
Letha
Pilibhit
Harischandra Range
Raisen
Kolar
Valsad
Union Territory of Dadra and Nagar Haveli
Kota
Gulf of Kachchh
Patiala
Aligarh
Karimnagar
Godhra
State of Himachal Pradesh
Gulbarga
Munger
Warangal
Kanniyakumari
Rupnagar
Bhilwara
Fatehpur Chaurasi
Hassan
Mandya
Jhalawar
Lahul and Spiti
State of Assam
Port Blair
Pudukkottai
Union Territory of Lakshadweep
Solan
Mahbubnagar
Salem
North Tripura
Kanchrapara
Karnal
Ambala
Bhusawal
Chhushku Group
Bihar State of
Sidhi
West Kameng
State of Orissa
Trivandrum
East Kameng
Shamshabari Range
Bhavnagar
State of Haryana
Haora
Bangalore Urban
Jaunpur
State of West Bengal
Bhind
Calcutta
Jaintia Hills
Bir
Vellore
Bir
Bhojpur
Gurgaon
Meghalaya Plateau
Giridih
Madras
Balangir
Jalna
Mathura
Ahmadnagar
Trichur
Aurangabad
Lingzi Tang
Mandi
State of Andhra Pradesh
Osmanabad
Patna
Hyderabad
Alleppey
Banda
Salem
Sambalpur
Prakasam
Parbhani
State of Tripura
Kottayam
Kakinada
Bhuj
Kulu
Bath Island
Bangalore Rural
Chhatarpur
Srikakulam
Satna
Mayurbhanj
Mathura
Jhunjhunun
Sundargarh
Bahraich
Birbhum
Sitamarhi
Firozpur
Bastar
Adoni
Hathras
Chittoor
Pollachi
Uttarkashi
Lucknow
Panna
Tuensang District
Baharampur
Saharanpur
Kathua
Bilaspur
Bijapur
Neyveli
Medinipur
Silchar
Karaikkudi
West Godavari
Rae Bareli
Bassein Oilfield Development Area
Bimla
Proddatur
Durg
Nicobar
Dibrugarh
Sangli
Alwar
Chandrapur
Bid
Tirunelveli
Basti
South Tripura
North District
Deccan
Union Territory of Pondicherry
Bhandara
Allahabad
Jaisalmer
Amritsar
Puri
Maldah
North Cachar Hills
Bikaner
Kaimur Hills
Mahbubnagar
Dungarpur
Aurangabad
Gurdaspur
Rohtas
Saran
Tikamgarh
Purnia
Ingraj Bazar
Gorakhpur
Vadodara
Faizabad
Bhopal
Tiruvannamalai
Durgapur
Chalfil Tlang
Satara
Phom Chang
Anna
Rajauri
Karauli
Bankura
Panna Hills
Mahesana
Depsang Plains
Kurnool
Eluru
Una
Habra
Bijnor
Muzaffarpur
Medak
Kapurthala
Kathiawar Peninsula
Shillong Plateau
Andaman
Muzaffarnagar
Morena
Phulyat Phuto
Puruliya
Parbhani
Tonk
Dibang Valley
Gaya
Asansol
Bilaspur
Kumon Range
Mon
Bhadravati
Jamnagar
Davangere
Amravati
Hoshangabad
Baramula
Simla
West Tripura
Kalahandi
Nandyal
Pangong Range
Thualthu Tlang
Assam Hills
Shiliguri
Hardoi
Karaikal
Dehra Dun
Kosi Plain
Sagar Plateau
Ranaghat
Kamrup
Varanasi
Rajkot
Bina-Etawa
Union Territory of Daman and Diu
Kangra
Patan Kalan
Batala
East Siang
Ghaziabad
Mahesana
Kannangad
Srinagar
Shukpa Kunchang Group
Bod Maidan
Vindhyachal Range
Ara
Samastipur
Garo Hills
Rimo Mustagh
Akola
Rampur
Mahe
Chitradurga
Darjiling
Ch&apos;iang-ch&apos;en-mo Shan
Dispur
Raipur
Madras
Deoria
Chandigarh
Phek
Solapur
Dhanbad
Hassan
Mandla
Khandwa
Kargilo Khann
Jalgaon
Koal-ta-Pain
Hoshiarpur
Bihar Sharif
Jodhpur
Kota
Arcot
East District
Chengalpattu
Union Territory of Mizoram
Domari
Mussorie Range
Singhbhum
Nallamala Hills
Solasinghi Dhar
Kumdan Group
Gaya
Etah
Sivakasi
Sangli
Sirmaur
Patkai Bum
Ujjain
Union Territory of Delhi
Pilibhit
Hisar
Chandrapur
Rajkot
Akola
Gudivada
Muzaffarnagar
Jodhpur
Muzaffarpur
Junagadh
Hyderabad
Pashchim Champaran
Shahjahanpur
Imphal
Murshidabad
Baba Budan Hills
West Dinajpur
Bally
Rohtak
Greater Bombay
Yavatmal
Thane
Kirpalpur
Shimoga
Varanasi
Shrirampur
Tirunelveli
Nowgong
Ahmadnagar
Union Territory of Andaman and Nicobar Islands
Ratlam
Yavatmal
Nilgiri
Pune
Garhwal
Yamunanagar
Chikmagalur
Silvassa
Garo Hills
Chitradurga
State of Gujarat
Bidar
Ludhiana
Dara Nambal
Bombay
Kohima
Kurukshetra
Alwar
Agra
Union Territory of Chandigarh
Sanma Chharo
Pachdhara Bridge
Farrukhabad
Ernakulam
Ahmadabad
Chhotinali Pahar
Haridwar
Panaji
Machilipatnam
Wokha
Nagercoil
Thanjavur
Seoni
Sehore
Etawah
Karbi Anglong
Cannanore
Ratnagiri
Lucknow
Dafla Hills
Dongkya Range
Durg
Andaman Sea
Vajrakarur
Brahmapur
Rajkot
Karimnagar
Raj Nandgaon
Belgaum
Pir Panjal Range
Kottagudem
Goa
Korba
Gwalior
Santipur
Nanded
State of Nagaland
Bombay High Oilfield Development Area
Dewas
Cuddalore
Manipur Central
Darbhanga
Vindhya Range
Pali
Dharmapuri
Tura Range
Malegaon
Moradabad
State of Punjab
Daman District
Sirsa
Kumbakonam
Mon
Tirupati
Anantapur
Hoshiarpur
Bhiwani
