Ţăndărei  
Ţăndărei
Ţăndăreiului  
Abrud  
Abrudului  
Adamclisi  
Adamclisiului  
Adjud  
Adjud
Adjudului  
Şelimbăr  
Şelimbărului  
Agapia  
Agapiei  
Agigea  
Agigei  
Agniţa
Agnita  
Agnitei  
Ţicleni  
Ţicleniului  
Aiud  
Aiud
Aiudului  
Alba Iulia
Albei Iulia  
Albota
Aleşd  
Aleşdului  
Alesd
Alexandria  
Alexandria
Alexandriei  
Amara  
Amarei  
Anina  
Aninei  
Aninoasa
Însurăţei  
Însurăţei
Întorsătura Buzăului
Întorsura Buzăului  
Întorsura Buzăului
Arad  
Arad
Aradului  
Ştefăneşti
Ştei  
Şteiului  
Ţuţuleşti
Avrig  
Avrig
Avrigului  
Azuga  
Azuga
Azugei  
Babadag
Babadagului  
Bacău
Bacăului  
Baia de Aramă
Baia Mare
Baia Sprie
Băicoi
Băicoiului
Băileşti
Băileştiului  
Băile Govora
Băile Herculane
Băile Olăneşti
Băile Tuşnad
Balş
Bălan
Bălanului  
Balşului  
Baloteşti  
Baloteştiului  
Balvanyos  
Balvanyosului  
Bănănăi
Băneasa  
Băneasei  
Baraolt
Baraoltului  
Bârlad
Bârladului
Basarabi
Basarabiului  
Bascov
Beclean
Becleanului  
Beiuş
Beiuşului  
Bereşti
Bereştiului  
Bicaz
Bicazului
Bistriţa
Bistriţei
Blaj
Blajului
Bogaţi
Boldeşti-Scaieni
Bolintin-Vale
Borşa
Borşei
Borleşti
Borsec
Borsecului
Botoşani
Botoşaniului
Braşov
Braşovul
Braşovului
Brad
Brădet- Argeş
Bradu
Bradului
Brăila
Brăilei
Bran
Brăneşti
Brăneştiului
Branului
Breaza
Brebu
Brezoi
Brezoiului
Buşteni
Buşteniului
Bucureşti
Bucureştiului
Budeasa
Budeşti
Buftea
Buftei
Bughea de Sus
Buhuşi
Buhuşiului
Bumbeşti
Bumbeşti-Jiu
Bumbeştiului
Buzău
BUZĂU
Buzăul
Buzăului
Buziaş
Buziaşului
Căciulata
Căciulatei  
Calafat
Calafatului
Călan
Călanului
Călăraşi
Călăraşiului
Călimăneşti
Călimăneştiului
Călineşti
Călugăreni
Călugăreniului
Câmpeni
Câmpeniului
Câmpia Turzii
Câmpina
Câmpinei
Cîmpulung
Câmpulung
Câmpulung Moldovenesc
Câmpulungului
Caraş-Severin
Caracal
Caracalului
Caransebeş
Caransebeşului
Carei
Careiului
Catanele
Căteasca
Cavnic
Cavnicului
Cehu-Silvaniei
Cepari
Cernavoda
Cernavodă
Cernica
Cernicei
Cernobâl
Cheia
Cheii
Chişinău
Chiliile
Ciclova Română
Ciofrîngeni
Cisnădie
Ciulniţa
Ciumeşti
Cluj
Cluj-Napoca
Clujului
Coşeşti
Codlea
Codlei
Colibaşi
Colibaşiului
Comăneşti
Comăneştiului
Comarnic
Comarnicului
Constanţa
Constanţei
Copşa mică
Copşa Mică
Corabia
Corabiei
Costeşti
Costineşti
Costineştiului
Cotnari
Cotnariului
Covasna
Covasnei
Craiova
Craiovei
Cristuru Secuiesc
Cugir
Cugirului
Curtea de Argeş
Dărăbani
Dărăbaniului
Dărmăneşti
Davideşti
Dej
Dejului
Deta
Detei
Deva
Devei
Dorohoi
Dorohoiului
Drăgăşani
Drăgăşaniului
Drăgăneşi-Olt
Drobeta Tr. Severin
Drobeta Turnu Severin
Drobeta-Turnu Severin
Drobetei
Dumbrăveni
Durău
Durăului
Eforie
Eforie Sud
Făgăraş
Făgăraşului
Fălticeni
Fălticeniului
Făurei
Făureiului
Feteşti
Feteştiului
Fieni
Fieniului
Filiaşi
Filiaşiului
Focşani
Focşaniului
Fundulea
Fundulei
Găeşti
Găeştiului
Găeti
Galaţi
Galaţiului 
Gheorgheni
Gheorghieniului
Gherla
Giugiu
Giurgiului
Gliganu de Sus
Govora
Govorei
Gura Hulubei
Gura Humorului
Haţeg
Haţegului
Hârşova
Hârşovei
Hârlău
Hârlăului
Harsova
Hinţeşti
Horezu
Horezului
Huşi
Huşiului
Huedin
Huedinului
Humor
Humorului
Humuleşti 
Humuleştiului
Hunedoara
Hunedoara
Hunedoarei
Iaşi
Iaşiului
Ialomiţa
Ianca
Iernut
Iernutului
Ineu
Ineului
Isaccea
Isaccei
Jibou
Jiboului
Jimbolia
Jimboliei
Jupiter
Jupiterului
Lehliu
Lehliu Gară
Lehliului
Leordeni
Lereşti
Lipova
Lipovei
Luduş
Luduşului
Lugoj
Lugojului
Lunca Corbului
Lupeni
Lupeniului
Măcin
Măcinului
Mamaia
Mamaiei
Mangalia
Mangaliei
Mărăşeşti
Mărăşeştiului
Mărăcineni
Mîrghia
Marghita
Marghitei
Medgidia
Medgidiei
Mediaş
Mediaşului
Miercurea-Ciuc
Miercurea Ciuc
Mihăileşti
Mihăileştiului
Mioveni
Mioveniul
Mizil
Mizilului
Moşoaia
Mogoşoaia
Mogoşoaiei
Moineşti
Moldova Nouă
Moldoviţa
Moldoviţei
Moneasa
Moneasei
Morăreşti
Moraviţa
Moraviţei
Moreni
Moreniului
Moroeni
Moroeniului
Motru
Motrului
Mozăceni
Muşăteşti
Murfatlar
Murfatlarului
Nădlac
Nădlacului
Năsăud
Năsăudului
Năvodari
Năvodariului
Negreşti
Negreşti-Oaş
Negreştiului
Negru Vodă
Nehoiu
Nehoiului  
Neptun
Neptun - Olimp
Neptun-Olimp
Neptunului
Novaci
Nucet
Ocna Mureş
Ocna Sibiului
Ocnele Mari
Odobeşti
Odobeştiului
Odorheiu Secuiesc
Olăneşti
Olăneştiului
Olimp
Olimpului
Olteniţa
Oltenişa
Olteniţei
Oneşti
Oneştiului
Orăştie
Oradea
Oradei
Orşova
Orşovei
Oraviţa
Oraviţei
Orăşeneşti
Oraviţa
Otopeni
Otopeniului
Ovidiu
Ovidiului
Paşcani
Paşcaniului
Păltiniş
Păltinişului
Panciu
Panciului
Pârâu Rece
Petrila
Petrilei
Petroşani
Petroşaniului
Piatra Neamţ
Piatra-Neamţ
Piatra-Olt
Pietroşiţa
Pietroşiţei
Piteşti
Piteştiul
Piteştiului
Ploieşti
Ploieştiului
Pogoanele
Poiana Braşov
Predeal
Predealului
Pucioasa
Pucioasei
Raşnov
Râşnov
Râşnovului
Racoviţa
Rădăuţi
Rădăuţiului
Râmnicu Sărat
RÂMNICU SĂRAT
Râmnicu Vâlcea
Războieni
Reşiţa
Reşiţei
Recaş
Recaşului
Reghin
Reghinului
Resita
Rm. Sărat
Rm.Sărat
RM. SĂRAT
Roşiori de Vede
Rociu
Roman
Romanului
Rovinari
Rovinariului
Ruşchiţa
Rucăr
Rucărului
Rupea
Rupei
Săcele
Sălătruc
Sălişte
Salonta
Salontei
Sângeorz-Băi
Săpânţa
Săpânţei
Sarmisegetusa
Sasca Montană
Satu Mare
Saturn
Saturnului
Săveni
Săveniului
Săvineşti
Săvineştiului
Scheau
Scorniceşti
Scorniceştiului
Sebeş
Sebeşului
Segarcea
Segarcei
Seini
Severin
Sfântu Gheorghe
Sibiu
Sibiului
Sighet
Sighetu Marmaţiei
Sighişoara
Sighişoarei
Simeria
Simeriei
Simleu Silvaniei
Sinaia
Sinaiei
Siret
Siretului
Slănic Moldova
Slatina
Slatinei
Slobozia
Sloboziei
Smeura
Snagov
Snagovului
Solca
Sovata
Sovatei
Stei
Strehaia
Strehaiei
Suceava
Suceavei
Suceviţa
Suceviţei
Sulina
Sulinei
Suseni
Taşnad
Tăşnad
Tăşnadului
Talmaciu
Tălmaciu
Tălmaciului
Tîrgovişte
Târgovişte
Târgu Bujor
Târgu Cărbuneşti
Târgu Frumos
Tîrgu Jiu
Târgu Lăpuş
Târgu Mureş
Târgu Neamţ
Târgu-Neamţ
Târgu Ocna
Târgu Secuiesc
Tărnăveni
Târnăveni
Târnăveniului
Techirghiol
Techirghiolului
Tecuci
Tecuciului
Teiuş
Ticleni
Timişoara
Timişoarei
Titu
Titului
Topliţa
Topliţei
Topoloveni
Tulcea
Tulcei
Turda
Turdei
Turnu Magurele
Ungheni
Ungheniului
Uricani
Uricaniului
Urlaţi
Urlaţiului
Urziceni
Urziceniului
Vaşcău
Vaşcăului
Valea lui Mihai
Valea Mare
Valea Mare Pravăţ
Vălenii de Munte
Vânju Mare
Vascău
Vaslui
Vasluiului
Vatra Dornei
Venus
Venusului
Victoria
Victoriei
Videle
Viişoara
Viseu de Sus
Vlahiţa
Voineasa
Voineasei
Voineşti
Voineştiului
Voroneţ
Voroneţului
Vrăneşti
Vulcan
Vulcanului
Vultureşti
Zalău
Zalăului
Zărneşti
Zărneştiului
Zimnicea
Zimnicei Abrud
Zlatina
