Koweitien
Koweitienne
Koweitiennes
Koweitiens
Koweito
Kuwaiti
Laotian
Latvian
Lebanese
Letton
Lettonne
Lettonnes
Lettons
Libanais
Libanaise
Libanaises
Libano
Liberian
Liberien
Liberienne
Liberiennes
Liberiens
Libyan
Lithuanian
Lithuanien
Lithuanienne
Lithuaniennes
Lithuaniens
Luxembourg
Luxembourgeois
Luxembourgeoise
Luxembourgeoises
Macau
Mahoran
Malagasy
Malaisien
Malaisienne
Malaisiennes
Malaisiens
Malawian
Malaysian
Maldive
Maldives
Maldivian
Malgache
Malgaches
Malian
Malien
Malienne
Maliennes
Maliens
Maltais
Maltaise
Maltaises
Maltese
Margarita, Location City
Marocain
Marocaine
Marocaines
Marocains
Martiniquais
Martiniquaise
Martiniquaises
Mauritanian
Mauritanien
Mauritanienne
Mauritaniennes
Mauritaniens
Mauritian
Mexicain
Mexicaine
Mexicaines
Mexicains
Mexican
Micronesian
Monacan
Monagasque
Monegasque
Monegasques
Mongolian
Mongolien
Mongolienne
Mongoliennes
Mongoliens
Montserratian
Moroccan
Motswana
Mozambican
Namibian
Namibien
Namibienne
Namibiennes
Namibiens
Nation Locationelement Country
Nations Locationelement Country
Nauruan
Nepalais
Nepalaise
Nepalaises
Nepalese
New Caledonian
New Zealand
Nicaraguan
Nicaraguayen
Nicaraguayenne
Nicaraguayennes
Nicaraguayens
Nigerian
Nigeriane
Nigerianes
Nigerians
Nigerien
Nigerienne
Nigeriennes
Nigeriens
Nigérian
Nigériane
Nigérianes
Nigérians
Nippon
Nippone
Nippones
Nippons
Niuean
North Korean
Northern Irish
Norvegien
Norvegienne
Norvegiennes
Norvegiens
Norwegian
Omani
Pakistani
Panamanian
Papua New Guinean
Peruvian
Peruvien
Peruvienne
Peruviennes
Peruviens
Philippin
Philippine
Philippines
Philippins
Polish
Portugais
Portugaise
Portugaises
Portuguese
Puerto Rican
Qatari
Quebeco
Quebecois
Quebecoise
Quebecoises
Québeco
Québecois
Québecoise
Québecoises
Reunionais
Reunionaise
Reunionaises
Reunionese
Romanian
Roumain
Roumaine
Roumaines
Roumains
Roumano
Russian
Russo
Rwandais
Rwandaise
Rwandaises
Rwandan
Réunionais
Réunionaise
Réunionaises
Réunionese
Salvadoran
Sanmarinese
Saoudien
Saoudienne
Saoudiennes
Saoudiens
Saudi
Saudi Arabian
Scotch
Scots
Scottish
Senegalais
Senegalaise
Senegalaises
Senegalese
Senegalo
Serbe
Serbes
Sierra Leonean
Singaporian
Sino
Slovak
Slovakian
Somali
Somalien
Somalienne
Somaliennes
Somaliens
Sotho
Soudanais
Soudanaise
Soudanaises
South African
South Korean
Southern Irish
Sovietique
Sovietiques
Sovieto
Spanish
Sri Lankan
Sri-Lankais
Sri-Lankaise
Sri-Lankaises
St. Lucian
Sudanese
Suedo
Suedois
Suedoise
Suedoises
Suisse
Suisses
Surinamese
Suèdo
Suèdois
Suèdoise
Suèdoises
Swazi
Swedish
Swiss
Syrian
Syrien
Syrienne
Syriennes
Syriens
Sénégalais
Sénégalaise
Sénégalaises
Sénégalese
Sénégalo
Taiwanais
Taiwanaise
Taiwanaises
Taiwanese
Tajikistani
Tanzanian
Tanzanien
Tanzanienne
Tanzaniennes
Tanzaniens
Tchadien
Tchadienne
Tchadiennes
Tchadiens
Tcheco
Tchecoslovaque
Tchecoslovaques
Tcheque
Tcheques
Tchèque
Tchèques
Thai
Thailandais
Thailandaise
Thailandaises
Togolais
Togolaise
Togolaises
Togolese
Tokelauan
Tongan
Trinidadian
Tswana
Tunisian
Tunisien
Tunisienne
Tunisiennes
Tunisiens
Tunisio
Turc
Turco
Turcs
Turkish
Turkmenistani
Turque
Turques
Tuvaluan
Ugandan
Ukrain
Ukrainien
Ukrainienne
Ukrainiennes
Ukrainiens
Uruguayan
Uzbek
Vanuatuan
Venezuelan
Venezuelien
Venezuelienne
Venezueliennes
Venezueliens
Vietnamese
Vietnamien
Vietnamienne
Vietnamiennes
Vietnamiens
Vénézuelien
Vénézuelienne
Vénézueliennes
Vénézueliens
Washington, Location City
Welsh
West German
Western Samoan
Yemeni
Yougoslave
Yougoslaves
Yugoslav
Yugoslavian
Zairian
Zairois
Zairoise
Zairoises
Zambian
Zambien
Zambienne
Zambiennes
Zambiens
Zaïrois
Zaïroise
Zaïroises
Zimbabwean
afganistan
african
albanez
algerian
andoran
arancez
argentinian
arăbesc
asiatic
australian
austriac
azerbagian
bangladez
belgian
bielorus
birmanez
bolivian
brazilian
britanic
bulgar
bulgăresc
caledonien
cambogian
camerunez
canadian
ceh
cehoslovac
chinez
cilian
cipriot
columbian
congolez
coreean
costarican
croat
cubanez
danez
dominican
ecuadorian
egiptean
englez
estonian
etiopian
european
Europene
finlandez
francez
gabonez
gambian
ganian
german
german de est
grec
groelandez
guadalopez
guatemal
guinez
haitian
hispano
indian
indonezian
iordanian
irakian
iranian
irlandez
islandez
israelian
italian
jamaican
japonez
kazastanian
kenian
Mediteraneene
olandez
spaniol
străin
turc
turcesc
