Afganistanul
Afghanistan
Afghanistanului
Albania
Albaniei
Algeria
Algeriei
Andorra
Andorrei
Anglia
Angliei
Angola
Angolei
Anguilla
Anguillei
Antarctica
Antarcticei
Antigua
Arabia
Arabia Saudită
Arabiei
Arabiei Saudite
Argentina
Argentinei
Armenia
Armeniei 
Aruba
Australia
Australiei
Austria
Austriei
Azerbaidjan
Azerbaidjanului
Azerbaijan
Azerbaijanului
Bahamas
Bahamasului
Bahrain
Bahrainului
Bangladesh
Barbados
Barbadosului
Barbuda
Bavaria
Belarus
Belarusului
Belgia
Belgiei
Belize
Benin
Beninului
Bermude
Bermudelor
Bhutan
Bhutanului
Bolivia
Boliviei
Bosnia
Bosniei
Botswana
Botswanei
Brazilia
Braziliei
Brunei
Bulgaria
Bulgariei
Burma
Burundi
Cambodgia
Cambodgiei
Camerun
Camerunului
Canada
Canadei
Cecenia
Ceceniei
Cehia
Cehiei
Cehoslovacia
Cehoslovaciei
Centrafricană
Centrafricane
Chile
China
Chinei
Ciad
Ciadului
Cipru
Ciprului  
Columbia
Columbiei
Comore
Congo
Coreea
Coreei
Corsica
Croaţia
Croaţiei
CSI
Cuba
Cubei   
Danemarca
Danemarcei   
Djibouti
Dominica
Dominicană
Dominicane 
Dominicei   
Ecuador
Ecuadorului   
Egipt
Egiptul
Egiptului   
Elveţia
Elveţiei
Eritreea
Eritreeei   
Estonia
Estoniei   
Ethiopia
Ethiopiei  
Etiopia
Etiopiei   
Faeroe
Feroe
Fidji
Filipine
Filipinelor
Finlanda
Finlandei  
Franţa
Franţei  
FYROM
Gabon
Gabonului   
Gambia
Gambiei  
Gaza
Gazei  
Georgia
Georgiei   
Germania
Germaniei  
Ghana
Ghanei   
Gibraltar
Gibraltarului   
Grecia
Greciei  
Grenada
Grenadei   
Groenlanda
Groenlandei  
Guadelupa
Guadelupei  
Guam
Guamului  
Guatemala
Guatemalei   
Guineea
Guineea-Bissau
Guineeei   
Guineeei-Bissau 
Guyana
Guyanei  
Haiti
Herţegovina
Herţegovinei     
Honduras
Hondurasului     
India
Indiei   
Indonezia
Indoneziei   
Iordania
Iordaniei  
Irak
Irakului
Iran
Iranul
Iranului
Iraq
Irakul
Iraqului
Irlanda
Irlandei
Islanda
Islandei
Israel
Israelul
Israelului
Italia
Italiei
Iugoslavia
Iugoslavie
Iugoslaviei
Jamaica
Jamaicăi
Japonia
Japoniei
Kazakhstan
Kazakhstanului
Keniei
Kenya
Kenyei
Kirghistan
Kirghistanului
Kiribati
Kuwait
Kuweitul
Kuwaitului
Laos 
Laosului
Lesotho 
Letonia
Letoniei
Liban
Libanului   
Liberia 
Liberiei   
Libia 
Libiei   
Liechtenstein 
Liechtensteinului   
Lituania
Lituaniei  
Luxemburg 
Luxemburgului
Macao
Macedonia
Macedoniei  
Madagascar 
Madagascarului   
Malaezia 
Malaeziei   
Malawi 
Maldive 
Mali 
Malta 
Maltei   
Marii Britanii
Maroc 
Marocului   
Martinica 
Martinică   
Mauritania 
Mauritaniei   
Mauritius 
Mauritiusului   
Mexic 
Mexicului   
Micronezia
Microneziei  
Moldova 
Moldovei   
Monaco 
Mongolia 
Mongoliei   
Montserrat 
Mozambic
Mozambicului  
Muntenegru
Muntenegrului  
Namibia 
Namibiei   
Nauru 
Naurului   
Nepal 
Nepalului   
Nicaragua 
Nicaraguei   
Niger 
Nigeria 
Nigeriei   
Nigerului   
Norvegia
Norvegiei  
Olanda
Olandei  
Oman 
Omanului   
Pakistan
Pakistanul
Pakistanului
Panama 
Panamei
Papua 
Paraguay 
Paraguayului
Peru 
Perului
Polonia 
Poloniei
Portugalia 
Portugaliei
Qatar 
Qatarului
România
România Mare
României
României Mari
Rusia
Rusiei
Rwanda
Rwandei
Samoa
Slovenia
Scoţia
Scoţiei  
Senegal
Senegalului
Serbia
Serbiei
Seychelles
Singapore
Siria 
Siriei
Slovacia 
Slovaciei
Slovenia 
Sloveniei
Somalia 
Somaliei
Spania
Spaniei
S.U.A.
SUA
Sudan 
Sudanului
Suedia
Suediei
Surinam
Surinamului
Svalbard
Tadjikistan 
Tadjikistanului
Taiwan
Taiwanului
Tanzania 
Tanzaniei
Thailanda
Thailandei
Togo 
Tonga 
Tunisia 
Tunisiei   
Turcia
Turciei  
Turkmenistan 
Turkmenistanului   
Ucraine 
Ucrainei   
Uganda 
Ugandei   
Ungaria
Ungariei
Ungariei  
U.R.S.S.
URSS
Uruguay 
Uruguayului   
Uzbekistan 
Uzbekistanului   
Vanuatu 
Vatican
Vaticanului   
Venezuela 
Venezuelei   
Vietnam 
Vietnamului   
Virgine
Virginelor  
Yemen 
Yemenului
Yugoslaviei
Zair
Zairului  
Zambia 
Zambiei   
Zimbabwe
Ţara Bascilor
Ţara Soarelui Răsare
IRLANDA
FRANŢA
SCOŢIA
ŢARA GALILOR
ANGLIA
ITALIA