Achiziţia
Achiziţie
Afaceri
Înregistrări
Asigurare
Asigurarea
Asociaţi
Asociaţii
Aviaţia
Aviaţie
Bankcoop
Calculator
Capital
Casă de Schimb
Cercetare
Cercetarea
Chimicale
Circ
Circul
Combinat
Combinatul
Comisia
Comisie
Comisiei
Comunicaţii
Confederaţia
Confederaţiei
Corp
Corpul
Cronica
Date
Depozit
Depozitul
Design
Dezvoltare
Distanţa
Distanţă
Educaţie
Electric
Electrice
Electricitate
Energie
Farmaceutic
Farmacia
Farmacie
Federal
Federaţiei
Federaţie
Financiar
Gaz
Industria
Industrial
Industrie
Industrii
Inspectorat
Inspectoratul
Inspectoratului
Institut de Tehnologie
Interstatal
Intreprindere
Intreprinderea
Intreprinderi
Intreprinderile
Investiţii
Investiţiile
Maşini
Maşinile
Magazin
Magazinul
Management
Marketing
Motoare
Motor
Nuclee
Optic
Organizare
Organizarea
Parc
Parculului
Petrol
Poliţie
Pompieri
Prefectura
Prefecturei
Presa
Presă
Primăria
Primăriei
Putere
Radio
Război
Războiul
Reviste
Revistele
Rezervaţie
Rezervat
Salvare
Securitaţi
Servicii
Serviciile
Serviciu
Serviciul
Serviciului
Sindicatul
Sindicatului
Sistem
Sisteme
Sistemele
Sistemul
teatrul
Teatrul
teatrului
Tehnologia
Tehnologie
Tehnologii
Tehnologiile
Telegraf
Televiziune
Televiziunea
TV
Utilităţi
