Academia
Academiei
Şcoala
ŞCOALA
ŞCOALĂ
Şcoala sanitară
Administraţia
ADMINISTRAŢIA
Administraţie
ADMINISTRAŢIE
Agenţia
AGENŢIA
Agenţie
AGENŢIE
Agenţiei
Agenţii
AGENŢII
Agenţiile
AGENŢIILE
Ambasada
Ambasadei
Arhiepiscopia
Arhiepiscopiei
Asociaţia
ASOCIAŢIA
Asociaţie
ASOCIAŢIE
Asociaţiei
AUTORIATE
Autoritate
Autoritatea
AUTORITATEA
Autoritatea Locală
Autoritatea Regională
AUTORITATE LOCALĂ
AUTORITATE REGIONALĂ
Banca
BANCA
Bancă
Băncii
BANCĂ
Birou
BIROU
Biroul
BIROUL
Biroului
Biserica
BISERICA
Biserică
BISERICĂ
Bisericii
Breasla
BREASLA
Breaslă
BREASLĂ
Casa
CASA
Casă
CASĂ
Casei
Catedrala
CATEDRALA
Catedrală
CATEDRALĂ
CENTRU
Centrul
CENTRUL
Centrului
Clinica
CLINICA
Clinică
CLINICĂ
CLUB
CLUB SOCIAL
Clubul
CLUBUL
CLUBUL SOCIAL
Clucul Social
COLEGIU
Colegiul
COLEGIUL
Colegiului
Combinat
Combinatul
Combinatului
Comisia
COMISIA
COMISIE
COMITET
Comitetul
COMITETUL
Comitetului 
Compania
Comunităţii
COMUNITATE
Comunitatea
COMUNITATEA
Consiliu
CONSILIU
Consiliul
CONSILIUL
Consiliului
Corporaţia
CORPORAŢIA
CORPORAŢIE
Departament
DEPARTAMENT
Departamentul
DEPARTAMENTUL
Departamentului
Detaşamentul
Detaşamentului
Direcţia
DIRECŢIA
DIRECŢIE
Direcţiei
DIRECTORAT
Directoratul
DIRECTORATUL
DIVIZIA
Divizie
DIVIZIE
Editura
Editurii
Federaţia
Facultate
Facultatea
Facultăţii
FEDERAŢIA
FEDERAŢIE
Frăţia
Fundaţia
FUNDAŢIA
FUNDAŢIE
GRUP
Grupul
GRUPUL
Hotel
HOTEL
Hotele
HOTELE
Hotelul
HOTELUL
Hoteluri
HOTELURI
INSTITUŢII
INSTITUŢIILE
INSTITUL
Institut
INSTITUT
Institute
Institutele
Institutelor
Institutul
Institutului
Jandarmeria
Jandarmeriei
Judecătoria
Laboratoare
LABORATOARE
Laboratoarele
LABORATOARELE
Laborator
LABORATOR
Laboratorul
LABORATORUL
Legiunea
Legiunii
Liga
Ligii
Minister
MINISTER
Ministerul
MINISTERUL
Ministerului
MUZEU
Muzeul
MUZEUL
Oficiu
OFICIU
Oficiul
OFICIUL
Parlamentul
Parteneriat
PARTENERIAT
Parteneriatul
PARTENERIATUL
Partidul
Partidului
Poliţia
Poliţiei
Poliţii
Revista
REVISTA
Revistă
REVISTĂ
Serviciu
SERVICIU
Serviciul
SERVICIUL
Sindicat
SINDICAT
Sindicatul
SINDICATUL
Societăţi
Societăţii
Societăţile
Societăţilor
Societate
SOCIETATE
Societatea
SOCIETATEA
SOCIETATEA DE CONSTRUCĂŢIE
Societatea de Construcţie
Spital
SPITAL
Spitalul
SPITALUL
Spitalului
Subcomisia
SUBCOMISIA
SUBCOMISIE
Termoficare 2000
Tribunal
Tribunalul
Tribunalului
Uniune
UNIUNE
Uniunea
UNIUNEA
Uniunii
Univeristate
Universităţii
UNIVERSITATE
Universitatea
UNIVERSITATEA
Universitatea de Stat
UNIVERSITATEA DE STAT
Uzina
UZINA
Uzină
UZINĂ
