ACHIM
ADA
ADAM
ADELINA
ADICUŢA
ADINA
ADREAN
ADRIAN
ADRIANA
ŞERBAN
AGLAIA
AGNES 
ALEXANDRA
ALEXANDRINA 
ALEXANDRU
ALICE 
ALINA 
ALIS
ALMA
AMALIA 
AMEDEO
ANA MARIA
ANASTASIA
ANATOLIE
ANCA 
ANDREEA
ANDREI
ANETA
ANGELA
ANGELICA
ANGHEL
ANIŞOARA
ANICA
ANIKA
ANTON
ARACHITA
ARISTIŢA
ARSINETA
ARTEMIE
ARTIN
ŞTEFAN
ŞTEFĂNEL
ŞTEFANIA
ŞTEFĂNIŢA 
AURA 
AUREL 
AURELIA
AURICA
AURORA
AVRAM
BADEA
BĂDIŞOR 
BARBU
BARBURA
BEATRICE
BEILE
BOGDAN
BOGDĂNEL 
BRÎNDUŞA 
CĂLIN
CAMELIA
CARMEN
CARMENCITA 
CAROL
CASSIELA
CĂTĂLIN
CĂTĂLINA
CATELUŢA
CECILIA
CLAUDIA
CLAUDIU 
COMAN
CONSTANŢA 
CONSTANTIN
CONSTANTINA
CORNEL
CORNELIA
CORNELIU
COSTACHE
COSTACHI
COSTEL
COSTICĂ
COSTIN
COSTINA
CRĂCIUNELU
CRIAN
CRINA
CRISTI
CRISTIAN
CRISTIANA
CRISTINA
DAN
DANIEL
DANIELA
DANIL
DANUŢ
DARIAN
DAVID
DENISA
DESPINA
DINU
DIONISIE
DOBRE
DOCHIA
DOCHIŢA
DOICESCU 
DOINA
DOINIŢA
DOMNIŢA
DOMNICA
DOREL
DORICĂ
DORIN
DORINA
DORINEL
DORU 
DRAGOŞ
DUŢU
DUMITRA
DUMITRAŞCU 
DUMITRU
ECATERINA
EDUARD 
EFTIMIE
ELENA
ELEONORA
ELISABETA
ELISAVETA
ELSABETA
ELVIRA
EMANOIL
EMANUEL
EMIL
EMILIA
EMILIAN
ESTERA
EUFROSINA
EUGEN
EUGENIA
EUGENIE
EUGENIU 
FĂNICĂ
FELICIA 
FERDINAND
FILARET
FILIP
FILOFTEA
FILORA
FIRANDA
FLOAREA
FLOREA
FLORENTINA
FLORIAN
FLORICA
FLORICICA
FLORIN
FLORINA 
FRANCISC
FRUSINA
GABRIEL 
GABRIELA
GELU
GENA
GEORGE
GEORGEL 
GEORGETA
GEORGIANA
GHENADI
GHEORGHE
GHEORGHETA
GHEORGHIŢA
GHERGHINA
GHIOCEL
GHIORGHE
GHIULGEAN
GIANINA
GICĂ
GINA
GIULIAN
GIZELA
GLIGOR
GRIGORE
HARALAMBIE
HORIA
IACOB
IANCU
IANI
IANOŞ
ILEANA
ILIE
ILINCA
INA
INNA
IOAN
IOANA
IOLANDA 
ION
IONEL
IORDACHE
IORDACHI
IOSEF
IOSEFINA
IOSIF
IRENA
IRINA
IULIA 
IULIAN
IULIANA
IVAN
IZVOREL
JAN
JANETA
JANICA
JANNA
JEAN
JEANA
JEANINNE 
JENI 
JULIETA
LĂCRĂMIOARA
LADISLĂU
LAMIŞ
LAUNA
LAURA
LAURENŢIA
LAURENŢIU
LEANA
LEON
LEONARD
LEONARDO 
LEONTINA
LEOPOLD
LIDIA
LIGIA
LIGIANA
LILIANA
LIVIA
LIVIOARA
LIVIU
LOUISA
LUCIA
LUCIAN
LUCICA
LUCREŢIA
LUDOVIC
LUMINIŢA 
MĂDĂLINA
MADELEINE
MAGDA
MAGDALENA
MAIOREL
MANDA
MANOLE
MARCEL
MARCELA
MARCELIUS
MARGARETA
MARIA
MARIAN
MARIANA
MARICEL
MARIEA
MARIELA
MARIETA
MARIN
MARINELA 
MARINELA
MARINICĂ
MĂRIOARA
MARIU 
MARIUS
MARTHA
MARTICA
MATEI
MAURICIU
MAXIMILIAN
MELANIA
MELUŢA
MIŢU
MIŞU
MICŞUNICA
MIHAELA 
MIHAI
MIHAICA
MIHAIL
MIHAILUC 
MIHALACHE
MILA
MILICA
MILUŢA
MINA
MINDEL
MIRA
MIRCEA
MIREL
MIRELA 
MONICA
NADA
NADEJA
NAFTANIL
NARCIS
NATALIA
NAZARIE
NECULAI
NECULINA
NELA 
NELU
NELUŢA
NICHITA
NICOLAE
NICOLETA
NICOLINA
NICU
NICULAE
NIKY
NINEL
OCTAV 
OCTAVIAN
OFELIA
OGICA
OLGA
OLGUŢA
OLIMPIA
OLIVIA
OLTEA
ONISIFOR
ORESTE
ORTANSA
ORTENZIA  
OSMAN
OVIDIU 
PAŞCU
PACHEL
PANSELIA
PARASCHIV
PARASCHIVA
PAUL
PAULA
PEDRAM
PETRA
PETRE
PETREA
PETRIŞOR 
PETRICA
PETRONELA
PETRU
PIROŞCA
PREDA
PUIU
RADA
RADU
RAISA
REDIN 
REMUS
REVECA
RIDNA 
RITA
ROŞU 
ROBERT 
RODICA
ROMICA
ROMULUS
ROXANA
ROZA
ROZALIA
ROZICA
RUDOLF
RUXANDRA
SABAN
SALOMIA
SANDA
SANDU
SARA
SARMIZA
SAVA
SERGIU
SILVIA
SILVICA
SILVIU
SIMONA
SITA
SONIA
SORIN
STAN
STELA 
STELIAN
STELIANA
STELICA
STELUTA
STERE
SULTANA
SUSANA
SUZANA
TAMARA
TATIANA
TEO
TEODOR
TEODORA
THEODOR
TIBERIU 
TINA
TINCUŢA
TITA
TITUS
TOADER
TOMA
TRAIAN
TUDOR
TUDORA
VALENTINA
VALER
VALERIA
VALERIAN
VALERICĂ
VALERIU 
VASILE
VASILICA
VEACESLAV
VENERA
VERA
VERGINIA
VERONICA
VETA
VICENŢIU
VICHENTE
VICTOR
VICTORIA
VICTORIŢA
VIOLETA 
VIOREL
VIORICA
VIRGIL
VIRGINIA
VIVIANA
VLADIMIR
VLASIA 
VOICA
ZAMFIRA
ZENOBIE
ZLOTA
ZOE
ZOIA 
ZOIEA
