Aţarmavet
Aşchenaz
Aşurimii
Abida
Abimael
Abimelec
Adbeel
Adoram
Şeba
Şelah
Şelef
Ţemariţi
Şemeeber
Agar
Agarei
Ţila
Şineab
Almodad
Amaleciţi
Amoniţilor
Amoriţi
Amoriţilor
Amoritul
Amrafel
Anamimi
Aner
Ţohar
Aram
Arameul
Archiţi
Arioc
Arpacşad
Arvadiţi
Asur
Şuah
Avram
Avraam
Avraame
Avrame
Bera
Birşa
Buz
Bilha
Bilhei
Cadmoniţilor
Caftorimi
Cainan
Canaan
Canaaniţii
Canaaniţilor
Casluhimi
Chedar
Chedma
Chedorlaomer
Chemuel
Cheniţilor
Cheniziţilor
Chesed
Cheturei
Chitim
Cristos
Cuş
Dedan
Dicla
Dodanim
Domnul
Domnului
Duhul
Duhul lui Dumnezeu
Duma
Dumnezeu
Dumnezeul
Dumnezeul Cel Prea Înalt
Dumnezeului
Dumnezeului Celui Prea Înalt
Eşcol
Eber
Edom
Efa
Efer
Efron
Elam
Eldaa
Elişa
Eliezer
Emimi
Enoh
Esau
Fereziţii
Fereziţilor
Filistenii
Filistenilor
Gaham
Gheter
Ghirgasiţi
Ghirgasiţilor
Hadad
Ham
Hamatiţi
Haran
Havila
Hazo
Hamor
Het
Hetiţilor
Heviţi
Horiţi
Hul
Işbac
Iabal
Iacov
Iafet
Iared
Iavan
Iebusiţi
Iebusiţilor
Iebusiti
Ierah
Ietur
Iidlaf
Iobab
Iocşan
Ioctan
Irad
Isaac
Iscăi
Ismael
Isus
Isus Cristos
Isus Hristos
Iuda
Isahar
Iubal
Lameh
Lehabimi
Lea
Leei
Letuşimii
Leumimii
Lot
Lud
Ludimi
Maş.
Maaca
Madai
Madian
Magog
Mahalaleel
Mamre
Masa
Meşec
Medan
Mehuiael
Melhisedec
Metuşael
Metusala
Mişma
Miţraim
Mibsam
Milca
Milcăi
Moabiţilor
More
Nafiş
Naftuhimi
Nahor
Nebaiot
Nimrod
Obal
Ofir
Patrusimi
Peleg
Picol
Pildaş
Put
Rahela
Rahelei
Raema
Rebeca
Refaimi
Refaimiţilor
Reu
Rifat
Sabta
Sabteca
Sarai
Sarei
Seba
Seir
Serug
Set
Sidon
Sihem
Siniţi
Spiritul Sfânt
Tahaş
Tarşiş
Tebah
Tema
Terah
Tideal
Tiras
Togarma
Tubal
Tubal-Cain
Uţ
Uzal
Zuzimi
Zilpa
Zabulon