Ada
Adela
Adelina
Adicuţa
Adina
Adriana
Aglaia
Agnes
Agneta
Aida
Aidei
Alecsandra
Alexandra
Alexandrina
Alice
Alina
Alis
Alma
Amalia
Ana
Anamaria
Ana Maria
Ana - Maria
Anastasia
Anca
Ancuţa
Anda
Andhra
Andra
Andreea
Ane
Aneliza
Aneta
Angela
Angelica
Ani
Anişoara
Anica
Anika
Anita
Anna
Anne
Antinia
Antonela
Antoaneta
Antonia
Antonina
Arachita
Ariadna
Aristiţa
Aritina
Armina
Arsineta
Atanasia
Ştefana
Ştefania
Aura
Aurelia
Aurica
Aurora
Bănuţa
Barbura
Beatrice
Beile
Bianca
Bica
Blanka
Bogdana
Brînduşa
Brânduşa
Caludia
Camelia
Carina
Carla
Carmen
CARMEN
Carmencita
Cassiela
Cătălina
Cateluţa
Caterina
Catinca
Catrinel
Cecilia
Cerasella
Cezara
Cezarina
Christiana
Christina
Cipriana
Clara
Clarisa
Claudia
Constanţa
Constantina
Consuela
Cora
Corina
Cornelia
Cosmina
Costina
Costinel
Crînguţa
Crenguţa
Crina
Cristiana
Cristina
Cristinei
Cristinela
Daiana
Dalia
Dana
Daniana
Daniela
Daria
Delia
Denisa
Denise
Despina
Diana
Dina
Dochia
Dochiţa
Doina
Doiniţa
Domniţa
Domnica
Dora
Doralina
Doriana
Dorina
Doroteia
Draga
Dumitra
Ecaterina
Edina
Ela
Elena
Eleni
Eleny
ELEODOR
Eleonora
Eliana
Elisabeta
Elisaveta
Eliza
Elly
Elvira
Emanuela
Emilia
Emilian
Estera
Eufrosina
Eugenia
Eugenie
Eustaţia
Eva
Ewa
Evelina
Fausta
Felicia
Filoftea
Filofteia
Filora
Firanda
Flavia
Floarea
Florentina
Floria
Florica
Floricica
Florina
Francesca
Francisca
Frusina
Gabriela
Geanina
Gena
Genţiana
Genica
Georgeta
GEORGETA
Georgia
Georgiana
Gherghina
Gianina
Gica
Gilda
Gina
Giorgiana
Gizela
Graţiela
Hermina
Iarina
Iasmina
Ileana
Ilinca
Ina
Ingrid
Inna
Ioana
Iolanda
Ionela
Iosefina
Irena
Irene
Irenne
Irina
Isabela
Iulia
Iuliana
Iustina
Izabela
Janeta
Janica
Janina
Janna
Jeana
Jeaninne
Jeni
Julieta
Justina
Karina
Kast
Lăcrămioara
Larisa
Launa
Laura
Laurenţia
Lavinia
Laviniei
Leana
Lelia
Lenuţa
Leonora
Leontina
Letiţia
Lia
Liana
Lidia
Ligia
Ligiana
Liliana
Lila
Lisa
Livia
Livioara
Liza
Loredana
Lorena
Louisa
Luana
Luceta
Lucia
LUCIA
Luciana
Lucica
Lucreţia
Luiza
Luminiţa
Maşa
Mădălina
Madeleine
Magda
Magdalena
Mălina
Manda
Manuela
Mara
Marcela
Marga
Margareta
Mari
Maria
Mariţa
Mariana
Marie
Mariea
Mariei
Mariela
Marieta
Marilena
Marina
Marinela
Marioara
Mărioara
Măriuca
Marta
Martha
Martica
Mavie
Meda
Medeea
Melania
Melinda
Meluşa
Micşunica
Mihaela
Milena
Miloşevici
Miluţa
Mina
Minerva
Mioara
Mira
Mirabela
Mirela
Mirona
Miruna
Monica
Nada
Nadeja
Nadia
Nancy
Natalia
Nayana
Nazarie
Neculina
Nela
Neli
Neluţa
Nichita
Nicoara
Nicoleta
Nicolina
Nina
Ninette
Noemi
Nuţi
Oana
Octavia
Ofelia
Ogica
Olga
Olguţa
Olimpia
Olivia
Ortansa
Ortenzia
Otilia
Ovidiana
Panselia
Paraschiva
Pasica
PASICA
Patricia
Paula
Petra
Petronela
Petronia
Petruţa
Profira
Rada
Raisa
Raluca
Ramona
Rebeca
Reveca
Ridna
Rita
Roberta
Rodica
Romana
Romica
Romina
Roxana
Roxandra
Roza
Rozalia
Rozica
Ruxandra
Sabina
Sami
Samolia
Sanda
Sandra
Sînziana
Sânziana
Sara
Sarmiza
Sava
Sevastiţa
Sheilah
Sibila
Silvana
Silvia
Silviana
Silvica
Simina
Simona
Sita
Smaranda
Sofia
Sofica
Sonia
Sorana
Sorina
Stana
Stanca
Stela
Steliana
Steluţa
Sultana
Susan
Susana
Suzana
Tamara
Tatiana
Teodora
Theodora
Tina
Tincuţa
Tita
Tudora
Tudoriţa
Valentina
Valer
Valeria
Valerica
Vanda
Vasilica
Venera
Vera
Verginia
Verona
Veronica
Veta
Veturia
Victoria
Victoriţa
Violeta
Viorela
Viorica
Virginia
Vistoria
Vistoriţa
Viviana
Vlasia
Xenia
Wanda
Yolanda
Zamfira
Zenaida
Zlota
Zoe
Zoia
ZoiaAda
Zoiea
