Annie Leibovitz
annie leibovitz
ANNIE LEIBOVITZ
Walter Benjamin
walter benjamin
WALTER BENJAMIN
Dara Birnbaum
dara birnbaum
DARA BIRNBAUM
Horst Eberhard Richter
horst eberhard richter
HORST EBERHARD RICHTER
Gabriele Fischer
gabriele fischer
GABRIELE FISCHER
Monika Salzmann
monika salzmann
MONIKA SALZMANN
Werner Schäfer
werner schäfer
WERNER SCHäFER
Erika Schmian
erika schmian
ERIKA SCHMIAN
Hans-Dieter Eichhorst
hans-dieter eichhorst
HANS-DIETER EICHHORST
Margot Lang
margot lang
MARGOT LANG
Peter Esser
peter esser
PETER ESSER
Willi Kalberlah
willi kalberlah
WILLI KALBERLAH
Abram Vidovic
abram vidovic
ABRAM VIDOVIC
Iris Blaul
iris blaul
IRIS BLAUL
Rainer Seul
rainer seul
RAINER SEUL
Gerhard Eckert
gerhard eckert
GERHARD ECKERT
Klaus Neumann-Grunow
klaus neumann-grunow
KLAUS NEUMANN-GRUNOW
Sieglinde Scholl
sieglinde scholl
SIEGLINDE SCHOLL
Bernd Neumann
bernd neumann
BERND NEUMANN
Isolde Ringelberg
isolde ringelberg
ISOLDE RINGELBERG
Vijay Singh
vijay singh
VIJAY SINGH
Masae Suzuki-Yatabe
masae suzuki-yatabe
MASAE SUZUKI-YATABE
Michael Jackson
michael jackson
MICHAEL JACKSON
GEORG LINDE
georg linde
GEORG LINDE
Johann Jung
johann jung
JOHANN JUNG
Renate Stiebing
renate stiebing
RENATE STIEBING
Anna Finkernagel
anna finkernagel
ANNA FINKERNAGEL
Elisabethe Mehnert
elisabethe mehnert
ELISABETHE MEHNERT
Udo Schaar
udo schaar
UDO SCHAAR
AXEL HONNETH
axel honneth
AXEL HONNETH
Carl-Dieter Spranger
carl-dieter spranger
CARL-DIETER SPRANGER
Fidel Castro
fidel castro
FIDEL CASTRO
Detlev Engel
detlev engel
DETLEV ENGEL
Anne Denecke
anne denecke
ANNE DENECKE
GEMMA PÖRZGEN
gemma pÖrzgen
GEMMA PÖRZGEN
Peter von Puttkammer
peter von puttkammer
PETER VON PUTTKAMMER
Ursula Schmidt
ursula schmidt
URSULA SCHMIDT
Sergej Wasiliew
sergej wasiliew
SERGEJ WASILIEW
Bernd Kammermeier
bernd kammermeier
BERND KAMMERMEIER
Martha Gumbrecht
martha gumbrecht
MARTHA GUMBRECHT
Anna Marburger
anna marburger
ANNA MARBURGER
Heinrich Georgi
heinrich georgi
HEINRICH GEORGI
Christian Krawinkel
christian krawinkel
CHRISTIAN KRAWINKEL
Carmen Abersfelder
carmen abersfelder
CARMEN ABERSFELDER
Petr Ebens
petr ebens
PETR EBENS
Klaus-Peter Kobinger
klaus-peter kobinger
KLAUS-PETER KOBINGER
Jürgen Maier
jürgen maier
JüRGEN MAIER
Thomas Rupprecht
thomas rupprecht
THOMAS RUPPRECHT
Salvo Andò
salvo andò
SALVO ANDò
Kätha Orlowski
kätha orlowski
KäTHA ORLOWSKI
Angelika Ringler-Friesenhahn
angelika ringler-friesenhahn
ANGELIKA RINGLER-FRIESENHAHN
Gerhard Morlock
gerhard morlock
GERHARD MORLOCK
Rainer Krätschmer
rainer krätschmer
RAINER KRäTSCHMER
Martin Wentz
martin wentz
MARTIN WENTZ
Wolf Illert
wolf illert
WOLF ILLERT
Dirk Pfeil
dirk pfeil
DIRK PFEIL
Winfried Müller
winfried müller
WINFRIED MüLLER
Alma Mahler
alma mahler
ALMA MAHLER
Vittorio M. Lampugnani
vittorio m. lampugnani
VITTORIO M. LAMPUGNANI
DETLEF KINSLER
detlef kinsler
DETLEF KINSLER
Otto Heinicke
otto heinicke
OTTO HEINICKE
Jörg Landmann
jörg landmann
JöRG LANDMANN
Viktor Volkmer
viktor volkmer
VIKTOR VOLKMER
Karlheinz Geil
karlheinz geil
KARLHEINZ GEIL
Olga Weber
olga weber
OLGA WEBER
Claudia Rettner
claudia rettner
CLAUDIA RETTNER
Harry Petersen
harry petersen
HARRY PETERSEN
Karl-Heinz Weiss
karl-heinz weiss
KARL-HEINZ WEISS
Horst Vetter
horst vetter
HORST VETTER
Jürgen Engler
jürgen engler
JüRGEN ENGLER
Mario Buscemi
mario buscemi
MARIO BUSCEMI
Franz Frey
franz frey
FRANZ FREY
Jürgen Hasheider
jürgen hasheider
JüRGEN HASHEIDER
Tony Oursler
tony oursler
TONY OURSLER
Hans Martin
hans martin
HANS MARTIN
Claudio Dartevelle
claudio dartevelle
CLAUDIO DARTEVELLE
Bernd Dippel
bernd dippel
BERND DIPPEL
Christoph Ulrich
christoph ulrich
CHRISTOPH ULRICH
Eugen Drewermann
eugen drewermann
EUGEN DREWERMANN
Conny Weißkopf
conny weißkopf
CONNY WEIßKOPF
Hans Heimerl
hans heimerl
HANS HEIMERL
Karin Werum
karin werum
KARIN WERUM
Erich Honecker
erich honecker
ERICH HONECKER
Jürgen May
jürgen may
JüRGEN MAY
Otto Thon
otto thon
OTTO THON
Peter Osuchukwu
peter osuchukwu
PETER OSUCHUKWU
Johannes Klingspor
johannes klingspor
JOHANNES KLINGSPOR
Gary Hill
gary hill
GARY HILL
Erich Pipa
erich pipa
ERICH PIPA
Dirk Treber
dirk treber
DIRK TREBER
François Dosse
françois dosse
FRANçOIS DOSSE
Antonio Cascais
antonio cascais
ANTONIO CASCAIS
Elfriede Feller
elfriede feller
ELFRIEDE FELLER
Udo Wiedmann
udo wiedmann
UDO WIEDMANN
Peter Zychon
peter zychon
PETER ZYCHON
Hansi Langhammer
hansi langhammer
HANSI LANGHAMMER
Ute Niederhut
ute niederhut
UTE NIEDERHUT
Silvia Löhr
silvia löhr
SILVIA LöHR
Zeev Jabotinsky
zeev jabotinsky
ZEEV JABOTINSKY
Axel Weiss-Thiel
axel weiss-thiel
AXEL WEISS-THIEL
Dagmar Beckmanns
dagmar beckmanns
DAGMAR BECKMANNS
Keith Richards
keith richards
KEITH RICHARDS
Herbert Rößler
herbert rößler
HERBERT RößLER
Gerda Zobeley
gerda zobeley
GERDA ZOBELEY
Herbert Wenzl
herbert wenzl
HERBERT WENZL
Joachim Dreier
joachim dreier
JOACHIM DREIER
Gila Gertz
gila gertz
GILA GERTZ
Chris Schüppel
chris schüppel
CHRIS SCHüPPEL
Silke Meinzinger
silke meinzinger
SILKE MEINZINGER
Jörg Henkel
jörg henkel
JöRG HENKEL
Jaroslav Hasek
jaroslav hasek
JAROSLAV HASEK
Rainer Schwarz
rainer schwarz
RAINER SCHWARZ
Ansgar Hillach
ansgar hillach
ANSGAR HILLACH
Heinz Schöne
heinz schöne
HEINZ SCHöNE
Nils Holgerssons
nils holgerssons
NILS HOLGERSSONS
Bernhard Ochs
bernhard ochs
BERNHARD OCHS
Carsten Hernig
carsten hernig
CARSTEN HERNIG
Brunhilde Schmidt
brunhilde schmidt
BRUNHILDE SCHMIDT
Kurt Sontheimer
kurt sontheimer
KURT SONTHEIMER
Irina Edelstein
irina edelstein
IRINA EDELSTEIN
ECKART BAIER
eckart baier
ECKART BAIER
Jörg Schindler
jörg schindler
JöRG SCHINDLER
Fritz Treutel
fritz treutel
FRITZ TREUTEL
REINHARD VOSS
reinhard voss
REINHARD VOSS
Ali Sakalakoglu
ali sakalakoglu
ALI SAKALAKOGLU
Gabi Horst
gabi horst
GABI HORST
Barbara Köster
barbara köster
BARBARA KöSTER
Gerhard Lehner
gerhard lehner
GERHARD LEHNER
Volkmar Holzhausen
volkmar holzhausen
VOLKMAR HOLZHAUSEN
Corinna Lotus Martini
corinna lotus martini
CORINNA LOTUS MARTINI
Gisela Held
gisela held
GISELA HELD
Andreas Kölle
andreas kölle
ANDREAS KöLLE
Sabine Thimm
sabine thimm
SABINE THIMM
Michael Lüders
michael lüders
MICHAEL LüDERS
Nikolaj Ohotnikow
nikolaj ohotnikow
NIKOLAJ OHOTNIKOW
Gisela Kaiser
gisela kaiser
GISELA KAISER
Bernd Girrbach
bernd girrbach
BERND GIRRBACH
Fritz Bultmann
fritz bultmann
FRITZ BULTMANN
Otto Wilke
otto wilke
OTTO WILKE
Hilmar Hoffmann
hilmar hoffmann
HILMAR HOFFMANN
Hans-Erich Debo
hans-erich debo
HANS-ERICH DEBO
Marlies Stänicke
marlies stänicke
MARLIES STäNICKE
Hans Fuchs
hans fuchs
HANS FUCHS
Kinsey Millhone
kinsey millhone
KINSEY MILLHONE
Gamal Klembnitz
gamal klembnitz
GAMAL KLEMBNITZ
Steven Spielberg
steven spielberg
STEVEN SPIELBERG
Margret Heide
margret heide
MARGRET HEIDE
Susanne Schaumann
susanne schaumann
SUSANNE SCHAUMANN
Thomas J.
thomas j.
THOMAS J.
René Descartes
rené descartes
RENé DESCARTES
Fritz Rothschild
fritz rothschild
FRITZ ROTHSCHILD
Gaspar Bueno Aquirre
gaspar bueno aquirre
GASPAR BUENO AQUIRRE
GERHARD HÖHN
gerhard hÖhn
GERHARD HÖHN
Leo Spahn
leo spahn
LEO SPAHN
Lorenz Jäger
lorenz jäger
LORENZ JäGER
Menachem Begin
menachem begin
MENACHEM BEGIN
Jürgen Weiss
jürgen weiss
JüRGEN WEISS
Kai Schlegelmilch
kai schlegelmilch
KAI SCHLEGELMILCH
Heinrich Gerhold
heinrich gerhold
HEINRICH GERHOLD
Eduard Schewardnadse
eduard schewardnadse
EDUARD SCHEWARDNADSE
WOLFGANG SPINDLER
wolfgang spindler
WOLFGANG SPINDLER
Ingo-Endrick Lankau
ingo-endrick lankau
INGO-ENDRICK LANKAU
Hans-Jürgen Moog
hans-jürgen moog
HANS-JüRGEN MOOG
Alfons Gerling
alfons gerling
ALFONS GERLING
Ingrid Keßler
ingrid keßler
INGRID KEßLER
Lothar Zenetti
lothar zenetti
LOTHAR ZENETTI
Rolf Bootzum
rolf bootzum
ROLF BOOTZUM
Matsunobu Sato
matsunobu sato
MATSUNOBU SATO
Roland Emmerich
roland emmerich
ROLAND EMMERICH
Alfred Gangel
alfred gangel
ALFRED GANGEL
Willi Schier
willi schier
WILLI SCHIER
Annemarie Voß
annemarie voß
ANNEMARIE VOß
Walter Möller
walter möller
WALTER MöLLER
Dash Yonden
dash yonden
DASH YONDEN
Sigrid Bäumer
sigrid bäumer
SIGRID BäUMER
HANS KONANZ
hans konanz
HANS KONANZ
Hans-Jürgen Bosinger
hans-jürgen bosinger
HANS-JüRGEN BOSINGER
Harald Schneider
harald schneider
HARALD SCHNEIDER
Lilli Pölt
lilli pölt
LILLI PöLT
Dalai Lama
dalai lama
DALAI LAMA
Michael Kummer
michael kummer
MICHAEL KUMMER
Yoshiriro Suzuki
yoshiriro suzuki
YOSHIRIRO SUZUKI
Ralf-Rainer Piesold
ralf-rainer piesold
RALF-RAINER PIESOLD
Günter Pfaff
günter pfaff
GüNTER PFAFF
Wilhelm Kuhn
wilhelm kuhn
WILHELM KUHN
Heidi M.
heidi m.
HEIDI M.
Michael Goebler
michael goebler
MICHAEL GOEBLER
Carlos Lara
carlos lara
CARLOS LARA
Horst Günther
horst günther
HORST GüNTHER
Ulrike Gieseking
ulrike gieseking
ULRIKE GIESEKING
Gerd Nies
gerd nies
GERD NIES
Gerald Greenwald
gerald greenwald
GERALD GREENWALD
Karl Ernst Seltmann
karl ernst seltmann
KARL ERNST SELTMANN
Laura Biagiotti
laura biagiotti
LAURA BIAGIOTTI
Rolf Seidel
rolf seidel
ROLF SEIDEL
Ernst Moritz Arndt
ernst moritz arndt
ERNST MORITZ ARNDT
Gerhard Möller
gerhard möller
GERHARD MöLLER
Kurt Pariser
kurt pariser
KURT PARISER
Heinz Riesenhuber
heinz riesenhuber
HEINZ RIESENHUBER
Alexander Cejka
alexander cejka
ALEXANDER CEJKA
Gerhard Kadelbach
gerhard kadelbach
GERHARD KADELBACH
Hans-Joachim Klein
hans-joachim klein
HANS-JOACHIM KLEIN
Christoph von Weizel
christoph von weizel
CHRISTOPH VON WEIZEL
Matthias Almdinger
matthias almdinger
MATTHIAS ALMDINGER
Klaus Pape
klaus pape
KLAUS PAPE
Luise Heckmann
luise heckmann
LUISE HECKMANN
Rütli Polter
rütli polter
RüTLI POLTER
Annemarie Schulz
annemarie schulz
ANNEMARIE SCHULZ
Karl-Heinz Schreiber
karl-heinz schreiber
KARL-HEINZ SCHREIBER
Wolfgang Wels
wolfgang wels
WOLFGANG WELS
von Schoeler
von schoeler
VON SCHOELER
Melanie Lummer
melanie lummer
MELANIE LUMMER
Hans-Paul Wohlfahrt
hans-paul wohlfahrt
HANS-PAUL WOHLFAHRT
Jutta Kroneberger
jutta kroneberger
JUTTA KRONEBERGER
Ilse Wolf
ilse wolf
ILSE WOLF
Jürgen Mursch
jürgen mursch
JüRGEN MURSCH
Lothar Niemann
lothar niemann
LOTHAR NIEMANN
Gija Iwanischwili
gija iwanischwili
GIJA IWANISCHWILI
Christine Schwabs
christine schwabs
CHRISTINE SCHWABS
Sigmund Freud
sigmund freud
SIGMUND FREUD
Hans-Peter Schneider
hans-peter schneider
HANS-PETER SCHNEIDER
Constanze Rauert
constanze rauert
CONSTANZE RAUERT
Jürgen Bauer
jürgen bauer
JüRGEN BAUER
Wilhelm Krämer
wilhelm krämer
WILHELM KRäMER
Hans-Joachim Hisgen
hans-joachim hisgen
HANS-JOACHIM HISGEN
Wilma Ludewig
wilma ludewig
WILMA LUDEWIG
Heinz Schlosser
heinz schlosser
HEINZ SCHLOSSER
Karl Hamann
karl hamann
KARL HAMANN
Pierre Beregovoy
pierre beregovoy
PIERRE BEREGOVOY
Gerhard Merz
gerhard merz
GERHARD MERZ
Reinhold Medebach
reinhold medebach
REINHOLD MEDEBACH
Annette Fugmann-Heesing
annette fugmann-heesing
ANNETTE FUGMANN-HEESING
Giorgio Armani
giorgio armani
GIORGIO ARMANI
Rolf Gnadl
rolf gnadl
ROLF GNADL
Gerlinde Herrant
gerlinde herrant
GERLINDE HERRANT
Frank Tkacz
frank tkacz
FRANK TKACZ
Richard von Weizsäcker
richard von weizsäcker
RICHARD VON WEIZSäCKER
URSULA MAY
ursula may
URSULA MAY
Bernd Röttger
bernd röttger
BERND RöTTGER
Brigitte Kontorowitz
brigitte kontorowitz
BRIGITTE KONTOROWITZ
Karlheinz Bührmann
karlheinz bührmann
KARLHEINZ BüHRMANN
Rainer Hörig
rainer hörig
RAINER HöRIG
da Fonseca Wollheim
da fonseca wollheim
DA FONSECA WOLLHEIM
Lord Baden-Powell of Gilwell
lord baden-powell of gilwell
LORD BADEN-POWELL OF GILWELL
Heinz G. Müller
heinz g. müller
HEINZ G. MüLLER
Cedric J.
cedric j.
CEDRIC J.
Abraham Rosenzweig
abraham rosenzweig
ABRAHAM ROSENZWEIG
Viktor Geraschenko
viktor geraschenko
VIKTOR GERASCHENKO
Ralf Biermann
ralf biermann
RALF BIERMANN
Hartwig Ellmer
hartwig ellmer
HARTWIG ELLMER
Heinz Zimmermann
heinz zimmermann
HEINZ ZIMMERMANN
Yann Moulier Boutang
yann moulier boutang
YANN MOULIER BOUTANG
Josef Hartinger
josef hartinger
JOSEF HARTINGER
Christa Jurkschat
christa jurkschat
CHRISTA JURKSCHAT
Diethardt Stamm
diethardt stamm
DIETHARDT STAMM
Keisha Witcher
keisha witcher
KEISHA WITCHER
Karl Eyerkaufer
karl eyerkaufer
KARL EYERKAUFER
Andreas Reichel
andreas reichel
ANDREAS REICHEL
Christa Eick
christa eick
CHRISTA EICK
Peter Wagner
peter wagner
PETER WAGNER
Ralf Lange
ralf lange
RALF LANGE
Else Ridder-Melchers
else ridder-melchers
ELSE RIDDER-MELCHERS
Steffen Ulbrich
steffen ulbrich
STEFFEN ULBRICH
Martin Keßler
martin keßler
MARTIN KEßLER
Matthias Platzeck
matthias platzeck
MATTHIAS PLATZECK
Hermine Herodes
hermine herodes
HERMINE HERODES
Frank Kaufmann
frank kaufmann
FRANK KAUFMANN
Eduard Müller
eduard müller
EDUARD MüLLER
Roland Barthes
roland barthes
ROLAND BARTHES
Tom Koenigs
tom koenigs
TOM KOENIGS
Eduard Bernstein
eduard bernstein
EDUARD BERNSTEIN
Merike Martinson
merike martinson
MERIKE MARTINSON
Walter Löw
walter löw
WALTER LöW
Evi Berger
evi berger
EVI BERGER
Wolfgang Grenz
wolfgang grenz
WOLFGANG GRENZ
Rüdiger Siebert
rüdiger siebert
RüDIGER SIEBERT
Bobby Brown
bobby brown
BOBBY BROWN
Klaus Rohde
klaus rohde
KLAUS ROHDE
Theodor Schwefer
theodor schwefer
THEODOR SCHWEFER
Leonid Schinkarjow
leonid schinkarjow
LEONID SCHINKARJOW
Ernst Hirsch-Ballin
ernst hirsch-ballin
ERNST HIRSCH-BALLIN
Konrad Michler
konrad michler
KONRAD MICHLER
Martin Lücker
martin lücker
MARTIN LüCKER
Heide Kern
heide kern
HEIDE KERN
Hermann Steinbrech
hermann steinbrech
HERMANN STEINBRECH
Greta Breidert
greta breidert
GRETA BREIDERT
Judith Ruzicka
judith ruzicka
JUDITH RUZICKA
Wladimir Alimow
wladimir alimow
WLADIMIR ALIMOW
Klaus Remer
klaus remer
KLAUS REMER
Petra R.
petra r.
PETRA R.
Reinhold Schmid
reinhold schmid
REINHOLD SCHMID
Richard Winkels
richard winkels
RICHARD WINKELS
Alexander von Zaluskowski
alexander von zaluskowski
ALEXANDER VON ZALUSKOWSKI
Wolfgang Kunz
wolfgang kunz
WOLFGANG KUNZ
Jürgen Richter
jürgen richter
JüRGEN RICHTER
Peter Eick
peter eick
PETER EICK
Mike Oldfield
mike oldfield
MIKE OLDFIELD
Inge Hose
inge hose
INGE HOSE
Helmut Michel
helmut michel
HELMUT MICHEL
Jose Manuel Carriles
jose manuel carriles
JOSE MANUEL CARRILES
Wolfgang Behrens
wolfgang behrens
WOLFGANG BEHRENS
Albrecht Magen
albrecht magen
ALBRECHT MAGEN
Bernd Heller
bernd heller
BERND HELLER
Horst Gölzenleuchter
horst gölzenleuchter
HORST GöLZENLEUCHTER
Raymond Douglas Davies
raymond douglas davies
RAYMOND DOUGLAS DAVIES
Ray Davies
ray davies
RAY DAVIES
Albrecht Fribolin
albrecht fribolin
ALBRECHT FRIBOLIN
Udo Brenner
udo brenner
UDO BRENNER
Jan Reche
jan reche
JAN RECHE
Ismail Gürbüz
ismail gürbüz
ISMAIL GüRBüZ
Herbert Günther
herbert günther
HERBERT GüNTHER
Lydia Grießmann
lydia grießmann
LYDIA GRIEßMANN
Bernhard Haertelzur
bernhard haertelzur
BERNHARD HAERTELZUR
Günther Biwer
günther biwer
GüNTHER BIWER
Ernst Welteke
ernst welteke
ERNST WELTEKE
Petr Eben
petr eben
PETR EBEN
Uwe Steib
uwe steib
UWE STEIB
Manfred Schulmeyer
manfred schulmeyer
MANFRED SCHULMEYER
Timo Hoffmann
timo hoffmann
TIMO HOFFMANN
Jochen Riebel
jochen riebel
JOCHEN RIEBEL
Wolf Oschlies
wolf oschlies
WOLF OSCHLIES
Frieda Becker
frieda becker
FRIEDA BECKER
Willi Maser
willi maser
WILLI MASER
Brian W.
brian w.
BRIAN W.
Rainer Berg
rainer berg
RAINER BERG
Don Bosco
don bosco
DON BOSCO
Heinz Haug
heinz haug
HEINZ HAUG
Klaus Kühlewind
klaus kühlewind
KLAUS KüHLEWIND
Yoko Ono
yoko ono
YOKO ONO
Hubert Ingraham
hubert ingraham
HUBERT INGRAHAM
Frank Wagner
frank wagner
FRANK WAGNER
Selma Lagerlöf
selma lagerlöf
SELMA LAGERLöF
Ursula Boveland
ursula boveland
URSULA BOVELAND
Heinz Löffler
heinz löffler
HEINZ LöFFLER
Michael Jacksons
michael jacksons
MICHAEL JACKSONS
Richard Rorty
richard rorty
RICHARD RORTY
Frank Keller
frank keller
FRANK KELLER
Yokio Yanogi
yokio yanogi
YOKIO YANOGI
Kater Sylvester
kater sylvester
KATER SYLVESTER
Karl-Heinz Felsing
karl-heinz felsing
KARL-HEINZ FELSING
Wolfgang Stumpf
wolfgang stumpf
WOLFGANG STUMPF
Ulrich Gundlach
ulrich gundlach
ULRICH GUNDLACH
Regina Klein
regina klein
REGINA KLEIN
Winfried Hackhausen
winfried hackhausen
WINFRIED HACKHAUSEN
Wayne Grady
wayne grady
WAYNE GRADY
Thomas Körber
thomas körber
THOMAS KöRBER
Younger of Prestwick
younger of prestwick
YOUNGER OF PRESTWICK
Johann Sebastian Bachs
johann sebastian bachs
JOHANN SEBASTIAN BACHS
Walter Haimann
walter haimann
WALTER HAIMANN
Akesha M.
akesha m.
AKESHA M.
Sandra Rinnenburger
sandra rinnenburger
SANDRA RINNENBURGER
Alexej Steblianko
alexej steblianko
ALEXEJ STEBLIANKO
Uwe Berger
uwe berger
UWE BERGER
Wilfried Ohmeis
wilfried ohmeis
WILFRIED OHMEIS
Josef Doubek
josef doubek
JOSEF DOUBEK
Harry Schiller
harry schiller
HARRY SCHILLER
Didi Stein
didi stein
DIDI STEIN
Max v. Schenkendorf
max v. schenkendorf
MAX V. SCHENKENDORF
Rosario Ferre
rosario ferre
ROSARIO FERRE
von Kügelgen
von kügelgen
VON KüGELGEN
Isabel Reichert
isabel reichert
ISABEL REICHERT
Jutta Ebeling
jutta ebeling
JUTTA EBELING
Carmen I.
carmen i.
CARMEN I.
Armin Czernek
armin czernek
ARMIN CZERNEK
Katharine Hau
katharine hau
KATHARINE HAU
Ernst Bräter
ernst bräter
ERNST BRäTER
Boris Jelzin
boris jelzin
BORIS JELZIN
Rolf Wenzel
rolf wenzel
ROLF WENZEL
Andreas von Schoeler
andreas von schoeler
ANDREAS VON SCHOELER
Thorsten Fleischmann
thorsten fleischmann
THORSTEN FLEISCHMANN
Vladimir Galusin
vladimir galusin
VLADIMIR GALUSIN
Gennadij Filatow
gennadij filatow
GENNADIJ FILATOW
Wolfgang Fichtner
wolfgang fichtner
WOLFGANG FICHTNER
Wladimir Airapetjan
wladimir airapetjan
WLADIMIR AIRAPETJAN
Hans-Otto Porzelt
hans-otto porzelt
HANS-OTTO PORZELT
Sylvia Schenk
sylvia schenk
SYLVIA SCHENK
Jean-Baptiste Hilbert
jean-baptiste hilbert
JEAN-BAPTISTE HILBERT
Angie R.
angie r.
ANGIE R.
Bruce Naumans
bruce naumans
BRUCE NAUMANS
Gemma Pörzgen
gemma pörzgen
GEMMA PöRZGEN
Rocco Gioia
rocco gioia
ROCCO GIOIA
Reinhard Müller
reinhard müller
REINHARD MüLLER
Lutz Bauer
lutz bauer
LUTZ BAUER
Jürgen Dressler
jürgen dressler
JüRGEN DRESSLER
Walter Schmidt
walter schmidt
WALTER SCHMIDT
Jochem Heumann
jochem heumann
JOCHEM HEUMANN
MEIKE U. GÜNZEL
meike u. gÜnzel
MEIKE U. GÜNZEL
Bernhard Kornhuber
bernhard kornhuber
BERNHARD KORNHUBER
Ellen Heidecke
ellen heidecke
ELLEN HEIDECKE
Lilo Schilf
lilo schilf
LILO SCHILF
Heidi Eisenbach
heidi eisenbach
HEIDI EISENBACH
Tom Stryck
tom stryck
TOM STRYCK
Gerd Mehler
gerd mehler
GERD MEHLER
Bernhard Langer
bernhard langer
BERNHARD LANGER
Hartmut Holzapfel
hartmut holzapfel
HARTMUT HOLZAPFEL
HEINRICH CHRISTIAN
heinrich christian
HEINRICH CHRISTIAN
Bay Ibrahim Halil Özak
bay ibrahim halil Özak
BAY IBRAHIM HALIL ÖZAK
John Lennon
john lennon
JOHN LENNON
Walter Scheckenhofer
walter scheckenhofer
WALTER SCHECKENHOFER
Melanie Seeger
melanie seeger
MELANIE SEEGER
Georg Pistor
georg pistor
GEORG PISTOR
Christian Schwarz-Schilling
christian schwarz-schilling
CHRISTIAN SCHWARZ-SCHILLING
Emil Tschakarow
emil tschakarow
EMIL TSCHAKAROW
Michael Smolinna
michael smolinna
MICHAEL SMOLINNA
Georg Böhms
georg böhms
GEORG BöHMS
Hanskarl Protzmann
hanskarl protzmann
HANSKARL PROTZMANN
Fritz Richinger
fritz richinger
FRITZ RICHINGER
Margarete Franz
margarete franz
MARGARETE FRANZ
Gottfried Keindl
gottfried keindl
GOTTFRIED KEINDL
Peter Steinbach
peter steinbach
PETER STEINBACH
Thilo Altvater
thilo altvater
THILO ALTVATER
Louis Rothschild
louis rothschild
LOUIS ROTHSCHILD
JÖRG FEUCK
jÖrg feuck
JÖRG FEUCK
Daniel Cohn-Bendit
daniel cohn-bendit
DANIEL COHN-BENDIT
Bernard-Henri Lévy
bernard-henri lévy
BERNARD-HENRI LéVY
Herbert Staude
herbert staude
HERBERT STAUDE
Michael Schmitt
michael schmitt
MICHAEL SCHMITT
Elke Tafel
elke tafel
ELKE TAFEL
Christa Matern
christa matern
CHRISTA MATERN
MARTINA I. KISCHKE
martina i. kischke
MARTINA I. KISCHKE
Barbara Mesgarzadeh
barbara mesgarzadeh
BARBARA MESGARZADEH
Jakob Penner
jakob penner
JAKOB PENNER
Harald Mehr
harald mehr
HARALD MEHR
Peter Lachmann
peter lachmann
PETER LACHMANN
Eugen W. Krammig
eugen w. krammig
EUGEN W. KRAMMIG
Otfried Betz
otfried betz
OTFRIED BETZ
Edmund Löffler
edmund löffler
EDMUND LöFFLER
Mike Oldfields
mike oldfields
MIKE OLDFIELDS
Ene Tomberg
ene tomberg
ENE TOMBERG
Theod. Körner
theod. körner
THEOD. KöRNER
Olga Borodina
olga borodina
OLGA BORODINA
Dieter Backhaus
dieter backhaus
DIETER BACKHAUS
Michael Damm
michael damm
MICHAEL DAMM
Wonder Woman
wonder woman
WONDER WOMAN
Peter Suchomil
peter suchomil
PETER SUCHOMIL
Stephan Michel
stephan michel
STEPHAN MICHEL
Hubert Müller
hubert müller
HUBERT MüLLER
Dagmar Beckmann
dagmar beckmann
DAGMAR BECKMANN
Arnold Worzfeld
arnold worzfeld
ARNOLD WORZFELD
Werner Gerbig
werner gerbig
WERNER GERBIG
Janet Jackson
janet jackson
JANET JACKSON
Heinrich Braungart
heinrich braungart
HEINRICH BRAUNGART
Irmgard Germann
irmgard germann
IRMGARD GERMANN
Moulier Boutangs
moulier boutangs
MOULIER BOUTANGS
Fitz Cloos
fitz cloos
FITZ CLOOS
Carmen I
carmen i
CARMEN I
Ulrike Matwig
ulrike matwig
ULRIKE MATWIG
MARTIN SCHOLZ
martin scholz
MARTIN SCHOLZ
Bruce Springsteens
bruce springsteens
BRUCE SPRINGSTEENS
Gregorios Zarcadas
gregorios zarcadas
GREGORIOS ZARCADAS
Claus-Peter Gotta
claus-peter gotta
CLAUS-PETER GOTTA
Christine Schwab
christine schwab
CHRISTINE SCHWAB
Ralf Dörper
ralf dörper
RALF DöRPER
Tanak Jigme Zangpo
tanak jigme zangpo
TANAK JIGME ZANGPO
Harald Fuchs
harald fuchs
HARALD FUCHS
Oliver Vonhausen
oliver vonhausen
OLIVER VONHAUSEN
Hermann Klüber
hermann klüber
HERMANN KLüBER
Yoshiriro Suzukis
yoshiriro suzukis
YOSHIRIRO SUZUKIS
Ludwig Keller
ludwig keller
LUDWIG KELLER
Wilfried Martin
wilfried martin
WILFRIED MARTIN
Eriko Takazawa
eriko takazawa
ERIKO TAKAZAWA
Bernd Ermster
bernd ermster
BERND ERMSTER
Lutz Voigt
lutz voigt
LUTZ VOIGT
Claudio Abbados
claudio abbados
CLAUDIO ABBADOS
Molly Matthes
molly matthes
MOLLY MATTHES
Hans Betz
hans betz
HANS BETZ
Sue Graffon
sue graffon
SUE GRAFFON
Lothar Klemm
lothar klemm
LOTHAR KLEMM
Gisela Frey
gisela frey
GISELA FREY
Georg Reiser jr
georg reiser jr
GEORG REISER JR
Jean-Young Kwak
jean-young kwak
JEAN-YOUNG KWAK
Peter Klemm
peter klemm
PETER KLEMM
Alfred Schubert
alfred schubert
ALFRED SCHUBERT
Xavier de Nicoló
xavier de nicoló
XAVIER DE NICOLó
Christoph Neumann
christoph neumann
CHRISTOPH NEUMANN
U. Sch
u. sch
U. SCH
Günter Cherubini
günter cherubini
GüNTER CHERUBINI
Joschka Fischer
joschka fischer
JOSCHKA FISCHER
Emilio Colombo
emilio colombo
EMILIO COLOMBO
Jörg Barczynski
jörg barczynski
JöRG BARCZYNSKI
Laura Grimaldi
laura grimaldi
LAURA GRIMALDI
Herbert Lugerth
herbert lugerth
HERBERT LUGERTH
Swiad Gamsachurdia
swiad gamsachurdia
SWIAD GAMSACHURDIA
Lothar Rudolf
lothar rudolf
LOTHAR RUDOLF
Lothar Becker
lothar becker
LOTHAR BECKER
Rita Neubauer
rita neubauer
RITA NEUBAUER
Gae Aulenti
gae aulenti
GAE AULENTI
Peter Hess
peter hess
PETER HESS
Karlheinz Stockhausen
karlheinz stockhausen
KARLHEINZ STOCKHAUSEN
Thomas Regehly
thomas regehly
THOMAS REGEHLY
Jürgen Auriga
jürgen auriga
JüRGEN AURIGA
Edith Nerke
edith nerke
EDITH NERKE
John Blakely
john blakely
JOHN BLAKELY
Jürgen Herlth
jürgen herlth
JüRGEN HERLTH
Peter Fischer
peter fischer
PETER FISCHER
Jürgen Köhler
jürgen köhler
JüRGEN KöHLER
Manfred Holler
manfred holler
MANFRED HOLLER
Henning Ritter
henning ritter
HENNING RITTER
Wolfgang Schubert
wolfgang schubert
WOLFGANG SCHUBERT
Horst Burghard
horst burghard
HORST BURGHARD
Cornelius Versluys
cornelius versluys
CORNELIUS VERSLUYS
Werner Theinert
werner theinert
WERNER THEINERT
Krzysztof Smietana
krzysztof smietana
KRZYSZTOF SMIETANA
Lieselotte Richter
lieselotte richter
LIESELOTTE RICHTER
Iris Blauls
iris blauls
IRIS BLAULS
Anne Denekke
anne denekke
ANNE DENEKKE
Bernd Wessel
bernd wessel
BERND WESSEL
Steven B.
steven b.
STEVEN B.
Leon Verdonk
leon verdonk
LEON VERDONK
Karl L.
karl l.
KARL L.
Günther Cherubini
günther cherubini
GüNTHER CHERUBINI
Louis Althusser
louis althusser
LOUIS ALTHUSSER
Wilhelmine Schmidt
wilhelmine schmidt
WILHELMINE SCHMIDT
Georg Gottas
georg gottas
GEORG GOTTAS
Hoffmann von Fallersleben
hoffmann von fallersleben
HOFFMANN VON FALLERSLEBEN
Cornelia Schmalz-Jacobsen
cornelia schmalz-jacobsen
CORNELIA SCHMALZ-JACOBSEN
Gerhard Petery
gerhard petery
GERHARD PETERY
Hannelore Ringel
hannelore ringel
HANNELORE RINGEL
Gerhard Ziegler
gerhard ziegler
GERHARD ZIEGLER
Heide M.
heide m.
HEIDE M.
Heinrich Müller
heinrich müller
HEINRICH MüLLER
Manuel Ospina
manuel ospina
MANUEL OSPINA
Hermann Bleich
hermann bleich
HERMANN BLEICH
Bill Viola
bill viola
BILL VIOLA
Harald Friedrich
harald friedrich
HARALD FRIEDRICH
Bardo Bayer
bardo bayer
BARDO BAYER
Christoph Herrmann
christoph herrmann
CHRISTOPH HERRMANN
Werner Beckert
werner beckert
WERNER BECKERT
Gottfried Petz
gottfried petz
GOTTFRIED PETZ
SIEGFRIED BESSER
siegfried besser
SIEGFRIED BESSER
Horst Gerhard
horst gerhard
HORST GERHARD
Stefan Baumert
stefan baumert
STEFAN BAUMERT
Gerhard Weidhaas
gerhard weidhaas
GERHARD WEIDHAAS
Gabriele Dehmer
gabriele dehmer
GABRIELE DEHMER
Karlheinz Vaupel
karlheinz vaupel
KARLHEINZ VAUPEL
Lukas Cranach dem Älteren
lukas cranach dem Älteren
LUKAS CRANACH DEM ÄLTEREN
Mechthild Kuhlmann
mechthild kuhlmann
MECHTHILD KUHLMANN
Franz Schuberts
franz schuberts
FRANZ SCHUBERTS
Davor Dumesic
davor dumesic
DAVOR DUMESIC
Lyndon Pindling
lyndon pindling
LYNDON PINDLING
Bernd Reuter
bernd reuter
BERND REUTER
Valery Gergiew
valery gergiew
VALERY GERGIEW
Heinz-Jürgen Steinle
heinz-jürgen steinle
HEINZ-JüRGEN STEINLE
Marco Born
marco born
MARCO BORN
Wolfgang Effinger
wolfgang effinger
WOLFGANG EFFINGER
Harald Lochmann
harald lochmann
HARALD LOCHMANN
Jörg Jordan
jörg jordan
JöRG JORDAN
Allen Ginsberg
allen ginsberg
ALLEN GINSBERG
Diane H.
diane h.
DIANE H.
Bahman Nirumand
bahman nirumand
BAHMAN NIRUMAND
Michael Glos
michael glos
MICHAEL GLOS
Klaus Töpfer
klaus töpfer
KLAUS TöPFER
Juan Gonzales
juan gonzales
JUAN GONZALES
Friedrich Schlosser
friedrich schlosser
FRIEDRICH SCHLOSSER
Stefan Stadler
stefan stadler
STEFAN STADLER
Ingo Staymann
ingo staymann
INGO STAYMANN
Djaba Iosselani
djaba iosselani
DJABA IOSSELANI
Horst Wellmann
horst wellmann
HORST WELLMANN
Meister Petz
meister petz
MEISTER PETZ
Drago Milicevic
drago milicevic
DRAGO MILICEVIC
Dieter Mahlberg
dieter mahlberg
DIETER MAHLBERG
Modest Mussorgskis
modest mussorgskis
MODEST MUSSORGSKIS
Jürgen Hofmann
jürgen hofmann
JüRGEN HOFMANN
Harald Streit
harald streit
HARALD STREIT
Eckhardt Köhn
eckhardt köhn
ECKHARDT KöHN
Wibke von Bonin
wibke von bonin
WIBKE VON BONIN
Klaus Minkel
klaus minkel
KLAUS MINKEL
Andreas Schwab
andreas schwab
ANDREAS SCHWAB
Hélène Rytmann
hélène rytmann
HéLèNE RYTMANN
Michael Oesterreich
michael oesterreich
MICHAEL OESTERREICH
Barbara Kleiner
barbara kleiner
BARBARA KLEINER
Anna Küsters
anna küsters
ANNA KüSTERS
Karl Grosche
karl grosche
KARL GROSCHE
Bernt Renzenbrink
bernt renzenbrink
BERNT RENZENBRINK
Martin Berg
martin berg
MARTIN BERG
Alfons Amthor
alfons amthor
ALFONS AMTHOR
Gjorgi Jovicic
gjorgi jovicic
GJORGI JOVICIC
Katharina Kleinhenz
katharina kleinhenz
KATHARINA KLEINHENZ
Klaus Wagenbach
klaus wagenbach
KLAUS WAGENBACH
Bulat Minjelkiew
bulat minjelkiew
BULAT MINJELKIEW
Oskar Kokoschka
oskar kokoschka
OSKAR KOKOSCHKA
Walter Eufinger
walter eufinger
WALTER EUFINGER
Klaus Bodensohn
klaus bodensohn
KLAUS BODENSOHN
Max Schmidt
max schmidt
MAX SCHMIDT
Richard Neumann
richard neumann
RICHARD NEUMANN
Margarethe Wellmann
margarethe wellmann
MARGARETHE WELLMANN
Mick Jagger
mick jagger
MICK JAGGER
Ernst Guggenberger
ernst guggenberger
ERNST GUGGENBERGER
Oleg Tesiew
oleg tesiew
OLEG TESIEW
Nikita Matkowskij
nikita matkowskij
NIKITA MATKOWSKIJ
Heinz Mehr
heinz mehr
HEINZ MEHR
Mike Everett
mike everett
MIKE EVERETT
Joseph Steiner
joseph steiner
JOSEPH STEINER
Gustav Wiener
gustav wiener
GUSTAV WIENER
Sylvia Wagner
sylvia wagner
SYLVIA WAGNER
Christian Müller
christian müller
CHRISTIAN MüLLER
Dietrich Geldern
dietrich geldern
DIETRICH GELDERN
Martin Josephi
martin josephi
MARTIN JOSEPHI
Leo Tamm
leo tamm
LEO TAMM
Jürgen Waller
jürgen waller
JüRGEN WALLER
Margret Dreiser
margret dreiser
MARGRET DREISER