安国
澳门
霸州
包头
保定
北京
泊头
沧州
长治
承德
赤峰
大同
定州
汾阳
丰镇
藁城
高碑店
高平
古交
邯郸
河间
河津
衡水
侯马
呼和浩特
黄骅
霍林郭勒
霍州
冀州
介休
晋州
晋城
晋中
廊坊
离石
临汾
鹿泉
潞城
南宫
原平
迁安
秦皇岛
二连浩特
任丘
沙河
三河
深州
沈阳
石家庄
朔州
太原
唐山
天津
通辽
乌海
乌兰浩特
武安
锡林浩特
香港
孝义
辛集
新乐
邢台
忻州
牙克石
阳泉
伊宁
永济
运城
扎兰屯
张家口
涿州
遵化
集宁
临河
根河
满洲里
呼伦贝尔
鄂尔多斯
阿尔山
额尔古纳
大连
盘锦
鞍山
抚顺
本溪
阜新
葫芦岛
丹东
辽阳
锦州
铁岭
朝阳
海城
北票
大石桥
盖州
凤城
调兵山
庄河
凌源
开原
新民
瓦房店
兴城
东港
北宁
凌海
灯塔
营口
普兰店
长春
吉林
白城
集安
双辽
四平
辽源
通化
公主岭
延吉
松原
白山
九台
桦甸
榆树
蛟河
梅河口
磐石
大安
德惠
洮南
龙井
珲春
舒兰
和龙
临江
图们
敦化
哈尔滨
富锦
大庆
伊春
鸡西
海林
鹤岗
绥化
铁力
北安
阿城
尚志
牡丹江
海伦
虎林
密山
宁安
讷河
穆棱
黑河
佳木斯
肇东
五常
安达
双城
同江
双鸭山
齐齐哈尔
七台河
绥芬河
五大连池
上海
南京
江阴
淮安
徐州
无锡
苏州
常州
镇江
南通
扬州
通州
海门
盐城
邳州
连云港
溧阳
泰兴
如皋
泰州
昆山
宜兴
东台
张家港
启东
江都
丹阳
吴江
靖江
常熟
兴化
宿迁
大丰
新沂
仪征
太仓
姜堰
高邮
金坛
句容
扬中
杭州
宁波
绍兴
温岭
温州
湖州
嘉兴
台州
金华
舟山
瑞安
衢州
余姚
慈溪
义乌
临海
上虞
诸暨
海宁
桐乡
兰溪
乐清
丽水
建德
富阳
平湖
东阳
嵊州
奉化
临安
江山
永康
龙泉
合肥
铜陵
亳州
明光
淮南
淮北
蚌埠
芜湖
巢湖
安庆
滁州
天长
宣州
马鞍山
黄山
池州
宁国
界首
桐城
六安
阜阳
宿州
福州
厦门
泉州
漳州
南平
三明
龙岩
莆田
福清
永安
晋江
南安
福安
长乐
漳平
龙海
邵武
建瓯
石狮
宁德
福鼎
建阳
武夷山
南昌
赣州
九江
萍乡
新余
丰城
抚州
井冈山
宜春
吉安
上饶
高安
乐平
鹰潭
南康
景德镇
德兴
贵溪
瑞昌
瑞金
樟树
济南
青岛
邹城
淄博
烟台
枣庄
潍坊
泰安
蓟沂
东营
济宁
滕州
威海
新泰
日照
肥城
德州
禹城
乐陵
菏泽
聊城
胶州
胶南
即墨
滨州
莱芜
龙口
平度
兖州
莱州
章丘
荣成
文登
寿光
青州
莱阳
诸城
高密
安丘
曲阜
临清
乳山
莱西
招远
昌邑
海阳
蓬莱
□霞
郑州
洛阳
安阳
漯河
新乡
开封
焦作
平顶山
南阳
商丘
信阳
鹤壁
濮阳
许昌
邓州
驻马店
周口
济源
偃师
新郑
禹州
巩义
永城
三门峡
长葛
义马
灵宝
林州
项城
汝州
荥阳
卫辉
辉县
舞钢
新密
孟州
登封
沁阳
武汉
襄樊
十堰
荆州
黄石
宜昌
仙桃
天门
随危
老河口
潜江
鄂州
咸宁
孝感
钟祥
黄冈
枣阳
丹江口
麻城
洪湖
汉川
赤壁
松滋
武穴
荆门
广水
石首
大冶
恩施
枝江
应城
宜城
当阳
安陆
宜都
利川
长沙
湘乡
醴陵
衡阳
株洲
湘潭
岳阳
常德
邵阳
益阳
永州
怀化
沅江
张家界
涟源
浏阳
常宁
吉首
津市
临湘
汨罗
冷水江
娄底
郴州
武冈
韶山
耒阳
广州
深圳
佛山
连州
南雄
汕头
湛江
韶关
潮阳
中山
珠海
台山
罗定
江门
茂名
普宁
肇庆
陆丰
阳江
惠州
潮州
廉江
雷州
梅州
惠阳
阳春
揭阳
清远
兴宁
英德
增城
河源
吴川
开平
化州
高州
汕尾
信宜
乐昌
澄海
从化
四会
鹤山
高要
东莞
南宁
柳州
桂林
梧州
北海
贵港
玉林
钦州
桂平
北流
百色
凭祥
东兴
岑溪
贺扛
河池
防城港
宜州
合山
海口
儋州
三亚
琼山
文昌
琼海
东方
万宁
五指山
重庆
江津
合川
永川
南川
成都
自贡
简阳
绵阳
南充
乐山
泸州
内江
宜宾
广元
攀枝花
德阳
江油
达州
阆中
西昌
巴中
资阳
都江堰
广安
眉山
广汉
彭州
遂宁
万源
邛崃
峨眉山
雅安
绵竹
崇州
什邡
华蓥
昆明
个旧
曲靖
大理
景洪
安宁
楚雄
宣威
玉溪
昭通
保山
开远
思茅
潞西
瑞丽
贵阳
遵义
安顺
都匀
凯里
毕节
兴义
清镇
铜仁
赤水
仁怀
六盘水
福泉
拉萨
日喀则
西安
咸阳
宝鸡
铜川
渭南
汉中
安康
商州
延安
榆林
韩城
兴平
华阴
兰州
天水
白银
武威
金昌
平凉
张掖
玉门
酒泉
临夏
嘉峪关
庆阳
合作
敦煌
西宁
格尔木
德令哈
银川
吴忠
石嘴山
灵武
青铜峡
乌鲁木齐
石河子
克拉玛依
阿克苏
库尔勒
伊宁
哈密
喀什
昌吉
奎屯
米泉
和田
阿勒泰
吐鲁番
博乐
阜康
乌苏
塔城
阿图什
阿拉尔
图木舒克
五家渠
安国市
澳门市
霸州市
包头市
保定市
北京市
泊头市
沧州市
长治市
承德市
赤峰市
大同市
定州市
汾阳市
丰镇市
藁城市
高碑店市
高平市
古交市
邯郸市
河间市
河津市
衡水市
侯马市
呼和浩特市
黄骅市
霍林郭勒市
霍州市
冀州市
介休市
晋州市
晋城市
晋中市
廊坊市
离石市
临汾市
鹿泉市
潞城市
南宫市
原平市
迁安市
秦皇岛市
二连浩特市
任丘市
沙河市
三河市
深州市
沈阳市
石家庄市
朔州市
太原市
唐山市
天津市
通辽市
乌海市
乌兰浩特市
武安市
锡林浩特市
香港市
孝义市
辛集市
新乐市
邢台市
忻州市
牙克石市
阳泉市
伊宁市
永济市
运城市
扎兰屯市
张家口市
涿州市
遵化市
集宁市
临河市
根河市
满洲里市
呼伦贝尔市
鄂尔多斯市
阿尔山市
额尔古纳市
大连市
盘锦市
鞍山市
抚顺市
本溪市
阜新市
葫芦岛市
丹东市
辽阳市
锦州市
铁岭市
朝阳市
海城市
北票市
大石桥市
盖州市
凤城市
调兵山市
庄河市
凌源市
开原市
新民市
瓦房店市
兴城市
东港市
北宁市
凌海市
灯塔市
营口市
普兰店市
长春市
吉林市
白城市
集安市
双辽市
四平市
辽源市
通化市
公主岭市
延吉市
松原市
白山市
九台市
桦甸市
榆树市
蛟河市
梅河口市
磐石市
大安市
德惠市
洮南市
龙井市
珲春市
舒兰市
和龙市
临江市
图们市
敦化市
哈尔滨市
富锦市
大庆市
伊春市
鸡西市
海林市
鹤岗市
绥化市
铁力市
北安市
阿城市
尚志市
牡丹江市
海伦市
虎林市
密山市
宁安市
讷河市
穆棱市
黑河市
佳木斯市
肇东市
五常市
安达市
双城市
同江市
双鸭山市
齐齐哈尔市
七台河市
绥芬河市
五大连池市
上海市
南京市
江阴市
淮安市
徐州市
无锡市
苏州市
常州市
镇江市
南通市
扬州市
通州市
海门市
盐城市
邳州市
连云港市
溧阳市
泰兴市
如皋市
泰州市
昆山市
宜兴市
东台市
张家港市
启东市
江都市
丹阳市
吴江市
靖江市
常熟市
兴化市
宿迁市
大丰市
新沂市
仪征市
太仓市
姜堰市
高邮市
金坛市
句容市
扬中市
杭州市
宁波市
绍兴市
温岭市
温州市
湖州市
嘉兴市
台州市
金华市
舟山市
瑞安市
衢州市
余姚市
慈溪市
义乌市
临海市
上虞市
诸暨市
海宁市
桐乡市
兰溪市
乐清市
丽水市
建德市
富阳市
平湖市
东阳市
嵊州市
奉化市
临安市
江山市
永康市
龙泉市
合肥市
铜陵市
亳州市
明光市
淮南市
淮北市
蚌埠市
芜湖市
巢湖市
安庆市
滁州市
天长市
宣州市
马鞍山市
黄山市
池州市
宁国市
界首市
桐城市
六安市
阜阳市
宿州市
福州市
厦门市
泉州市
漳州市
南平市
三明市
龙岩市
莆田市
福清市
永安市
晋江市
南安市
福安市
长乐市
漳平市
龙海市
邵武市
建瓯市
石狮市
宁德市
福鼎市
建阳市
武夷山市
南昌市
赣州市
九江市
萍乡市
新余市
丰城市
抚州市
井冈山市
宜春市
吉安市
上饶市
高安市
乐平市
鹰潭市
南康市
景德镇市
德兴市
贵溪市
瑞昌市
瑞金市
樟树市
济南市
青岛市
邹城市
淄博市
烟台市
枣庄市
潍坊市
泰安市
蓟沂市
东营市
济宁市
滕州市
威海市
新泰市
日照市
肥城市
禹城市
乐陵市
菏泽市
聊城市
胶州市
胶南市
即墨市
滨州市
莱芜市
龙口市
平度市
兖州市
莱州市
章丘市
荣成市
文登市
寿光市
青州市
莱阳市
诸城市
高密市
安丘市
曲阜市
临清市
乳山市
莱西市
招远市
昌邑市
海阳市
蓬莱市
□霞市
郑州市
洛阳市
安阳市
漯河市
新乡市
开封市
焦作市
平顶山市
南阳市
商丘市
信阳市
鹤壁市
濮阳市
许昌市
邓州市
驻马店市
周口市
济源市
偃师市
新郑市
巩义市
永城市
三门峡市
长葛市
义马市
灵宝市
林州市
项城市
汝州市
荥阳市
卫辉市
辉县市
舞钢市
新密市
孟州市
登封市
沁阳市
武汉市
襄樊市
十堰市
荆州市
黄石市
宜昌市
仙桃市
天门市
随危市
老河口市
潜江市
鄂州市
咸宁市
孝感市
钟祥市
黄冈市
枣阳市
丹江口市
麻城市
洪湖市
汉川市
赤壁市
松滋市
武穴市
荆门市
广水市
石首市
大冶市
恩施市
枝江市
应城市
宜城市
当阳市
安陆市
宜都市
利川市
长沙市
湘乡市
醴陵市
衡阳市
株洲市
湘潭市
岳阳市
常德市
邵阳市
益阳市
怀化市
沅江市
张家界市
涟源市
浏阳市
常宁市
吉首市
津市市
临湘市
汨罗市
冷水江市
娄底市
郴州市
武冈市
韶山市
耒阳市
广州市
深圳市
佛山市
连州市
南雄市
汕头市
湛江市
韶关市
潮阳市
中山市
珠海市
台山市
罗定市
江门市
茂名市
普宁市
肇庆市
陆丰市
阳江市
惠州市
潮州市
廉江市
雷州市
梅州市
惠阳市
阳春市
揭阳市
清远市
兴宁市
英德市
增城市
河源市
吴川市
开平市
化州市
汕尾市
信宜市
乐昌市
澄海市
从化市
四会市
鹤山市
高要市
东莞市
南宁市
柳州市
桂林市
梧州市
北海市
贵港市
玉林市
钦州市
桂平市
北流市
百色市
凭祥市
东兴市
岑溪市
贺扛市
河池市
防城港市
宜州市
合山市
海口市
儋州市
三亚市
琼山市
文昌市
琼海市
东方市
万宁市
五指山市
重庆市
江津市
合川市
永川市
南川市
成都市
自贡市
简阳市
绵阳市
南充市
乐山市
泸州市
内江市
宜宾市
广元市
攀枝花市
德阳市
江油市
达州市
阆中市
西昌市
巴中市
资阳市
都江堰市
广安市
眉山市
广汉市
彭州市
遂宁市
万源市
邛崃市
峨眉山市
雅安市
绵竹市
崇州市
什邡市
华蓥市
昆明市
个旧市
曲靖市
大理市
景洪市
安宁市
楚雄市
宣威市
玉溪市
昭通市
保山市
思茅市
潞西市
瑞丽市
贵阳市
遵义市
安顺市
都匀市
凯里市
毕节市
兴义市
清镇市
铜仁市
赤水市
仁怀市
六盘水市
福泉市
拉萨市
日喀则市
西安市
咸阳市
宝鸡市
铜川市
渭南市
汉中市
安康市
商州市
延安市
榆林市
韩城市
兴平市
华阴市
兰州市
天水市
白银市
武威市
金昌市
平凉市
张掖市
玉门市
酒泉市
临夏市
嘉峪关市
庆阳市
合作市
敦煌市
西宁市
格尔木市
德令哈市
银川市
吴忠市
石嘴山市
灵武市
青铜峡市
乌鲁木齐市
石河子市
克拉玛依市
阿克苏市
库尔勒市
伊宁市
哈密市
喀什市
昌吉市
奎屯市
米泉市
和田市
阿勒泰市
吐鲁番市
博乐市
阜康市
乌苏市
塔城市
阿图什市
阿拉尔市
图木舒克市
五家渠市
呼伦贝尔盟
十三旗市