BEC World Public Company limited
卜蜂 食品 企业 有限 公司 （大众）
长江 基建 集团 有限 公司
长江 实业 （集团） 有限 公司
长亿 实业 股份 有限 公司
成功多多 有限 公司
城市 发展 有限 公司
创新 科技 有限 公司
大城市 发展 有限 公司
大城 银行 大众 有限 公司
大华 银行 有限 公司
大同 股份 有限 公司
大众 金融 有限 公司
大众 银行 有限 公司
道亨 银行 集团 有限 公司
第一 太平 有限 公司
东方 海外 （国际） 有限 公司
东亚 银行 有限 公司
德昌 电机 控股 有限 公司
巅峰 控股 （约格森米）
东方 海外 （国际） 有限 公司
菲律宾 长途 电话 公司
菲律宾 国家 银行
丰隆 银行
傅达 科技 股份 有限 公司
歌莱美 娱乐 大众 有限 公司
Great eastern holdings limited
光通数网 控股 有限 公司
广达 电脑 股份 有限 公司
国春 电子 股份 有限 公司
国法 集团 有限 公司
国赛 电子 股份 有限 公司
国硕 科技 工业 股份 有限 公司
国泰 人寿 保险 股份 有限 公司
和记黄埔 有限 公司
和泰 汽车 股份 有限 公司
恒基兆业 地产 有限 公司
恒隆 有限 公司
宏基 电脑 股份 有限 公司
鸿海 精密 工业 股份 有限 公司
宏轩 电脑 股份 有限 公司
花莎尼 有限 公司
花兴 电脑 科技 控股 有限 公司
华邦 电子 股份 有限 公司
华联 银行 有限 公司
华侨 银行 有限 公司
华荣 燃气 控股 有限 公司
华升 电子 工业 股份 有限 公司
华硕 电脑 股份 有限 公司
华字 电脑 股份 有限 公司
环隆 电气 股份 有限 公司
会德丰 有限 公司
集伟 化学 制纸 有限 公司
吉隆坡 甲洞 有限 公司
技嘉 科技 股份 有限 公司
继显 控股 有限 公司
嘉里 建设 有限 公司
监仓 集团
金英 控股 有限 公司
精碟 科技 股份 有限 公司
九龙仓 集团 有限 公司
凯业 集团
科联 系统 集团 有限 公司
快乐峰 食品 （巧利比）
来德 科技 股份 有限 公司
利丰 有限 公司
丽正 国际 科技 股份 有限 公司
力丽 企业 股份 有限 公司
联成 石油 化学 股份 有限 公司
联华 电子 股份 有限 公司
良木园 酒店 有限 公司
马哥事罗 发展 有限 公司
马来西亚 酒店 有限 公司
马太平洋 工业 有限 公司
门来德 科技 股份 有限 公司
Metro Pacific Corporation
名胜 世界
南亚 塑胶 股份 有限 公司
磐谷 银行 有限 公司
PPB Group Berhad
PT Bank Pan Indonesia TbK
PT Hanjaya Mandala Sampoerna
PT Sinar Mas Multiartha TbK
PTIndocement Tunggal Prakar
日月光 半导体 制造 股份 有限 公司
时富 投实 集团 有限 公司
世听 企业 股份 有限 公司
Shin Corporations Public company
Shin Satellite public company lim
首都 银行
台达 电子 （泰国） 大众 有限 公司
台南 纺织 股份 有限 公司
台湾 茂矽 电子 股份 有限 公司
台湾 塑胶 工业 股份 有限 公司
泰华 农民 银行 （大众） 有限 公司
太平洋 电线 电缆 股份 有限 公司
添利 工业 国际 （集团） 有限 公司
淘大 置业 有限 公司
万能 企业 有限 公司
文化 传信 集团 有限 公司
威盛 电子 股份 有限 公司
微星 科技 股份 有限 公司
矽统 科技 股份 有限 公司
希慎兴业 有限 公司
先得纺 产业 有限 公司
香港 电灯 集团 有限 公司
香港 中华 煤气 有限 公司
鞋庄 控股
新光 纺织 股份 有限 公司
新光 人寿 保险 股份 有限 公司
新鸿基 地产 发展 有限 公司
新加坡 报业 控股 有限 公司
新世界 发展 有限 公司
信安 银行
信德 集团 有限 公司
信和 置业 有限 公司
雪兰获 实业 有限 公司
亚洲 电讯 大众 有限 公司
杨忠礼 机构 有限 公司
英业达 股份 有限 公司
盈科 数码 动力 有限 公司
盈科 亚洲 拓展 有限 公司
印多福 食品 有限 公司
永安 国际 有限 公司
永吉浆 纸业 有限 公司
YTL Power International Berhad
裕兴 电脑 科技 控股 有限 公司
云顶 有限 公司
正隆 股份 有限 公司
中国 信托 商业 银行
中华 银行
中环 股份 有限 公司
狗不理 包子店
正大 粮油
兴洋 毛毯
宁波 麦芽
茅台 酒厂
金川 公司
金川 有色 金属 公司
民生 集团
北仑 钢铁厂
上海 施贵宝
泰康 人寿 保险 股份 有限 公司
BEC World Public Company limited
卜蜂食品企业有限公司（大众）
长江基建集团有限公司
长江实业（集团）有限公司
长亿实业股份有限公司
成功多多有限公司
城市发展有限公司
创新科技有限公司
大城市发展有限公司
大城银行大众有限公司
大华银行有限公司
大同股份有限公司
大众金融有限公司
大众银行有限公司
道亨银行集团有限公司
第一太平有限公司
东方海外（国际）有限公司
东亚银行有限公司
德昌电机控股有限公司
巅峰控股（约格森米）
东方海外（国际）有限公司
菲律宾长途电话公司
菲律宾国家银行
菲人投资隍7d发公司
丰隆银行
傅达科技股份有限公司
歌莱美娱乐大众有限公司
Great eastern holdings limited
光通数网控股有限公司
广达电脑股份有限公司
国春电子股份有限公司
国法集团有限公司
国赛电子股份有限公司
国硕科技工业股份有限公司
国泰人寿保险股份有限公司
和记黄埔有限公司
和泰汽车股份有限公司
恒基兆业地产有限公司
恒隆有限公司
宏基电脑股份有限公司
鸿海精密工业股份有限公司
宏轩电脑股份有限公司
花莎尼有限公司
花兴电脑科技控股有限公司
华邦电子股份有限公司
华联银行有限公司
华侨银行有限公司
华荣燃气控股有限公司
华升电子工业股份有限公司
华硕电脑股份有限公司
华字电脑股份有限公司
环隆电气股份有限公司
会德丰有限公司
集伟化学制纸有限公司
吉隆坡甲洞有限公司
技嘉科技股份有限公司
技素科技股份有限公司
继显控股有限公司
嘉里建设有限公司
监仓集团
金英控股有限公司
精碟科技股份有限公司
九龙仓集团有限公司
凯业集团
科联系统集团有限公司
快乐峰食品（巧利比）
来德科技股份有限公司
利丰有限公司
丽正国际科技股份有限公司
力丽企业股份有限公司
联成石油化学股份有限公司
联华电子股份有限公司
良木园酒店有限公司
马哥事罗发展有限公司
马来西亚酒店有限公司
马太平洋工业有限公司
门来德科技股份有限公司
Metro Pacific Corporation
名胜世界
南亚塑胶股份有限公司
磐谷银行有限公司
PPB Group Berhad
PT Bank Pan Indonesia TbK
PT Hanjaya Mandala Sampoerna
PT Sinar Mas Multiartha TbK
PTIndocement Tunggal Prakar
日月光半导体制造股份有限公司
时富投实集团有限公司
世听企业股份有限公司
Shin Corporations Public company
Shin Satellite public company lim
首都银行
台达电子（泰国）大众有限公司
台南纺织股份有限公司
台湾茂矽电子股份有限公司
台湾塑胶工业股份有限公司
泰华农民银行（大众）有限公司
太平洋电线电缆股份有限公司
添利工业国际（集团）有限公司
淘大置业有限公司
万能企业有限公司
文化传信集团有限公司
威盛电子股份有限公司
微星科技股份有限公司
矽统科技股份有限公司
希慎兴业有限公司
先得纺产业有限公司
香港电灯集团有限公司
香港中华煤气有限公司
鞋庄控股
新光纺织股份有限公司
新光人寿保险股份有限公司
新鸿基地产发展有限公司
新加坡报业控股有限公司
新世界发展有限公司
信安银行
信德集团有限公司
信和置业有限公司
雪兰获实业有限公司
亚洲电讯大众有限公司
杨忠礼机构有限公司
英业达股份有限公司
盈科数码动力有限公司
盈科亚洲拓展有限公司
印多福食品有限公司
永安国际有限公司
永吉浆纸业有限公司
YTL Power International Berhad
裕兴电脑科技控股有限公司
云顶有限公司
正隆股份有限公司
中国信托商业银行
中华银行
中环股份有限公司
狗不理包子店
正大粮油
兴洋毛毯
宁波麦芽
茅台酒厂
金川公司
金川有色金属公司
民生集团
北仑钢铁厂
上海施贵宝
泰康人寿保险股份有限公司