通县
平谷
顺义
怀柔
密云
延庆
昌平
门头沟
房山
燕山
大兴
荥阳
新郑
正阳
巩县
中牟
尉氏
舞阳
通许
密县
登封
南乐
禹县
襄城
新乡
范县
汲县
延津
封丘
台前
长垣
原阳
辉县
许昌
新乡
获嘉
焦作
许昌
修武
博爱
沁阳
鄢陵
济源
孟县
温县
扶沟
武陟
安阳
长葛
汤阴
浚县
内黄
滑县
林县
西平
淇县
清丰
郾城
舞钢
临颍
驻马店
平舆
遂平
确山
汝南
新蔡
历城
章丘
夏津
长清
平阴
齐河
武城
高唐
禹城
济阳
宁津
监邑
商河
惠民
陵县
阳信
无棣
乐陵
茌平
荏平
东阿
庆云
阳谷
莘县
冠县
故城
平原
博山
周村
临淄
淄川
沂源
邹平
高青
利津
桓台
博兴
滨州
垦利
滨县
沾化
东营
潍坊
牛庄
河口
广饶
坊子
高密
安丘
诸城
掖县
五莲
昌乐
昌邑
临朐
寿光
平度
鱼台
牟平
嘉祥
海阳
莱阳
□霞
汶上
宁阳
东平
肥城
泗水
兖州
金乡
平邑
费县
邹县
城武
微山
单县
定陶
苍山
曹县
东明
鄄城
台儿庄
郓城
梁山
巨野
峄城
临沂
郯城
蒙阴
滕县
沂南
沂水
莒县
薛城
莒南
临沐
日照
枣庄
山亭
花县
从化
白沙
新丰
龙门
增城
琼中
番禺
清远
佛冈
湛江
东莞
韶关
曲江
徐闻
乐昌
仁化
南雄
海康
始兴
翁源
乳源
遂溪
英德
阳山
连山
廉江
连南
连县
梅县
吴川
蕉岭
大埔
丰顺
茂名
五华
兴宁
平远
化州
汕头
潮阳
惠来
高州
普宁
揭西
揭阳
道县
潮安
饶平
澄海
信宜
南澳
惠州
博罗
电白
惠阳
惠东
海丰
肇庆
陆丰
河源
连平
高要
和平
龙川
紫金
四会
深镇
宝安
珠海
广宁
斗门
潮州
琼山
怀集
定安
文昌
琼海
封开
万宁
屯昌
儋县
德庆
临高
澄迈
三亚
郁南
通什
保亭
陵水
罗定
乐东
东方
昌江
云浮
新兴
佛山
三水
鹤山
南海
顺德
中山
阳春
高明
江门
新会
阳江
台山
开平
恩平
深圳
上海
莘庄
川沙
南汇
奉贤
金山
松江
青浦
嘉定
宝山
崇明
武汉
汉阳
武昌
竹溪
新洲
红安
麻城
竹山
天门
京山
钟祥
郧县
孝感
黄陂
汉川
郧西
应城
云梦
安陆
应山
大悟
仙桃
神农架
神农架林区
潜江
洪湖
监利
宜昌
沙市
江陵
松滋
枝江
公安
石首
荆门
宜都
黄石
大冶
阳新
五峰
鄂州
黄冈
浠水
长阳
蕲春
广济
黄梅
秭归
罗田
英山
咸宁
兴山
咸宁地区
嘉鱼
蒲圻
当阳
通城
崇阳
通山
远安
襄樊
襄阳
枣阳
巴东
随州
宜城
南漳
恩施
保康
谷城
老河口
咸丰
丹江口
十堰
房县
建始
利川
宣恩
来凤
鹤峰
太原
阳曲
古交
娄烦
清徐
交城
榆次
太谷
祁 县
平遥
介休
灵石
霍 县
汾西
洪洞
寿阳
榆社
文水
汾阳
孝义
交口
石楼
左权
和顺
离石
方山
临 县
柳林
中阳
忻州
原平
代 县
繁峰
灵丘
静乐
岚 县
兴 县
定襄
五台
宁武
神池
五素
剁岚
偏关
河曲
保德
大同
右云
右玉
大同
浑源
广灵
应 县
阳高
天镇
怀仁
山阴
朔 县
平鲁
临汾
蒲 县
隰 县
永和
襄汾
乡宁
吉 县
大宁
古 县
安泽
孚山
候马
新峰
稷山
河津
曲沃
翼城
降 县
恒曲
闻喜
运城
临猗
万荣
平陆
夏 县
永济
芮城
阳泉
盂 县
平定
昔阳
长治
屯留
襄垣
武乡
沁 县
沁源
长子
高平
长治
屯留
壹关
潞城
黎城
晋城
阳城
沁水
睃川
平顺
三亚
海口
通什
琼海
儋州
琼山
文昌
万宁
定安
屯昌
澄迈
临高
白沙
白沙黎族自治县
昌江
昌江黎族自治县
东方黎族自治县
东方
乐东
乐东黎族自治县
陵水
陵水黎族自治县
琼中
琼中黎族苗族自治县
保亭
保亭黎族苗族自治县
天津
塘沽
汉沽
宁河
静海
武清
宝坻
蓟县
大港
长沙
长沙
望城
常德
浏阳
平江
湘阴
临澧
宁乡
湘谭
湘谭
石门
韶山
湘乡
双峰
津市
株洲
株洲
醴陵
澧县
攸县
茶陵
酃县
安乡
益阳
益阳
沅江
桃源
南县
桃江
安化
慈利
岳阳
华容
汉寿
临湘
汨罗
常德
保靖
吉首
泸溪
凤凰
衡南
古丈
花垣
衡阳
衡山
大庸
永顺
龙山
衡东
桑植
娄底
涟源
常宁
冷水江
新化
怀化
祁东
黔阳
洪江
会同
祁阳
靖县
通道
芷江
耒阳
新晃
溆浦
麻阳
南岳
辰溪
沅陵
衡阳
东安
邵阳
隆回
宁远
洞口
武冈
城步
新田
绥宁
新宁
邵东
蓝山
新邵
郴州
郴县
双牌
永兴
资兴
桂东
江永
安仁
汝城
宜章
江华
临武
桂阳
嘉禾
冷水滩
零陵
零陵地区
永州
西安
长安
高陵
合阳
户县
周至
蓝田
韩城
临潼
淳化
旬邑
蒲城
柞水
镇安
宁陕
白水
富平
咸阳
杨陵
黄龙
武功
兴平
礼泉
延安
乾县
永寿
彬县
甘泉
长武
泾阳
三原
宜川
渭南
华县
华阴
延长
潼关
大荔
澄城
延川
宝鸡
子长
安塞
千阳
志丹
吴旗
绥德
陇县
米脂
吴堡
清涧
凤翔
子洲
靖边
定边
麟游
榆林
横山
佳县
太白
神木
府谷
宝鸡
耀县
凤县
扶风
眉县
宜君
岐山
汉中
南郑
黄陵
城固
洋县
佛坪
商南
西乡
镇巴
留坝
山阳
勉县
略阳
宁强
铜川
安康
汉阴
石泉
商县
紫阳
岚皋
平利
洛南
镇坪
旬阳
白河
丹凤
乌鲁木齐
昌吉
呼图壁
米泉
阜康
吉木萨尔
奇台
木垒
木垒哈萨克自治县
托克逊
石河子
奎屯
玛纳斯
乌苏
沙湾
独山子
克拉玛依
和布克赛尔
和布克赛尔蒙古自治县
托里
额敏
塔城
裕民
阿尔泰
布尔津
福海
富蕴
青河
哈巴河
吉木乃
伊宁
伊犁
伊犁地区
伊宁
霍城
察布查尔
察布查尔锡伯自治县
昭苏
巩留
尼勒克
新源
博乐
博尔塔拉
博尔塔拉蒙古自治州
精河
温泉
阿克苏
阿瓦提
乌什
温宿
柯坪
库车
沙雅
新和
拜城
阿图什
克孜勒 
苏柯尔克孜
苏柯尔克孜自治州
乌恰
喀什
喀什地区
疏附
疏勒
伽师
岳普湖
英吉沙
阿克陶
塔什库尔干
塔吉克
塔吉克自治县
阿合奇
巴楚
麦盖提
莎车
泽普
叶球
库尔勒
巴音郭楞
巴音郭楞蒙古自治州
轮台
尉犁
和静
和硕
博湖
焉耆
焉耆回族自治县
若羌
且末
哈密
伊吾
和田
墨玉
洛浦
策勒
于田
民丰
巴里坤哈萨克自治县
重庆
永川
渝中
江津
江北
长寿
沙坪坝
大足
九龙坡
璧山
南岸
荣昌
大渡口
潼南
北碚
铜梁
万盛
綦江
双桥
万县
渝北
涪陵
巴南
黔江
黔江地区
合川
南昌
新建
星子
永修
德安
安义
彭泽
靖安
奉新
高安
庐山
丰城
清江
新干
景德镇
峡江
永丰
吉水
波阳
进贤
东乡
婺源
九江
瑞昌
武宁
乐平
修水
湖口
都昌
上饶
德兴
横峰
弋阳
上饶
铅山
广丰
玉山
资溪
鹰潭
余干
余江
贵溪
宜春
万载
万年
铜鼓
宜丰
上高
瑞金
新余
分宜
萍乡
石城
莲花
赣州
赣县
会昌
上犹
崇义
南康
宁都
大余
信丰
龙南
吉安
全南
定南
安远
吉安
寻乌
于都
兴国
安福
金溪
永新
宁冈
广昌
井冈山
泰和
万安
南丰
遂川
抚州
临川
黎川
崇仁
乐安
宜黄
南城
兰州
榆中
皋兰
肃北
永登
景泰
临洮
阿克塞
靖远
白银
和政
河西
河西堡
广河
东乡
康乐
金昌
永靖
临夏
永昌
武威
古浪
天祝
阿右旗
民勤
张掖
山丹
天水
临泽
高台
肃南
甘谷
民乐
酒泉
武山
玉门
金塔
额济纳旗
嘉峪关
积石山
清水
柳园
安西
张家川
庄浪
西和
礼县
秦安
微县
两当
成县
舟曲
定西
会宁
通渭
文县
静宁
平凉
华亭
康县
崇信
泾川
灵台
甘南州
镇原
西峰
庆阳
夏河
宁县
正宁
合水
碌曲
华池
环县
武都
玛曲
卓尼
文峰
文峰镇
陇西
迭部
渭源
漳县
岷县
临潭
宕昌
呼和浩特
土左
土左旗
托克托
乌海
和林格尔
清水河
武川
鄂托克旗
四子王旗
达茂旗
集宁
鄂托克前旗
丰镇
察右前旗
卓资
东胜
察右后旗
苏右旗
二连
准格尔旗
苏左旗
镶黄旗
化德
伊旗
商都
察右中旗
兴和
乌审旗
凉城
包头
土右旗
杭锦旗
固阳
达拉特旗
乌前旗
海拉尔
临河
五原
磴口
鄂温克旗
乌中旗
杭锦后旗
乌后旗
新左旗
满洲里
陈旗
牙克石
新右旗
额右旗
额左旗
鄂伦春旗
阿鲁旗
赤峰
宁城
敖汉旗
锡林浩特
喀喇沁旗
翁牛特旗
巴林右旗
阿巴嗄旗
林西
克旗
巴林左旗
西乌旗
正镶白旗
正兰旗
多伦
东乌旗
通辽
科左后旗
库伦旗
太仆寺旗
奈曼旗
开鲁
扎鲁特旗
霍林郭勒
科左中旗
科尔右中旗
哈尔滨
双城
五常
鸡西
阿城
宾县
呼兰
鸡东
尚志
延寿
方正
密山
通河
肇东
肇州
虎林
肇源
安达
兰西
寒亭
青冈
明水
巴彦
木兰
绥化
望奎
龙江
绥棱
海伦
庆安
富裕
铁力
伊春
南岔
讷河
嘉荫
佳木斯
鹤岗
嫩江
萝北
桦川
桦南
依安
勃利
七台河
汤原
克山
依兰
集贤
双鸭山
拜泉
富锦
绥滨
建三江
克东
同江
抚远
宝清
甘南
饶河
友谊
牡丹江
杜蒙
海林
东宁
绥芬河
林甸
宁安
穆棱
林口
泰来
扎兰屯
阿荣旗
莫旗
塔河
大庆
北安
德都
漠河
孙吴
黑河
逊克
呼玛
五大连池
齐齐哈尔
大兴安岭
南京
江宁
溧水
无锡
高淳
仪征
胥浦
宜兴
六合
金湖
盱眙
江阴
江浦
泗洪
镇江
靖江
丹徒
扬中
丹阳
苏州
句容
常州
武进
吴县
金坛
溧阳
无锡
吴江
常熟
沙州
徐州
昆山
铜山
瞧宁
邳县
太仓
新沂
沛县
丰县
连云港
东海
淮阴
洪泽
赣榆
淮安
淮阴
涟水
灌云
灌南
沭阳
泗阳
扬州
宿迁
盐城
大丰
邗江
东台
射阳
阜宁
江都
滨海
响水
建湖
泰州
高邮
兴化
宝应
泰兴
南通
海门
启东
泰县
南通
如东
如皋
海安
贵阳
罗甸
修文
凯里
开阳
瓮安
福泉
印江
惠水
长顺
紫云
石阡
息峰
龙里
贵定
黄平
清镇
黔西
大方
施秉
毕节
金沙
织金
台江
册亨
望谟
安龙
剑河
六盘水
威宁
赫章
三穗
纳雍
六枝
六枝特区
镇雄
天柱
威信
玉屏
松桃
锦屏
万山
万山特区
铜仁
江口
雷山
黎平
从江
丹寨
榕江
麻江
镇远
岑巩
兴义
都匀
三都
独山
遵义
平塘
荔波
安顺
遵义
平坝
镇宁
关岭
桐梓
晴隆
普安
盘县
盘县特区
绥阳
普定
贞丰
兴仁
正安
道真
湄潭
凤冈
德江
务川
余庆
仁怀
沿河
习水
赤水
思南
拉萨
达孜
墨竹工卡
工布江达
林芝
米林
曲水
贡嘎
扎囊
浪卡子
洛扎
尼木
堆龙德庆
当雄
林周
那曲
巴青
索县
比如
嘉黎
班戈
尼玛
申扎
文部
双湖
安多
聂荣
昌都
江达
贡觉
察雅
左贡
芒康
八宿
盐井
妥坝
碧土
察隅
波密
墨脱
洛隆
边坝
类乌齐
丁青
生达
泽当
乃东
桑日
康马
亚东
岗巴
萨迦
定结
拉孜
定日
聂拉木
樟木
昂仁
萨嘎
吉隆
仲巴
谢通门
狮泉河
革吉
改则
措勤
噶尔
扎达
日土
隆格尔
长春
农安
德惠
辉南
榆树
九台
双阳
靖宇
伊通
前郭
扶余
柳河
大安
乾安
长岭
四平
吉林
永吉
磐石
公主岭
桦甸
蛟河
舒兰
辽源
延吉
图们
汪清
东丰
珲春
龙井
和龙
双辽
安图
敦化
通化
梨树
通化
集安
浑江
东辽
长白
抚松
梅河口
白城
通榆
镇赉
洮安
突泉
扎赉特
扎赉特旗
乌兰浩特
嵊泗
杭州
余杭
余姚
萧山
临安
富阳
奉化
桐庐
建德
淳安
宁海
诸暨
绍兴
绍兴
象山
上虞
嵊县
新昌
滨海
湖州
长兴
贵南
定海
德清
安吉
嘉兴
普陀
嘉善
平湖
海盐
岱山
海宁
桐乡
宁波
临海
鄞县
镇海
慈溪
三门
黄岩
温岭
玉环
天台
椒江
金华
仙居
兰溪
武义
永康
泰顺
缙云
义乌
东阳
平阳
浦江
磐安
丽水
乐清
遂昌
松阳
景宁
苍南
云和
龙泉
庆元
洞头
青田
衢县
衢州
永嘉
江山
常山
开化
瑞安
龙游
瓯海
温州
文成
西宁
大通
矿区
乌兰
海北州
祁连
互助
天峻
平安
乐都
民和
冷湖
化隆
循化
尖扎
茫崖
同仁
泽库
河南
天柴旦
湟中
贵德
龙羊峡
格尔木
湟源
海晏
刚察
都兰
共和
同德
兴海
海西
花石峡
玛多
玛沁
杂多
甘德
达日
班玛
治多
玉树
称多
囊谦
曲麻莱
银川
永宁
贺兰
阿左旗
吴忠
中宁
同心
灵武
盐池
青铜峡
中卫
石咀山
石咀山区
石炭井
平罗
陶乐
固原
海原
西吉
隆德
泾原
彭阳
沈阳
辽中
新民
长海
辽阳
灯塔
本溪
铁岭
法库
康平
本溪
开原
西丰
昌图
桓仁
铁岭
铁法
丹东
抚顺
新宾
清原
凤城
鞍山
安山
台安
宽甸
海城
营口
东沟
盖县
大连
金县
岫岩
新金
瓦房店
庄河
盘锦
锦州
义县
锦县
盘山
北镇
黑山
锦西
大洼
兴城
绥中
朝阳
阜新
北票
建昌
喀左
阜新
建平
凌源
朝阳
彰武
合肥
长丰
肥西
阜阳
舒城
桐城
庐江
颍上
肥东
淮南
凤台
阜南
寿县
蚌埠
凤阳
临泉
定远
五河
怀远
界首
蒙城
涡阳
固镇
太和
宿州
宿县
灵壁
利辛
泗县
淮北
濉溪
亳州
萧县
砀山
阜阳
六安
霍山
金寨
郎溪
霍丘
巢湖
含山
广德
和县
无为
滁州
宁国
滁县
来安
天长
南陵
嘉山
全椒
芜湖
泾县
芜湖
繁昌
宣城
旌德
黄山
青阳
马鞍山
枞阳
当涂
铜陵
东至
屯溪
石台
歙县
贵池
绩溪
休宁
黟县
岳西
祁门
安庆
怀宁
宿松
望江
潜山
太湖
成都
井研
木里
江油
龙泉驿
彭山
昭觉
梓潼
双流
乐山
金阳
平武
青白江
夹江
布拖
安县
金堂
峨眉山
美姑
北川
新都
峨边
雷波
汶川
温江
犍为
越西
理县
崇庆
沐川
喜德
茂
大邑
马边
甘洛
松潘
新津
金口河
攀枝花
五通桥
马尔康
都江堰
若尔盖
南坪
邛崃
盐边
黑水
蒲江
沙湾
米易
陴县
西昌
德阳
金川
会里
中江
小金
彭县
会东
绵竹
壤塘
眉山
普格
广汉
红原
丹棱
宁南
什邡
洪雅
德昌
绵阳
阿坝
青神
冕宁
三台
雅安
仁寿
盐源
盐亭
名山
南宁
武鸣
邕宁
北海
横县
宾阳
上林
合浦
马山
都安
平果
玉林
田东
扶绥
崇左
贵县
大新
龙州
宁明
桂平
凭祥
隆安
天等
平南
百色
凌云
乐业
北流
田林
隆林
西林
容县
田阳
德保
靖西
博白
那坡
钦州
浦北
陆川
灵山
上思
防城
桂林
灵川
兴安
资源
临桂
全州
灌阳
龙胜
东兰
永福
阳朔
平乐
巴马
恭城
钟山
富川
凤山
贺县
梧州
苍梧
环江
岑溪
藤县
柳州
南丹
柳江
柳城
融水
天峨
融安
三江
鹿寨
蒙山
金秀
象州
武宣
昭平
来宾
忻城
宜山
河池
罗城
合山
荔浦
石家庄
井陉矿
获鹿
内丘
井陉
平山
灵寿
临城
行唐
新乐
正定
南
元氏
赞皇
高邑
平乡
栾城
赵县
宁晋
广宗
新河
南宫
藁城
威县
晋县
辛集
无极
清河
深泽
安平
饶阳
任县
深县
衡水
枣强
巨鹿
冀县
武强
武邑
隆尧
景县
邢台
沙河
柏乡
峰峰
武安
涉县
邯郸
磁县
临漳
成安
曲周
魏县
大名
永年
鸡泽
肥乡
广平
馆陶
丘县
临西
沧州
黄骅
肃宁
海兴
盐山
孟村
河间
南皮
东光
阜城
任丘
吴桥
泊头
献县
福州
闽侯
长乐
厦门
福清
平潭
连江
同安
罗源
永泰
闽清
泉州
莆田
仙游
宁德
惠安
古田
屏南
南平
晋江
建瓯
顺昌
将乐
南安
浦城
松溪
政和
安溪
邵武
光泽
建阳
德化
崇安
泰宁
建宁
永春
福安
霞浦
福鼎
漳州
柘荣
周宁
寿宁
龙海
云霄
东山
诏安
漳浦
南靖
平和
华安
永安
长泰
龙岩
永定
大田
上杭
武平
漳平
连城
三明
尤溪
明溪
长汀
清流
宁化
沙县
昆明
西山
官渡
麻栗坡
安宁
富民
呈贡
马关
晋宁
易门
禄丰
思茅
元谋
永仁
禄劝
普洱
武定
嵩明
宜良
澜沧
路南
弥勒
泸西
西盟
澄江
江川
通海
孟连
华宁
玉溪
峨山
江城
元江
新平
东川
景洪
会泽
建水
红河
勐海
巧家
墨江
曲靖
勐腊
马龙
寻甸
宣威
景谷
富源
陆良
师宗
镇源
罗平
照通
鲁甸
洱源
永善
大关
盐津
大理
彝良
绥江
水富
剑川
开远
蒙自
屏边
兰坪
河口
个旧
金平
鹤庆
石屏
元阳
绿春
宾川
文山
砚山
丘北
祥云
广南
富宁
西畴
巍山
永平
云龙
大姚
六库
泸水
碧江
牟定
福贡
贡山
丽江
弥渡
永胜
宁蒗
中甸
南涧
德钦
维西
楚雄
云县
双柏
南华
姚安
风庆
景东
临沧
双江
施甸
沧源
耿马
永德
龙陵
镇康
保山
昌宁
潞西
畹町
瑞丽
陇川
盈江
腾冲
梁河
