河市县
北京市
通县
平谷县
顺义县
怀柔县
密云县
延庆县
昌平县
门头沟区
房山区
燕山区
大兴县
郑州市
荥阳县
新郑县
正阳县
巩县
中牟县
尉氏县
舞阳县
通许县
密县
登封县
南乐县
禹县
襄城县
新乡市
范县
汲县
延津县
封丘县
台前县
长垣县
原阳县
辉县
许昌市
新乡县
获嘉县
焦作市
许昌县
修武县
博爱县
沁阳县
鄢陵县
济源县
孟县
温县
扶沟县
武陟县
安阳市
安阳县
长葛县
汤阴县
浚县
内黄县
漯河市
滑县
林县
鹤壁市
西平县
淇县
濮阳市
清丰县
郾城县
舞钢区
临颍县
驻马店地区
平舆县
遂平县
确山县
汝南县
新蔡县
济南市
历城县
章丘县
夏津县
长清县
平阴县
齐河县
武城县
高唐县
禹城县
济阳县
宁津县
监邑县
商河县
惠民县
陵县
阳信县
无棣县
聊城市
乐陵县
茌平县
荏平县
东阿县
庆云县
阳谷县
莘县
冠县
故城县
临清市
德州市
平原县
淄博市
博山区
周村区
临淄区
淄川区
沂源县
邹平县
高青县
利津县
桓台县
博兴县
滨州县
垦利县
滨县
沾化县
东营市
潍坊市
牛庄区
河口区
广饶县
坊子区
高密县
安丘县
诸城县
掖县
五莲县
昌乐县
青州市
昌邑县
临朐县
寿光县
平度县
鱼台县
烟台市
牟平县
威海市
嘉祥县
海阳县
莱阳县
□霞县
曲阜市
泰安市
莱芜市
新泰市
汶上县
宁阳县
东平县
肥城县
泗水县
兖州县
济宁市
金乡县
平邑县
费县
邹县
城武县
微山县
单县
荷泽市
定陶县
苍山县
曹县
东明县
鄄城县
台儿庄区
郓城县
梁山县
巨野县
峄城区
临沂市
郯城县
蒙阴县
滕县
沂南县
沂水县
莒县
薛城区
莒南县
临沐县
日照市
枣庄市
山亭区
广州市
花县
从化县
白沙县
新丰县
龙门县
增城县
琼中县
番禺县
清远县
佛冈县
湛江市
东莞县
韶关市
曲江县
徐闻县
乐昌县
仁化县
南雄县
海康县
始兴县
翁源县
乳源县
遂溪县
英德县
阳山县
连山县
廉江县
连南县
连县
梅县市
吴川县
蕉岭县
大埔县
丰顺县
茂名市
五华县
兴宁县
平远县
化州县
汕头市
潮阳县
惠来县
高州县
普宁县
揭西县
揭阳县
道县
潮安县
饶平县
澄海县
信宜县
南澳县
惠州市
博罗县
电白县
惠阳县
惠东县
海丰县
肇庆市
陆丰县
河源县
连平县
高要县
和平县
龙川县
紫金县
四会县
深镇市
宝安县
珠海市
广宁县
斗门县
潮州市
琼山县
怀集县
定安县
文昌县
琼海县
封开县
万宁县
屯昌县
儋县
德庆县
临高县
澄迈县
三亚市
郁南县
通什市
保亭县
陵水县
罗定县
乐东县
东方县
昌江县
云浮县
新兴县
佛山市
三水县
鹤山县
南海县
顺德县
中山市
阳春县
高明县
江门市
新会县
阳江县
台山县
开平县
恩平县
深圳市
上海市
近郊区
上海县
川沙县
南汇县
奉贤县
金山县
松江县
青浦县
嘉定县
宝山县
崇明县
武汉市
汉阳县
武昌县
竹溪县
新洲县
红安县
麻城市
竹山县
天门县
京山县
钟祥县
郧县
孝感市
黄陂县
汉川县
郧西县
应城市
云梦县
安陆县
宜昌市
应山县
大悟县
仙桃市
神农架林区
潜江县
洪湖县
监利县
宜昌县
沙市市
江陵县
松滋县
枝江县
公安县
石首市
荆门市
宜都县
黄石市
大冶县
阳新县
五峰县
鄂州市
黄冈县
浠水县
长阳县
蕲春县
广济县
黄梅县
秭归县
罗田县
英山县
咸宁市
兴山县
咸宁地区
嘉鱼县
蒲圻市
当阳县
通城县
崇阳县
通山县
远安县
襄樊市
襄阳县
枣阳县
巴东县
随州市
宜城县
南漳县
恩施市
保康县
谷城县
老河口市
咸丰县
丹江口市
十堰市
房县
建始县
利川市
宣恩县
来凤县
鹤峰县
太原市
阳曲县
古交区
娄烦县
清徐县
交城县
榆次县
太谷县
祁 县
平遥县
介休县
灵石县
霍 县
汾西县
洪洞县
寿阳县
榆社县
文水县
汾阳县
孝义县
交口县
石楼县
左权县
和顺县
离石县
方山县
临 县
柳林县
中阳县
忻州市
原平县
代 县
繁峰县
灵丘县
静乐县
岚 县
兴 县
定襄县
五台县
宁武县
神池县
五素县
剁岚县
偏关县
河曲县
保德县
大同市
右云县
右玉县
大同县
浑源县
广灵县
应 县
阳高县
天镇县
怀仁县
山阴县
朔 县
平鲁县
临汾市
蒲 县
隰 县
永和县
襄汾县
乡宁县
吉 县
大宁县
古 县
安泽县
孚山县
候马市
新峰县
稷山县
河津县
曲沃县
翼城县
降 县
恒曲县
闻喜县
运城市
临猗县
万荣县
平陆县
夏 县
永济县
芮城县
阳泉市
盂 县
平定县
昔阳县
长治市
屯留县
襄垣县
武乡县
沁 县
沁源县
长子县
高平县
长治县
屯留县
壹关县
潞城县
黎城县
晋城市
阳城县
沁水县
睃川县
平顺县
三亚市
海口市
通什市
琼海市
儋州市
琼山市
文昌市
万宁市
定安县
屯昌县
澄迈县
临高县
白沙黎族自治县
昌江黎族自治县
东方黎族自治县
东方市
乐东黎族自治县
陵水黎族自治县
琼中黎族苗族自治县
保亭黎族苗族自治县
天津市
塘沽
汉沽
宁河县
静海县
武清县
宝坻县
蓟县
大港区
长沙市
长沙县
望城县
常德县
浏阳县
平江县
湘阴县
临澧县
宁乡县
湘谭市
湘谭县
石门县
韶山
湘乡县
双峰县
津市市
株洲市
株洲县
醴陵县
澧县
攸县
茶陵县
酃县
安乡县
益阳县
益阳市
沅江县
桃源县
南县
桃江县
安化县
慈利县
岳阳市
岳阳县
华容县
汉寿县
临湘县
汨罗县
常德市
保靖县
吉首市
泸溪县
凤凰县
衡南县
古丈县
花垣县
衡阳县
衡山县
大庸市
永顺县
龙山县
衡东县
桑植县
娄底市
涟源县
常宁县
冷水江市
新化县
怀化市
祁东县
黔阳县
洪江市
会同县
祁阳县
靖县
通道县
芷江县
耒阳县
新晃县
溆浦县
麻阳县
南岳
辰溪县
沅陵县
衡阳市
东安县
邵阳市
邵阳县
隆回县
宁远县
洞口县
武冈县
城步县
新田县
绥宁县
新宁县
邵东县
蓝山县
新邵县
郴州市
郴县
双牌县
永兴县
资兴县
桂东县
江永县
安仁县
汝城县
宜章县
江华县
临武县
桂阳县
嘉禾县
冷水滩
零陵地区
永州市
西安市
长安县
高陵县
合阳县
户县
周至县
蓝田县
韩城市
临潼县
淳化县
旬邑县
蒲城县
柞水县
镇安县
宁陕县
白水县
富平县
咸阳市
杨陵区
黄龙县
武功县
兴平县
礼泉县
延安市
乾县
永寿县
彬县
甘泉县
长武县
泾阳县
三原县
宜川县
渭南市
华县
华阴县
延长县
潼关县
大荔县
澄城县
延川县
宝鸡县
子长县
安塞县
千阳县
志丹县
吴旗县
绥德县
陇县
米脂县
吴堡县
清涧县
凤翔县
子洲县
靖边县
定边县
麟游县
榆林县
横山县
佳县
太白县
神木县
府谷县
宝鸡市
耀县
凤县
扶风县
眉县
宜君县
岐山县
汉中市
南郑县
黄陵县
城固县
洋县
佛坪县
商南县
西乡县
镇巴县
留坝县
山阳县
勉县
略阳县
宁强县
铜川市
安康县
汉阴县
石泉县
商县
紫阳县
岚皋县
平利县
洛南县
镇坪县
旬阳县
白河县
丹凤县
乌鲁木齐市
昌吉市
呼图壁县
米泉县
阜康县
吉木萨尔县
奇台县
木垒哈萨克自治县
托克逊县
石河子市
奎屯市
玛纳斯县
乌苏县
沙湾县
独山子区
克拉玛依市
和布克赛尔 
蒙古自治县
托里县
额敏县
塔城市
裕民县
阿尔泰市
布尔津县
福海县
富蕴县
青河县
哈巴河县
吉木乃县
伊宁市
伊犁地区
伊宁县
霍城县
察布查尔锡伯自治县
昭苏县
巩留县
尼勒克县
新源县
博乐市
博尔塔 拉蒙古自治州
精河县
温泉县
阿克苏市
阿瓦提县
乌什县
温宿县
柯坪县
库车县
沙雅县
新和县
拜城县
阿图什市
克孜勒 
苏柯尔克孜自治州
乌恰县
喀什市
喀什地区
疏附县
疏勒县
伽师县
岳普湖县
英吉沙县
阿克陶县
塔什库尔干 
塔吉克自治县
阿合奇县
巴楚县
麦盖提县
莎车县
泽普县
叶球县
库尔勒市
巴音郭楞蒙古自治州
轮台县
尉犁县
和静县
和硕县
博湖县
焉耆回族自治县
若羌县
且末县
哈密市
伊吾县
和田市
墨玉县
洛浦县
策勒县
于田县
民丰县
巴里坤哈萨克自治县
重庆市
永川市
渝中区
江津市
江北区
长寿县
沙坪坝区
大足县
九龙坡区
璧山县
南岸区
荣昌县
大渡口区
潼南县
北碚区
铜梁县
万盛区
綦江县
双桥区
万县市
渝北区
涪陵市
巴南区
黔江地区
合川市
南昌市
新建县
南昌县
星子县
永修县
德安县
安义县
彭泽县
靖安县
奉新县
高安县
庐山
丰城县
清江县
新干县
景德镇市
峡江县
永丰县
吉水县
波阳县
进贤县
东乡县
九江市
婺源县
九江县
瑞昌县
武宁县
乐平县
修水县
湖口县
都昌县
上饶市
德兴县
横峰县
弋阳县
上饶县
铅山县
广丰县
玉山县
资溪县
鹰潭市
余干县
余江县
贵溪县
宜春市
宜春县
万载县
万年县
铜鼓县
宜丰县
上高县
瑞金县
新余市
分宜县
萍乡市
石城县
莲花县
赣州市
赣县
会昌县
上犹县
崇义县
南康县
宁都县
大余县
信丰县
龙南县
吉安市
全南县
定南县
安远县
吉安县
寻乌县
于都县
兴国县
安福县
金溪县
永新县
宁冈县
广昌县
井冈山市
泰和县
万安县
南丰县
遂川县
抚州市
临川县
黎川县
崇仁县
乐安县
宜黄县
南城县
兰州市
榆中县
皋兰县
肃北县
永登县
景泰县
临洮县
阿克塞县
靖远县
白银市
和政县
河西堡
广河县
东乡县
康乐县
金昌市
永靖县
临夏县
永昌县
武威市
古浪县
天祝县
阿右旗
民勤县
张掖市
山丹县
天水市
临泽县
高台县
肃南县
甘谷县
民乐县
酒泉市
武山县
玉门市
金塔县
额济纳旗
嘉峪关市
积石山县
清水县
柳园
安西县
张家川县
庄浪县
西和县
礼县
秦安县
微县
两当县
成县
舟曲县
定西县
会宁县
通渭县
文县
静宁县
平凉县
华亭县
康县
崇信县
泾川县
灵台县
甘南州
镇原县
西峰市
庆阳县
夏河县
宁县
正宁县
合水县
碌曲县
华池县
环县
武都县
玛曲县
卓尼县
文峰镇
陇西县
迭部县
渭源县
漳县
岷县
临潭县
宕昌县
呼和浩特市
土左旗
托克托县
乌海市
和林格尔县
清水河县
武川县
鄂托克旗
四子王旗
达茂旗
集宁市
鄂托克前旗
丰镇县
察右前旗
卓资县
东胜市
察右后旗
苏右旗
二连市
准格尔旗
苏左旗
镶黄旗
化德县
伊旗
商都县
察右中旗
兴和县
乌审旗
凉城县
包头市
土右旗
杭锦旗
固阳县
达拉特旗
乌前旗
海拉尔市
临河市
五原县
磴口县
鄂温克旗
乌中旗
杭锦后旗
乌后旗
新左旗
满洲里市
陈旗
牙克石市
新右旗
额右旗
额左旗
鄂伦春旗
阿鲁旗
赤峰市
宁城县
敖汉旗
锡林浩特市
喀喇沁旗
翁牛特旗
巴林右旗
阿巴嗄旗
林西县
克旗
巴林左旗
西乌旗
正镶白旗
正兰旗
多伦县
东乌旗
通辽市
科左后旗
库伦旗
太仆寺旗
奈曼旗
开鲁县
扎鲁特旗
霍林郭勒市
科左中旗
科尔右中旗
哈尔滨市
双城县
五常县
鸡西市
阿城县
宾县
呼兰县
鸡东县
尚志县
延寿县
方正县
密山县
通河县
肇东市
肇州县
虎林县
肇源县
安达市
兰西县
寒亭区
青冈县
明水县
巴彦县
木兰县
绥化市
望奎县
龙江县
绥棱县
海伦县
庆安县
富裕县
铁力县
伊春市
南岔
讷河县
嘉荫县
佳木斯市
鹤岗市
嫩江县
萝北县
桦川县
桦南县
依安县
勃利县
七台河市
汤原县
克山县
依兰县
集贤县
双鸭山市
拜泉县
富锦县
绥滨县
建三江
克东县
同江县
抚远县
宝清县
甘南县
饶河县
友谊县
牡丹江市
杜蒙县
海林县
东宁县
绥芬河市
林甸县
宁安县
穆棱县
林口县
泰来县
扎兰屯市
阿荣旗
莫旗
塔河县
大庆市
北安市
德都县
漠河县
孙吴县
黑河市
逊克县
呼玛县
五大连池市
齐齐哈尔市
大兴安岭
南京市
江宁县
溧水县
无锡县
高淳县
仪征市
胥浦县
宜兴县
六合县
金湖县
盱眙县
江阴县
江浦县
泗洪县
镇江市
靖江县
丹徒县
扬中县
丹阳县
苏州市
句容县
常州市
武进县
吴县
金坛县
溧阳县
无锡市
吴江县
常熟市
沙州县
徐州市
昆山县
铜山县
瞧宁县
邳县
太仓县
新沂县
沛县
丰县
连云港市
东海县
淮阴市
洪泽县
赣榆县
淮安县
淮阴县
涟水县
灌云县
灌南县
沭阳县
泗阳县
扬州市
宿迁县
盐城市
大丰县
邗江县
东台县
射阳县
阜宁县
江都县
滨海县
响水县
建湖县
泰州市
高邮县
兴化县
宝应县
泰兴县
南通市
海门县
启东县
泰县
南通县
如东县
如皋县
海安县
贵阳市
罗甸县
修文县
凯里市
开阳县
瓮安县
福泉县
印江县
惠水县
长顺县
紫云县
石阡县
息峰县
龙里县
贵定县
黄平县
清镇县
黔西县
大方县
施秉县
毕节县
金沙县
织金县
台江县
册亨县
望谟县
安龙县
剑河县
六盘水市
威宁县
赫章县
三穗县
纳雍县
六枝特区
镇雄县
天柱县
威信县
玉屏县
松桃县
锦屏县
万山特区
铜仁县
江口县
雷山县
黎平县
从江县
丹寨县
榕江县
麻江县
镇远县
岑巩县
兴义县
都匀市
三都县
独山县
遵义市
平塘县
荔波县
安顺市
遵义县
平坝县
镇宁县
关岭县
桐梓县
晴隆县
普安县
盘县特区
绥阳县
普定县
贞丰县
兴仁县
正安县
道真县
湄潭县
凤冈县
德江县
务川县
余庆县
仁怀县
沿河县
习水县
赤水县
思南县
拉萨市
达孜县
墨竹工卡县
工布江达县
林芝县
米林县
曲水县
贡嘎县
扎囊县
浪卡子县
洛扎县
尼木县
堆龙德庆县
当雄县
林周县
那曲县
巴青县
索县
比如县
嘉黎县
班戈县
尼玛县
申扎县
文部
双湖
安多县
聂荣县
昌都县
江达县
贡觉县
察雅县
左贡县
芒康县
八宿县
盐井县
妥坝县
碧土县
察隅县
波密县
墨脱县
洛隆县
边坝县
类乌齐县
丁青县
生达县
泽当
乃东县
桑日县
康马县
亚东县
岗巴县
萨迦县
定结县
拉孜县
定日
聂拉木县
樟木
昂仁县
萨嘎县
吉隆县
仲巴县
谢通门县
狮泉河
革吉县
改则县
措勤县
噶尔县
扎达县
日土县
隆格尔县
长春市
农安县
德惠县
辉南县
榆树县
九台县
双阳县
靖宇县
伊通县
前郭县
扶余县
柳河县
大安县
乾安县
长岭县
四平市
吉林市
永吉县
磐石县
公主岭市
桦甸县
蛟河县
舒兰县
辽源市
延吉市
图们市
汪清县
东丰县
珲春县
龙井县
和龙县
双辽县
安图县
敦化市
通化市
梨树县
通化县
集安县
浑江市
东辽县
长白县
抚松县
梅河口市
白城市
通榆县
镇赉县
洮安县
突泉县
扎赉特旗
乌兰浩特市
嵊泗县
杭州市
余杭县
余姚市
萧山县
临安县
富阳县
奉化县
桐庐县
建德县
淳安县
宁海县
诸暨县
绍兴县
绍兴市
象山县
上虞县
嵊县
新昌县
滨海区
湖州市
长兴县
贵南县
定海县
德清县
安吉县
嘉兴市
普陀县
嘉善县
平湖县
海盐县
岱山县
海宁县
桐乡县
宁波市
临海市
鄞县
镇海区
慈溪县
三门县
黄岩县
温岭县
玉环县
天台县
椒江市
金华市
金华县
仙居县
兰溪县
武义县
永康县
泰顺县
缙云县
义乌县
东阳县
平阳县
浦江县
磐安县
丽水市
乐清县
遂昌县
松阳县
景宁县
苍南县
云和县
龙泉县
庆元县
洞头县
青田县
衢县
衢州市
永嘉县
江山县
常山县
开化县
瑞安县
龙游县
瓯海县
温州市
文成县
西宁市
大通县
矿区
乌兰县
海北州
祁连县
互助县
天峻县
平安县
乐都县
民和县
冷湖
化隆县
循化县
尖扎县
茫崖
同仁县
泽库县
河南县
天柴旦镇
湟中县
贵德县
龙羊峡
格尔木市
湟源县
海晏县
刚察县
都兰县
共和县
同德县
兴海县
海西州
花石峡
玛多县
玛沁县
杂多县
甘德县
达日县
班玛县
治多县
玉树县
称多县
囊谦县
曲麻莱县
银川市
永宁县
贺兰县
阿左旗
吴忠市
中宁县
同心县
灵武县
盐池县
青铜峡市
中卫县
石咀山市
石咀山区
石炭井区
平罗县
陶乐县
固原县
海原县
西吉县
隆德县
泾原县
彭阳县
沈阳市
辽中县
新民县
长海县
辽阳市
辽阳县
灯塔县
本溪市
铁岭市
法库县
康平县
本溪县
开原县
西丰县
昌图县
桓仁县
铁岭县
铁法市
抚顺市
丹东市
抚顺县
新宾县
清原县
凤城县
鞍山市
安山市
台安县
宽甸县
海城市
营口市
营口县
东沟县
盖县
大连市
金县
岫岩县
新金县
瓦房店市
庄河县
盘锦市
锦州市
义县
锦县
盘山县
北镇县
黑山县
锦西市
大□县
兴城县
绥中县
朝阳市
阜新市
北票市
建昌县
喀左县
阜新县
建平县
凌源县
朝阳县
彰武县
合肥市
长丰县
肥西县
阜阳县
舒城县
桐城县
庐江县
颍上县
肥东县
淮南市
凤台县
阜南县
寿县
蚌埠市
凤阳县
临泉县
定远县
五河县
怀远县
界首县
蒙城县
涡阳县
固镇县
太和县
宿州市
宿县
灵壁县
利辛县
泗县
淮北市
濉溪县
亳州市
萧县
砀山县
阜阳市
六安市
六安县
霍山县
金寨县
郎溪县
霍丘县
巢湖市
含山县
广德县
和县
无为县
滁州市
宁国县
滁县
来安县
天长县
南陵县
嘉山县
全椒县
芜湖市
泾县
芜湖县
繁昌县
宣城县
旌德县
黄山市
青阳县
马鞍山市
枞阳县
当涂县
铜陵市
铜陵县
东至县
屯溪市
石台县
歙县
贵池县
绩溪县
休宁县
黟县
岳西县
祁门县
安庆市
怀宁县
宿松县
望江县
潜山县
太湖县
成都市
井研县
木里县
江油县
龙泉驿区
彭山县
昭觉县
梓潼县
双流县
乐山市
金阳县
平武县
青白江区
夹江县
布拖县
安县
金堂县
峨眉山
美姑县
北川县
新都县
峨边县
雷波县
汶川县
温江县
犍为县
越西县
理县
崇庆县
沐川县
喜德县
茂县
大邑县
马边县
甘洛县
松潘县
新津县
金口河区
攀枝花市
五通桥区
马尔康县
都江堰市
若尔盖县
南坪县
邛崃县
盐边县
黑水县
蒲江县
沙湾区
米易县
陴县
西昌市
德阳市
金川县
会里县
中江县
小金县
彭县
会东县
绵竹县
壤塘县
眉山县
普格县
广汉县
红原县
丹棱县
宁南县
什邡县
洪雅县
德昌县
绵阳市
阿坝县
青神县
冕宁县
三台县
雅安市
仁寿县
盐源县
盐亭县
名山县
南宁市
武鸣县
邕宁县
北海市
横县
宾阳县
上林县
合浦县
马山县
都安县
平果县
玉林市
田东县
扶绥县
崇左县
贵县
大新县
龙州县
宁明县
桂平县
凭祥市
隆安县
天等县
平南县
百色市
凌云县
乐业县
北流县
田林县
隆林县
西林县
容县
田阳县
德保县
靖西县
博白县
那坡县
钦州市
浦北县
陆川县
灵山县
上思县
防城县
桂林市
灵川县
兴安县
资源县
临桂县
全州县
灌阳县
龙胜县
东兰县
永福县
阳朔县
平乐县
巴马县
恭城县
钟山县
富川县
凤山县
贺县
梧州市
苍梧县
环江县
岑溪县
藤县
柳州市
南丹县
柳江县
柳城县
融水县
天峨县
融安县
三江县
鹿寨县
蒙山县
金秀县
象州县
武宣县
昭平县
来宾县
忻城县
宜山县
河池市
罗城县
合山市
荔浦县
石家庄市
井陉矿区
获鹿县
内丘县
井陉县
平山县
灵寿县
临城县
行唐县
新乐县
正定县
南和县
元氏县
赞皇县
高邑县
平乡县
栾城县
赵县
宁晋县
广宗县
新河县
南宫市
藁城县
威县
晋县
辛集市
无极县
清河县
深泽县
安平县
饶阳县
任县
深县
衡水市
枣强县
巨鹿县
冀县
武强县
武邑县
隆尧县
景县
邢台市
沙河县
柏乡县
峰峰
武安县
涉县
邯郸市
磁县
临漳县
成安县
曲周县
魏县
大名县
永年县
鸡泽县
肥乡县
广平县
馆陶县
丘县
临西县
沧州市
黄骅县
肃宁县
海兴县
盐山县
孟村县
河间县
南皮县
东光县
阜城县
任丘市
吴桥县
泊头市
献县
福州市
闽侯县
长乐县
厦门市
福清县
平潭县
连江县
同安县
罗源县
永泰县
闽清县
泉州市
莆田市
仙游县
宁德县
惠安县
古田县
屏南县
南平市
晋江县
建瓯县
顺昌县
将乐县
南安县
浦城县
松溪县
政和县
安溪县
邵武市
光泽县
建阳县
德化县
崇安县
泰宁县
建宁县
永春县
福安县
霞浦县
福鼎县
漳州市
柘荣县
周宁县
寿宁县
龙海县
云霄县
东山县
诏安县
漳浦县
南靖县
平和县
华安县
永安市
长泰县
龙岩市
永定县
大田县
上杭县
武平县
漳平县
连城县
三明市
尤溪县
明溪县
长汀县
清流县
宁化县
沙县
昆明市
西山区
官渡区
麻栗坡县
安宁县
富民县
呈贡县
马关县
晋宁县
易门县
禄丰县
思茅县
元谋县
永仁县
禄劝县
普洱县
武定县
嵩明县
宜良县
澜沧县
路南县
弥勒县
泸西县
西盟县
澄江县
江川县
通海县
孟连县
华宁县
玉溪市
峨山县
江城县
元江县
新平县
东川市
景洪县
会泽县
建水县
红河县
勐海县
巧家县
墨江县
曲靖市
勐□县
马龙县
寻甸县
宣威县
景谷县
富源县
陆良县
师宗县
镇源县
罗平县
照通市
鲁甸县
洱源县
永善县
大关县
盐津县
大理市
彝良县
绥江县
水富县
剑川县
开远市
蒙自县
屏边县
兰坪县
河口市
个旧市
金平县
鹤庆县
石屏县
元阳县
绿春县
宾川县
文山县
砚山县
丘北县
祥云县
广南县
富宁县
西畴县
巍山县
漾□县
永平县
云龙县
大姚县
六库
泸水县
碧江县
牟定县
福贡县
贡山县
丽江县
弥渡县
永胜县
宁蒗县
中甸县
南涧县
德钦县
维西县
楚雄市
云县
双柏县
南华县
姚安县
风庆县
景东县
临沧县
双江县
施甸县
沧源县
耿马县
永德县
龙陵县
镇康县
保山市
昌宁县
潞西县
畹町市
瑞丽县
陇川县
盈江县
腾冲县
梁河县
海拉尔
海参崴































