八达岭 长城
北海 公园
北京 世界 公园
北京 亚运村
北莫尔斯克 基地
长江 大桥
大宝华 大礼堂
奋勇 广场
黄果树 瀑布
故宫 博物院
国家 体育场
红山 森林 动物园
胡姬 乡村 俱乐部
江阴 长江 公路 大桥
景山 公园
九华山 公园
九龙游 乐园
军事 博物馆
历史 博物馆
洛斯阿拉莫斯 国立 实验室
毛主席 纪念堂
慕田峪 长城
南京 长江 大桥
南京 大屠杀 死难者 纪念馆
南浦 大桥
诺浮克 海军 基地
平遥 古城
普列谢茨克 航天场
乔家 大院
秦汉 遗址
秦始皇 兵马俑 博物馆
二战 纪念碑
人民 大会堂
司马台 长城
石景山 公园
世界 大戏院
世界 公园
苏伊士 运河
双溪布洛 公园
双溪布洛 自然 公园
体育 和 水上 运动 中心
天安门 广场
托夫诺夫托奥 监狱
外高桥 国际 网球 中心
万佛 石窟
武汉 长江 大桥
西凡 兴都庙
西山 万寿宫
香山 公园
肖后 梳妆楼
徐浦 大桥
玄武湖 公园
云岗 石窟
元中都 遗址
亚洲 文明 博物馆
杨浦 大桥
应县 目塔
银山 铁塔
战争 纪念 广场
紫竹院 公园
紫竹院 公园
中华 民族园
中华 三祖堂
中国 人民 抗日 战争 纪念馆
哈尔滨 机场
白云 机场
包头 机场
北京 南苑 机场
北京 沙河 机场
北京 首都 国际 机场
常德 机场
敦煌 国际 机场
敦煌 机场
呼和浩特 机场
福州 机场
海拉尔 机场
汉中 机场
虹桥 机场
黄山 机场
嘉峪关 机场
吉林 机场
客什 机场
兰州 机场
浦东 机场
上海 虹桥 机场
上海 龙华 直升机场
上海 浦东 机场
深圳 宝安 机场
深圳 机场
深圳 中海 直升机场
沈阳 桃仙 国际 机场
首都 国际 机场
通辽 机场
乌鲁木齐 机场
西安 咸阳 机场
西宁 机场
锡林浩特 机场
新疆阿克苏 机场
延安 机场
银川 机场
榆林 机场
湛江 机场
爱吾庐
八达岭长城
白宫
白马寺
白云山
百鸟园
百花洲
百鸟园
北海
北海公园
北京世界公园
北京亚运村
北陵
北莫尔斯克基地
柏林寺
沧浪亭
长城
长江大桥
藏经阁
藏经楼
朝殿
朝天宫
城隍庙
重泰寺
大宝华大礼堂
大观园
大觉寺
大明寺
大雄宝殿
倒马关
东方明珠塔
东陵
东岳庙
动物园
方城明楼
飞石窟
风穴寺
奉国寺
奋勇广场
黄帝城
黄果树瀑布
环秀山庄
葛峪堡
古观象台
鼓楼
故宫
故宫博物院
光化亭
国家体育场
寒山寺
红螺寺
红山森林动物园
胡姬乡村俱乐部
花果山
会仙府
鸡冠洞
鸡鸣寺
鸡鸣驿
江阴长江公路大桥
戒台寺
景山
景山公园
九华山公园
九龙游乐园
九天宫
居庸关
军事博物馆
看经寺
立化寺塔
历史博物馆
莲花洞
留园
龙门石窟
卢沟桥
泸定桥
洛斯阿拉莫斯国立实验室
马里安曼兴都庙
毛主席纪念堂
梅花山
妙应寺
明十三陵
明孝陵
摩尔曼斯克港
慕田峪长城
南安寺塔
南京长江大桥
南京大屠杀死难者纪念馆
南浦大桥
宁武门
诺浮克港
诺浮克海军基地
欧阳祠
平遥古城
平型关
平山堂
普哈丁墓
普列谢茨克航天场
乔家大院
清名桥
清远楼
清真寺
秦汉遗址
秦始皇兵马俑博物馆
二战纪念碑
人民大会堂
三绝碑
绳金塔
狮子林
司马台长城
十三陵
石景山公园
石象路
世界大戏院
世界公园
四望亭
苏伊士运河
双溪布洛公园
双溪布洛自然公园
水母宫
台城
太庙
潭柘寺
滕王阁
体育和水上运动中心
天安门
天安门广场
天坛
天王府
土木驿堡
托夫诺夫托奥监狱
外高桥国际网球中心
网师园
万佛石窟
文昌阁
文峰塔
卧佛殿
武汉长江大桥
西凡兴都庙
西山万寿宫
香山
香山公园
肖后梳妆楼
杏花楼
徐浦大桥
宣化城
悬空寺
玄武湖
玄武湖公园
云岗石窟
云泉寺
元中都遗址
玄中寺
亚丁港
亚京港
亚运村
亚洲文明博物馆
杨浦大桥
颐和园
雁门关
燕子城
樱桃沟
应县目塔
银山铁塔
雍和宫
永陵
游乐园
佑民寺
御园
豫园
玉皇阁
圆明园
战争纪念广场
昭化寺
赵州桥
正阳门
镇朔楼
植物园
紫禁城
紫荆关
紫竹院公园
紫竹院公园
智化寺
中华民族园
中华三祖堂
中山陵
中华民族园
中国人民抗日战争纪念馆
钟灵塔
钟楼
总统府
拙政园
哈尔滨机场
白云机场
包头机场
北京南苑机场
北京沙河机场
北京首都国际机场
常德机场
敦煌国际机场
敦煌机场
呼和浩特机场
福州机场
海拉尔机场
汉中机场
虹桥机场
黄山机场
嘉峪关机场
吉林机场
客什机场
兰州机场
浦东机场
上海虹桥机场
上海龙华直升机场
上海浦东机场
深圳宝安机场
深圳机场
深圳中海直升机场
沈阳桃仙国际机场
首都国际机场
通辽机场
乌鲁木齐机场
西安咸阳机场
西宁机场
锡林浩特机场
新疆阿克苏机场
延安机场
银川机场
榆林机场
湛江机场