阿比
艾比
阿比盖尔
艾比盖尔
艾达
阿德拉
阿德莱德
阿黛尔
阿德琳
艾德琳
艾的里安娜
阿加莎
阿格尼丝
艾琳
亚历山德拉
阿莉斯
艾丽斯
阿莉西亚
艾丽西亚
阿莉森
艾莉森
阿莉
阿尔玛
阿尔塔
阿玛贝尔
阿曼达
阿米莉亚
艾米
阿纳斯塔西娅
阿尔瓦
安德鲁斯
安吉利娜
安妮塔
安
安娜
安娜贝拉
安妮
安妮塔
安妮特
安托万内特
安东尼娅
艾普丽尔
阿普里尔
阿拉贝拉
阿黛尔
阿迪斯
阿琳
阿斯特丽德
奥德丽
巴巴拉
比阿特丽斯
比阿特丽克斯
贝克
贝基
比琳达
贝丽尔
贝斯
伯莎
伯纳黛特
伯纳迪思
伯尼斯
伯蒂
贝西
贝思
布兰奇
贝特西
贝蒂
比尤拉
贝弗莉
比莉
博比
布丽奇斯
布丽奇特
伯妮塔
邦妮
布伦达
卡米拉
卡罗尔
卡门
卡罗琳
卡丽
嘉利
凯瑟琳
凯思琳
凯茜
卡西
塞西尔
塞西莉亚
塞西莉
塞西亚
夏洛特
夏洛蒂
克里斯塔贝尔
克里斯蒂安娜
克里斯蒂娜
克里斯廷
彻丽
西塞莉
锡西
克莱尔
克莱拉
克劳迪娅
克拉丽莎
康妮
康斯坦斯
科拉
科妮莉亚
科伦娜
辛西娅
戴西
戴尔
达夫妮
戴纳
达纳
黛博拉
迪莉娅
丹妮斯
黛安娜
迪莉斯
黛娜
多拉
多琳
多丽丝
多萝西娅
迪克西
唐娜
伊迪丝
埃德娜
埃德温娜
埃菲
艾琳
埃莉诺
埃利斯
伊丽莎白
埃拉
埃伦
埃尔西
埃米莉
埃玛
伊妮德
欧内斯廷
埃斯特尔
埃丝特
埃塞尔
尤金妮亚
尤妮斯
尤菲米娅
伊娃
伊万杰琳
伊夫
夏娃
费思
范妮
费伊
弗洛拉
弗洛伦斯
弗朗西丝
弗丽达
弗雷达
弗雷德丽卡
盖伊
吉纳维夫
乔治娅
乔治娜
杰拉尔丁
格特鲁德
格雷西
格拉迪斯
哈蒂
海蒂
哈丽特
格雷斯
海伦
海伦娜
亨丽埃塔
格温多琳
赫丝特
希尔达
希而德加德
霍莉
霍普
何伯
艾达
伊莫金
艾娜
伊内兹
英格丽德
艾琳
艾丽斯
伊莎贝尔
伊莎贝拉
简
杰奎琳
珍妮
珍妮特
吉恩
吉恩琼
詹妮
詹妮弗
杰丽
杰西卡
朱厄尔
琼
乔安娜
乔伊
约瑟芬
乔伊斯
朱迪恩
朱莉娅
朱莉安娜
朱丽叶
凯特
凯瑟琳
凯茜
卡西
凯
基蒂
劳拉
劳雷尔
李
劳丽
莉拉
利奥诺拉
莱斯莉
利昂娜
莉塔
利蒂希娅
莉娜
刘易斯
莉比
莉莲
莉莉
琳达
莉齐
洛伊丝
莉萨
露西娅
洛拉
洛雷塔
洛娜
路易莎
路易丝
卢克丽霞
露西
马德琳
梅布尔
莉迪亚
林恩
玛奇
玛吉
玛拉
梅米
玛米
马西娅
玛格丽特
玛杰里
玛吉
玛戈
玛格丽特
玛丽亚
玛丽安
玛丽安娜
玛丽
玛丽娜
玛丽恩
玛乔里
玛丽
玛丽安
马撒
马琳
玛莎
玛瓦
梅尔瓦
莫德
梅
梅雷迪恩
梅瑞狄斯
默西迪斯
米歇尔
米尔德丽德
米莉森特
米莉
明妮
米拉贝尔
米兰达
米丽亚姆
莫莉
莫娜
蒙妮卡
穆丽尔
迈拉
默特尔
南希
内奥米
纳塔莉
内德拉
内尔达
内尔
内莉
内蒂
内瓦
诺埃尔
尼娜
诺拉
诺娜
娜拉
诺玛
奥尔加
奥莉夫
奥莉维亚
奥普尔
佩兴斯
帕梅拉
帕特丽夏
帕蒂
波拉
波琳
珀尔
佩格
佩吉
佩内洛普
彭妮
菲比
菲莉斯
波莉
波西娅
普丽西拉
普鲁登斯
雷切尔
雷
丽娜
雷蒙娜
丽巴
丽贝卡
丽贾纳
丽亚
雷亚
罗达
罗宾
丽塔
罗伯塔
罗谢尔
罗斯
罗莎
罗娜
朗达
罗莎琳德
罗斯玛丽
罗泽塔
塞迪
鲁思
露丝
罗伊娜
鲁比
萨莉
莎伦
桑德拉
萨拉莉
萨拉
桑德拉
塞尔玛
希拉
希莉亚
谢莉
谢丽尔
谢丽
雪莉
西格丽德
西尔维娅
桑德拉
索尼娅
索菲娅
索菲
休
苏
苏埃伦
斯特拉
苏珊
苏珊娜
苏西
西比尔
西尔维娅
特玛拉
塔尼娅
塔蒂阿娜
特丽萨
特丽
塞尔马
西尔马
特丽萨
特鲁迪
蒂娜
托比
托妮
厄休拉
维尔玛
维拉
弗朗妮卡
维基
维多利亚
维达
维奥拉
维奥莱特
弗吉尼亚
维维安
旺达
温迪
威尔达
威莉
威拉
威尔玛
威妮弗雷德
伊维特
伊冯
泽尔达
佐伊