艾伦 
艾贝
艾贝尔
亚伯拉罕
阿布素伦
亚当
阿道夫
阿道弗斯
艾德里安
阿伦
艾伦
阿伯特
艾伯特
亚尔培特
阿伯塔
艾伯塔
阿尔宾
奥尔登
奥尔德斯
亚历克
亚历克斯
亚历山大
亚历克西斯
阿方索
阿尔弗雷德
阿尔杰农
阿伦
艾伦
阿方索
奥尔顿
阿尔瓦
阿尔文
安布罗斯
艾莫斯
阿莫斯
安德烈
安德鲁
安迪
安奈林
安吉拉
安吉洛
安格斯
安塞姆
安东尼
安东
安东尼奥
阿奇博尔德
阿尔奇
阿登
阿伦
阿尔洛
阿曼德
阿恩
阿诺德
阿瑟
亚瑟
阿维德
奥布里
奥古斯特
奥古斯塔斯
贝利
巴克利
巴纳德
巴尼特
巴尼
巴雷特
巴特
巴里
巴蕾
巴塞洛缪
巴顿
巴兹尔
本尼迪克特
本
本杰明
贝内特
本涅特
本尼
本顿
伯尼
伯纳德
伯特
伯特伦
比尔
比利
布莱恩
布莱尔
鲍勃
博比
鲍里斯
博伊德
布雷德福
布拉德福
布雷德利
布拉德利
布鲁尔
布赖恩
布赖斯
布鲁克斯
布鲁斯
布鲁诺
巴迪
布赖斯
布福德
伯克
柏克
伯顿
卡尔
卡洛斯
拜伦
卡尔文
卡罗尔
加尔文
卡梅伦
卡尔顿
卡莱尔
卡洛尔
卡森
卡特
卡里
查理
查利
切斯特
克里斯琴
克里斯托弗
克拉伦斯
克莱门特
克劳德
克莱
克莱顿
克拉克
克莱德
克利福德
克林顿
克莱夫
科林
科南
柯南
查尔斯
康斯坦丁
康拉德
科尼利厄斯
科伊
克雷格
西里尔
赛勒斯
戴尔
卡思伯特
达拉斯
多尔顿
道尔顿
丹
丹尼尔
戴纳
达纳
丹尼斯
丹顿
德里克
德斯蒙德
布伦特
达尔文
戴维
德克斯特
大卫
戴维斯
迪安
□
'7d恩
迪克
德克
多米尼克
唐纳德
多诺万
道格拉斯
多伊尔
道尔
埃德加
埃比尼泽
德沃德
邓肯
达德利
埃迪
伊迪
埃德蒙
爱德华
埃德温
埃尔伯特
埃尔登
埃利斯
埃尔斯沃恩
埃默森
埃米特
欧文
埃斯蒙德
埃尔默
埃尔顿
埃米尔
伊曼纽尔
埃默里
伊诺克
埃里克
尤金
弗迪南德
费迪南德
菲利克斯
费利克斯
尤斯塔斯
埃弗雷特
弗朗西斯
弗朗西斯科
福雷斯特
弗莱彻
福斯特
弗兰克
富兰克林
弗雷德
弗雷德里克
弗里曼
杰弗里
加勒特
加布里埃尔
加百列
盖伦
加兰
加思
加里
杰拉尔德
乔治
杰拉德
杰勒德
格里
格罗弗
吉尔伯特
格雷戈里
格列高里
格莱葛瑞
贾尔斯
詹理斯
哈里
盖伊
哈利
哈夫洛克
哈维
海斯
哈洛
亨利
赫伯特
霍尔
汉密尔顿
哈尔
赫克托
汉斯
戈登
格伦
格雷厄姆
赫谢尔
格兰特
格雷
葛雷
赫尔曼
希拉里
霍巴特
霍利斯
海勒姆
荷马
霍勒斯
贺拉斯
霍华德
霍雷肖
豪厄尔
豪厄尔斯
霍伊特
赫德森
伊恩
霍默
休伯特
雨果
艾拉
汉弗莱
欧文
艾萨克
艾赛亚
以赛亚
伊凡
杰克
雅各布
雅各
雅克
杰克逊
詹姆斯
詹姆士
詹姆森
简
贾森
贾斯珀
杰伊
杰弗里
杰弗里斯
乔布
约伯
乔
乔尔
约翰尼斯
约翰
约翰尼
杰里迈亚
杰里米
杰罗姆
杰罗尔德
吉姆
吉米
杰西
约瑟夫
裘德
贾德森
朱尔斯
朱利安
朱利恩
朱利叶斯
贾斯廷
贾斯特斯
约瑟
乔恩
乔纳
乔纳森
乔希
乔舒亚
凯利
肯布尔
肯德尔
肯
卡尔
基思
基恩
肯尼思
肯特
克劳斯
库尔特
柯尔比
柯克
拉马尔
兰斯
兰斯洛特
莱恩
兰尼
克里
克米特
拉金
拉里
利奥
利昂
劳伦斯
李
利
利兰
莱顿
伦纳德
刘易斯
莱斯利
莱斯特
林肯
洛伦佐
莱昂内尔
洛根
卢埃林
劳埃德
路易
路易斯
卢西恩
路德维格
路德维希
卢克
路加
林恩
卢瑟
路德
莱尔
莱曼
曼纽尔
曼弗雷德
马尔科姆
麦克
马库斯
马里恩
马克
马林
马歇尔
马丁
马修
马文
梅森
马太
马克斯
莫里斯
梅纳德
马克斯韦尔
梅雷迪恩
梅瑞狄斯
梅尔维尔
麦尔维尔
梅尔文
门德尔森
门德尔松
默林
梅里特
默文
迈克
米基
迈克尔
米尔福德
米勒德
米洛
迈洛
米尔顿
弥尔顿
蒙德
米切尔
门罗
蒙塔古
蒙蒂
迈伦
摩根
摩尔根
莫里斯
莫顿
摩西
默里
内森
纳撒尼尔
内德
尼尔
纳尔逊
内维尔
内文
纽厄尔
牛顿
尼古拉斯
尼克
奈杰尔
奈尔斯
诺亚
奥利弗
诺兰
诺伯特
诺埃尔
诺曼
诺里斯
诺顿
奥巴代亚
奥利
奥拉
奥兰多
奥林
奥维尔
奥斯伯特
奥斯卡
奥斯瓦德
奥托
奥蒂斯
鄂图
帕克
派克
帕特
欧文
帕尔默
帕特里克
保罗
珀西
佩里
彼得
彼得斯
皮特
彼得
彼得斯
菲尔
菲利普
菲力普
雷蒙
拉斐尔
昆廷
普雷斯顿
波特
皮埃尔
拉尔夫
罗列
雷利
雷蒙德
里德
兰德尔
雷
伦道夫
兰迪
雷内
鲁本
雷金纳德
李德
雷克斯
雷诺
罗尼
罗纳德
罗德里克
罗杰
罗杰斯
罗德尼
罗伯特
赖利
罗布
理查德
理查
罗宾
罗尔夫
罗兰
罗林
罗斯科
罗斯
罗兰
罗伊
罗亚尔
罗伊斯
鲁宾
鲁道夫
鲁迪
鲁弗斯
鲁珀特
萨姆
萨米
赖兰
萨姆森
参孙
塞缪尔
桑福德
斯科特
司各特
司各脱
肖恩
索尔
塞巴斯蒂安
塞恩
谢尔比
谢尔登
西摩
谢里登
谢立丹
谢尔曼
舍温
舍伍德
西德尼
锡德尼
赛拉斯
西蒙
西格弗里德
西格蒙德
斯潘塞
斯宾塞
斯坦
所罗门
西尔威斯特
泰勒
特德
特迪
斯特林
史蒂夫
史蒂文
斯蒂芬
斯坦福
斯坦利
特雷尔
特里尔
特里
斯坦顿
斯图尔特
特伦斯
撒德
撒迪厄斯
西奥多
西奥博尔德
西伦
托马斯
瑟斯顿
蒂姆
蒂莫西
提摩西
泰特斯
托拜厄斯
托比
托德
汤姆
特伦奇
特罗伊
汤米
瑟曼
托尼
特蕾西
特拉维斯
杜鲁门
蒂龙
尤利塞斯
尤利西斯
瓦尔
瓦伦丁
范斯
万斯
范
维克托
弗恩
维恩
弗农
沃恩
文森特
文森
弗吉尔
维维安
韦德
沃尔多
华莱士
沃利斯
沃尔特
沃尔顿
沃德
华德
沃纳
沃伦
威尔弗雷德
怀利
威利
威尔福德
韦尔登
威尔伯
威尔伯特
威尔伯恩
韦恩
温德尔
沃纳
韦斯利
卫斯理
威拉德
威尔
威廉
沃尔夫冈
威利
威利斯
威尔默
威尔逊
威尔顿
温菲尔德
温弗雷德
温斯顿
温顿
伍德罗
怀亚特
齐格勒
赞恩
耶尔
耶鲁