机械 制造 有限 公司
信息 协会
货币 基金 组织
制药 公司
贸易 促进会
新 政府
乡 政府
乡镇 企业局
爱委 足协办
百货 公司
保险 公司
兵工 学会
部队 医院
财经 大学
财经 学校
财经 学院
残疾人 联合会
城乡 工作部
慈善 基金会
慈善 总会
初级 中学
代理 公司
地方 税务局
地质 大学
地质 勘探队
地质 科学院
地质 矿产 研究所
地质 仪器 公司
地质 研究所
调查 中心
电力 公司
电力 学院
电脑 公司
电信 公司
电信 工程局
电讯 公司
儿童 福利院
法制 办公室
翻译 公司
纺织 出版社
纺织 大学
纺织 工业局
纺织 工业 协会
纺织 学院
纺织 印染厂
佛教 大学
妇女 联合会
干部 学院
高等 专科 学校
高级 中学
公安 大学
公安 专科 学校
工读 学校
工商 联合会
工商业 联合会
工业 大学
工业 公司
工业 学校
工业 学院
工作 委员会
供销 公司
供销 总社
股份 有限 公司
广播 电视局
广播 电台
管理 委员会
国家 税务局
国际 公司
国土 资源部
海关 总署
航空 公司
航空 学会
航空 学院
航空 总局
航天 航空 大学
环保 总局
婚介 公司
婚姻 介绍所
机电 学院
机电 研究所
机械 设备厂
机械 学院
集团 公司
技工 学校
技术 学校
技术 学院
计划 生育 办公室
计划 生育 委员会
经济 贸易 委员会
经贸 大学
交警 分队
交警 支队
交通 大学
交通 银行
交流 中心
教育 出版社
教育 基金会
教育 协会
教育 学院
监督 中心
建设 委员会
建设 银行
街道 办事处
进出口 公司
进出口 商会
进出口 银行
九三 学社
军区 司令部
军区 医院
军事 大学
军事 医学 科学院
军事 学院
军事 研究所
科技 大学
科技 协会
科学 技术部
科学 技术 协会
客户 服务 中心
控制 中心
矿业 大学
劳动 保障局
历史 博物馆
林业 大学
领导 小组
粮食 收储 公司
律师 事务所
贸易 组织
民航 大学
民航 总局
民用 航空 总局
民主 同盟
农业 大学
农业 学院
农业 银行
气象 学院
情报 中心
人大 常委会
人民 法院
人民 检察院
人民 银行
人民 政府
人权 组织
三胞 联谊会
社会 保险局
省 人民 政府
省 政府
审计 协会
师范 大学
师范 学校
师范 学院
石油 大学
石油 学院
实业 公司
实业 集团 公司
实业 有限 公司
实验 厂
市 政府
收容 中心
水利 水电 学院
水利 委员会
水利 学院
税务 学院
税务 总局
特区 政府
铁道 出版社
铁道 学会
铁道 学院
铁道 医院
铁路 分局
铁路 医院
统计 中心
外汇 管理局
外事 办公室
外事 学院
网络 公司
维修 中心
卫生 监督所
卫生 学校
卫生 组织
文献 情报 中心
武警 部队
物业 公司
下 议院
县 政府
乡 镇府
校办 工厂
校友会
校友联谊会
校友 联谊会
消防 总队
新闻 中心
行政区 政府
刑警 大队
刑警 学院
信息 产业部
信息 工程 学院
信息 学院
信息 中心
学会 联合会
学生 办公室
药科 大学
药品 监督局
野生 动物 保护 协会
医科 大学
烟草 公司
烟草 专卖局
研究生 部
研究生 院
研究 中心
研修 中心
冶金 工业部
冶金 工业局
冶金 学院
冶金 研究院
有限 公司
有限 责任 公司
邮电 出版社
邮电 大学
邮电 分局
邮电 管理局
邮电 学院
预防 学会
运输 公司
战地 指挥部
政法 学院
政法 大学
政府 办公室
证券 公司
证券 股份 有限 公司
证券 交易所
证券 交易 营业部
证券 有限 公司
证券 有限 责任 公司
知识 产权局
职工 大学
职业 技术 学校
职业 技术 学院
职业 学校
职业 学院
中介 公司
中药 学院
中医药 大学
中医药 管理局
中专 学校
综合 治理 办公室
宗教 事务局
总参谋部
专科 学校
钢铁厂
机械制造有限公司
信息协会
机械部
财政部
酒厂
货币基金组织
制药公司
农林厅
半导体厂
对外部
贸易促进会
促进会
新政府
政府
乡政府
乡镇企业局
企业局
外经贸委
株式会社
使馆
爱委足协办
爱委会
安理会
安全局
百货公司
版权局
办公厅
办事处
包装厂
保监办
保健所
保健院
保密局
保卫处
保险公司
保险局
报馆
报社
编委会
兵工厂
兵工学会
博物馆
博物院
部队
部队医院
财办
财经大学
财经学校
财经学院
财团
财务处
财务科
参谋部
参议院
残疾人联合会
残联
常委会
测绘院
城管局
城乡工作部
慈善会
慈善基金会
慈善总会
出版社
初级中学
初中部
大队
大学
大学院
代理处
代理公司
道教
档案局
党校
党委
党支部
地方税务局
地税局
地质大学
地质队
地质局
地质勘探队
地质科学院
地质矿产研究所
地质仪器公司
地质研究所
调查中心
电力公司
电力局
电力学院
电脑公司
电视台
电台
电信局
电信公司
电信工程局
电讯公司
电业局
杜马
儿童福利院
法律系
法庭
法学会
法学院
法院
法制办
法制办公室
翻译公司
翻译社
防汛办
防疫站
房改办
房管处
房管局
房管科
房管所
纺织厂
纺织出版社
纺织大学
纺织工业局
纺织工业协会
纺织局
纺织学院
纺织印染厂
饭店
分部
分厂
分队
分公司
分行
分局
分社
分校
分院
佛教
佛教大学
佛学院
福利院
妇联
妇女联合会
妇委会
干部学院
干校
干修所
高等专科学校
高级中学
高教所
高中部
歌舞团
公安大学
公安局
公安厅
公安专科学校
公司
公社
工厂
工程队
工程院
工党
工读学校
工会
工商局
工商联
工商所
工商行
工商联合会
工商业联合会
工委
工委办
工行
工学院
工业部
工业大学
工业公司
工业局
工业学校
工业学院
工作队
工作团
工作委员会
工作组
供电局
供销公司
供销社
供销总社
共产党
共青团
共同体
股份有限公司
广播电视局
广播电台
广电局
管办
管理局
管理委员会
国会
国家税务局
国际公司
国税局
国土资源部
海关
海关总署
海外部
航空公司
航空学会
航空学院
航空总局
航天航空大学
合作社
核电厂
核学会
红十字会
后勤部
话剧团
画社
环保局
环保总局
婚介公司
婚姻介绍所
基督教
基金会
机电厂
机电学院
机电研究所
机电院
机械厂
机械设备厂
机械系
机械学院
学院
集团
集团公司
集团军
技工学校
技术学校
技术学院
技校
计划生育办公室
计划生育委员会
计经委
计生办
计生委
计委
加工厂
建委
经济贸易委员会
经贸大学
经贸委
经委
敬老院
交大
交行
交警分队
交警支队
交通部
交通大学
交通局
交通厅
交通银行
交流中心
教会
教委
教研室
教研组
教育部
教育出版社
教育基金会
教育局
教育厅
教育协会
教育学院
监察局
监督所
监督中心
检察院
舰队
建行
建设部
建设委员会
建设银行
街办
街道办事处
经研处
警察局
警卫队
进出口公司
进出口商会
进出口银行
九三学社
居委会
剧团
俱乐部
军分区
军区
军区司令部
军区医院
军事大学
军事医学科学院
军事学院
军事研究所
军团
开发部
勘探队
勘探局
科技部
科技大学
科技协会
科协
科学技术部
科学技术协会
科学院
科研处
客户服务中心
控制中心
口岸办
矿产局
矿务局
矿业大学
劳保局
劳动保障局
劳工党
老人院
理事会
理学院
历史博物馆
林科所
林学院
林业部
林业所
林业大学
林业局
林业厅
领导小组
联合会
联合社
联盟
联勤部
联谊会
粮管处
粮管所
粮管站
粮食局
粮食收储公司
旅行社
旅游局
律师事务所
贸易组织
煤炭部
秘书处
民革
民革党
民航大学
民航总局
民建
民建党
民进
民进党
民盟
民用航空总局
民政局
民政厅
民主党
民主同盟
难民署
农大
农工党
农科所
农科院
农企局
农委
农校
农行
农学院
农业部
农业大学
农业学院
农业银行
派出所
配件厂
气象局
气象学院
侨务办
侨联
侨联党
青联
青年团
青委会
情报中心
球队
区政府
权益部
日报社
人大常委会
人行
人民法院
人民检察院
人民银行
人民政府
人权组织
人事局
人武部
三胞联谊会
商行
商委
商务部
商学院
上议院
上院
少先大队
少先队
少先团
设备厂
设计院
社保局
社保所
社会保险局
社区
声学所
神学院
省人民政府
省委
省政府
审计局
审计厅
审计协会
司法局
司法厅
师范大学
师范学校
师范学院
师专
石化
石油大学
石油学院
实业公司
实业集团公司
实业有限公司
实验厂
市委
市政府
事务所
收容所
收容中心
水科院
水利部
水利局
水利水电学院
水利厅
水利委员会
水利学院
水资源局
税务局
税务学院
税务总局
塑料厂
特区政府
体改办
体育局
天主教
铁道部
铁道出版社
铁道学会
铁道学院
铁道医院
铁路分局
铁路医院
统计局
统计中心
团委
团支部
托儿所
拓展部
外办
外管处
外管局
外汇管理局
外侨办
外事办
外事办公室
外事学院
网络公司
维修中心
委办局
委员会
卫生部
卫生监督所
卫生局
卫生所
卫生厅
卫生学校
卫生院
卫生组织
文化局
文化委
文具厂
文联
文学社
文学院
文献情报中心
五金厂
武警部队
舞蹈团
物价局
物业公司
下议院
下院
县委
县政府
乡镇府
小学
校办厂
校办工厂
校 友会
校 友联谊会
协会
先锋队
消防队
消防总队
新闻办
新闻社
新闻中心
行政区
行政区政府
刑警大队
刑警学院
信访办
信息办
信息产业部
信息工程学院
信息学院
信息中心
修道院
学办
学会
学会联合会
学联
学生办公室
学生会
学校
学院
养老院
药厂
药监局
药科大学
药品监督局
野生动物保护协会
医科大学
医学部
医学会
医学院
医院
仪表厂
仪器厂
议会
议院
央行
烟草公司
烟草专卖局
研究处
研究会
研究社
研究室
研究所
研究院
研究生部
研究生院
研究中心
研修中心
冶金部
冶金工业部
冶金工业局
冶金学院
冶金研究院
银行
银联
营业部
营业局
有限公司
有限责任公司
邮电出版社
邮电大学
邮电分局
邮电管理局
邮电局
邮电学院
邮电所
邮局
幼儿园
预防学会
乐队
乐团
运输公司
杂志社
战地指挥部
诊所
政法学院
政法大学
政府
政府办
政府办公室
政协
政治部
证券公司
证券股份有限公司
证券交易所
证券交易营业部
证券有限公司
证券有限责任公司
知识产权局
资源部
职工大学
职业技术学校
职业技术学院
职业学校
职业学院
职技校
指挥部
指导站
制品厂
制造厂
中行
中介
中介公司
中科院
中文系
中学
中心
中药厂
中药学院
中医药大学
中医药管理局
中医院
中专学校
综治办
综合治理办公室
宗教事务局
总参谋部
医药 管理局
总部
总厂
总队
总工会
总公司
总行
总后勤部
总局
总商会
总社
总务处
总医院
总院
总装备部
众议院
株式会社
组织部
专科学校
专利局
专卖局
装备部
足联
足球队
足协
商会