保护 记者 委员会
大赦 国际
法塔 组织
国际 奥委会
国际 电影 联盟
国际 科联会
国际 人权 组织
国际 特赦
国际 战争 罪行 法庭
海牙 国际 法庭
记者 无国界
基金 组织
工发 组织
联合国 工发 组织
联邦 调查局
联合国 安理会
联合国 安全 理事会
联合国经社事务部
联合国 儿童 基金会
联合国 工业 发展 组织
联合国 国际 法院
联合国 教科文 组织
联合国 开发 计划署
开发计划署
联合国 粮农 组织
联合国 秘书处
联合国 难民署
联合国 人居署
联合国 人口 基金会
联合国 人权 委员会
联合国 停火 委员会
联合国 托管 理事会
联合国 武检团
粮农 组织
美国 国会
诺贝尔 委员会
欧洲 联盟
人权 观察
世界 反酷刑 组织
世界 精神 卫生 联盟
世界 贸易 组织
世界 人权 联盟
世界 人权 组织
世界 卫生 组织
世贸 组织
世卫 组织
新 中国
英国 国会
英 联邦
中国 残疾人 联合会
中华 慈善 总会
中国 红十字会
中国 人权 发展 资金会
中国 政府
加拿大 政府
克林顿 政府
总统 大赫 委员会
天主教 爱国会
天主 教会
基督教 新教
英格兰 教会
苏格兰 教会
英国 国教 圣公会
国家 宗教局
反对党 联盟
民主 反对党
社会 民主党
劳工 组织
美国 劳工 组织
农民 协进会
农业 保护社
全国 有色人种 协进会
美国 传统 基金会
传统 基金会
奥委会
保护记者委员会
北约
大赦国际
东盟
法塔组织
国际奥委会
国际电影联盟
国际科联会
国际人权组织
国际特赦
国际战争罪行法庭
海牙国际法庭
记者无国界
劳工党
基金组织
工发组织
联合国工发组织
联邦调查局
联合国
联合国安理会
联合国安全理事会
联合国 经社 事务部
联合国儿童基金会
联合国工业发展组织
联合国国际法院
联合国教科文组织
联合国开发计划署
开发 计划署
联合国粮农组织
联合国秘书处
联合国难民署
联合国人居署
联合国人口基金会
联合国人权委员会
联合国停火委员会
联合国托管理事会
联合国武检团
粮农组织
美国国会
诺贝尔委员会
欧盟
欧共体
欧洲联盟
人权观察
世界反酷刑组织
世界精神卫生联盟
世界贸易组织
世界人权联盟
世界人权组织
世界卫生组织
世贸组织
世卫组织
WHO
WTO
新中国
英国国会
英联邦
中国残疾人联合会
中华慈善总会
中国红十字会
中国人权发展资金会
中国政府
加拿大政府
克林顿政府
总统大赫委员会
中功
法轮功
穆斯林
伊斯兰
伊斯兰教
佛教
道教
天主教爱国会
天主教会
基督教
基督教新教
英格兰教会
苏格兰教会
英国国教圣公会
长老会
犹太教
国家宗教局
天主教
社会党
基民党
反对党联盟
激进党
共和党
民主党
共党
共产党
民主反对党
真主党
国民党
新党
亲民党
保守党
社会民主党
劳工组织
美国劳工组织
农民协进会
农业保护社
全国有色人种协进会
美国传统基金会
传统基金会