阿比
阿博特
艾博特
艾贝尔
阿伯克龙比
艾伯克龙比
艾奇逊
阿克曼
阿克顿
亚当
亚当斯
阿迪斯
艾迪斯
阿迪生
艾迪生
艾德
阿德拉
阿德勒
艾德勒
艾格特
艾肯
艾特肯
奥尔科特
阿尔克温
奥尔丁顿
奥尔德里奇
阿尔杰
艾德里安
阿伦
艾伦
阿伦比
艾伦比
奥尔索普
艾尔索普
奥尔顿
阿默斯特
艾米斯
安德生
安德森
阿克赖特
阿姆斯特朗
阿恩
阿诺德
阿斯顿
阿斯特
阿瑟顿
艾瑟顿
阿特金斯
阿特利
艾特利
艾德礼
奥布里
奥金莱克
奥登
奥古斯丁
奥斯丁
奥斯汀
艾夫林
巴比特
白璧德
巴宾顿
贝奇
培根
巴德
贝利
贝恩
贝克
鲍德温
巴尔弗
鲍尔弗
巴尔福
鲍尔
班克罗夫特
班克斯
巴伯
巴克利
巴勒姆
巴纳德
巴恩斯
巴尼特
巴雷特
巴里
巴蕾
巴里莫尔
巴特利特
巴顿
巴鲁克
巴沙姆
巴斯克
贝茨
鲍尔
拜耳
鲍威尔
贝阿德
比德尔
比尔德
比尔兹利
安吉尔
阿普尔顿
艾拉姆
阿拉姆
阿巴思诺特
阿切尔
阿登
博福特
蒲福
博蒙特
比弗布鲁克
比彻
贝克特
比德
贝德福德
毕比
比彻姆
比彻
比尔博姆
贝尔曼
贝尔
贝耳
贝拉米
贝尔曼
贝洛克
贝洛
贝洛斯
本奇利
本尼迪克特
贝内
本奇
贝内特
本涅特
伯纳德
伯尼斯
伯恩斯坦
伯蒂
贝西默
比顿
贝休恩
白求恩
贝弗里奇
贝文
比万
伯德
伯克贝克
比勒尔
比斯法姆
布莱克
布莱克特
布莱克默
布莱克伍德
布莱恩
布莱尔
布莱克
布莱
布利斯
布洛姆
布卢默
布卢姆菲尔德
布卢尔
布卢姆
博厄斯
博德利
博林
博林布鲁克
博利瓦
博尔索弗
博尼费斯
邦纳
布恩
博罗
鲍赞克特
博斯韦尔
包斯威尔
伯托姆
博维
鲍沃特
鲍恩
鲍尔斯
鲍曼
博伊尔
波义耳
布拉德伯里
布雷德伯里
博伊德
布雷德福
布拉德福
布雷德利
布拉德利
布拉格
布拉顿
布雷格
布朗
布雷
布雷热
布雷斯特德
布伦南
布鲁斯特
布伦特
布赖恩
布赖斯
布鲁克斯
布鲁斯
布里奇斯
布里奇曼
布里格斯
布赖特
布罗德
布罗姆
布罗姆菲尔德
布朗蒂
布鲁克
布朗宁
勃朗宁
布赖恩特
巴克
布克
巴克尔
布尔沃
本奇
邦克
布尼安
班扬
伯比奇
伯班克
伯吉斯
伯利
布赖斯
布福德
伯克
柏克
伯林格姆
伯恩-琼斯
伯内特
伯尼
伯恩斯
彭斯
伯恩赛德
伯尔
巴勒
巴勒斯
伯顿
伯里
布什
巴特勒
勃特勒
伯德
伯恩
伯恩斯
卡贝尔
凯布尔
凯德
考尔德
考德威尔
卡尔弗利
卡尔弗特
拜伦
卡尔文
加尔文
卡梅伦
卡姆登
卡洛尔
卡森
卡特
卡里
卡特赖特
卡弗
凯斯门特
卡斯隆
卡斯
卡瑟
卡特尔
卡维尔
卡文迪许
卡文迪什
卡克斯顿
张伯伦
钱伯斯
查普林
卓别林
卓别麟
查普曼
查尔斯
查理
蔡斯
查塔姆
乔塞
乔叟
切斯纳特
切斯特菲尔德
切斯特顿
薛瓦利埃
蔡尔德
奇蒂
乔特
克里斯蒂
克拉彭
丘奇
邱吉尔
克莱顿
克拉克
克莱德
克利福德
克林顿
克莱夫
克莱门斯
克利夫兰
克洛
科布登
科伯姆
科克
科克尔
科迪
科菲
科芬
科格索尔
科吉歇尔
科汉
科恩
科克
科尔克拉夫
科尔
科尔曼
科尔里奇
柯勒律治
科利尔
柯林斯
科拉姆
哥伦布
科尔文
康门斯
康普顿
康斯托克
科南特
康登
康格里夫
康纳
康纳斯
康拉德
康斯特布尔
库克
库利奇
柯立芝
库珀
库柏
科普兰
科波菲尔
科内尔
康沃利斯
康华里
科斯特洛
科顿
科弗代尔
考沃德
科沃德
考尔德
考利
考珀
科伊
克雷格
克雷布
克雷加文
克雷吉
克雷克
克雷姆
克拉姆
克莱恩
克兰
克里默
克赖顿
克里克
克里普斯
克罗克特
克罗夫特
克罗夫茨
克罗克
克朗普顿
克伦威尔
克罗宁
克鲁克斯
克罗斯
克劳斯
卡德沃恩
卡尔罗斯
坎伯兰
卡明
卡明斯
坎宁安
柯姆
柯勒
柯里
柯蒂斯
库欣
卡斯特
戴利
丹皮尔
卡思伯特
达拉斯
多尔顿
道尔顿
丹尼尔
戴纳
达纳
戴恩
戴恩
达恩利
达罗
达里尔
达文波特
戴维森
达尔文
戴维
大卫
戴维斯
迪安
迪恩
道森
戴
德布斯
德克尔
迪福
笛福
德福雷斯特
德克尔
迪兰
德兰
德林杰
登特
迪普
德昆西
丹尼斯
迪尤尔
杜尔
杜瓦
杜威
迪克
迪肯斯
狄更斯
迪肯森
迪尔
狄龙
迪拉克
德克森
迪斯尼
迪斯雷利
狄士累利
戴夫斯
狄克逊
多布森
多德
道奇
道奇森
多尔蒂
陶赫蒂
多尔
多米特
多恩
多诺万
道格拉斯
多伊尔
道尔
道蒂
道森
德雷克
德雷珀
德雷顿
德莱塞
德林克沃特
德拉蒙德
德鲁斯
德赖登
屈莱顿
杜波依斯
达夫
达弗林
杜勒斯
杜莫里埃
邓巴
邓肯
达德利
邓达斯
邓洛普
邓禄普
邓莫尔
邓恩
邓斯坦
杜邦
杜兰特
德雷尔
达雷尔
达特
杜德
德怀特
戴斯
伊兹
埃尔哈特
厄尔利
厄普
伊斯门
伊顿
埃迪
埃丁顿
伊登
艾登
埃尔登
埃尔加
埃奇沃思
爱迪生
爱德华兹
爱因斯坦
艾森豪威尔
埃利奥特
艾略特
埃利斯
埃尔斯沃恩
埃默森
埃米特
欧文
厄兰格
爱泼斯坦
埃利森
埃尔芬斯通
埃利奥特
厄斯金
恩德斯
恩迪科特
埃思里奇
埃文斯
伊文思
伊万斯
埃瓦茨
伊夫琳
埃弗雷特
尤厄尔
伊齐基尔
费尔班克
费尔班克斯
福尔克纳
法拉第
法利
法勒
法雷尔
福克纳
福克斯
费尔顿
芬尼克
芬威克
弗格斯
弗格森
福开森
费蒂斯
菲尔德
菲尔丁
菲尔莫尔
芬恩
菲什
菲希尔
费希尔
费雪
菲奇
费区
菲茨杰拉德
菲茨姜
菲茨罗伊
弗拉格
弗拉纳根
弗利特伍德
弗林特
弗洛里
弗劳尔
弗林
福克
福利
弗利
福尔杰
福布斯
福特
福斯迪克
福雷斯特
弗莱彻
福斯特
福勒
福克斯
弗兰克
富兰克林
弗兰克斯
弗雷泽
弗里德海姆
弗里曼
弗里蒙特
弗伦奇
弗里克
弗罗比歇
弗罗曼
弗罗斯特
弗鲁德
弗劳德
弗赖伊
富勒
富尔顿
芬克
丰克
弗内斯
弗尼瓦斯
盖奇
盖恩斯
盖恩斯巴勒
庚斯博罗
加尔布雷恩
加拉赫
加勒廷
盖洛普
高尔斯沃西
高尔斯华绥
高尔特
高尔顿
哥尔登
加西亚
加登
加德纳
加纳
加里森
加兰
加思
加里
加斯克尔
盖斯凯尔
加塞
盖茨
乔治
杰拉德
杰勒德
格里
格什温
格什文
格蒂
格蒂斯
吉奥克
吉本斯
吉本
吉布斯
吉布森
吉尔古德
吉尔伯特
贾尔斯
詹理斯
吉勒特
吉林厄姆
吉尔曼
吉尔默
吉尔平
吉拉德
吉辛
格拉德斯通
格莱斯顿
格拉泽
格拉斯
格洛格
格林
格洛弗
戈达德
戈德曼
戈多尔芬
戈德温
葛德文
戈尔登
戈尔丁
戈德史密斯
哥尔斯密
戈莱特利
古德里奇
古德伊尔
戈顿
高夫
古尔德
高尔斯
高尔
格雷斯
格兰瑟姆
格拉顿
格雷夫斯
戈登
格伦
格雷厄姆
格兰特
格雷
葛雷
格雷森
格理利
格林
格里塔
格雷戈里
格列高里
格莱葛瑞
格伦费尔
格伦维尔
格雷沙姆
格里芬
格里菲思
格罗夫纳
格罗特
格罗夫
格罗夫斯
格仑瑟
格斯特
冈特
冈瑟
根室
哈德利
哈多
黑斯
哈格德
霍尔丹
黑尔
黑尔斯
哈利法克斯
哈勒姆
哈勒克
哈利
霍尔斯特德
海曼
哈曼
哈姆林
哈蒙德
汉普登
汉普顿
汉考克
汉德
汉德尔
汉纳
汉森
汉萨姆
哈考特
哈登
哈丁
哈定
哈迪
哈代
哈姆斯沃思
哈罗德
哈珀
哈里曼
哈林顿
哈里斯
哈里森
哈里逊
哈罗德
哈特
赫德
黑斯廷斯
哈斯丁
霍克
霍金斯
霍索恩
霍桑
哈利
哈夫洛克
哈维
海斯
海恩斯
海伍德
海乌德
哈泽德
黑兹利特
赫兹里特
希利
赫斯特
海维赛德
希伯
赫明
海明威
亨奇
亨德森
赫里克
赫谢尔
赫西
赫脱
赫斯
亨利
赫伯特
霍尔
汉密尔顿
休利特
海曼斯
海沃德
海伍德
希科克
希克斯
希金森
希尔
希尔曼
希尔顿
欣德利
霍布斯
霍布森
霍金
霍奇森
霍夫曼
霍夫施塔特
霍格思
霍格本
霍格
霍巴特
霍利斯
霍尔曼
霍姆
霍姆斯
霍尔姆
霍尔姆斯
霍尔特
霍瑟姆
休姆
胡德
胡克
胡顿
胡佛
霍普金
霍普金斯
霍普金森
霍默
荷马
霍普
何伯
霍恩比
霍斯利
霍西尔
霍迪尼
豪斯
豪斯曼
豪斯顿
霍维尔
哈维
霍维
霍华德
豪厄尔
豪厄尔斯
霍伊特
赫德森
霍伊尔
哈伯德
哈金斯
休斯
休士
赫尔
休姆
休谟
亨特
亨廷顿
赫尔利
赫斯特
赫特
赫克斯利
赫胥黎
海德
伊克斯
汉弗莱
英格拉姆
英格拉姆斯
英尼斯
艾尔德尔
艾尔顿
艾恩赛德
伊舍伍德
欧文
艾夫斯
伊泽德
艾泽德
杰克逊
詹姆斯
詹姆士
詹姆森
贾克斯
吉恩斯
琼斯
杰布
杰弗斯
杰斐逊
哲斐逊
杰伊
杰弗里
杰弗里斯
吉基尔
詹金
詹金斯
詹纳斯
詹纳
詹宁斯
杰文斯
朱厄特
杰罗姆
杰维斯
约翰斯
约翰逊
约翰生
约翰斯顿
琼斯
琼森
琼生
乔丹
朱尔典
朱尔
焦耳
乔伊特
乔伊斯
贾德
贾德森
朱塔
凯恩
考夫曼
基恩
基布尔
克尼
卡尼
基茨
济慈
基思
凯兰
凯勒
凯洛格
凯尔文
开耳芬
凯利
肯布尔
肯德尔
凯南
肯尼迪
肯内利
肯尼
肯特
凯尼恩
凯佩尔
克尔克恩
克尔
凯特林
凯斯
凯恩斯
凯因斯
基德
基尔默
基尔帕特里克
金莱克
金斯利
金斯莱
金凯德
金西
基普林
吉卜林
克米特
柯尔比
柯克
基辛格
基特里奇
凯斯特勒
科恩伯格
克雷布斯
克赖斯勒
克罗尔
克鲁奇
库什
基德
拉迪福吉德
莱尔德
莱克
拉马尔
兰姆
拉姆
兰伯特
兰普森
兰登
兰道
兰西尔
莱恩
兰格
兰格兰
兰利
兰米尔
兰顿
拉尼尔
兰克斯特
兰辛
拉德纳
拉斯基
拉铁摩尔
劳顿
劳伦斯
劳斯
劳森
莱亚德
利科克
李科克
利基
利尔
李尔
莱曼
莱顿
利思
利兰
莱曼
莱昂
伦纳德
莱斯利
莱斯特
利弗
利维
莱维
刘易斯
利德尔
利连撒尔
利比
林肯
林德伯格
林白
林赛
林克莱特
李普曼
利普顿
利特尔
利特尔顿
利文斯顿
利文斯通
洛克
洛克哈特
洛奇
洛伊
洛根
伦敦
朗费罗
朗曼
朗斯特里特
朗斯代尔
洛夫
洛弗尔
洛厄尔
洛斯
朗兹
卢卡斯
卢斯
露西
利德盖特
利利
李利
林帕尼
卢瑟
路德
莱尔
莱曼
林奇
林德
林恩
莱昂
莱昂斯
利顿
李顿
马斯
麦克亚当
麦克阿瑟
麦考利
麦考莱
麦克唐纳
麦克唐奈
麦克道尔
麦克道威尔
麦凯
麦金托什
麦克拉伦
麦克莱恩
麦克利什
麦克劳德
麦克米伦
麦克弗森
麦克里迪
梅恩
梅勒
梅拉德
梅因
梅特兰
马伦
马尔科姆
马隆
马罗礼
马尔萨斯
马尔茨
马尔兹
莫尔茨
曼德
曼宁
曼斯菲尔德
曼森
马奇
马里恩
马卡姆
莫尔巴勒
马尔巴勒
马洛
马奎斯
马歇尔
马斯顿
马丁
马蒂诺
马维尔
梅斯菲尔德
马文
梅森
马辛
马森
马瑟
马修斯
马图林
莫姆
莫里斯
莫森
马克斯韦尔
梅耶
梅耶斯
迈耶
迈耶斯
麦卡锡
麦克莱伦
麦克卢尔
麦考马克
麦科马克
麦考密克
麦克唐纳
麦克道尔
麦克菲
麦金托什
麦金太尔
麦肯纳
麦克纳
麦金利
麦克米伦
麦克纳马拉
米德
梅尔彻斯
梅尔基奥尔
梅隆
门肯
梅雷迪恩
梅瑞狄斯
梅尔维尔
麦尔维尔
梅尔文
门德尔森
门德尔松
梅纽因
梅里特
梅丽
默顿
梅特卡夫
迈耶
迈尔
米切尔森
米切纳
米德尔顿
米尔福德
米尔
穆勒
米莱
米勒德
米勒
米利肯
米尔恩
米尔纳
米尔顿
弥尔顿
迈诺特
米切尔
米特福德
门罗
蒙塔古
蒙萨拉特
蒙特福特
蒙哥马利
穆迪
穆尼
穆尔
摩尔
莫尔
摩根索
莫里森
莫利
马礼逊
莫尔斯
莫斯比
摩根
摩尔根
莫里斯
莫顿
摩西
莫斯利
莫特利
莫特
莫尔顿
蒙巴顿
米尔
缪尔
马勒
米勒
芒福德
墨菲
默里
纳巴罗
内厄姆
纳什
内史密斯
内森
尼达姆
纳尔逊
内维尔
内文
纽厄尔
牛顿
内文斯
纽博尔特
纽曼
尼科尔
尼科尔斯
尼科尔森
奈廷格尔
南丁格尔
奈尔斯
尼米兹
尼克松
诺布尔
诺埃尔
诺思
诺思克利夫
诺里斯
诺顿
诺伊斯
奥茨
奥布赖恩
奥凯西
奥卡西
奥克姆
奥康内尔
奥康纳
奥康诺
奥德茨
奥弗莱厄蒂
奥格登
奥基夫
奥尔德卡斯尔
奥利弗
奥尼尔
奥尼恩斯
奥本海姆
奥本海默
奥姆斯比
奥蒂斯
奥林
奥维尔
奥斯本
奥特韦
奥维德
佩奇
佩因
潘恩
佩利
佩尔
佩尔斯
帕尔格雷夫
欧文
帕尔默
帕默斯顿
潘克赫斯特
帕里斯
帕克
派克
帕克曼
帕利
帕内尔
帕尔
帕里什
帕里
帕森
帕特里奇
帕斯
佩特
保罗
帕蒂森
波林
佩恩
皮博迪
皮科克
皮尔
皮尔逊
皮尔
皮格勒姆
佩恩
彭内尔
彭罗斯
佩皮斯
珀金
珀金斯
珀西
佩里
珀欣
皮特里
佩蒂
菲利普斯
菲力普斯
菲尔波茨
皮克特
皮克林
皮尔斯
皮吉
派克
平克尼
皮尼罗
平内罗
平克顿
皮特曼
皮特
庇特
普利姆索尔
波尔克
波利特
波立特
波洛克
庞斯
波普
蒲柏
波特尔
波特
波特兰
波斯特
庞德
波帕特
鲍威尔
波纳尔
波伊斯
普拉特
普雷斯科特
普雷斯蒂奇
普雷沃斯特
普赖斯
普赖德
普里斯特利
普里斯特莱
普赖尔
普里特
普鲁斯特
普林
普利策
帕利策
普尔曼
珀塞尔
珀切斯
普西
派伊
派尔
皮姆
奎因
夸尔斯
奎伊
昆斯伯里
奎克
奎勒
奎勒-库奇
奎尔特
昆纳尔特
昆西
昆塔特
奎厄里
奎特曼
拉德克利夫
拉格伦
罗列
雷利
拉曼
拉姆齐
拉姆斯登
兰斯
伦道夫
兰塞姆
拉斐尔
罗林森
雷利
瑞利
雷蒙德
里德
雷丁
里丁
雷德蒙
里德
里斯
李德
雷马克
雷明顿
雷姆森
里维尔
雷诺兹
罗兹
朗达
里斯
里卡多
李嘉图
赖斯
理查德
理查
理查兹
理查森
理查逊
里奇
里德利
里德帕思
赖利
赖因哈特
莱因哈特
里普利
里普曼
里奇
罗宾斯
罗伯茨
罗伯逊
罗宾斯
鲁宾逊
鲁滨逊
鲁滨孙
坎普
坎贝尔
坎宁
坎农
凯里
卡尔顿
卡莱尔
卡内基
卡罗尔
卡彭特
卡里
本瑟姆
本森
本顿
伯杰
伯克利
伯纳尔
贝纳尔
罗谢尔
洛克菲勒
罗金厄姆
罗杰斯
罗德尼
罗瑞
罗马尼斯
罗姆尼
罗斯福
鲁特
罗斯
罗斯科
罗斯伯里
罗塞蒂
落赛蒂
罗森斯坦
罗亚尔
罗伊斯
罗利
鲁尼恩
鲁珀特
拉什
拉斯金
罗斯金
拉塞尔
罗素
拉瑟福德
卢瑟福
拉特利奇
赖德
赖兰
萨宾
萨拜因
萨克维尔
塞奇
塞恩斯伯里
森茨伯里
索尔兹伯里
桑普森
桑德伯格
桑格
萨皮尔
萨金特
沙尔金
萨罗扬
萨洛扬
萨松
沙逊
萨维奇
萨弗尔斯
索耶
索耶斯
萨克斯顿
塞耶斯
施纳贝尔
斯科菲尔德
舒曼
舒尔茨
斯凯勒
施瓦布
施沃恩
斯科特
司各特
司各脱
斯克里普斯
西博格
西肖尔
塞奇威克
西格
塞尔登
西尼尔
塞维斯
西沃德
西摩
沙克尔顿
沙夫茨伯里
莎士比亚
夏皮罗
夏普
谢尔比
谢尔登
谢利
雪莱
申斯通
谢泼德
谢里夫
谢里尔
谢灵顿
雪利
肖克利
肖特
舒特
西登斯
谢里登
谢立丹
谢尔曼
舍温
舍伍德
西德尼
锡德尼
西蒙
辛普森
辛克莱
辛格
西斯利
西特韦尔
西维尔
斯基特
斯克尔顿
斯莱特
斯隆
斯洛克姆
斯梅德利
史沫特莱
史密斯
史密森
斯莫利特
斯摩莱特
斯诺
斯诺登
索迪
索夫
萨默维尔
索斯
索塞
骚塞
索思韦尔
斯波尔丁
斯帕克斯
斯潘塞
斯宾塞
斯彭德
斯平加恩
斯普林霍尔
斯坦德利
斯坦迪什
斯坦福
斯坦利
斯坦顿
斯塔克
圣克莱尔
斯蒂德
斯蒂尔
斯蒂芬斯
斯坦
斯坦因
斯坦贝克
斯蒂芬斯
斯蒂芬森
斯特林
斯特恩
斯特蒂纽斯
斯退丁纽斯
史蒂文斯
史蒂文森
斯图尔特
斯蒂尔
史迪威
斯廷森
史汀生
圣约翰
圣莱杰
圣莫尔
斯托达德
斯托克
斯通
斯托蒙思
斯托里
斯托顿
斯托
斯陀
斯特雷奇
斯特拉福德
斯特劳斯
施特劳斯
斯特朗
斯特拉特
斯图尔特
斯图亚特
斯塔布斯
萨利文
萨利
萨默
萨姆纳
萨里
瑟蒂斯
斯旺森
斯威特
斯威夫特
斯温伯恩
史文朋
斯温纳顿
赛克斯
赛明顿
西蒙兹
西蒙斯
辛格
沁孤
塔夫脱
塔林
塔特
塔特姆
陶西格
泰勒
蒂斯代尔
特德
特勒
坦普尔
坦尼森
丁尼生
托马斯
特雷尔
特里尔
特里
撒克里
萨克雷
汤普森
汤姆森
索罗
梭洛
桑代克
桑戴克
桑顿
瑟伯
瑟曼
蒂贝特
蒂尔登
托德
托兰
汤姆林森
汤普金斯
托恩
图尔斯
陶特
托维
托尔
托尔斯
汤
汤斯
托因比
汤因比
特蕾西
特拉维斯
特里
特伦奇
特里维廉
特罗洛普
特罗伊
杜鲁门
特纳
图索
塔特尔
特威德
特威兹穆尔
泰勒
廷代尔
廷德尔
蒂里特
厄布洛德
尤德尔
安德伍德
厄普顿
尤里
厄克特
瓦伦丁
范阿伦
范布勒
范布伦
范斯
万斯
范库弗
范德格里夫特
范登堡
范德比尔特
范多伦
范戴克
文
范弗利特
范佛里特
范西塔特
沃丁
沃恩
沃克斯
维布伦
弗纳
弗农
维拉德
沃格特
瓦格纳
韦克菲尔德
瓦克斯曼
韦利
沃克
沃克利
沃勒
沃姆利斯
沃波尔
渥尔波
沃尔什
沃纳梅克
韦德
沃尔多
华莱士
沃利斯
沃尔特
沃尔顿
沃德
华德
沃纳
沃伦
沃顿
沃里克
华盛顿
沃特曼
华特门
沃特斯
沃森
华生
瓦特
沃特森
瓦茨
韦布
威伯
韦伯
韦伯斯特
韦奇伍德
威克利
威姆斯
威尔
韦尔
韦尔奇
韦勒
韦尔斯
韦尔斯利
韦林顿
威灵顿
威尔斯
威姆斯
韦尔登
韦恩
温德尔
韦斯利
卫斯理
韦斯特
韦斯科特
沃顿
惠特利
惠特莱
惠勒
惠普尔
惠斯勒
怀特
怀特菲尔德
怀特黑德
惠特曼
惠特尼
惠特克
惠蒂尔
惠悌尔
威尔伯福斯
威尔伯
威尔伯特
威尔伯恩
威尔伯克斯
怀尔德
王尔德
怀利
威利
威尔福德
威尔克斯
威尔金森
威拉德
威尔科克斯
威廉斯
威廉士
威廉森
威利斯
威尔基
威尔默
威尔莫特
威尔逊
威尔顿
温泽
温菲尔德
温斯顿
温顿
怀斯
怀斯曼
威斯特
威瑟斯
沃德豪斯
沃尔科特
沃尔夫
沃尔斯顿
沃尔斯利
沃尔西
伍德
伍德罗
伍德沃德
伍尔夫
伍利
伍尔沃恩
伍斯特
武斯特
沃兹沃思
华兹华斯
雷思
赖特
怀亚特
威彻利
威克利夫
怀尔德
耶尔丁
耶尔
耶鲁
耶茨
夏芝
耶基斯
约克
约斯特
尤曼斯
扬格
扬哈斯本
赞恩
赞格威尔
曾格
齐默尔曼
齐默恩
津泽
杨
沃
肖
罗
雷
波
坡
奈
梅
曼
洛
朗
李
利
劳
金
休
海
豪
田中角荣