清华 大学
北京 大学
中国 人民 大学
北京 航空 航天 大学
中国 政法 大学
政法 大学
北京 邮电 大学
邮电 大学
北京 师范 大学
北京 理工 大学
北京 外国语 大学
北方 交通 大学
对外 经济 贸易 大学
北京 大学 医学部
北京 医科 大学
中央 财经 大学
中国 地质 大学
北京 科技 大学
华北 电力 大学
中央 民族 大学
首都 师范 大学
中国 农业 大学
北京 林业 大学
中国 农业 大学
北京 语言 大学
首都 经济 贸易 大学
中国 矿业 大学
北方 工业 大学
中央 广播 电视 大学
石油 大学
北京 化工 大学
北京 工商 大学
北京 中医药 大学
中国 人民 公安 大学
首都 医科 大学
北京 工业 大学
北京 联合 大学
北京 体育 大学
中国 青年 政治 学院
外交 学院
北京 信息 工程 学院
北京 电影 学院
中央 音乐 学院
北京 广播 学院
中央 戏剧 学院
首钢 工学院
北京 物资 学院
北京 第二 外国语 学院
北京 农学院
中国 协和 医科 大学
协和 医科 大学
北京 服装 学院
北京 舞蹈 学院
中国 音乐 学院
北京 青年 政治 学院
国际 关系 学院
军事 医学 科学院
天津 大学
天津 工业 大学
天津 外国语 学院
中国 经营 管理 学院
天津 商学院
天津 体育 学院
天津 医科 大学
南开 大学
中国 民用 航空 学院
天津 音乐 学院
天津 农学院
天津 中医 学院
天津 师范 大学
天津 广播 电视 大学
天津 财经 学院
天津 科技 大学
天津 美术 学院
华北 电力 大学
河北 大学
河北 师范 大学
河北 经贸 大学
燕山 大学
河北 科技 大学
河北 工业 大学
河北 农业 大学
河北 医科 大学
河北 广播 电视 大学
山西 大学
太原 理工 大学
山西 医科 大学
山西 师范 大学
山西 财经 大学
山西 农业 大学
华北 工学院
山西 中医 学院
内蒙古 大学
内蒙古 师范 大学
内蒙古 工业 大学
内蒙古 农业 大学
内蒙古 财经 学院
内蒙古 医学院
中国 医科 大学
东北 大学
东北 财经 大学
辽宁 石油 化工 大学
辽宁 大学
辽宁 师范 大学
辽宁 工程 技术 大学
沈阳 大学
沈阳 农业 大学
沈阳 工业 大学
沈阳 药科 大学
大连 理工 大学
大连 医科 大学
大连 海事 大学
大连 大学
中国 刑事 警察 学院
大连 水产 学院
辽宁 工学院
沈阳 工业 学院
沈阳 航空 工业 学院
沈阳 建筑 工程 学院
沈阳 师范 大学
大连 外国语 学院
大连 铁道 学院
沈阳 化工 学院
东北 师范 大学
吉林 大学
吉林 师范 大学
吉林 农业 大学
长春 理工 大学
吉林 化工 学院
延边 大学
东北 电力 学院
长春 大学
东北 农业 大学
东北 林业 大学
黑龙江 大学
黑龙江 八一 农垦 大学
黑龙江 科技 学院
黑龙江 中医药 大学
哈尔滨 商业 大学
哈尔滨 工程 大学
哈尔滨 工业 大学
哈尔滨 医科 大学
哈尔滨 理工 大学
哈尔滨 师范 大学
齐齐哈尔 大学
大庆 石油 学院
中国 药科 大学
中国 矿业 大学
江苏 大学
江苏 理工 大学
江苏 广播 电视 大学
南京 大学
南京 航空 航天 大学
南京 邮电 大学
南京 理工 大学
南京 工业 大学
南京 师范 大学
南京 医科 大学
南京 农业 大学
南京 林业 大学
南京 经济 学院
南京 中医药 大学
南京 工业 大学
金陵 科技 学院
苏州 大学
扬州 大学
徐州 师范 大学
东南 大学
河海 大学
江南 大学
江苏 教育 学院
江苏 工业 学院
江苏省 邮电 学校
江苏 教育 学院
南京 气象 学院
南京 人口 学院
南京 艺术 学院
中国 科学 技术 大学
安徽 大学
安徽 师范 大学
安徽 工业 大学
安徽 医科 大学
安徽 农业 大学
安徽 理工 大学
安徽 中医 学院
安徽 财贸 学院
合肥 工业 大学
合肥 联合 大学
山东 大学
山东 科技 大学
山东 师范 大学
山东 理工 大学
山东 农业 大学
山东 中医药 大学
济南 大学
青岛 大学
青岛 海洋 大学
烟台 大学
石油 大学
复旦 大学
上海 交通 大学
同济 大学
上海 水产 大学
第二 军医 大学
上海 外国语 大学
上海 财经 大学
东华 大学
华东 师范 大学
华东 理工 大学
上海 中医药 大学
上海 师范 大学
上海 大学
上海 第二 医科 大学
上海 医科 大学
上海 海运 学院
上海 电力 学院
上海 音乐 学院
上海 对外 贸易 学院
华东 政法 学院
上海 体育 学院
浙江 大学
浙江 师范 大学
浙江 工业 大学
浙江 广播 电视 大学
宁波 大学
温州 大学
中国 计量 学院
浙江 工程 学院
浙江 林学院
浙江 教育 学院
浙江 科技 学院
浙江 财经 学院
杭州 电子 工业 大学
杭州 商学院
杭州 师范 学院
温州 师范 学院
温州 医学院
浙江 中医 学院
江西 财经 大学
江西 农业 大学
江西 师范 大学
江西 医学院
江西 教育 学院
南昌 大学
福建 师范 大学
福建 农业 大学
福建 医科 大学
福州 大学
厦门 大学
福建 中医 学院
福建 工程 学院
中国 地质 大学
华中 科技 大学
华中 农业 大学
华中 师范 大学
湖北 大学
湖北 医科 大学
武汉 大学
武汉 理工 大学
武汉 水利 电力 大学
武汉 科技 大学
三峡 大学
江汉 大学
中南 财经 政法 大学
中南 民族 大学
海军 工程 大学
湖南 大学
湖南 师范 大学
湖南 农业 大学
湖南 广播 电视 大学
中南 大学
湘潭 大学
国防 科技 大学
南华 大学
湖南 中医 学院
长沙 电力 学院
长沙 交通 学院
长沙 铁道 学院
长沙 工学院
中国 人民 解放军 信息 工程 大学
河南 大学
河南 师范 大学
河南 农业 大学
郑州 大学
洛阳 大学
开封 大学
河南 中医 学院
郑州 工程 学院
广东 工业 大学
广东 外语 外贸 大学
广东 广播 电视 大学
广州 大学
广州 中医药 大学
深圳 大学
华南 理工 大学
华南 农业 大学
华南 师范 大学
中山 大学
中山 医科 大学
汕头 大学
暨南 大学
广东 医学院
广州 医学院
广州 师范 学院
广西 大学
广西 师范 大学
广西 民族 大学
广西 医科 大学
广西 师范 学院
广西 工业 大学
广西 中医 学院
桂林 工学院
桂林 医学院
海南 大学
海南 医学院
海南省 师范 学院
重庆 大学
重庆 医科 大学
重庆 工商 大学
重庆 邮电 学院
西南 政法 大学
西南 师范 大学
西南 农业 大学
第三 军医 大学
重庆 交通 学院
重庆 师范 学院
重庆 三峡 学院
重庆 工学院
四川 外语 学院
四川 美术 学院
四川 大学
四川 师范 大学
四川 农业 大学
成都 理工 大学
成都 中医药 大学
西南 交通 大学
西南 财经 大学
西南 科技 大学
华西 医科 大学
电子 科技 大学
中国 民航 飞行 学院
四川 工业 学院
四川 师范 学院
四川 轻化 工学院
成都 大学
贵州 大学
贵州 工业 大学
贵州 师范 大学
贵州 财经 学院
贵州 民族 学院
贵阳 中医 学院
贵阳 医学院
云南 大学
云南 师范 大学
云南 农业 大学
云南 工业 大学
昆明 理工 大学
云南 财贸 学院
云南 民族 学院
昆明 大学
昆明 医学院
西藏 大学
西北 大学
西安 交通 大学
长安 大学
西安 电子 科技 大学
西安 理工 大学
西安 医科 大学
西安 建筑 科技 大学
西北 工业 大学
西北 农林 科技 大学
陕西 师范 大学
第四 军医 大学
陕西 财经 学院
陕西 理工 学院
西安 科技 学院
西安 邮电 学院
系安 工业 学院
西安 石油 学院
西安 工程 科技 学院
西北 政法 学院
西安 财经 学院
兰州 理工 大学
甘肃 农业 大学
兰州 大学
西北 师范 大学
甘肃 政法 学院
兰州 商学院
兰州 铁道 学院
甘肃 联合 大学
西北 民族 学院
河西 学院
兰州 医学院
甘肃 中医 学院
兰州 医学院
宁夏 大学
宁夏 医学院
西北 第二 民族 学院
青海 大学
青海 师范 大学
青海 广播 电视 大学
新疆 大学
新疆 农业 大学
新疆 医科 大学
新疆 师范 大学
乌鲁木齐 职业 大学
新疆 工学院
新疆 财经 学院
新疆 石油 学院
香港 大学
香港 中文 大学
香港 理工 大学
香港 科技 大学
香港 城市 大学
香港 浸会 大学
岭南 大学
美国 犹他 州立 大学 香港 分校
伯克莱 大学 香港 分校
香港 艺术 中心 艺术 学院
香港 树仁 学院
香港 教育 学院
珠海 书院
能仁 书院
澳门 大学
澳门 科技 大学
澳门 理工 学院
中国 文化 大学
国立 台湾 大学
国立 成功 大学
国立 台北 艺术 大学
台湾 中央 大学
台湾 师范 大学
台湾 海洋 大学
台湾 科技 大学
台北 大学
台北 科技 大学
台北 医学 大学
高雄 大学
高雄 师范 大学
高雄 医学 大学
彰化 师范 大学
慈济 大学
中央 警察 大学
南华 大学
东华 大学
中正 大学
逢甲 大学
交通 大学
中山 大学
东吴 大学
东海 大学
大同 大学
淡江 大学
私立 元智 大学
真理 大学
大叶 大学
暨南 国际 大学
阳明 大学
实践 大学
世新 大学
政治 大学
朝阳 科技 大学
南台 科技 大学
昆山 科技 大学
嘉南 药理 科技 大学
中原 大学
华梵 大学
长庚 大学
铭传 大学
屏东 科技 大学
云林 科技 大学
静宜 大学
中兴 大学
中华 大学
中国 医药 大学
中华 医事 学院
国立 台北 师范 学院
国立 体育 学院
国立 政治 大学 传播 学院
台湾 中华 工学院
台湾 体育 学院
清华大学
清华
北京大学
北大
中国人民大学
人大
北京航空航天大学
北航
中国政法大学
政法大学
北京邮电大学
北邮
邮电大学
北京师范大学
北师大
北京理工大学
北京外国语大学
北外
北方交通大学
对外经济贸易大学
北京大学医学部
北医
北医大
北京医科大学
中央财经大学
中国地质大学
北京科技大学
华北电力大学
中央民族大学
首都师范大学
中国农业大学
北京林业大学
北林
中国农业大学
北京语言大学
首都经济贸易大学
中国矿业大学
北方工业大学
中央广播电视大学
石油大学
北京化工大学
北京工商大学
北京中医药大学
中国人民公安大学
首都医科大学
北京工业大学
北京联合大学
北京体育大学
中国青年政治学院
外交学院
北京信息工程学院
北京电影学院
北影
中央音乐学院
北京广播学院
中央戏剧学院
中戏
首钢工学院
北京物资学院
北京第二外国语学院
北二外
北京农学院
北农
中国协和医科大学
协和
协和医科大学
北京服装学院
北京舞蹈学院
中国音乐学院
北京青年政治学院
国际关系学院
军事医学科学院
天津大学
天大
天津工业大学
天津外国语学院
中国经营管理学院
天津商学院
天津体育学院
天津医科大学
南开大学
南开
中国民用航空学院
天津音乐学院
天津农学院
天津中医学院
天津师范大学
天津广播电视大学
天津财经学院
天津科技大学
天津美术学院
华北电力大学
河北大学
河北师范大学
河北经贸大学
燕山大学
河北科技大学
河北工业大学
河北农业大学
河北医科大学
河北广播电视大学
山西大学
太原理工大学
山西医科大学
山西师范大学
山西财经大学
山西农业大学
华北工学院
山西中医学院
内蒙古大学
内蒙古师范大学
内蒙古工业大学
内蒙古农业大学
内蒙古财经学院
内蒙古医学院
中国医科大学
东北大学
东北财经大学
辽宁石油化工大学
辽宁大学
辽宁师范大学
辽宁工程技术大学
沈阳大学
沈阳农业大学
沈阳工业大学
沈阳药科大学
大连理工大学
大连医科大学
大连海事大学
大连大学
中国刑事警察学院
大连水产学院
辽宁工学院
沈阳工业学院
沈阳航空工业学院
沈阳建筑工程学院
沈阳师范大学
大连外国语学院
大连铁道学院
沈阳化工学院
东北师范大学
吉林大学
吉大
吉林师范大学
吉林农业大学
长春理工大学
吉林化工学院
延边大学
东北电力学院
长春大学
东北农业大学
东北林业大学
黑龙江大学
黑龙江八一农垦大学
黑龙江科技学院
黑龙江中医药大学
哈尔滨商业大学
哈尔滨工程大学
哈尔滨工业大学
哈工大
哈军工
哈尔滨医科大学
哈尔滨理工大学
哈尔滨师范大学
齐齐哈尔大学
大庆石油学院
中国药科大学
中国矿业大学
江苏大学
江苏理工大学
江苏广播电视大学
南京大学
南大
南京航空航天大学
南航
南京邮电大学
南邮
南京理工大学
南理工
南京工业大学
南京师范大学
南师
南京医科大学
南京农业大学
南农
南京林业大学
南林
南京经济学院
南京中医药大学
南京工业大学
金陵科技学院
苏州大学
扬州大学
徐州师范大学
东南大学
东大
河海大学
江南大学
江苏教育学院
江苏工业学院
江苏省邮电学校
江苏教育学院
南京气象学院
南京人口学院
南京艺术学院
中国科学技术大学
安徽大学
安徽师范大学
安徽工业大学
安徽医科大学
安徽农业大学
安徽理工大学
安徽中医学院
安徽财贸学院
合肥工业大学
合肥联合大学
山东大学
山大
山东科技大学
山东师范大学
山东理工大学
山东农业大学
山东中医药大学
济南大学
青岛大学
青岛海洋大学
烟台大学
石油大学
复旦大学
复旦
上海交通大学
交大
同济大学
同济
上海水产大学
第二军医大学
上海外国语大学
上海财经大学
东华大学
华东师范大学
华师大
华东理工大学
上海中医药大学
上海师范大学
上海大学
上海第二医科大学
上海医科大学
上海海运学院
上海电力学院
上海音乐学院
上海对外贸易学院
华东政法学院
上海体育学院
浙江大学
浙大
浙江师范大学
浙江工业大学
浙江广播电视大学
宁波大学
温州大学
中国计量学院
浙江工程学院
浙江林学院
浙江教育学院
浙江科技学院
浙江财经学院
杭州电子工业大学
杭州商学院
杭州师范学院
温州师范学院
温州医学院
浙江中医学院
江西财经大学
江西农业大学
江西师范大学
江西医学院
江西教育学院
南昌大学
福建师范大学
福建农业大学
福建医科大学
福州大学
厦门大学
厦大
福建中医学院
福建工程学院
中国地质大学
华中科技大学
华中农业大学
华中师范大学
湖北大学
湖北医科大学
武汉大学
武大
武汉理工大学
武汉水利电力大学
武汉科技大学
三峡大学
江汉大学
中南财经政法大学
中南民族大学
海军工程大学
湖南大学
湖南师范大学
湖南农业大学
湖南广播电视大学
中南大学
湘潭大学
国防科技大学
南华大学
湖南中医学院
长沙电力学院
长沙交通学院
长沙铁道学院
长沙工学院
中国人民解放军信息工程大学
河南大学
河南师范大学
河南农业大学
郑州大学
洛阳大学
开封大学
河南中医学院
郑州工程学院
广东工业大学
广东外语外贸大学
广东广播电视大学
广州大学
广州中医药大学
深圳大学
华南理工大学
华南农业大学
华南师范大学
中山大学
中大
中山医科大学
汕头大学
暨南大学
广东医学院
广州医学院
广州师范学院
广西大学
广西师范大学
广西民族大学
广西医科大学
广西师范学院
广西工大学
广西中医学院
桂林工学院
桂林医学院
海南大学
海南医学院
海南省师范学院
重庆大学
重庆医科大学
重庆工商大学
重庆邮电学院
西南政法大学
西南师范大学
西南农业大学
第三军医大学
重庆交通学院
重庆师范学院
重庆三峡学院
重庆工学院
四川外语学院
四川美术学院
四川大学
川大
四川师范大学
四川农业大学
成都理工大学
成都中医药大学
西南交通大学
西南财经大学
西南科技大学
华西医科大学
电子科技大学
中国民航飞行学院
四川工业学院
四川师范学院
四川轻化工学院
成都大学
贵州大学
贵州工业大学
贵州师范大学
贵州财经学院
贵州民族学院
贵阳中医学院
贵阳医学院
云南大学
云南师范大学
云南农业大学
云南工业大学
昆明理工大学
云南财贸学院
云南民族学院
昆明大学
昆明医学院
西藏大学
西北大学
西安交通大学
西交大
长安大学
西安电子科技大学
西安理工大学
西安医科大学
西安建筑科技大学
西北工业大学
西北农林科技大学
陕西师范大学
第四军医大学
陕西财经学院
陕西理工学院
西安科技学院
西安邮电学院
系安工业学院
西安石油学院
西安工程科技学院
西北政法学院
西安财经学院
兰州理工大学
甘肃农业大学
兰州大学
兰大
西北师范大学
甘肃政法学院
兰州商学院
兰州铁道学院
甘肃联合大学
西北民族学院
河西学院
兰州医学院
甘肃中医学院
兰州医学院
宁夏大学
宁夏医学院
西北第二民族学院
青海大学
青海师范大学
青海广播电视大学
新疆大学
新疆农业大学
新疆医科大学
新疆师范大学
乌鲁木齐职业大学
新疆工学院
新疆财经学院
新疆石油学院
香港大学
香港中文大学
香港理工大学
香港科技大学
香港城市大学
香港浸会大学
岭南大学
美国犹他州立大学香港分校
伯克莱大学香港分校
香港艺术中心艺术学院
香港树仁学院
香港教育学院
珠海书院
能仁书院
澳门大学
澳门科技大学
澳门理工学院
中国文化大学
国立台湾大学
国立成功大学
国立台北艺术大学
台湾中央大学
台湾师范大学
台湾海洋大学
台湾科技大学
台北大学
台北科技大学
台北医学大学
高雄大学
高雄师范大学
高雄医学大学
彰化师范大学
慈济大学
中央警察大学
清华大学
南华大学
东华大学
中正大学
逢甲大学
交通大学
中山大学
东吴大学
东海大学
大同大学
淡江大学
私立元智大学
真理大学
大叶大学
暨南国际大学
阳明大学
实践大学
世新大学
政治大学
朝阳科技大学
南台科技大学
昆山科技大学
嘉南药理科技大学
中原大学
华梵大学
长庚大学
铭传大学
屏东科技大学
云林科技大学
静宜大学
中兴大学
中华大学
中国医药大学
中华医事学院
国立台北师范学院
国立体育学院
国立政治大学传播学院
台湾中华工学院
台湾体育学院