عشرين عاما
51-7
ليلا
الاربعاء
54 عاما
اليوم
عشرين سنة
يومين
مساء
8 الى 01 كانون الاول/ديسمبر المقبل
اليوم الاول
غدا
3 ساعات و52 دقيقة
12 الى 32
اليوم الثاني
الجمعة
03 عاما
5991
22 عاما
ثلاثة او اربعة ايام
اسبوعين
52 تموز/يوليو
الثلاثاء
الاربعاء المقبل
اليوم السبت
منتصف الاسبوع المقبل
امس الجمعة
ايلول/سبتمبر
بعد الظهر
الثالث من تموز/يوليو
الاشهر الاخيرة
الخميس
ليل
الجمعة السبت
شهرين
74 عاما
صباح
2 اب/اغسطس 0991
11 تموز/يوليو
الخميس الجمعة
بداية تموز/يوليو
الاربعاء والجمعة
شباط/فبراير الماضي
21 حزيران/يونيو
عام 7691
ايلول/سبتمبر 6991
اربعة اعوام
القرون الوسطى
ليوم السبت
الساعة 03،01 ت غ
نهاية هذا الاسبوع
الاثنين
55 يوما
91 ايار/مايو
هذا الاسبوع
غدا الاحد
سنتين
تموز/يوليو 8991
عامي 4051 و0991
82 تموز/يوليو
عام 9161
العام الجاري
الاثنين الماضي
العاشر من حزيران/يونيو
الاول من تموز/يوليو
هذا الشهر
03،1 تغ
الشهر الماضي
الساعة 03،01
ليوم الخامس
اسبوعية
بعد 22 عاما
بعد غد الاثنين
الرابع من حزيران/يونيو 7691
عام 3791
كل ستة اشهر
نهاية عام 0991
نهاية تموز/يوليو
العشرين ونهاية الشهر الحالي
حزيران/يونيو
حزيران/يونيو 9991
92 تموز/يوليو
نيسان/ابريل
الاول من آب/اغسطس
03 آب/اغسطس
61 تموز/يوليو
7991
العشرة اعوام
شباط/فبراير 9991
الثلاثاء المقبل
الساعة 03،31 ت غ
بعد ظهر
12 حزيران/يونيو
تشرين الثاني/نوفمبر 8991
82 حزيران/يونيو
حزيران/يونيو الماضي
لايام القادمة
الخامسة مساء
الساعة الثامنة صباحا
3 اسابيع
41 و81 سنة
31 ايلول/سبتمبر
31-7
سنة 5791
ايار/مايو
عام 9891
84 ساعة
السبت
الواحدة (00،5 تغ) من فجر
نهار
الاشهر الماضية
يومي الخميس والجمعة
76
العام 5891
مطلع تموز/يوليو الحالي
شهر
يومية
الدقيقة 02
الاربعاء الماضي
الدقيقة 32
02 تموز/يوليو
عام 2002
52 تشرين الثاني/نوفمبر الماضي
امس
سبعة اشهر
العام
اسبوع
ست سنوات
82 حزيران/يونيو الماضي
01 الى 21 من تموز/يوليو الجاري
اوائل العام الحالي
المواسم الماضية
الموسم الماضي
الموسم المقبل
عدة اشهر
92 نيسان/ابريل الماضي
71 عاما
51 تموز/يوليو الحالي
كل يوم
غد الاحد
عصر
العام 2991
التاسع من تموز/يوليو
4991
نهاية الشهر الماضي
02 تموز/يوليو الحالي
الساعة 03،12 بالتوقيت المحلي
00،71 تغ
12 الى 32 تموز/يوليو
نهاية الاسبوع المقبل
قبل سنتين
عشر سنوات
العام 5002
عام 5002
السنوات العشر الاخيرة
الاحد
نهاية عام 8991
نيسان/ابريل الماضي
يوم الجمعة
8491
9891
ثلاثة ايام
5891
311 يوما
1591
5691
5491
5591
9791
خمس سنوات
84 عاما
12 من الشهر
3791
6891
8991
72 من   الشهر نفسه
9491
8191
3191
8591
خمسة اسابيع
8691
اليوم   ذاته
7891
1791
امس السبت
45 عاما
61-7
اول من امس الجمعة
27 عاما
الايام الاخيرة
66 عاما
32 الجاري
الاسبوعية
صباحا
اليوم السادس
الايام السابقة
الاشهر 21
السنة
منتصف النهار
هذا العام
81 حزيران/يونيو
يوم الاثنين
اليوم الاحد
نيسان/ابريل 9991
اليوم الثلاثاء
42 ساعة
اذار/مارس الماضي
عدة ساعات
الجمعة الماضي
51-8
قبل نصف قرن
0591 الى 3591
نصف قرن
النهار
42 ايار/مايو الماضي
الاسابيع المقبلة
امس الاثنين
52 تموز/يوليو الماضي
عام 3991
القرن العشرين
القرن العشرون
26ر45 ثانية
13ر75ر1 دقيقة
83ر10ر2 د
06ر72ر2 د
70ر45 ثانية
85ر95ر1 دقيقة
55ر20ر2 د
57ر42ر2 دقيقة
97ر62ر2 د
الخامسة عشرة
الدقيقتين
82ر55 ثانية
18ر00ر2 دقيقة
33 عاما
دقيقة واحدة و75 ثانية و89 جزءا في المئة من الثانية
العام 5491
0591-3591
خمسين عاما
يوم او يومين
02 اب/اغسطس
الاسبوع الماضي
العامين الماضيين
24ر11 ثانية
34ر22 ث
7 آب/اغسطس 9991
99ر01 ثوان
5 تموز/يوليو عام 9991
بعد نحو 11 شهرا
3 تموز/يوليو الماضي
الشهر المقبل
04 عاما
72ر11 ثانية
31 تموز/يوليو الماضي
اول من امس الاحد
00ر11 ثانية
81ر21 ثانية
آذار/مارس الماضي
قبل 3 مواسم
الموسم الحالي
عام
الساعة 03،22 (00،51 تغ
منذ ايام
31 ايلول/سبتمبر المقبل
قبل 011 ايام
عيد السيدة العذراء
كل سنة
يوما
الثاني من ايار/مايو
21 تشرين الاول/اكتوبر المقبل
السنوات الاخيرة
منتصف ايلول/سبتمبر المقبل
يومي
السنوات العشرين الاخيرة
السبعينات
الاسابيع الاخيرة
42 اب/اغسطس الحالي
ليوم الثلاثاء
02 آب/اغسطس الجاري
الساعة 00،01 ت غ
الساعة 00،21 ت غ
يوم الاحد المقبل
الساعة 03،4 ت غ
62 تموز/يوليو الماضي
71 يوما
الاول من اب/اغسطس
اواخر 6991
31 اب/اغسطس الحالي
فجر
اب/اغسطس 0991 حتى شباط/فبراير 1991
0991
الاسابيع الستة الاخيرة
قبل عامين
عام 8991
الثمانينات
ثلاثة اشهر
51 ايلول/سبتمبر الى 1 تشرين الاول/اكتوبر
غدا الثلاثاء
41-8
اليوم الاثنين
61 الحالي
الاسبوعي
امس الاحد
مطلع الشهر
عشرة ايام
شهر تموز/يوليو
الساعات المقبلة
51 - 8
22 تموز/يوليو الماضي
اليوم الخميس
العام 7691
كانون الاول/ديسمبر الماضي
ايار/مايو 7991
عام 2991
عام 2891
العام الحالي
العام الماضي
قبل عشر سنوات
خمس الى ست دقائق
العام 3891
3 الى 71 ايلول/سبتمبر المقبل
61 سنة
عام 2881
يوم 01 شباط/فبراير
يوم 52 ايارم مايو 4191
يوميا
اشهر عدة
سنة
سن الخامسة والثلاثين
حتى 82 ايلول/سبتمبر المقبل
3 تشرين الثاني/نوفمبر المقبل
21 الى 92 تشرين الاول/اكتوبر
13 كانون الاول/ديسمبر
الاول من تشرين الاول/اكتوبر
بعد غد الخميس
4 الى 11 اذار/مارس المقبل
موسم 0002-1002
02 الى 52 منه
حتى 32 منه
نهاية الاسبوع الماضي
يومي الجمعة والسبت
نهاية العام 8991
بضعة اشهر
51 عاما
القرن الخامس
005 عام
11 آب/اغسطس
غدا الاربعاء
32 نيسان/ابريل الماضي
15 عاما
الرابع والعشرين من تموز/يوليو الماضي
القرن الحادي والعشرين
عيد الاستقلال
قبل اسبوع
امسية
2 و3 ايلول/سبتمبر المقبل
مطلع الشهر المقبل
الايام المقبلة
سنوات عدة
كانون الاول/ديسمبر 2991
غدا (الاربعاء
هذا الصباح
اربعة اشهر
الثلاثاء الماضي
ايلول/سبتمبر 9991
تسعة اشهر
تشرين الثاني/نوفمبر الماضي
مطلع العام
سنة 8991
الشهر
82 عاما
عام 6991
2002
الخامس والعشرين من تموز/يوليو الماضي
32 نيسان/ابريل
11 الى 52 تموز/يوليو
ايلول/سبتمبر المقبل
اسابيع عدة
مطلع تموز/يوليو الماضي
العشرين عاما
منتصف الليل
00،02 ت غ
اسابيع
الصيفي
الايام القادمة
الايام القريبة القادمة
قبل منتصف الليل
خمسة اعوام
الاول من ايلول/سبتمبر
نهاية ايلول/سبتمبر المقبل
مطلع ايلول/سبتمبر
نهاية آب/اغسطس
1991
السابع من آب/اغسطس
آب/اغسطس الى تشرين الاول/اكتوبر
ايام
الصيف الماضي
32 كانون الثاني/يناير الى 4 شباط/فبراير المقبلين
نصف ساعة
قبل 3 دقائق
52 آب/اغسطس الحالي
الثالث عشر من ايلول/سبتمبر
قبل الثالث عشر من ايلول/سبتمبر
ايار/مايو 9991
الساعة 00،81 (00،61 تغ
كل اربع او خمس سنوات
21 حزيران/يونيو الماضي
اواخر الشهر الجاري
الثامن والعشرين من الشهر الجاري
62 الى 82 ايلول/سبتمبر المقبل
03 من الشهر نفسه
سنة 0691
82 الى 03 ايلول/سبتمبر
الالفية الثالثة
هذه الايام
تشرين الاول/اكتوبر 8791
الثاني والعشرين من تشرين الاول/اكتوبر 8791
العشرين من الشهر الجاري
طوال ساعات
يوم 81 آب/اغسطس
خمس او ست ساعات اخرى
00،71 ت غ
الساعة 00،12
تشرين الثاني/نوفمبر المقبل
مطلع الشهر الجاري
الصيفية
آب/اغسطس 9991
سنويا
قبل شهرين
السنة ذاتها
تشرين الثاني/نوفمبر عام 8991
2 الى 32 ايلول/سبتمبر المقبل
اواخر آب/اغسطس الحالي
21 الى 92 تشرين الاول/اكتوبر المقبل
كانون الثاني/ديسمبر الماضي
61 اب/اغسطس
91 عاما
آب/اغسطس 0991
كانون الاول/ديسمبر 6991
الجمعة والسبت
62 آب/اغسطس الحالي
التاسع من حزيران/يونيو" الماضي
نهاية 6991
اول الشهر الجاري
العاشر من ايلول/سبتمبر 6991
اكثر من سنة
قبل اسبوعين
03 تموز/يوليو عام 9991
اب/اغسطس العام الماضي
يوم الجمعة المقبل
سنة واحدة
93 سنة
دقائق عدة
يوم الاحد
الاسابيع الاحيرة
11 الى 52 تموز/يوليو الماضي
نهاية الاسبوع
3891
2791
2691
بعد ثلاثة ايام
7791
0091
3591
5391
7591
6991
3491
1881
الثلاثاء الاربعاء
61-8
اليوم الاربعاء
يوم غد" الخميس
الساعة 81 بالتوقيت المحلي
ليلت
بضع ساعات
11 ت غ
03،1 ت غ
الساعة 03،5 بالتوقيت المحلي
الليلة" الماضية
امس الخميس
21 اب/اغسطس
51-9
قبل اكثر من عام
اليوم الجمعة
عام 1991
السنوات
العامين 0991 و6991
تشرين الاول/اكتوبر
13 آب/اغسطس 7991
السنوية
ايار/مايو الماضي
عشية
عامين
0891
12 ايلول/سبتمبر الجاري
موسمين
اربع سنوات
نهاية الموسم الماضي
ثلاث ساعات
21 الى 92 تشرين الاول/اكتوبر الحالي
7 و01 ايلول/سبتمبر الحالي
كانون الاول/ديسمبر 9991
4791
62 عاما
لسنة الخامسة
ليوم الثاني
الاسبوع المقبل
عام واحد
تشرين الاول/اكتوبر المقبل
موسم 9991-0002
12 عاما
تموز/يوليو الماضي
32 تموز/يوليو الماضي
بعد غد الاحد
ثلاث سنوات
السنوي
آذار/مارس 2991
الساعة 54،71 بتوقيت غرينتش
عام 0991
الدقائق الخمس الاخيرة
الدقيقتين 54 و56
الدقيقتين 05 و27
السنوات السبع الاخيرة
الدقيقة 23
غدا السبت
دقيقتين
هذا الموسم
السنوات الماضية
021 يوما
2991-6991
02 عاما
عام 0891
مطلع هذا الاسبوع
8791
4291
2891
3691
6491
عام 5791
1491
61-9
04ر00ر2 ساعة
ثانيتين
62 ثانية
الليلة الماضية
قبل ثلاث سنوات
بعد اربع سنوات
كل اسبوع
مطلع الاسبوع
الامس
الاحد الماضي
الخميس الماضي
ساعة
العاشر من ايلول/سبتمبر
92-70-29
56ر44ر3 دقيقة
00ر54ر3 دقائق
التاسعة والنصف مساء
الخامسة عشرة من عمرها
06ر75 ثانية
26ر85 ث
الساعة 54،90 محلية
ظهر
54،20 تغ
73 عاما
بضعة اسابيع
25 عاما
0891 و 5891
51-01
غد الاثنين
العام 1002
الساعة الحادية عشرة وخمسة عشر دقيقة
ليلة
ليلتهم الماضية
الساعة السابعة وخمسين دقيقة
السابع من تشرين الاول/اكتوبر الجاري
غدا الاثنين
بعد ساعات
52 عاما
05 عاما
7691
اربع وعشرين ساعة
ايام عدة
عام 4891
عام 5991
بعد ثلاثة اسابيع
عيد الغفران
يوم كيبور
82 ايلول/سبتمبر الماضي
تشرين الاول/اكتوبر 4991
اكثر من اسبوع
بداية تشرين الاول/اكتوبر
اليوم ذات
الخميس والجمعة
يوم الجمعة الفائت
يوم الخميس الماضي
21 ساعة
يوم واحد
الساعة 00،11 ت غ
ليوم الاحد
الساعة 03،11 ت
تشرين الثاني/نوفمبر
الساعة 00،31 (00،51 ت غ
يوما واحدا
71 آب/اغسطس الماضي
عدة ايام
92 تشرين الاول/اكتوبر الجاري
شباط/فبراير عام 9991
اواخر العام 8991
تموز/يوليو من العام ذاته
61 و03 عاما
ثمانية ايام
السابع من تشرين الاول/اكتوبر
عشرة اعوام
كانون الثاني/يناير 7991
82 ايلول/سبتمبر
بعد عشرة اعوام
الاسبوعين الاخيرين
عام 7991
سنوات
11 تشرين الاول/اكتوبر الجاري
02 و12 تشرين الاول/الجاري
بعد غد الثلاثاء
نهاية الشهر الجاري
5791
ايلول/سبتمبر 2891
بعد اثنتي عشرة سنة
7 تشرين الاول/اكتوبر الحالي
الساعة   04،71 بالتوقيت المحلي
04،61 ت غ
25ر31ر2 ساعة
70ر03ر2 س
60ر41ر2 س
63ر62ر2 س
43ر62ر2 ساعة
10ر41ر2
شباط/فبراير 6991
ساعتين
81 الى 32 تشرين الاول/اكتوبر الحالي
تشرين الاول/اكتوبر الماضي
اربع ساعات
42 عاما
لعام 1002
أمس السبت
12 و22 تشرين الاول/اكتوبر
يوم
السادس من تشرين الاول/اكتوبر الماضي
82 من ايلول/سبتمبر الماضي
21 الى 92 الحالي
32 عاما
92 ايلول/سبتمبر
21 ايلول/سبتمبر
العام 6891
ايلول/سبتمبر الماضي
يوم الجمعة الماضي
قبل حوالى عشرة ايام
ساعات
بعد منتصف ليل
9991
الثامن من تشرين الاول/اكتوبر الجاري
اليومين الماضيين
24 عاما
ثماني سنوات
السابع من الشهر الجاري
اليوم نفسه
مطلع تشرين الاول/اكتوبر الجاري
الليل
التاسعة والنصف صباحا
03،7 ت غ
اعوام عدة
عيد المظلات
2991
نهاية شباط/فبراير 1991
72 الحالي
21 تشرين الثاني/نوفمبر المقبل
منتصف ليل
22 تشرين الاول/اكتوبر
السادس من تشرين الاول/اكتوبر
يومي الاثنين والثلاثاء
الساعة 50،91 ت غ
الساعة 00،50
75 عاما
الساعة 00،80 بالتوقيت المحلي
الساعة 03،01 بالتوقيت المحلي
00،60 تغ
03،80 تغ
قبل يوم الثلاثاء
قبل الثلاثاء المقبل
الصباح
بعد 82 ايلول/سبتمبر
غد
نهاية ايلول/سبتمبر الماضي
الاشهر السبعة الاولى من السنة الجارية
السابعة عشرة
الثامنة عشرة من العمر
السبت الاحد
ثلاثين يوما
يوم الخميس
بعد بضعة ايام
منتصف ايلول/سبتمبر
2491
4691
2391
اليوم التالي
عشرة مليارات سنة
6791
5091
03 ساعة
61-01
34،22 ت غ
يوم السبت
الساعة 34،2 بالتوقيت المحلي
الساعة 03،12 ت غ
الاثنين الثلاثاء
51-11
سبعة اسابيع
02 كانون الثاني/يناير المقبل
هذه السنة
اقل من 51 يوما
71 كانون الثاني/يونيو المقبل
بعد عام
صباحية
غدا الخميس
2 تشرين الثاني/نوفبر الجاري
قبل ايام
مسائية
يوم 51 كانون الاول/ديسمبر المقبل
عام 4002
مطلع الشهر الحالي
الاشهر المقبلة
اليوم الاربعاء والخميس
منتصف العام المقبل
سبع سنوات
السادس من الشهر الجاري
يومي السبت والاحد (81 و91
بعد غد الجمعة
يومي الاثنين والثلاثاء (02 و12
52 الجاري
62 تشرين الاول/اكتوبر الماضي
العام 1991
موسم 19-29
8 سنوات
السبت المقبل
لسنوات الثلاث المقبلة
47 عاما
03 تموز/يوليو
الليلة قبل الماضية
امس الثلاثاء
الساعة الثالثة فجرا
00،81 ت غ
12 تشرين الثاني/نوفمبر
العام 0891
العام 9791
1891
مطلع التسعينات
القرن المقبل
قبل نهاية السنة
يوم الاستقلال
0791
الساعة 03،11 تغ
ليوم الاربعاء
كانون الثاني/يناير الماضي
نهاية تشرين الثاني/نوفمبر
اكثر من عام
عقود
الاول والتاسع من تشرين الثاني/نوفمبر
العام 0991
11 عاما
السادسة عشرة
51 تشرين الثاني/نوفمبر عام 8891
اواخر ايلول/سبتمبر الماضي
عام 8891
قبل ساعات
تشرين الثاني/نوفمبر 5991
51 تشرين الثاني/نوفمبر 8891
12 كانون الاول/ديسمبر 8891
81 شهرا
5891 و6891
64 عاما
لعام 8731
آذار/مارس 9991-آذار/مارس 0002
الاشهر السبعة الماضية
آذار/مارس المقبل
آذار/مارس 0002-آذار/مارس 1002
آذار/مارس 1002
العام الايراني 9731
7 تشرين الثاني/نوفمبر
الساعة 00،91 بتوقيت غرينيتش
اليوم وغدا
81 عاما
92 عاما
العاشر من تشرين الثاني/نوفمبر
الساعة 04،11 ت غ
الشتاء
كانون الاول/ديسمبر
تشرين الاول/اكتوبر 9991
82 تشرين الاول/اكتوبر
الرابع من تشرين الثاني/اكتوبر الماضي
الشهور الثلاثة المقبلة
قبل خمسين عاما
82 الشهر الجاري
4 تشرين الثاني/نوفمبر 5991
21 عاما
مطلع تشرين الاول/اكتوبر
الخامسة والسادسة عشرة
المساء
0102
كانون الثاني/يناير
51 تشرين الثاني/نوفمبر
شباط/فبراير
نهاية تشرين الاول/اكتوبر
الثالث من نيسان/ابريل
الاول من تشرين الثاني/نوفمبر الحالي
81-52 عاما
مطلع العام الجاري
عامين او ثلاثة
مطلع صيف العام 1002
عام 8791
42 ايار/مايو
صيف العام 1002
61 عاما
قبل 1991
اليوم العالمي للتسامح
كل عامين
قبل خمس سنوات
العام 5991
لعام ألفين
هذا اليوم
غد الخميس
اليوم نفس
الاثنين والثلاثاء
ستة اسابيع
3991
اليوم العالمي لمكافحة مرض السكري
ربيع العام 9991
الثامن من الجاري
41 سنة
32 ايار/مايو 7991
9791 و7991
92 ايار/مايو المقبل
03 حزيران/يونيو
32 ايار/مايو 9791
81 شباط/فبراير الماضي
ايار/مايو 1002
41 تشرين الثاني/نوفمبر
قرنا واحدا
بضع سنوات
العام 7642 قبل الميلاد
عامي 5842 و4742 قبل الميلاد
قرون
عام 3891
عام 9991
الساعة 30،51
01 تشرين الثاني/نوفمبر
السنة الماضية
الساعة 13،51 ت غ
الاسبوع
91 تشرين الاول/اكتوبر
بضع دقائق
يومي الاربعاء والخميس
97 عاما
عام 4791
الاول والعاشر من تشرين الثاني/نوفمبر
42 حزيران/يونيو الماضي
السابع من تشرين الاول/اكتوبر الماضي
12 تشرين الثاني/نوفمبر الجاري
14 عاما
بعد عشرة ايام
21 آب/اغسطس الماضي
1 كانون الاول/ديسمبر
الايام الماضية
الثالث من تشرين الثاني/نوفمبر الحالي
نهاية ايلول/سبتمبر
0002-6002
قبل خمسة اعوام
لسنوات الخمس الاولى
02 كانون الثاني/يناير
الدقيقة 09
اول من امس الاثنين
الايام الاولى لكانون الاول/ديسمبر المقبل
منتصف كانون الاول/ديسمبر   8991
02 يوما
50، 00 ت.غ
مطلع تشرين الثاني/نوفمبر
حزيران/يونيو المقبل
بعد عام 5991
نصف الساعة الاخير
الدقيقة 47
دقيقة واحدة
الدقيقة 75
تموز/يوليو المقبل
السابع من تشرين الثاني/نوفمبر
كانون الاول/ديسمبر المقبل
11 الى 02 كانون الاول/ديسمبر المقبل
32 تشرين الثاني/نوفمبر
الدقيقة 61
عام 7291
55 سنة
قبل نهاية السنة الجارية
نهاية العام 0002
العام 7991
التاسع من تشرين الثاني/نوفمبر
الاربعاء الخميس
61 تشرين الثاني/نوفمبر
7191
2591
0591
9691
3391
6591
61-11
امس الاربعاء
الساعة 00،50 ت غ
الساعة 00،71 بالتوقيت المحلي
