سوق الابا
تشرنوبيل
استاد
استاد "ابيه ديشان"
استاد طحنون بن محمد
استاد الامير محمد بن فهد
استاد ال مكتوم
جسر الامير محمد
برج
غرفة
طرق
جامعة
جامعات
رامشتاين
صالاتها
العتبات الشيعية المقدسة
العتبات المقدسة
جمعية
بوابة كليغنانتور
اهرامات
الطريق الرئيسية رقم واحد
الطريق الدولية الرقم واحد
الطريق الدولية رقم واحد
بمركز
الجيزة
البيت الابيض
الدفاع المدني
الاهرامات
الأقصى
الامم المتحدة
القصر الاميري
المركز الثقافي الملكي
القرية الاولمبية
المدينة الرياضية
الملعب المدينة الرياضية
الكليات
معسكر ابي سياف
معسكر شهداء الشابورة
معهد
مزار الشيخ العباد
مستشفى
مستشفى زايد الجراحي التخصصي
مستوطنات
قاعة
قاعدة علي السالم الجوية
قاعة حرشة الرياضية
قاعدة اليشا
مدرج
قصر بعبدا
مطار عمان
مطار سيول
مطار صدام الدولي
مطار طهران
مطار بيروت
مطار بيروت الدولي
مطار الرياض الدولي
مطار جي اف كي
قصر العدل
قصر الشعب
قبر صلاح الدين الايوبي
قصر الرياضة
محطة مهاما
مطار لواندا
مجمع
مركز المؤتمرات الدولي
مركز الهناجر للفنون
مرفأ عدن
كامب زايست
مرفأ بانياس
مرفأ بيروت
مرفأ اللاذقية
كامب ديفيد
هرم الجيزة
مخيما
مدينة الملك خالد العسكرية
ملعب التضامن
ملعب صيدا
ملعب شيرودي
ملعب الامير عبد المجيد بن عبد العزيز
ملعب المجمع قابوس
ملعب المدينة الرياضية
ملعب مورومبي
منتجع شرم الشيخ
مقبرة جبل الزيتون
هيثرو
ممر بن شكاو
للمستشفيات
للمسجد الاقصى
للمسجد الأقصى
ميناء
ميناء عدن
ميناء نورفولك العسكري
