ا
أ
ا 12-
عربي
عاصمة
عربية
عراقيا
عمار الموسوي
عمان
عُمان
عين شمس
زيبمابوي
زيمبابوي
سعودية
سعوديون
ساحل العاج
سريلانكا
سوداني
سودانية
سوريا
سورية
سيدني
سويسرا
تركيا
تكساس
تل أبيب
بعلبك
اسرائيل
إسرائيل 
إسرائيل
إسرائيلي 
إسرائيلي
إسرائيلية
آسيا
إسلام آباد
اتشخوي مارتان
آتشيه
أتشيه
راعيي
غزة
بإسرائيل
شاتيل
صبرا
طابا
بغزة
برشتينا
 بغداد
بغداد
أطراف
صربي
صربيا
صربية
غروزني
باريس
بجاكرتا
بشرم الشيخ
أردنية
باكستان
باكستاني
اديس ابابا
بالسودان
د الت
باندا
بريشتتيا
أبيدجان
ابو ظبي
بريطانيا
غودرميس
بالضفة الغربية
 شرم الشيخ
شرم الشيخ 
شرم الشيخ
بالجماهيرية الليبية
بروكسل
بايفرا
برمنغهام
أثيوبيا
بالم بيتش
بالقاهرة
برلين
حاملـة اللقـب
بانكوك
اق (..
بور
رفح
العراق 
العراق
العربية
العربيات
العاصمة الانغولية
العراقي
العريش
العالم
العالمية
العقبة
العواصم
اوزبكستان
روس
السعودية
روسيا
السلطة
السلطات 
السلطات الفلسطينية
السودان
روسيان
أوسلو
بكسوفا
بيت ساحور
بيت جال
بيت شاما
أمتنا
بيت لاهيا
التونسية
بقطر
بلاد
بمصر
الصعيد
الجزائر
الجزائية
الإسرائيلي 
الإسرائيلي
الإسرائيلية 
الإسرائيلية
الإسرائيليون 
الاسكندرية
الاتحاد الاوروبي
الاتحاد الأوروبي
إيرتريا
أوربا 
أوربا
البرتغالية
بوخارست
اماراتية
الاردن
الأردن
الصربية
البحرين
الأردني
الأردنية
طهران
اق، ال
ايران
إيران
بلادنا
جورجيا
الباكستانية
الاخيرة
الخضيرة
البريطاني 
البريطاني
انغوشيا
انغول
بلادهم
جيرانه
الشريك
إيراني
انغولا
الطرفين
شيشانيين
ايطاليين
دمشق 
دمشق
الضفة
بيروت
البيرة
الدوحة
الرياض
اوروبا
الامارات
الشيشان
البلدان
الألبان
الضفة الغربية
الأوغندية
الإيراني
الألبانية
الإيرانية
الانغولي
الانغولية
الايطاليين
الإيرانيون
الإيرانيين
انديانا
الاوروبيون
الأوروبيين
البلدين 
الأفريقية
الأمريكية
الإفريقية
الإندونيسي
الإندونيسية
الدول
بمدينة
الدولة
أمريكا
الشيوعي
الصومال
شيرول الغربية
الألماني
الألمانية
الدولية
أمريكيا
إفريقية
إندونيسيا 
إندونيسيا
إفريقيا   الوسطى
البولندي
الإقليم
د من 
دول
دولة
اقية.   
أنقر
روما
اق مع 
دول عربية
اقي عام
جيوسيبي كاسيني
بكوسوفو
القدس
القدس الغربية
القدس الشرقية
الفرسنية
اق يرغ
المغرب
اليابان
الفضة الغربية
اليابانيون
المصري
المصرية
المحافظات
دولة الامارات
دولة الامارات العربية المتحدة
جنوب أفريقيا
اق وال
اق يأم
القرى
المدن 
الوطن 
الوطن
اميركا
الفرنسية
القاهرة
اللبنانية
الوطني
النرويج 
النرويج
أميركية
الماليزي
دولة فلسطينية
المدينة المقدسة
القطـــــري
جنيف
دولنا
دولية
الهند
النمسا
الفلسطيني 
الفلسطيني
الفلسطينية
الفلسطينيات
الفلسطنيين
الفلسطينيون
الفلسطينيين 
الفلطسينية
اليوغسلافي
اليوغسلافية
الموطن
الولايات المتحدة
الفلبين
الفلبيني
الفلبينية
طوكيو
اليمن
الكويت
الكويتــــي
القوقاز
الكونغو
اليوناني
المملكة العربية السعودية
بنيويورك
ل
لساحل العاج
كسوفا
قطر
مصر
لإسرائيل
وإسرائيليا
لاسرائيليين
قدسنا
محتل
قطاع غزة
كردستان
لأردن
يابانية
نابلس
لباكستان
واشنطن
قراهم
فرنسا
مانشستر
كامب ديفد
كامب ديفيد
لبنان 
لبنان
فالاميركيون
مدينة
ماليزيا
مانهاتن
ناميبي
مانيل
كحكومة
كل
للعراق
للسعودية
 فلسطين
فلسطين 
فلسطين
فلسطينيا
فلسطينية
فلسطينيين
موسكو
كوسوفو
هلسنكي
لمصر
قوات 
للاتحاد الاوروبي
للاتحاد الأوروبي
مقاطعة
يوغسلافيا
يوغوسلافيا
مواطنا فلسطينيا
لندن
كوريا
لواند
ليبيا
للروس
لواندا
لواندا-سول
كوريا الشمالية
كوريا الجنوبية
نواكشوط
نيجيريا
لمدينتي رام الله
لمدينة غزة
لموسكو
لليابان
لليابانيين
كيمبال
لوكربي
فلوريدا
للقاهرة
نيودلهي
ليون
للهند
نيقوسيا
للولايات المتحدة
للولايات المتحدة الأميركية
نيو مكسيكو
 نيويورك
نيويورك
يمنيون
