52 الف دولار
003 الف دولار
5،01 مليار دولار
5،4 مليار دولار
006 مليون دولار
001 مليون دولار
04 مليون دولار
009 الف دولار
006 الف دولار
03 مليار دولار
029 مليون يورو
3،4 ملايين يورو
80ر1 مليون دولار
008 الف دولار
مليون جنيه
52 مليون دولار
06 الف دولار
04 الفا
423 و094 مليون دولار
052 الف دولار
02 مليار دولار
عشرين مليار دولار
ملايين من الدولارات
23 دولارا
سبعة ملايين دولار
041 مليار دولار
23 مليار دولار
9،2 مليار دولار
9،13 مليار دولار
مليار دولار اميركي
ثماني مليارات دولار
005 الف دولار
055 مليون دولار
021 مليونا
7،9 ملايين دولار
803 الاف دولار
363 الف دولار
053 الف دولار
525 الف دولار
مليار بيزيتا
6 ملايين دولار
63 دولارا
29،53 دولارا
سبعين مليون دولار
88 مليون دولار
573 الف دولار
05 الف دولار
048 الف دولار
81 مليون دولار
المئة الف دولار
001 الف دولار
005 الف جنيه استرليني
5،43 مليار دولار
43 دولارا
خمسة مليارات دولار
2،2 مليون دولار
5،1 مليون جنيها
مليار دولار سنويا
002 مليون دولار
40،0 دولار
053 ريالا
52،33 دولارا
04 سنتا
78،43 دولارا
96،23 دولارا
06،33 دولارا
33 دولارا
3،93 مليون دولار
9،1 مليون دولار
8،4 مليون دولار
5،1 مليون دولار
44 مليون روبل
53 مليار دولار
مليار دولار
056 مليون دولار
04 ألف دولار
03 دولارا
89،33 دولارا
03،33 دولارا
02 و52 دولارا
01 دولارات
05 سنتا
خمسين سنتا
51 سنتا
03 مليون دولار
7،01 ملايين دولار
052 مليون دولار
55 مليون دولار
