الاميركية
البرازيليين
الاسرائيلية
الاميركيين
الفلسطينية
الاسرائيلي
الاميركي
الايطالية
البلغارية
السلوفاكية
الارجنتينية
البلجيكية
الفنزويلي
الايراني
كويتي
ايراني
العراقيين
العراقي
اميركية
الفلسطيني
الفلسطينيين
اسلامية
الجزائرية
اسلاميا
الجزائري
جزائرية
اسلاميين
فلسطينيون
المسلم
الاسلامية
الروسية
البريطانية
المكسيكية
الهنود
الفيدجي
هندي
الالماني
العربي
السوري
ياباني
السورية
سعودي
سوري
سعودية
مصرية
اللبناني
سعوديا
الباكستانيين
العربية
الايرانية
الكورية الشمالية
الايرانيين
الروسي
الايرانيات
فلسطيني
التونسي
المغربي
الصحراوي
اليهود
اوكرانية
المصريين
السعوديين
البروتستانتينة
الكوبية
الكوبي
الافريقية
السنغالي
الليبي
البرتغالي
ايطالية
السعودي
ليوغوسلافي
الاسيوية
اسبانية
فرنسية
السوداني
السويسرية
الاسباني
الفرنسي
الارجنتيني
البيلاروسي
التشيكي
السويسري
النازيين الجدد
اليوغوسلافية
السلوفينية
اليوغوسلافي
جزائري
النيجيري
النيجيرية
فلسطينية
السوفياتي
اسرائيلي
لبنانية
اسرائيليين
فلسطينيين
الفلسطينين
الاسرائيليين
السيراليونيين
الالمانية
الاسبانية
العراقية
اميركي
الكويتية
بريطانية
الساندينيين
يمنيين
الاوروبية
السعوديون
بريطانيتان
الاردني
الكندية
مقدوني
تركيان
التركية
صينيا
بريطاني
صينيين
الصينية
الصينيون
البريطانيين
الصينيين
لفلسطينيين
الفيتنامي
الفلسطينيني
فلسطينين
اسيويا
كورية شمالية
الكوري الجنوبي
كوري جنوبي
الكوريين الشماليين
الكورية
الكولومبية
التشيكية
الاسترالية
الجنوب افريقية
اللوكسمبورغية
التايلاندية
الرومانية
الفرنسية
السويدية
اليابانية
الاوروبي
النمسوي
الروماني
السويدي
الايطالي
الكرواتي
البلجيكي
الفلسطينيون
اليونانية
المجري
السلوفاكي
الاسترالي
الكوستاريكي
التايلاندي
البرازيلي
التشيلي
والسلوفاكي
الياباني
عربيا
عربية
المصرية
مصري
المصري
افريقيا
اللبنانية
الليبية
الاميركيتين
الجامايكية
الهولندي
مسلمة
المسلمين
الاندونيسي
الاسرائيليون
لبناني
الصومالي
صومالية
الصوماليين
الجيبوتي
الجيبوتيين
النيوزلندي
عربي
الكويتي
مسلم
فيليبينية
القطري
البحريني
روسي
لمسيحيين
اليهودي
ليهود
الاسلاميين
الفارسي
الشيعي
العرب
فلسطينيي
عرب
فلسطينيا
عثمانية
البريطاني
اللبنانيتين
العثمانيون
روسيتان
عراقية
اللبنانيين
لبنانيا
اسرائيلية
اللبنانيون
مسيحيا
اللبنانبة
اسرائيليتين
لتركي
ليبية
ليبي
الجنوب افريقي
غربيين
الفنلنديين
فنلنديان
الفيليبيني
الهندي
الكاشميري
اوروبية
اميركيين
الاذربيجانية
فيليبينيين
المانيان
ماليزيين
وفيليبيان
فرنسيين
جنوب افريقيين
فرنسيان
روسية
انغولي
لانغوليين
انغوليين
الانغوليين
الماليزية
الغربيين
مصريين
المصريون
اسرائيليون
اميركيون
صومالي
والقرغيزستانية
الاوزبكية
الجمهوري
اليوناني
اليابانيين
السوريين
الاوروبيين
ايطالي
اليمني
الاماراتي
فنزويلي
الليبيين
المتوسطية
قطري
لبرازيلي
المكسيكي
عراقي
الاردنيين
البلغاري
اماراتي
الفلسطينيان
الانكليزي
الروس
الشيشانية
شيشانيا
الشيشاني
لروس
الشيشانيين
الفيليبينيين
الفرنسيون
الماليزيين
اسلاميون
الصرب
الكروات
كروات
السودانية
الباكستاني
الهندية
القبارصة
القبرصي
الاتراك
التركي
اليونانيون
القبرصية
الاسبانيان
الاوزبكستانية
العبرية
فلسطينيتين
اميركيا
المسلمة
الصهيونية
الغيني
الأمريكية
الامريكي
الإسرائيلية
الإسرائيلي
الأمريكي
الافغانية
الاسلامي
الافغاني
الافغان
الفيليبينية
مسلمون
فيليبينيون
السوفياتية
فرنسيون
اليهودية
لسويدي
الكورية الجنوبية
لفيليبينيين
فيليبينيا
الغربية
الجزائريان
المصريان
الاندونيسية
مسلمين
سلوفيني
غربي
باكستانيا
الكوراتي
لارجنتيني
الاكوادوري
اسيوية
الاردنية
امريكية
الاسرائليين
اسرائيليا
لبنانيين
اميركي لاتيني
تركية
الصهيوني
المغربية
مغربيين
يهودي
الغانية
اردنية
الدنماركية
الفسلطينيين
الصهاينة
اسلامي
درزي
الاميركيون
يمني
صوماليي
الصومالية
اللندني
الصينيتان
الكيني
النازية
نازية
اليمنية
مغربي
يهودية
يهود
كاثوليكية
اردني
الفلسطينسي
سعوديان
عراقيون
امام
التايلانديين
الامركية
صهيونية
خليجية
دروز
لبنانيون
الدرزي
البحرينية
البولندي
يهودا
الشيعية
خليجي
الغاني
العاجي
الكاميروني
اليونانيتين
المسيحية
عراقيا
لغيني
النازيين
صينية
عمانيا
سويديا
كينيين
سويسريا
هنديا
الديموقراطية
الديموقراطي
الاسلاميون
الديموقراطيين
الجمهوريين
البوروندي
الاماراتيين
الكوري
لتشيكي
العمانية
التايلندي
الصيني
الاسيويين
الكندي
تاميل
التاميل
كنادا
سورية
الصربي
الاشتراكيون الديموقراطيون
المتوسطي
يابانية
قبرصيا
اتراك
الاسكتلندية
الاسكتلندي
الليبيان
الديموقراطيون
لديموقراطيين
أوربيين
الاشتراكيين الديموقراطيين
الموريتانية
فلسطينيان
ارمن
الخليجية
الاماراتية
الغربي
الاقباط
الإسلامي
المسيحي
الارمنية
الارمن
الاسلامية.
الافارقة
افريقية
كويتية
فرنسي
العربيتين
المسيحيين
لقبارصة
اليونانيين
اردنيين
فلسلطينية
فسطينيا
البحرنية
بحريني
الموريتاني
الماروني
وبريطانية
والبريطانية
الكولومبي
الاوروغوياني
والاميركي
عربيين
الالمان
اسرائيليتان
باريسية
لاميركيين
الديموقرطي
