عدم الانحياز
عالية
سامسونغ
سامسونغ الخليج
سفر
سي بي اس
تي اس اف
تليفزيون المنار
حزب
حزب الله
حزب الليكود اليميني الإسرائيلي
حزبه
حزبي
اسوشيتدبرس
اتحاد
شتيرن
بحزب
غزير
ار تي ار
ادارة
بإذاعة
رابطة ابناء اليمن
بدار الإفتاء
أبطال
دار الخلود
راديو
راي
حركة
جامعتنا
جامعة الدول العربة
أبو سنينة
حركات
حركة حماس
حركة فتح
صحيفة
شروق أسعد
) ال
اف ب
أ ف ب
أف ب
العسكرية
جمعية الهلال الاحمر
الزمالك
انسا
إيسر
السجون
السلطات
التجمع من أجل الديمقراطية
انترفاكس
صوت أمريكا
صوت أمريكا الإقليمي
ريتي 4
بنتون
ان تي في
أكبر
جهاز
الحزب الجمهوري
الحزب الوطني الديمقراطي
حماس
الإسلامية
الاتحاد السعودي
الاتحاد الأوربي
الاتحاد الروماني لكرة القدم
الغزاة
الأحزاب
الحرس
الشرطة
الإدارة
الرابطة
الخارجية
البحرية
الصحف
الرشيد
الجامعة العربية
الخطوط الجوية الإيرانية
الخطوط الجوية اليوغسلافية
الخطوط الجوية الملكية الأردنية
الخطوط الملكية الأردنية
الخطوط المملكة الأردنية
أوبك
الجيش
الجمعية العامة
الحياة
الثورة
الجماعة
الجهاد الاسلامي
الرياضي
الجيش الإسرائيلي
الريان
الأمانة
شمال الأطلسي
الشمال الأطلنطي
الأمم المتحدة
الامن الوقائي الفلسطيني
الاهلي
الحكومة
الريــان
ريا-نوفوستي
الجهـــــراء
 الى
المعارضة
رويتر
المؤتمر
المخابرات
الوحدة الأفريقية
اللجنة
المجلس
حلف الأطلسي
الكرملين
حكومة
القوة 17
القيادة
حكومة حقوق الإنسان
النيل
الكنيست
المفوضية
الليكود
وزارة الزراعة
وزارة الخارجية
وزارة الداخلية
وسائل
فتح
قاعدة نتسارين
لرعاية الشباب
لحزب التجمع
لحزب الله
لحزب الوفد الجديد
مؤتمر
لأحزاب
لإدارة
وحدة كومندوز
لجان
لحركة
لجامعة
فرانس برس
واشنطن تايمز
مصرفها
لجنة
مركز السرطان
مجلس
كريستيان صاينز مونتير
مجلس الشعب
مجلس الامن
مجلس الأمن
مجلس الشيوخ
مجلس الوزراء
مجلس مدينة
لجنة الاغاثة والطوارئ
ك ريل
وطني
محكمة
م المتحدة ستس
م المتحدة حول
م المتحدة، نف
م المتحدة وحذ
لحكومة الإسرائيلية
ك" مع 
للتجمع
كيتو ريلواي
يو إس أيه توداي
قوات الطوارئ
نقابة
للاذاعة
نقابات
قناة النيل
قناة النيل للأخبار
للجامعة العربية
منظمة
وكالة
لمجلس القومي للمرأة
ميدياسيت
منظمات.
منظمة المؤتمر الاسلامي
منظمة المؤتمر الإسلامي
للأم المتحدة
لمحكمة
للامم المتحدة
للأمم المتحدة
للمعارضة
للكتب
لمنتخبي
لقناة النيل
هومنتمن
نيويورك تايمز
نيويورك بوست
