عزت إبراهيم الدوري
عزت الدوري
عز الدين القسام
 عبد
عبد
عدد
عشرة آخرون
عبد ال
عبد العزيز بوتفليقة
عبد السلام التريكي
عبد الرحمن واحد 
عبد الكريم عبيد
عبد الكريم الارياني
عبد الله
عبدالله الأحمر
عبد الله الثاني
عبدالله الواكد
عبد الملك الدهامشي
عاشق
عائلته
عاطف مجدلاني
عصمت عبد المجيد
عرفات 
عرفات
عبيد الدوسري
عيسى بن سلمان آل خليفة
عمر حسن البشير
عمر الغامدي
عنان 
عنان
عمرو موسى
عمرو موسي
عمرو موسى وزير الخارجية
علي عبد السلام التريكي
علي عبد الله صالح
عملاء
علي رضا غونول
علي صالح
على أبو الراغب 
على أبو الراغب
علي ابو الراغب
على خامنئي
زعامة
زايد
زايد بن سلطان آل نهيان
زانغ يونغ
زوار
زوجها
زين العابدين بن علي
سعود الفيصل
ستناميل جوفيفتش
سادتي
سامي الجابر
سرفي لافلوف
سوزان مبارك
سيصب
سها عرفات
سيداتي
سيرغي ياسترجمبسكي
سلطان بن عبد العزيز
سكان
سلوبدان مليوسفيتش
 سولانا
سولانا
سون بونغ كيم
سونيا بيس
سليمان ديميريل
سيلفيو برلسكوني
تاتيانا كولاغينــــا
تانسو تشيلر
توشيهيرو هاتوري
توماس اينكفيست
توني بلير
توموكازو ميوجين
شعب
شعث
أعداء
أعضاء
اعدائي
شعبه
شعبنا
أسترادا
اساتذة
أسرته
إسحاق رابين
أسرى
إسحق رابين
أسر يابانية
أسير
رسلان غيلاييف
إسلاميين
حسين
رسمية
حسين اعبيات
حسن نصر الله
حسني مبارك
حسين كاظم بور اجبديلى
اتسوشي ياناجيساوا
أتباع
حشد
ربة
داعية
باسل فليحان
باسم كيفور
أخت
باتريك رافتر
حاتم
خاتمي
ثائر
ضابط
ارازي
خرازي
حضرتك
غابة
غائب
أشخاص
صائب عريقات
اغاسي
بغائب
ضابط إسرائيلي
ضابطا إسرائيليا
باربدرين
بشار الاسد
جابر الاحمد الصباح
باراك
اجبديلى
إبراهيم رجوفر
جبران كورية
غاده قليلات
رجال
بابيتشيف
اصدقاء
أصدقاء
صدام حسين
اشرف صبحي
غاندي
رجال أمن
شارون
رابين
أجاويد
أرئيل شارون
إرئيل شارون
جبريل الرجوب
شاؤول موفاز
بري
ابن
أخي
رجل
غور
جريح
ربنا
أبو عمار
رئيس 
غوستافو كويرتن
رئيس بوزراء
رئيس وزراء
رئيس يوغسلافيا
رافتر
أبناء
بديباجو
بالأصدقاء
إدوارد يرنيار
 رشيد اكد
أبناءها
بالرئيس
حافظ الاسد
صالح الصقري
احمد الدوخي
احمد خليل
أطفال
خالد مشعل
احمد ياسين
احمد قادروف
جاك شيراك
أحمد قديروف
آدم الحنين
أطفالنا
دري طومس
اصلان مسخادوف
أصلان مسخادوف
اشكروفت
بروبن كوك
آصفي
شريكا
حبيقة
ابنها
بالمتمردين
داني توم
خافير سولانا
دانيا توم
شامل باساييف
بالقادم
شاهندا مقلد
دان كوتس
خافيير سولانا
دبلوماسيون
داني ياتوم
آرييل شارون
رايمون سلويتر
ارنو كليمان
جي
اي
أم
بوش 
بوش
جور 
جور
العرب
الزعماء
جوزيف أسترادا
جوزيف ليبرمان
السجناء
السجناء اللبنانيين
السيدة
السياح
السفير
أوسولاجان باسانجو
بوتين
الشعب
الشعراء
الاسد
الإسرائيليون
الإسرائيليين
الحسن الثاني
الحسن وتارا
شهداء
الشخص
أفراد
أنصار
الشرع
الشرع وموسى
الضابط
الأشخاص
الأطباء
الأطراف
جورج دبليو بوش
ديباجو
الجرحى
الرجال
روبرجي
 أفرادها
جورج بوش
الضحايا
الأجانب 
أفرادها
الأبرياء
الأصدقاء
جورج روبتسن
رواء الجصاني
جورج بوش الابن
الجابين
آل غو
آل غور
طلابية
البشير
الأخوة 
الأخوة
الرجوب
حمد بن عيسى آل خليفة
الرئيس 
الرئيس
الرئيس باسونجو
الرئيس مبارك
الرئيس كلينتون
الشركاء
ايغور ايفانوف
الحريري
الأطفال
حمد بن خليفة آل ثاني
الشريف
اندريه اغاسي
جورج وكر بوش
 روبر كوك
الرجلين
روبر كوك
روبرن كوك
ريبان كوك
جندي
أنان
آل جور
الروس
الأوساط
الشهداء
روبير حاتم
جيرهارد شرودر
الشهداء الفلسطينيين
الجهاد الإسلامي
جمانة التميمي
الصيادين
الجندي
انطوان زعتر
إفريام سناه
الجواهري
طلال المشعل
الأمريكيين
الطفل
أهالي
الجميع
الجنود الإسرائيلية
الجنود الإسرائيليين
جماهيرنا
جمانه التميمي
الامير نواف بن فيصل
الأمين 
الأمين
أمريكي
روبن كوك
طفل
شهود
شهيد
جنود
المعلق 
المعلق
الوزراء
ريوزو موريوكا
المستوطنين
المسافرة
المسافرون
المسئولون
المسئولين
بويسلاف كوشتنيستا
شونسوكي ناكاموزا
المتشددين
المتظاهرون 
المتظاهرون
المتظاهرين
صفوت الشريف
المتمردون
المتمردين
القتلى
 شهيدا
شهيدا
ا لمرض
الناس
الكاتب
المختطفين 
القادة
المراسل
المراسلة
الفئات
القائد خطاب
حميد رضا آصفي
القادة الإسرائيليين
جو واغرمان
أولبرايت
المرغني
المصابون
إيهاب يعقوب
أنور السادات
بهية الحريري
المراقبين
جون اشكروفت
القدوة
ايفان بابيتشيف
إيمان رافع
رونالد رودن
الكثيرين
اللبنانيين
رومانو برودي
المصلون
ايفانوف
بنيامين نتينياهو
بلين
الله
الوفد
أمينة
الفلسطينية 
الفلسطينيين
بولنت أجاويد
روكوبا
القوات 
القوات
ايلي حاتم
ايهود باراك
ايهود) باراك
إيهود باراك 
إيهود باراك
الوفدان
جيني باندر
ايلي حبيقة
ديفيد بلين
المواطنين 
المواطنين
المفاوض
خليل العسلي
خليفة ناصر
رفيق الحريري
المفاوضون
جوليانو أماتو
ديفيد نيوسن
بيلين
الملك عبد الله الثاني
النفوس
شيمون أران
اميل لحود
شلومو بن عامي
 شيمون بيرير
شيمون بيريز
اكينوري نيشيزاوا
جوف هون
انو لقمان ان 
بيل كلينتون
أمنون ليكنن شحب
معتصم
معتقل
فعاليات
لعوائل
معمر القذافي
لزعماء
وزراء
وزراء خارجية
وزيرا
نساء
مسخادوف
مسببي
مسافرا
مسافرين
مسؤولو
مسئولون
مسلحين
مسلم
متزلجا
متزلجين
متحدث
وتارا
متظاهرين
قتلة
متمردو
قاض
لشعب 
مشعل
مرزوق العتيبي
لأسترادا
ياسر عبد ربه
ياسر عرفات
ياسر) عرفات
ياسين
مختطفي
ياتوم
مرتهنين
كبار
واحد
فارس
مراسلتها
قادته
مصدرا
مصادر
فؤاد الخازن
ناصر القدوة
مبارك 
مبارك
مخربي
مرشحي
قادروف
ناشطون
لاجئ فلسطيني
ياردن فاتيكاي
لأرئيل شارون
فدائيون
نصر الله
مرشحيهما
قاضي
مجرم
مدافعة
قابوس
قابوس بن سعيد
هشام ارازي
فاطمة بنت مبارك
فاطمة البشير
نادية مبروك
مشاهدينا
ناجين
فاروق الشرع
مصطفي ديراني
لآرييل شارون
مادلين أولبرايت
كارول كوتشيرا
مصطفى كولكو
لجي
لحود
هالة
كريستين ويتمان
كريس باتن
محمد سعيد السجار
محمد سعيد الصحاف
محمد حسين
محمد حسنى مبارك
محمد حسني مبارك
محمد خاتمي
محمد بركة
محمد أحمد الشعراوي
محمد أحمد كباب
محمد السادس
محمد الدعيع
محمد اياد الشطي
محمد البركة
هالة شكر الله
محمد حنظل
مئير اورين
محمد الشلهوب
محمد الخليوي
والده
لبنانيا
محمد مهدي الجواهري
نبيل
لطيفة
 نبيل شعث 
نبيل شعث
محمود حسين
محمود درويش
محمود الزهار
نبيل أبو ردينة
يا فندم 
يا فندم
لخلفه
ناوهيرو تاكاهارا
مدنيين
محللون
محللين
مدنييها
ناكوي ماتسودا
قوة
وفد
لوسا
لمستخدميه
فلسطيني
فلسطينيون
موسى 
موسى
موسي
نفسه
يوسي بيلين
لقاض
وفدا
للشعب
قوات حفظ السلام الدولية
مهاتير محمد
قواته الأمن
مقاتلو
مقاتلي
كوبرا
نماذج
قيادات
ليا رابين
 فلاح الجواهري
فلاح الجواهري
للاجئين
مواطنا
فهد بن عبد العزيز
ميشال سليمان
ميشال شتورتينسكي
مواطنان
لوران ديباجو
هواري بومدين
مواطنوها
فلاديمير بوتين
كوبك
ممثل
نوبل
مندوب
للروس
كمال خرازي
نواف التمياط
منال الألوسي
هيروشي نانامي
لوشيانو بينتون
هيرواكي موريشيما
لوري كاسمن
يوشيكاتسو كاواغوتشي
ممثلون
نورمن كامستر
هنري كونان بيدييه
نيرمين محمود
هنري لوكلير
كوك
كيم
لله
هون
لقوة
لميس عبد الغني
للنساء
فيوسلاف كوستنيستا
وفودا
لقواتها
للفئات
لينا رابين
قــابوس بن ســعيد
يهودا ويلك
كيم داي يونج
هيلاري كلينتون
وليامز
ميلشيا جيش لبناني الجنوبي
ميلان ماتشال
قومي
كل من
ليلى
ويلك
كيفور
كوفي عنان
للفلسطينيين 
للفلسطينيين
كلينتون
فيليب تروسييه
للمواطنين
ليلى بنت علي
منيف حمدان
كوفي أنان
هليلانيا كوبن
موكله
لوكلير
ليونيل جوسبان
