الباص
باصات
رصاصة
قنبلة
جرافات
صاروخ
الصاروخ
ليخوت
لصواريخ
لصاروخ
السلاح
سلاح
المركب
الطائرة
الحجارة
سيارات
قذيفة
قنابل
صواريخ
رؤوس
الدبابة
لاسلحة
دبابة
دبابات
بارجتان
الزوارق
باص
سفينة
شاحنت
حافلة
الغواصة
طائرة
طائرات
حاملة الطائرات
المقاتلات
بواخر
السيارات
قوارب
كبسولتي
الكبسولتين
غواصة
الطوربيدات
كبسولات
الطائرتان
الطائرتين
سفينتان
سفن
لغواصة
بلغم بحري
الطائرات
جرافتين
جرافة
السيف
المتفجرات
عبوة
العبوة
القنابل
الالغام
السفينة
الغواصات
كبسولة
الكبسولة
الباخرة
باخرة
سيارت
المقاومات
البنادق
بندقيت
طائرت
مركبة
طوربيد
طوربيدات
السفن
القذيفة
الطراد
الحافلة
قطار
القطار
الاسلحة
الرصاص
اسلحة
الدبابات
المدرعات
آليات مدرعة
مروحيات
طائرتان
مروحيتان
الطلقة
سيارة
رصاص
الشاحنة
شاحنة
الفاس
المدمرة
طائراتها
السكاكين
لرصاص
المقاليع
القطارات
عبوات حارقة
شاحنات
الذخيرة
حافلات
عيارات
اعيرة
لسفن
الجرافات
عيار
القنبلة
اسلحت
سيارات اسعاف
رصاصتي
الرصاصات
سرب
مقاتلة
رصاصات
القذائف
رصاصتين
المقاومات الارضية
مدفعيته
مقاتلات
التشكيلات
لطائرات
سيارة اسعاف
صاروح
مروحية
سيارته
لدبابات
الصواريخ
قذائف
لذخائر
المروحيات
