中国
北京
日本
欧 美
杭州
东南亚
大陆
台湾
香港
河 市 县
常州市
镇江
徐州
无锡市
扬州市
常州
镇江市
扬州
韩国
深圳 沙头角 保税区
沙头角 保税区
深圳
深圳市 沙头角 保税区
海南
三亚
洋浦 保税区
亚太 区域
海口
宁波 保税区
宁波
风陵渡 经济 开发区
太原
法
日
黄河 金三角
美
韩
陕西
山西省
中国 山西
河南
台
加拿大
宜昌
长江 三角洲
浙江
浙江省
温州
浙江 中西部 地区
宁波 大榭岛
福建省
厦门
福州
闽 东南 地区
桥头 工业区
晋江 安海
中国 闽 东南
泉州
福建
漳州
福兴 投资区
莆田
福州 鼓山镇
满洲里
呼伦贝尔盟 十三 旗 市
内蒙古 呼伦贝尔盟
呼伦贝尔盟
海拉尔
东北
俄罗斯
额尔古纳河
蒙古
华南
海拉尔市
呼和浩特
华东
大连
大连市
缅
孟加拉国
印度
仰光
缅甸
泰
泰国
缅 泰 边境 地区
成都
辽宁
辽宁省
沈阳
港
澳
东莞市
广东省
广东
广州
粤
珠江 三角洲
惠州
三角洲
福州 高 科技 园区
台湾省
闽
厦门 经济 特区
福州 科技 园区
天津市
中国 北方
天津
俄
天津 滨海 国际 机场
中
堪培拉
印尼
亚洲
澳大利亚
悉尼
德国
水东 开发区
美国
粤西 地区
华南 地区
茂名市
郑州
华盛顿
南京
连云港 开发区
连云港
九江
龙开河
龙开河 下游段
九江 市区
江西省
江西
九龙街
长江
庐山
九江市
九江 火车站
南昌
九江站
四川
四川省
日本 神户
中西部
山东省
中西部 地区
湖南
江苏省
中国 天津市
长沙
新加坡
图们江
吉林省 珲春市
图们江 地区
中国 长白山
中国 珲春 边境 合作区
珲春
海参崴
东北亚 地区
图们江 三角洲
蒙
俄扎鲁比诺港
朝
长春
珲春市
瑞典
朝鲜
东北亚
中国 长春
中国 吉林
吉林省
江苏
河南省
中国 中西部 地区
东亚
吉隆坡
东南亚 地区
马来西亚 首都 吉隆坡
拉美
非洲
苏州
石家庄
昆明
四川 成都
香港 特别 行政区 
台湾岛
上海
大洋洲
南非
上海市
中东
浦东 新区
汕头市
汕头 高新 技术 开发区
汕头
美国 硅谷
南宁市
中国 少数 民族 地区
南宁
广西 首府 南宁市
上海 闵行 开发区
浦东
亚太 地区
长江 流域
中国 浦东
外高桥 保税区
西宁市
西宁
青海
莫家街
印度尼西亚
马来西亚
墨西哥
阿根廷
亚洲 地区
菲律宾
甘肃 金川
英
中国 
沙特阿拉伯
阿联酋
伊朗
兰州
苏格兰
中国 西南 贵州省 北部 赤水 河谷 地带
法国
贵阳
英国
珠海
汕头 特区
深圳 特区
厦门市
海南 特区
厦门港
地中海
荷兰
希腊
宁波 开发区
宁波 北仑区
西班牙
北仑港
宁波 北仑
宁波 北仑港
北仑 大 港口
西安
中国 东西部
陕西 国际 展览 中心
