شقيقت
سائق
المشردين
اشخاصا
ابناء
طفل
الشرطي
اصحاب
المتشرد
عناصر
المصورين
صاحب
لمشردين
الثنائي
رئيس
الشباب
الجاني
شرطي
رجال
القتيل
المدعوين
المدعي العام
المصدر
ضابط
شقيق
شخصين
لصحافيين
ملازم
مدير
افراد
رئيس الوزراء
متحدث
الرئيس
المساعد
المتحدث
مصدر
نظير
رؤساء
مسؤول
المندوب
وزير
رئيست
اشخاص
لمسؤول
ضحايا
نائب رئيس
رئيسة
نساء
العضو
اللاجئين
الشعب
عسكريين
عنصرين
تاجرا
العسكريين
مزارعين
شخصا
قتيلا
جريحا
مزارعون
المحاربين
صحافيين
مسؤولون
خبراء
مسؤولي
سكان
المسؤولون
السياح
مواطني
الصحافيين
رهائن
السكان
مواطن
قائد
حلفاؤ
رجل الاعمال
زعيم
فريق
عائلة
الرسامين
اجداد
العائلة
المؤلف
موسيقيا
شخص
رئيسا
شعب
والد
رجل
جرحى
الاطفال
المتظاهرون
الجماهير
مراسل
لاجئين
ناقد
الوزير
نجل
ناطق
المسؤولين
الناطق
المواطنين
عامل
الاجانب
العمالة
مفتشين
عمالا
الافراد
الامة
جماهير
نائب الرئيس
المسؤول
المهاجرين
لاصلاحيين
النساء
اصولي
المعارضين
العناصر
محاميين
قادة
محامية
مسؤولين
الانسان
الاصوليين
ناشط
الناشطات
لناشط
الناشط
مثقفين
محامي
الفتيان
فتى
الضابط
المدرب
الفتوة
الضباط
الامين العام
الملك
المبعوث
رئيسي
طفلين
امراة
الضحية
وامراة
المترجمين
مستشاري
مدوني
لاعبين
الشخصيات
وزيرا
كتاب
وزراء
لبطل
والدت
زوجة
الناجي
جدت
الصغير
الطفل
عائلت
الزعيم
الصحافيون
اللاعبين
الامير
مدرب
المدربين
الجمهور
مساعدا
الوزراء
نائب
شاب
المتمردين
وفد
المتمردون
متمردو
متظاهر
ناشطي
المتظاهرين
شاهد
حلفاء
الرئيسان
الشاهد
موظفي
الرسميين
نائب وزير
المستوطنين
مستوطنين
الجنود
المستوطنون
جنديا
متمردون
المستشار
متحدثة
سارق
الزقاقيون
زقاقيين
الزقاقيين
الاشخاص
تجار
التجار
ابن
الكاتب
قيصر
الفيلسوف
مدني
مؤسس
الجنرال
الهاشمي
العاهل
مترجم
متطوعا
رجال الاطفاء
جندي
رجلين
المتحدثين
شريك
رجلا
الزوج
امرأة
الشريك
لرجال
الرجال
الضحايا
الجرحى
غطاسون
جثة
عنصر
سائقي
مواطنان
الباقين
مهاجرا
ممثلي
الناجين
المحققين
عائلات
المصادر
الاميرال
مصادر
البحارة
نائب رئيس الوزراء
العائلات
اقارب
لعائلات
مواطنت
نائب مدير
الطرفين
طرف
مهندسي
المومسات
العالمة
الشاب
بطلة
السباح
السيدات
المخضرمة
سباح
وزيري
المفاوضين
امين سر
الاخوين
التوأم
الشقيقين
لاعبي
الشقيقان
جمهور
والبطل
الرهينة
الشيخ
امير
العداءة
صاحبة
لرياضيين
كعداءة
بطلتي
حارس
مدربا
الحارس
زوج
رهينة
ابنت
والدة
الرهائن
العقيد
المحامي
ممثل
لمندوبين
زعماء
لوسطاء
الهدافين
صحافي
سائح
لاعب
الاعلاميين
عملاق
خليفت
الطاغية
نازي
ابنائ
الشعبين
أبناء
الخونة
ممثلو
الرياضيين
البابا
بعثة
بطلا
مفاوضي
مهاجم
الدولي
هدافا
حاملة
لاعبات
المحترفات
اللاعبات
مدنيا
شرطيا
مجموعة
ولدان
مجموعات
مسلحا
قتيل
صاحبي
الطاقم
طاقم
مستقبلي
نائبا الرئيس
صاحبات
رياضي
الحائزة
نواب
نائبين
النائبان
زعيما
حجة الاسلام
الفريق
قتلى
نائبا
لراديكاليين
سفير
مديرا
المراقبين
الاصلاحيين
مؤسسي
المحافظون
المفتي
مفتي
البحار
غواص
خبير
بحارا
الطيارين
الابطال
اهالي
قوات
طيار
الشعراء
مساعد
الطيارون
امير الشعراء
الطيار
الاهالي
الباحثة
عمال
حليف
الاعداء
مرشد
النائب
المحافظين
اميرال
قبطان
جريح
مدنيان
قتيلين
اطفال
اللواء
نساؤ
المتعاملين
شهود
متسللين
الحاخام
الشهود
الدبلوماسي
وزيرة
وكيل
اهل
الرهينتين
مهندسا
لاطفال
المعتقلين
مروجي
المفاوض
متمردي
رئيس وزراء
المدير العام
السفير
ضحية
المتحدثة
الشبان
المدنيين
النازحين
لاجئي
زملائ
متمردين
السياسيين
آية الله
تلامذة
الممثل
رجل الدين
الشابات
رجال الدين
لمرشد
الكابتن
طواقم
الخبراء
مفاوضين
لرئيس
القائم
محادثيه
ركاب
علماء
الزعماء
النواب
عميد
مندوبي
مندوبو
رجال القانون
القتلى
الارهابيين
المستهلكين
الدكتور
مستهلكي
المجموعة
الكبار
مستشارة
لمرشح
لمسؤولة
مشجع
حكمي
الحكام
بحارين
الوكيل
امراتان
زوجتا
شعوب
وزرائ
بحارة
خليفة
حجاج
لقديس
احياء
موظفا
القاضي
القادة
مهاجما
هدافي
عاملين
العاملين
الممثلين
الاصدقاء
النجم
حامل
المطلوب
الفارين
مرافقي
المدعو
لاعبو
الاميرة
الرئيسة
اللاعب
زميل
جنود
الجريحان
وفدا
المتخصصين
المرشحين
الانفصاليون
الموظفين
خائنا
ناخب
الموفد
شابا
الشاه
شاه
الروائية
ملك
ضباط
نجم
الرسام
الوسيط
القائد
متطرفون
لجنود
السيناتور
ابطال
مجرمي
السائق
الركاب
سكرتيرا
الملكة
لاميرة
ولي
المقربين
لامير
صديق
مصل
المنافس
الطلاب
حاكم
طالبة
طلاب
متظاهرين
المعلمين
الوزيرين
الدبلوماسيون
جثث
عسكريون
نائب المدعي العام
شعبي
المدير الاداري
لاعبا
المدير الفني
موفد
المدير
المتأهلين
بطل
شخصيات
لمتطرفين
ممثلا
حكم
اجنبي
الفرق
سجناء
الموقوفين
السجناء
المعارض
زوجت
قيادة
الرجل
انصار
المصابين
المتسببين
اللاعبون
متفرج
المصاب
الجهاز
المدافع
الشرفاء
الحرامية
المفكرين
مبعوث
ممثلين
الاشقاء
المجاهدين
لمشاركين
المتطرفين
اجانب
المحتجزين
الممثلة
المغنية
ملكة جمال
وسيط
الكونت
امينا عاما
المرشحة
الراميتان
عداءات
المتباريات
الوصيفة
الفائزة
ولدا
مرشحة
مستشار
لاعبة
الرامي
عضو
السباحة
رجل اعمال
مصور
متطرفين
سفيرا
المستقلين
معارضي
مرشحا
الناخبين
مراقبين
الخاطفين
الخاطفان
المسافرين
امين عام
جنرال
عقيد
رقيب
الزعيمان
ملاحي
راكبان
الملاحين
كابتن
اركاب
لشعب
المشاركون
المراسلون
لمتمردين
المهاجمين
لقوات
العسكريون
متمردا
القائد الاعلى
الشخص
موظفين
دبلوماسيين
الدبلوماسيين
سائقين
المهاجمون
جثتي
راكبين
قادت
معتقلي
اعضائ
الشهداء
ضابطا
عملاء
شعوبا
شخصية
سيد
عدو
المفقودين
الجثث
مشاة
الوفد
الثوار
شبان
الكولونيل
كولونيل
المشاركين
سلف
كوماندوس
الزوار
الاسرى
لمراسلين
حكام
عقيدا
الفنانين
شهداء
الفنان
فنان
الرئيسين
المجرمون
موظف
كولونيلا
اسرا
معلقا
لرهائن
متظاهرون
شيوخا
اطفالا
العداء
النائبة
الاطراف
الناس
مواطنين
طالبا
طالب
راميا
الرماة
رامية
فتاة
الرعاة
مرتكبي
الامين العام لمساعد
حسناء
استاذة
تلاميذ
متبارية
الرئيس العام
المهاجم
القيمين
الدعيع
الاطباء
الحكم
المتفرجون
الجنديين
الجنديان
جنديين
الامين العام المساعد
عسكري
والمسؤولين
لشعبيهما
نجما
المجرم
قائدا
اسلاف
شباب
عملائ
ابناؤ
رجال اعمال
اتباع
الارهابي
خاطفي
رقيبان
الفاعلين
مجهولين
المؤمنين
لاعبون
للصحافيين
الزعيمين
القومندان
المحققون
راشدان
قاصر
عضوان
حشد
احتياطي
الاحتياطي
سفيرة
شابتين
رعاة
المجموعات
ارهابيي
الصحافي
الباحث
خاطفان
مسافري
مسافرين
المسؤولة
الحاكم
المرشح
المرشحون
العمال
وعنصر
عنصرا
رجال الاعمال
جمع
العميد
الرؤساء
نظرائ
لمصدر
السلطان
قوميون
قاطع
اولاد
المديرين
أهل
امت
القوميين
المعرقلون
المخضرم
هداف
الفتى
مسؤولا
دبلوماسيان
مدنيين
عسكريي
القوى
وشعبه
اليتامى
الثكالى
ولاهله
المعوقين
عزة ابراهيم
لسكان
اللاجئون
معاوني
اشقاء
القضاة
لشاهد
قضاة
منافس
ناخبي
منسقا
شابين
المحلل
لاجئ
طفلا
نقيب
ارملة
متطرف
السيدة الاولى
شابان
جماعة
مدمني
مساهم
دبلوماسي
شيخ
صوفي
لبابا
الشعوب
الوجه
الديبلوماسي
الفيلسوفة
بابا
مسؤولة
عظماء
الصديق
سيدة
الحائز
الصديقة
السناتور
الراحل
جمهورا
الشخصين
ارهابيين
صديقت
سكرتيرة
الوفود
وفودا
النجل
لملكة
دوق
دعاة
زعمائ
نائب الوزير
القوات
ومندوبة
باحث
لباحثين
عالمة
مهندس
بناة
الاحيائيين
خصم
لرسام
المفوضة
والده
الجثة
جثت
محققين
لقوميين
لقادة
راشقي
لاجئان
لعسكريين
الناشطين
محام
متخصص
انسان
متعاون
جثمان
السفراء
البطريرك
عميدا
حاكما
معاون
الشجعان
الحاضرين
شريكي
اخت
وشعبي
المدافعين
اجنبية
منافسي
دفاع
بديل
مقدمي
المغتربين
ولي العهد
مدنيي
متفرجا
صانع
المؤتمرين
الابن
خريج
مستشارا
موظفون
امينة السر
مسلحين
وشهود
جثته
اللفتينانت
البلاشفة
النحات
الشاعر
شهودا
مرشح
امينة سر
