ثلاثين كلم
005 الف برميل
7،3 مليون برميل
4،2 مليون برميل
061 كلم
002 كلم
51 كلم
021 كلم
05 كلم
21 مترا
0031 كيلومتر
06 مترا مربعا
051 كلم
2،6 درجات
مئتي الف هكتار
ثلاثين مترا في الثانية
28 ميليمترا
الفي كيلمتر
003 كلم
ثلاثين كيلومترا
65،93 كيلوغراما
65،577 كيلوغراما
001 متر
002 م
001 م
02 كلم
كيلومترا واحدا
544 كيلومترا
057 كيلومترا
3،7 درجات
08 كيلومترا
07 كيلومترا
043 كيلومترا
05 كيلومترا
ستين مترا
مئة متر
بضعة امتار
مئات الامتار
ستة امتار
عدة امتار
006 مليون كيلواط
088 ميغاوات
طنين ونصف الطن
3،1 كلغ
06 درجة
11 مترا
31 كلم
الكيلومترات
مائة متر
خمسة ملايين طن
9،1 مليون برميل
159،1 مليون برميل
33ر2 م
82ر2 م
91ر2 م
54ر2 م
مترين
مئتي متر
متر ونصف المتر
051 كم
008 كلم
008 الف برميل
الامتار الاخيرة
الكيلومترات الثلاثة
005 سم
052 سم
521 سم
ستة كيلومترات
005 كلم
07 كلم
001 كلم
055 كلم
عشرات الامتار
3ر2 مليون برميل
0052 كيلومتر
591ر24 كلم
002 ملم
03 طنا
012 اطنان
عشرة كيلومترات
7 كيلومترات
ملياري برميل
585 الف برميل
09 كلم
بضعة كيلومترات
عشرين كلم
04 الف طن
53 مترا
سبعين دونما
عشرات الدونمات
اربعة سنتمرات مكعبة
004 كلم
41797 كيلومترا مربعا
54855 كيلومترا مربعا
491531 كيلومترا مربعا
2،1 مليار ليتر
028 مليون ليتر
004 مليون ليتر
6،24 مليون ليتر
007 مليون ليتر
ليتر
38 كلم
عشر درجات
12،482 مليون برميل
511، 51 مليون برميل
58ط5،76 سنتم
ثمانين مترا
052 مترا
درجة واحدة
3 درجات
52 مترا
31 مترا
081 درجة
