Angeles
Angeles
Angeles City
Anitan
Auitan
Bacolod
Bacolod
Bacolod
Bacolod Chico
Bacolod Grande
Baculud
Baculud
Bago
Bago
Bago-Grande
Baguio 
Baguio City
Bakulud
Batangas
Batangas City
Bugabos
Bugabus
Butuan
Butuan City
Cabanatuan
Cabanatuan City
Cadiz
Calbayog
Calbayog City
Caloc-an
Caloocan
Caloocan
Catabate
Catabato
Cebu
Cebu City
Central
City of Butuan
Cotabato
Cotabato City
Cottabato
Dagupan
Dagupan City
Davao
Davao City
General Santos
General Santos City
Iligan
Iligan City
Iloilo
Iloilo City
Iloilo Proper
Kota-Bato
Lapu-Lapu
Lapu-Lapu City
Legaspi
Legaspi
Legaspi
Legaspi Port
Legazpi
Legazpi Port
Lipa
Lipa
Los Angeles
Lucena
Lucena City
MacArthur
Mahatao
Makati
Mandaluyong
Mandaue
Mandaue City
Mandawe
Manela
Manila
Manila
Manila
Marawi
Mariwi
Muntinglupa
Muntinlupa
Naga
Naga City
Olongapo
Olongapo City
Opon
Ormco
Ormoc
Ormoc City
Oromoc
Ozamis
Ozamis City
Ozamiz
Pagadian
Pagadian City
Paluan
Pasay
Pasay City
Pasig
Pasig
Pasing
President Roxas
Puerta Princesa
Puerto Princesa
Quezon
Quezon City
Roxas
Roxas
Roxas
Roxas City
San Carlos
San Carlos
San Pablo
San Pablo
SanRoque
SanRoque
Silay
Silay City
Surigao
Surigao City
Tacloban
Toledo
Zamboanga
