अफ़ग़ानिस्तान
कंधार
वॉशिंगटन
काबुल
अमरीका
कोलकाता
इडेन गॉर्डेन्स
हुगली नदी
भारत
विक्टोरिया मेमोरियल
आंध्रप्रदेश
मद्दिमदिगा गांव
महबूबनगर ज़िले
आंध्र प्रदेश
हैदराबाद
विक्टोरिया
आस्ट्रेलिया
ऑस्ट्रेलिया
न्यू साउथ वेल्स राज्य
दिल्ली
कश्मीर
उड़ीसा
बारामूला ज़िले
भुवनेश्वर
कनॉट प्लेस
दक्षिण कोरिया
उत्तर कोरिया
प्योंगयांग
ईरान
इराक़
मॉस्को
उत्तर
कानपुर
उत्तर प्रदेश
लखनऊ
हरोड़ा
सहारनपुर
अंबेडकर नगर ज़िले
न्यूज़ीलैंड
इंग्लैंड
वेस्टइंडीज़
श्रीलंका
पाकिस्तान
दक्षिण अफ्रीका
येरूशलम
राफ़े
नबलूस शहर
गज़ा पट्टी
पश्चिमी किनारे
पश्चिमी तट
ग़ज़ा पट्टी
ग़ज़ा
मध्य पूर्व
रामल्ला
राफ़े शहर
इसराइल
मिस्र
ब्रिटेन
रोहड़ू
शिमला ज़िले
शिमला
चंडीगढ़
हिमाचल प्रदेश
चेन्नई
मुंबई
जयपुर
बंगलौर
अहमदाबाद
ऑस्ट्रलिया
मलेशिया
एशिया |-| प्रशांत
इंडोनेशिया
यूरोप
थाईलैंड
बाली द्वीप
अकबरपुर
मेक्सिको
दक्षिण अफ़्रीका
अफ़्रीका
यूनान
सोवेटो
लंदन
महाराष्ट्र
पंजाब
इंगलैंड
मध्य |-| पूर्व
शारजाह
अरब
संयुक्त अरब अमीरात
महाराजगंज
नई दिल्ली
मोरक्को
जेनिन
जॉर्डन
रबात
सऊदी अरब
बफ़र ज़ोन
बेथलेहम
अरब देशों
नीदरलैंड
मध्य एशिया
दक्षिण एशिया
वाशिंग्टन
बॉस्टन
फ़िलाडेल्फ़िया
आयरलैंड
जर्मनी
रोम
सान फ़्रांसिस्को
फर्न्स
शिकागो
वॉशिंगटन डीसी
न्यूयॉर्क
लाहौर
कैप टाउन
गद्दाफ़ी स्टेडियम
चोको प्रांत
बोजायो नगर
केरीबियाई
कोलंबिया
पनामा
गिरजाघर
बोजाया नगर
चोको
उत्तरी अमरीका
दक्षिण कोल मार्ग
एवरेस्ट
काठमांडू
माउंट एवरेस्ट
नेपाल
राजस्थान
कृष्णा
पश्चिम गोदवरी
गुंटूर ज़िलों
हरयाणा
सीरिया
सूडान
उत्तरी कोरिया
लीबिया
क्यूबा
क़ुतुब मीनार
जाम मीनार
हेरात
पुंछ जिले
बलूचिस्तान प्रांत
सासौर
अफ़गानिस्तान
जालौर ज़िले
गुजरात राज्य
तुर्की
इस्तांबूल
अंकारा
उत्तरी इराक़
पश्चिम एशिया
कुर्दिस्तान
क्रीमिया
यूक्रेन
स्कनिलीफ़ वायु सेना अड्डे
लवीव
मध्य |- पूर्व
सिरी बेगवान
ब्रुनेई
बर्मा
जापान
ग्वांतानामो बे
ग्वांतनामो बे
जम्मू |-| कश्मीर
असम
कबायली
बगराम हवाई अड्डे
जम्मू
इस्लामाबाद
कोलंबो
जम्मू कश्मीर
वोलोंग
चीन
मुज़फ़्फ़राबाद
मिशिगन
ज़िम्बाब्वे
रोल्पा
पबांग गाँव
पेरिस
रौथ
फ़्रैंकफ़र्ट
अटलांटिक
पार्टनर्स
ख़ान यूनिस
ख़ान यूनुस कस्बे
यूनुस ख़ान कस्बे
मद्रास
तमिलनाडु
मदुरै
बाली
फ़िलीपींस
सिंगापुर
दक्षिण पूर्वी एशिया
देनपासर
जकार्ता
बहरहाल
सुलावेसी
कम्यून
मेडेलेन
चेचन्या
हरियाणा
देवलार
कश्मीर घाटी
टोक्यो
शरजाह
हिसार
उत्तरांचल
फ़्रांस
बग़दाद
काहिरा
ग्रेट हॉल ऑफ द पीपुल
लॉस एंजल्स शहर
कनाडा
बर्मिंघम
सौराष्ट्र
गुजरात
गोधरा
इलिनॉय
ज़िम्बॉब्वे
सूबा |-| ए |-| सरहद
बलूचिस्तान
सिंध
पंजाब प्रांत
पूर्वी एशिया
टेक्सस
कोलोराडो
वेनेज़ुएला
आमेज़न नदी
ब्राज़ील
आमेज़न
पारा प्रांत
पारा नदी
टेबल माउंटेन
मास्को
मैक्सिको सिटी
मुंबई शहर
डकार
कुवैत
सउदी अरब
ईरना
लॉस एंजेल्स
केलिफोर्निया
पांपोर
कोनिबाल
पख़्तिया राज्य
बेथलेहेम
शाहदरा
तीसहज़ारी
कश्मीरी गेट स्टेशन
शाहदरा स्टेशन
एशिया
अमरीकी देश
अर्जेटीना
क़बातिया गाँव
तुलकराम
कीनिया
वियना
सीरीया
अलजिरिया
सँयुक्त अरब अमीरात
अलजीरिया
ईराक़
क़तर
ओमान
बाहरेन
नेपियर
न्यूज़ीलेंड
हैमिल्टन
अनुटा द्वीप
टिकोपिया
सौलोमन द्वीप समूह
सॉलोमन द्वीप समूह
टिकोपिया द्वीप
प्रशांत महासागर
सिडनी हॉर्बर ब्रिज
पेट्रोनास टॉवर
कुआलालम्पुर
ऑकलैंड
ज़ोजोजी मंदिर
बीजिंग
अबूधाबी
दुबई
सिडनी
जाफ़्ना प्रायद्वीप
फ़्रांसिस
न्यू मैक्सिको
सुगनू
मणिपुर
मणिपुर राज्य
साजित तंपक
इंफ़ाल घाटी
वाबगाई
जम्मू कश्मीर विधान
भारतीय संसद भवन
डबलिन
ग्वांतानामो जेल
ग्वांतानामों बे
सोलन
डलास
टोरोन्टो
बांग्लादेश
पुणे
योकोहामा
यूएई
टोरंटो
खड़गपुर
टिकुरी
काठमाँडु
बैंकॉक
मुज़फ़्फ़रनगर
बाल्टीमोर
सालेहा
एडमंटन
न्यूयार्क
ऐथेंस
कैलेगरी
फ़रीदाबाद
ब्रैडफ़ोर्ड
सैन फ़्रांसिस्को
टोरन्टो
ग्रीस
थाइलैंड
माँट्रियल
चिट्टागाँव
क़ुवैत
लफ़ायेट
भीलवाड़ा
अल ख़ोबार
मस्कट
सिनसिनाती
सिंध प्रांत
जोधपुर
राजस्तान
नागौर
थार रेगिस्तान
कोरिया
प्योंग्योंग
फ़िलिपींस
मोंबासा
न्यू जर्सी
श्रीनगर
अनंतनाग
जेनेवा
ओरेगन प्रांत
टेक्सास राज्य
टेक्सास
केप कैनेडी अंतरिक्ष केंद्र
फ़्लोरिडा
प्रतापगढ़ ज़िले
कुंडा
अयोध्या
बाबरी मस्जिद
फलिया सिगनल
मक्का
बहरीन
डर्बी
बेल्जियम
फ्राँस
बर्लिन
वाघा बॉर्डर
नामीबिया
हरारे
फ्रांस
ऑस्ट्रेलियाई
मोरादाबाद
आज़मगढ़
रामपुर
आजमगढ़
हॉलैंड
आँध्र प्रदेश
पश्चिम बंगाल
केप टाउन
इंग्लेंड
दक्षिण अफ़्रीकी
पार्ल
मथुरा
जानसठ बाईपास
हरिद्वार
मुजफ्फ्रनगर
जोहान्सबर्ग
पाक
बहावलपुर
फ़ोर्ड्सबर्ग
पाकिस्तन
कराची
जोहन्सबर्ग
स्देरॉत
ग़ज़ा शहर
गज़ा शहर
गज़ा
केपटाउन
रॉबेन आइलैंड
वेस्ट इंडीज़
डरबन
जोहानसबर्ग
ढाका
जिम्बाब्वे
वेस्टमिंस्टर
वेटिकन
कैंटरबरी
पोर्ट ऑफ़ स्पेन
मेघालय
हॉलीवुड
स्पेन
मुम्बई
अर्जेंटीना
वॉन्डर्रस स्टेडियम
वॉन्डर्रस
वेस्टइंडीज
बिहार
यमुना नदी
अम्मान
अल ज़रक़ा
कहुटा
इंदौर शहर
मध्यप्रदेश
छत्तीसगढ़
अंबाला
जालंधर
हलवारा सैनिक हवाई अड्डे
फगवाड़ा जिले
पंजाब राज्य
कलगरी
कच्छ
सेंट लुई
फ्लोरिडा
अमराका
अलीगढ़
गाँधीधाम
गांधीधाम
ज़्यूरिक
नागपुर
फ़्राँस
इलाहबाद
चित्तौड़गढ़
हिल्ला
टिकरिट
स्वीडन
करबला
बीकानेर
आणंद
गाँधीनगर
सिनसिनाटी
दक्षिण ऑस्ट्रेलिया
रायबरेली जिले
लखनऊ खंडपीठ
यूस्टन
सोल
ब्योंगयोंग
मालेरकोटला
दयाल सिंह कॉलेज
मेनचेस्टर
गोलान पहाड़ियों
मध्यपूर्व
दमिश्क
लेबनान
पटना
ग्रोज़्नी
अक्तूबर
नामेन्सकोए
दरभंगा
लहेरियासराय मैदान
बनारस
रियाद
कासाब्लांका
बेल्जियन
पर्थ
नोर्गे
दक्षिण भारत
फिजी
उज़्बेकिस्तान
सूरीनाम
चेक गणराज्य
कज़ाख़स्तान
पोलैंड
अटलांटिक महासागर
बारबडोस
चार्ल्स दे गॉल हवाईअड्डे
विजयवाड़ा
बक्सर
डुमराव
वरुण हाल्ट
विल्नियस
लिथुआनिया
वाशिंगटन
अमेरिका
ब्रिटन
एंथनी स्वेर्डलो
संसद भवन
भूटान
मालदीव
गोमा
कॉंगो
माउंट नियारागोंगो
रुवांडा
गिसेन्यी
कोंगो
नियारागोंगो ज्वालामुखी
लेक किवू
माउंट न्यारागोंगो
नबलूस
यरूशलम
केरल
रुदौली
बाराबंकी
यूरेनस
चंद्रमाओं
हवाई द्वीप
सूर्य
अफ्रीका
स्विटजरलैंड
अफगानिस्तान
हेलमन्द प्रान्त
ताइवान
पूर्वी तिमोर
तिब्बत
पाकिस्तान प्रशासित कश्मीर
ऑस्ट्रिया
इटली
नेदरलैंड
डेनमार्क
नियंत्रण रेखा
भारतीय कश्मीर
डावाओ
पेनगु द्बीप
रुस
सैन फ़्रैंसिस्को
ट्युनिस
कोलोंबिया
लॉस ऐंजेल्स
उत्तर |-| पूर्वी चीन
पश्चिमी ईरान
साइबेरिया
केलिफ़ोर्निया
दक्षिणी कोरिया
अमरीकी
वॉल स्ट्रीट
वेस्ट ससेक्स
पृथ्वी
चाँद
फ़लस्तीनी इलाक़ों
हेब्रॉन
यरुशलम
तुल्कारम
स्टॉकहोम
एलबे नदी
ड्रेस्डेन
ड्रेसडेन
जर्मन
स्लोवाक
मध्य यूरोप
प्राग
ब्रात्सीलावा
डेन्यूब नदी
भोपाल
मध्य प्रदेश
बालाघाट
जमुनिया बाँध
तुवालु
कीन्या
दक्षिण पूर्व एशिया
कंबोडिया
तीसहज़ारी कोर्ट
ह्यूस्टन
शहडोल
बंगाल
रायपुर
कटनी
बड़ौदा
वेलेंसिया
उत्तरी भारत
कैटेलोनिया
दाग़ेस्तान
इनगुसेता गणराज्य
सोवियत संघ
चेचन
कोलरैडो
सैन जूलियानो डी पुग्लिया
अंसल प्लाज़ा
अंसल प्लाज़ा शॉपिंग सेंटर
इराक
नारा
शेरपुर कलाँ
नईस
अलमोड़ा
जापान  इराक़
कमलेश्वर
ट्यीनीशिया
पाकिस्तानी
अली मस्जिद
अल्जीरिया
मयामी
कश्मीरी
बेरोवरा हाइट्स
ब्रूकलिन
गुलबर्ग
बंगलोर
कर्नाटक
लेटविया
लिथुवानिया
हंगरी
कोपनहेगन
स्लोवेनिया
साइप्रस
मालटा
स्लोवाकिया
एस्टोनिया
पुर्तगाल
इराक़ी
वेल्स
पोर्ट्समथ
दादरी
बल्लभगढ़
मेडोला
बवाना
बदरपुर
तुर्केमेनिस्तान
तुर्कमेनिस्तान
अश्काबाद
कोरियाई प्राय |:| द्वीप
कोरियाई प्रायद्वीप
तेहरान
विएतनाम
स्विडेन
भारतीय
न्यूयोर्क
यमन
जिबला
सना
क्राइस्टचर्च
पूर्वी पाकिस्तान
सूबा सरहद
पेशावर
वाल स्ट्रीट
रूसी
सउदी
चेरनोबिल
थ्री माइल आयलैंड
उत्तराँचल
हुमला ज़िले
फ़तहपुर
लॉस एंजेलीस
हाँगकाँग
कैलिफोर्निया
वनीज़ा अहमद
सिंगापूर
फिर न्यूयार्क
ह ॉलैंड
बल्गारिया
उत्तर अफ़्रीकी
वेलिंगटन
ब्रितानी
धर्मशाला
बोधगया
प्योंग्यांग
मैनहटन
पेट्रोनास टावर
मियामी
पैरिस
नैकोग्डोशेस
कैंप डेविड
लुइज़ियाना
ह्यूसटन
मंगल
झारखंड
म्यूनिख
सेंचुरियन पार्क
हिमाचल
कूटा
तेल अवीव
वियतनाम
मशहूर हाइड पार्क
ब्रसेल्स
दक्षिणी राज्य बसरा
बागराम सैनिक अड्डे
कोनार
बारीकोट
जोर्जिया
परू
ब्राजील
दिल्ली हरियाणा सीमा
गिटोरनी
नजफ़
यूरोपीय
अफग़ानिस्तान
बसरा
कतर
क़ॉगो
लार्गो
द्रोद्रो
यूगांडा
हॉंगकॉंग
सिंगापोर
मेलबोर्न
ब्रिस्बेन
लेस्टर स्क्वेयर
क़ाहिरा
नील नदी
तहरीर स्क्वेयर
तहरीर स्क्वायर
मिस्त्र
लोधी गार्डन
मैड्रिड
नासिरिया
धरती
बिंगोल
अमरीकियों
कांगो
किंशासा
लुबुमबाशी
लुम्बिनी
कपिलेश्वर
पिपरहवा
नोएडा
येरुशलम
जापानी
जमैका
मैनचेस्टर
नेपाली
बांग्लादेशी
एशियाई
केरेबियाई
मैक्सिको
अफ़्रीकी
लॉंग आइलैंड
साल्ट लेक सिटी
डेट्रोएट
कैलिफ़ोर्निया
मिलवाउकी
फ़िलेडेल्फ़िया
हैडिंग्ले
लॉर्ड्स
मिलान
राजकोट
बी डिवीज़न
भक्तिनगर
तलाटवाड़ा
वडोदरा
पानीगेट
राओपुरा
मछिपुर
चायवासा
तिरिलपोस
राउरकेला
कैलीफ़ोर्निया
लॉस एंजिल्स
बोलैंड पार्क
मार्स
 लॉस एलामोस
बुलावायो
उत्तरी कैरोलिना
लौंगवुड क्लब
ब्रितानी द्वीप समूह
ब्रुकलाइन
मैसाचुसेट्स
ऑस्ट्रेलेशिया
संयुक्त अरब अमीरात 
देहरादून
कैलीफ़ॉर्निया
वाघा सीमा
लाल किले
कारगिल
उत्तरप्रदेश
न्यू ऑस्ट्रेलिया
नैन्सी
एंटवर्प
बामियान
करगिल
अजमेर
दोहा
लेक मैरी
गोरखपुर
मोतिहारी
जलगांव
मोरबी
वाराणसी
फ़ोर्ट मायर्स
आगरा
पोखरण
विश्व व्यापार केंद्र
केंद्रीय जेल
दाभोल
स्विटज़रलैंड
पश्चिमी वन्नी
मधु
वन्नी क्षेत्र
वन्नी
नेशविल
बाबरी मसजिद परिसर
राम जन्मभूमि
फैज़ाबाद
रामजन्मभूमि
राम मंदिर
बाबरी मसजिद
करनेल शॉमरॉन
हैफ़ा
फ़लस्तीन
नेतन्या
सरकारी आवास
पश्चिम यरुशलम
उत्तरी इसराइल
पश्चिमी यरुशलम
सालेम
दक्षिणी यरुशलम
अफ़ुला बस अड्डे
हेब्रान
मध्य यरुशलम
उम्मे |-| अल |-| फ़हम
एरफात यहूदी बस्ती
ग्वाटेमाला
दिली
अफ़ग़निस्तान
नाइजीरिया
उत्तर भारत
चेरनोबिल परमाणु दुर्घटना स्थल
आदमपुर हवाई अड्डे
ओस्लो
रंगून
डेरा ग़ाज़ी ख़ाँ
इस्लामाबाद अंतरराष्ट्रीय हवाई अड्डे
खोटांग
पूर्वी नेपाल
काठमांडु
सेंट पीटर्सबर्ग
हावड़ा
औरंगाबाद
बिहार राज्य
देव हॉल्ट
बलिया
हिमालय पर्वतमाला
हिमालय
रोहतांग
लागोस
नैरोबी
क्रॉफ़र्ड मार्केट
आरसा बाज़ार
अँधेरी
बुसान
दक्षिण कोरया
हांगकांग
मेंचेस्टर
हैंबर्ग
खाड़ी
मॉस्को थिएटर
कुंदूज़
हाउस ऑफ़ कल्चर थियेटर
अंकलेश्वर
बांसवाड़ा
अल्मोड़ा
मस्क़त
बैंगकाक
सैंट डेनिस
जमशेदपुर
रियूनियन
अल्जियर्स
बेनोनी
ज़िंबाब्वे
भाखङा नंगल
मेलबर्न
विक्टोरिया राज्य
न्यूजर्सी
कौरु प्रक्षेपण स्थल
फ़्रेंच गुएना
अरुणाचल प्रदेश
बंसूर
सागवारा
नैनीताल
मेहसाणा
दापोरो
खुमटाई
बसूर
अफ़्रीक़ा
कोलोंबो
कोयंबटूर
योंगब्योन
पूर्वी दिल्ली
उत्तरी दिल्ली
बोंडी
कुआला लुंपुर
पैट्रोनास टॉवर्स
दक्षिण |-| पूर्व एशिया
डाचेपल्ली
गंटूर
कर्नाटक |-| तमिलनाडु
कोलरेडो
वर्जीनिया
फ़र्रुखाबाद
राँची
बींजिंग
मेरठ
बलग़ारिया
वुडग्रीन
उत्तरी लंदन
फ़िलीपीन्स
बांगलादेश
ख़ान यूनुस
नजेव रेगिस्तान
हैब्रोन
मोशाव गदिश
स्देरोत
रूसी परिसंघ
फ़ीरोज़पुर
बीएसएफ़ मुख्यालय
गुरदासपुर
मोहम्मद सेक्टर
भारत |-| पाक सीमा
अमृतसर
अंतरिक्ष
अफ्रीक
मेक्सिको सिटी
कोलिमा
लाइबेरिया
इंडिया सोशल क्लब
दो तलवार गोल चक्कर
दक्षिणी ज़िले
केन्टोनमेंट रेलवे स्टेशन
ओल्ड क्लिफ़्टन
ताजमहल
सहारा रेगिस्तान
ल्यूसियाना
बाँग्लादेश
मेट्टूर जलाशय
कावेरी नदी
कावेरी
न्यूलैंड्स स्टेडियम
न्यूलैंड्स मैदान
वैस्ट इंडीज़
वेस्ट इंड़ीज़
बेंगलूर
सारंगपुर
हॉलैड
हीथ्रो
गैटविक हवाई अडडे
हीथ्रो हवाई अड्डे
गैटविक हवाई अड्डे
हीथ्रो हवाई अड्डा
हवाई अड्डे
उत्तर कोरियाई
हेलमंद
क़ाबुल
कोसोवो
पोखरा
ज़ाहेदान
करमान हवाई अड्डे
करमान
नगालैंड
पीटरमारिट्ज़बर्ग
इंडेनेशिया
कुआला लंपूर
डोंकास्टर
उत्तर |-| पूर्व यूगांडा
त्रिशंकु
त्रिपुरा
बंदरगाह
अदन
सिलिकॉन वैली
थाईलैंड एशिया
सेनेगल
रिफ़ाइनरी
गोवहाटी
डिग्बोई
उत्तर पूर्व असम
टेम्स नदी
हाइड पार्क
दक्षिण चीन
एथेंस
गुआंगदांग
फलस्तीन
दजला नदी
कुल्गम
पुलवामा ज़िले
काज़ीगुंद
स्लोवाक गणराज्य
मिस्र सीमा
वायु सेना स्टेशन
समारोह शहर
मूसल
उत्तर कोलकाता
वॉशिंग्टन
स्कॉटलैंड
बड़ोदा
लाधोवाल रेलवे स्टेशन
लुधियाना
लुधियाना स्टेशन
वर्ल्ड
यूनिवर्स
वेनेजुएला
डिली
तान |-| तान
लॉस एंजल्स
बेलारूस
गोमा शहर
गिसेन्यी शहर
महाराष्ट्र राज्य
बर्कशायर
फ़्रैंकफर्ट
बल्हापारा
नौबस्ता
पेरू
लीमा
दक्षिण अमरीका
हडर्सफ़ील्ड
वेल्ज
हेग
बोस्निया
यूगोस्लाविया
ओमार्सका क़ैदी शिविर
बेलग्रेड
ओमार्स्का
जेनीवा
जिंबाब्वे
मंगल ग्रह
कोलम्बिया
कारकास
मैम्फ़िस
केमाह गाँव
कुपवाड़ा ज़िले
सोपोर |-| बांदीपोरा
सिएटल
राष्ट्रपति भवन
एडिलेड
अहमदाबाद शहर
ट्रेंट ब्रिज
बेंगलोर
अहमादाबाद
मदुरै शहर
पेरायुर गाँव
तमिलनाडु राज्य
ओवल
ओवल मैदान
ग्राउंड ज़ीरो
गेटिस्बर्ग
न्यूयॉर्क शहर
कुपवाड़ा
बारामूला
करगिल ज़िलों
पुँछ ज़िले
राजौरी
पुँछ
नेशनल पार्क
राष्ट्रीय उद्यान
रणथंभौर नेशनल पार्क
लिस्बन
लेबनन
कराची शहर
फ़िन्सबरी मस्जिद
बेलमार्श जेल
पट्टन
ग्वांतानामो
कोहिस्तान इलाक़े
कोहिस्तान ज़िला
लाओस
फिलीपींस
लाओग शहर
मनीला
ओसलो
मोम्बासा
भारत के
लंदने
यूएसए
सूरत
व्यारा
सिद्धपुर
राखियाल
रापड़
मांडवी
खेड़ब्रम्हा
खाड़िया
मणिनगर
पाटन
साबरमती
करचन
वीजापुर
रघुनाथ मंदिर
तिनसुखिया
गुवाहाटी
असम राज्य
बघेराबाद गाँव
इस्फ़हान प्रांत
नोवा स्कोटिया राज्य
चेल्याबिन्स्क
केन्या
योंगब्योन रिएक्टर
जयपुर शहर
उत्तर |-| पूर्व
ग्रेटर नगालैंड
ग्रेटर नागालैंड
नागालैंड
ओंटारियो
वांग्दु
थिम्पू
डोचु ला घाटी
थिम्पू ज़िले
वांग्दु ज़िला
दावोस
क्योंगी प्रांत
ओसान
सिओल
लॉलीवुड
लेस्टशायर
बारामुला शहर
करनाल
अराफ़ात की पहाड़ी
जवाहर लाल नेहरू स्टेडियम
बगदाद
केपटाऊन
दक्षिण अफ्रीक़ा
रिकी पॉन्टिंग
इंगलेंड
डर्बन
बंगाल की खाड़ी
उड़ीसा राज्य
पोर्ट एलिज़ाबेथ
हाइफ़ा
हाइफ़ा शहर
जबालिया शरणार्थी शिविर
इसराल
बोस्टन
धार
धार ज़िले
जेरुसलम
पीटरमारिज़बर्ग
पेंट्रिक
कोयला
हराना
रामलीला मैदान
काठमाँडू
कुआला लम्पूर
पीटरमारित्ज़बर्ग
सारनाथ
पुरी
किंग्समीड मैदान
हुसैनीवाला चौकी
हुसैनीवाला सीमा चौकी
फ़िरोज़पुर
फ़िरोजपुर ज़िले
क्वेटा
बलूचिलस्तान
बगराम
अल्जीयर्स
सहारा मरुस्थल
तमानरासेत
होग्गार
तमिल
बौद्ध मंदिर
तुर्क
बोलिविया
कुआलालंपुर
गुआंगडॉंग
शोपियाँ
कुलगाम
जम्मू |-| कश्मीर राज्य
नादिमर्ग गाँव
गाज़ीगुंड
अजमेर ज़िले
धुबरी
कालापानी गाँव
ज़िया अंतरराष्ट्रीय हवाई अड्डे
ढाका हवाई अड्डे
ख़ासकर अंगोला
सिएरा लियोन
बैंगलोर
चोपान ज़िले
दए चोपान
लोए कराज़
पक्तिया प्रांत
दई चोपान ज़िले
ज़बूल प्रांत
ज़बूर प्रांत
कसाई
कूवगम
विल्लुपुरम ज़िले
कांचीपुरम
विल्लुपुरम
पोत यूएसएस कोल
मेघायल
ब्रिजटाउन
कालीकट
हाइफा
खेतोलाई गाँव
चीनी
ग़ौरतलब
दक्षिणपूर्व
न्यूफ़ाउंडलैंड
पश्चिमी बंगाल
एमडीएमके
द्रविड़ मुनेत्र कझगम
लुज़ान
पश्चिमी गोदावरी ज़िले
करीमनगर
नेल्लूर
कृष्णा ज़िले
तटीय
नलगोंडा
प्रकाशम
गुंटूर
लेह
जोज़िला
सिंधु
मानसरोवर
सिंधु नदी
रोहतांग दर्रे
हेलांग च्‍यांग
अास्‍ट-ेलिया
मैक्‍सिको
मैक्‍सिको सिटी
केन्‍या
(इंडोनिेशिया)
महाराष्‍ट-
महाराष्ट
न्‍यूजीलैंड
दक्षिण अफ्र ीका
पेारस
छिंदवाड़ा
मध्‍य प्रदेश
अमेारका
वेस्‍टर्न प्राविंस,
पाकिस्‍तान
मिडिलसेक्‍स,
ग्‍लैमार्गन
तलहण
गुलाबी नगर
जबलपुर
छत्तीसगढ
मोहदापार
डाऊनिंग स्ट्रीट
सांगढ
जैसलमेर
अफ्गानिस्तान
अमरकोट
बाड़मेर
सादिकाबाद
खिपरो
ब्रहमपुत्र नदी
नलबारी
ब्रहमपुत्र
प्रदेश
म्यांमार
यंगून
टाउन हाल
जौनपुर
कपूरथला
ताज
श्योपुर
्सारंगपुर
हलेपुरा
बडोदा
रघुनाथ
विजयपुर
प्रतापगढ
नयी दिल्ली
ग्वालियर
हंसुलिया कस्बे
बहराइच
मोतीपुर
बरेली
गोंडा
उत्तन
दक्षिण अप्रीका
मुबंई
लंकाशायर
पूरेनन्दलाल
रानीगंज
लक्षद्वीप
छत्तीसगढ़
तेलंगाना
उड़ीसा
तमिल नाडु
सिक्किम
गोवा
विदर्भ
कोंकण
मिजोरम
मराठवाड़ा
अंडमान निकोबार
इन्दौर
किशनगंज
विशाखापत्तनम
कौंचीगांव
सुल्तानपुर जिले
बैंगलूर
भागलपुर
ईस्लामपुर
गंगा नदी
सबोर
ःभागलपुर
कहलगांव
गोपालपुर
कांची मठ
इजरायल
इजरायल रेडियो
चंडीगढ
प्रांस
झाबुआ
शिवपुरी
इंदौर
उज्जैन
मुरादाबाद
बहजोई
अलीगढ
खजूरा
पीतल
इराक़
कोरिया उप |-| महाद्वीप
इस्राइल
शर्म |-| एल |-| शेख
जोर्डन
शर्म एल |-| शेख
मित्र
मिस्री
गाजा पट्टी
फिलिस्तीनी राज्य
एवियों
वायस आफ अमेरिका
फ़्रांस
आइवरी कोस्ट
>b>भारत
न्यूज़ीलैंड
सफदरजंग डेवेलपमेंट एरिया
वजीराबाद
दीनपुर
लोई
नजफगढ़
मुजफ्फर नगर
बहावल नगर
उम्म कसर
रुसी
जेद्दाह
उम्म क़स्र
