रक्षा
तालेबान
बीबीसी
अल |-| क़ायदा
अल जज़ीरा
तालिबान
अफ़ग़ान इस्लामिक प्रेस
अल क़ायदा
लव
लवर्स ऑर्गनाइज़ेशन्स वोलंटरी एक्जिबिशन
पीडब्ल्यूजी
पीपुल्स वार ग्रुप
कांग्रेस
लश्कर |-| ए |-| तैबा
रेलवे सुरक्षा बल
केंद्रीय रिज़र्व पुलिस बल
दिल्ली पुलिस
संसद
दूरदर्शन
अमरीकी सूचना केंद्र
असम राइफल्स
केंद्रीय औद्योगिक सुरक्षा बल
भारत तिब्बत सीमा पुलिस
सीमा सुरक्षा बल
विदेश
समाजवादी पार्टी
कॉंग्रेस
विधानसभा
भारतीय जनता पार्टी
भाजपा
बहुजन समाज पार्टी
जहांगीरगंज विधानसभा
भारतीय एकता पार्टी
लोक सभा
हरोड़ा विधानसभा
हमास
यूरोपीय संघ
सुरक्षा परिषद
संयुक्त राष्ट्र संघ सुरक्षा परिषद
रूस
अमरीकी विदेश विभाग
पीजीआई अस्पताल
भारतीय मानक ब्यूरो
लोकसभा
बहुजन समाज
संयुक्त राष्ट्र
ग्रीन पीस
गाया संस्थान
गैप
नाइकी
रोमन कैथोलिक चर्च
इसराइली प्रधानमंत्री कार्यालय
नेटिविटी चर्च
यूरोपीय कमीशन
व्हाइट हाउस
तिलबर्क विश्वविद्यालय
विश्व बैंक
अंतरराष्ट्रीय मुद्रा कोष
टीडब्ल्यूआई
सायबरनेट
पाकिस्तान क्रिकेट बोर्ड
एफ़एआरसी
युनाइटेड सेल्फ़ डिफ़ेंस फ़ोर्सेस ऑफ़ कोलंबिया
विद्रोही गुट रेवोल्यूशनरी आर्म्ड फ़ोर्सेस ऑफ़ कोलंबिया
एयूसी
शिरोमणि अकाली दल पार्टी
अमरीकी विश्वविद्यालय
वर्ल्ड ट्रेड सेंटर
अमरीकी विदेश मंत्रालय
अमरीकी विदेश मंत्री
काबुल संग्रहालय
अफ़ग़ान संस्कृति मंत्रालय
यूनेस्को
संयुक्त राष्ट्र सांस्कृतिक संस्था
संस्थान सेंटर फॉर डेवलपिंग एडवांस कंप्यूटिंग
सीडैक
सहारा एयरलाइंस
जेट एयरवेज़
इंडियन एयरलाइंस
टिड्डी दल
टिड्डी नियंत्रक संगठन
राजस्थान कृषि विभाग
लेबर पार्टी
आईएसआई
मुस्लिम पार्लियामेंट ऑफ़ ग्रेट ब्रिटेन
हाउस ऑफ़ लॉर्ड्स
भारतीय संसद
पेट्रोलियम
राज्यसभा
काँग्रेस
भारतीय कम्युनिस्ट पार्टी
अमरीकी नौसेना
अमरीकी नौसैनिक
केंद्रीय राज्य
संचार और सूचना तकनीक
एएफपी
रॉयटर्स
अमरीकी सैनिक
अमरीकी विदेश
भारतीय रक्षा
आईसीसी
भारतीय क्रिकेट कंट्रोल बोर्ड
भारतीय क्रिकेट बोर्ड
अंतरराष्ट्रीय क्रिकेट परिषद
भारतीय बोर्ड
हुर्रियत
जमाते इस्लामी
जेकेएलएफ़
जम्मू कश्मीर लिबरेशन फ्रंट
इत्तेहादुल मुसलमीन
सर्वदलीय हुर्रियत कॉन्फ्रेंस
जम्मू कश्मीर डेमोक्रेटिक फ्रीडम पार्टी
पीपुल्स लीग
जेकेएलएफ
हुर्रियत कॉन्फ्रेंस
नेशनल कॉन्फ्रेंस
आवामी ऐक्शन कमेटी
पीपुल्स कॉन्फ्रेंस
पीपुल्स कान्फ्रेंस
पाकिस्तान समर्थक पीपुल्स लीग
जम्मू |-| कश्मीर लिबरेशन फ्रंट
एमनेस्टी इंटरनेशनल
महाज़े आज़ादी
हुर्रियत कान्फ्रेंस
वोलोंग नेचर रिज़र्व
युनाइटेड जिहाद काउंसिल
हिज़बुल
कट्टरपंथी दल जमाते इस्लामी
क्रायोनिक इंस्टीट्यूट
न्यूयॉर्क शेयर बाज़ार
फ़ॉरेस्ट लैबोरेटरीज़
द्रमुक
द्रविड़ मुन्नेत्र कषगम
जेमा इस्लामिया
एएफ़पी
अंतरराष्ट्रीय अंतरिक्ष केंद्र
रूसी अंतरिक्ष एजेंसी
ओआरटी
रोसावियाकॉसमॉस
यूरी गागारिन अंतरिक्ष प्रशिक्षण केंद्र
आउट लाइफ़ नेटवर्क
यूनिट ट्रस्ट ऑफ़ इंडिया
यूटीआई
वित्त
कैबिनेट
भारतीय स्टॉक मार्केट
यूनिट ट्रस्ट ऑफ इंडिया
सेबी
पीडीपी
पीपुल्स डेमोक्रेटिक पार्टी
संयुक्त राष्ट्र सुरक्षा परिषद
आईएनए
अरब लीग
न्यूयॉर्क टाइम्स
पेंटागन
कम्युनिस्ट पार्टी
पोलित ब्यूरो
पीपुल्स पॉलिटीकल कन्सलटेटीव कॉन्फ्रैंस
सीआइए
केजीबी
ऑक्सफ़र्ड विश्वविद्यालय
रॉयल नेशनल इंस्टीट्यूट ऑफ़ ब्लाइंड
विज़ुएड कंपनी
होमलैंड सिक्युरिटी
एफ़बीआई
डेमोक्रेटिक पार्टी
सीआईए
कार्यवाहक
एनरॉन
अमरीकी वित्त
रॉयल बैंक ऑफ़ स्कॉटलैंड
अमरीकी वित्त विभाग
मूडी
अल्कोआ
एयर ट्रांसपोर्ट स्टैबिलाइज़ेशन बोर्ड
यूनाइटेड एयरलाइंस
अंतरराष्ट्रीय क्रिकेट काउंसिल
पाकिस्तान मानवाधिकार आयोग
गृह
कराची विश्वविद्यालय
टेक्सस पेसिफ़क कंपनी
बर्गर किंग
दिएजिओ
इंटरनेशनल डॉक्यूमेंट्री एसोसिएशन
जेनरल मोटर्स
कोलंबाइन हाई स्कूल
ओपेक
जेपी मॉर्गन
जर्मन संसद
क्रिश्चियन डेमोक्रेटिक यूनियन
क्रिश्चियन डेमोक्रेट्स यूनियन
सोशल डेमोक्रेट पार्टी
क्रिश्चियन डेमोक्रेटों
बार काउंसिल ऑफ़ इंडिया
रेड क्रॉस
रॉयटर्स समाचार एजेंसी
अंतरराष्ट्रीय रेडक्रॉस कमेटी
इराक़ी विदेश मंत्रालय
पीपुल्स डेमोक्रैटिक पार्टी
अंतरराष्ट्रीय शांति सेना
अंतरराष्ट्रीय सुरक्षा बल
रॉएटर्स
परमाणु ऊर्जा एजेंसी
अंतरराष्ट्रीय परमाणु ऊर्जा एजेंसी
अन्मोविक
सीएनएन
वर्ल्ड रिसोर्स इंस्टीट्यूट
पीटीआई
क्यूवेस्ट
ज़ेरॉक्स
वर्ल्डकॉम
अमरीकी संसद
रिलायंस
युनाइटेड एयरलाइंस
विविंडी
एओएल
अमेरिकन एयरलाइंस
यूरोपीय यूनियन
नेटो
टेक्नॉलॉजी इंस्टीट्यूट
अल अक़्सा शहीदी ब्रिगेड
इस्लामिक जिहाद
नेशनल रेनबो
सत्तारूढ़ कानु पार्टी
यूरोपीय अंतरिक्ष एजेंसी
ब्रिटिश नेशनल स्पेस सेंटर
आईएईए
गल्फ कॉपॉरेशन काउंसिल
संडे टेलीग्राफ़
ऑस्ट्रेलियाई क्रिकेट बोर्ड
राष्ट्रीय सुरक्षा परिषद
अंतरराष्ट्रीय परमाणु अप्रसार संधि
उत्तर कोरिया परमाणु अप्रसार संधि
एनपीटी
असम राइफ़ल्स
सीआरपीएफ़
एमपीएलएफ़
बीएसएफ़
मणिपुर राइफ़ल्स
मणिपुर पीपुल्स लिबरेशन फ़्रंट
यूएनआई
विनिमय बोर्ड
नेशनल चाइल्डबर्थ ट्रस्ट
राष्ट्रीय मातृत्व अस्पताल
अमरीकी सुरक्षा एजेंसियों
अंतरराष्ट्रीय रेडक्रॉस
अंतरराष्ट्रीय मानवाधिकार संगठन
शुष्क वन अनुसंधान संस्थान
युनाइटेड एअरलाइंस
एएमआर कॉर्पोरेशन
अमरीकन एयरलाइंस
एएमआर व्यवसायिक समूह
विश्व आर्थिक मंच
रोडोंग सिनमुन
दक्षिण कोरियाई सूचना
माइक्रोसॉफ्ट
सोफोज़
बैंक ऑफ़ अमरीका
संघीय जाँच एजेंसी
विश्व पर्यटन संगठन
अंतरराष्ट्रीय श्रम संगठन
विस्कोंसिन विश्वविद्यालय चिकित्सा अध्ययन केंद्र
प्रिंसटन विश्वविद्यालय
टोरंटो विश्वविद्यालय
सेंटर फ़ॉर साइंस इन पब्लिक इंटरेस्ट
राजधानी डेली
योजना और निर्माण
नेपाल टाइम्स
न्यूज़ ऐंड फीचर एलांयस
नाफ़ा
एसएमएचएस अस्पताल
डब्ल्यूएचओ
विश्व स्वास्थ्य संगठन
नासा
विश्व हिंदू परिषद
काँची कामकोटि पीठ
क़िबला कोला कंपनी
संयुक्त राष्ट्र शांति सेना
हुर्रियत कॉन्फ़्रेंस
इंटरनेशनल डेवेलपमेंट एजेंसी
कोका कोला
बीपीसीएल
तेलुगु देशम पार्टी
एचपीसीएल
पेंटहाउस
ला रूश हलाल
न्यूज़ीलैंड प्रेस एसोसिएशन
यूनाइटेड डेमोक्रेटिक पार्टी
भारतीय अंतरिक्ष अनुसंधान संस्थान
संयुक्त राष्ट्र समिति
अरीका कंसर्न
ऑल इंडिया मुस्लिम पर्सनल लॉ बोर्ड
उत्तर प्रदेश सुन्नी वक्फ़ बोर्ड
इलाहाबाद हाइकोर्ट
न्यूयार्क पुलिस
इराक़ी संसद
पाकिस्तान मुस्लिम लीग
क़ायदे |-| आज़म गुट
एडलैब्स फ़िल्म्स
जीडीसी
बॉलीवुड
हॉलिवुड
पीएनसी एडवाइज़र्स
फ़ेडरल रिज़र्व
एचएसबीसी सिक्यूरिटीज़
स्टैंडर्ड एंड पूअर मार्केटस्कोप
फ़्रेंच इंटरनेशनल रेडियो
अन्तरराष्ट्रीय मुद्रा कोष
सैटर्डे स्टार
ग्वाटांग बोर्ड
ग्वाटांग क्रिकेट बोर्ड
दिल्ली ट्रैफिक पुलिस
श्रीलंका क्रिकेट बोर्ड
कहुटा रिसर्च लैबोरेटरी
पाकिस्तानी विदेश मंत्रालय
अमरीकी दूतावास
कहुटा रिसर्च लैबोरेटरीज़
रॉयटर
हिज़्बुल मुजाहिदीन
हिज़्बुल
जम्मू |-| कश्मीर हाई बोर्ड बार एसोसिएशन
भारतीय वायु सेना
अल क़ुद्स
सूचना
अल वतन
बाथ पार्टी
इराक़ी नेशनल कॉंग्रेस
इराक़ी प्रसारण विभाग
एलटीटीई
एमडीएमके पार्टी
रेडक्रॉस
एटीपी
एटपी
एसोसिएशन ऑफ़ टेनिस प्रोफ़ेशनल्स
भारतीय पुरातत्व सर्वेक्षण
सीबीआई
केंद्रीय ख़ुफ़िया ब्यूरो
उत्तर प्रदेश उच्च न्यायालय
गुरुद्वारा प्रबंध समिति
इंटेक
नेशनल ट्रस्ट फॉर आर्ट ऐंड कल्चरल हेरिटेज
सयुक्त राष्ट्र
विदेश मंत्रालय
दक्षिण कोरिया एकीकरण मंत्रालय
पंजाबी साहित्य सभा
हार्वर्ड यूनिवर्सिटी
ब्रिघम एंड वीमेन्स हॉस्पिटल
वॉर्नर ब्रदर्स
संडे टाइम्स
व्हाइटवर्थ आर्ट गैलरी
कौंसिल फार लेदर एक्सपोर्ट
हिज़बुल्ला
हेज़बोल्लाह
इस्लामिक जिहाद संगठन
दलेर मेहंदी म्यूज़िक कंपनी
पटना उच्च न्यायालय
एपी
यहूदी केंद्र
बेल्गा
यहूदी रेस्तराँ
वॉयस ऑफ़ अमरीका
आकाशवाणी
एयर फ्रांस
ब्रिटिश एयरवेज़
परिवहन
राहत
रेल
अंतरराष्ट्रीय विकास
हाउस ऑफ कॉमंस
स्काई न्यूज़
संडे टेलिग्राफ़
जैश |-| ए |-| मोहम्मद
लश्कर |-| ए |-| तय्यबा
हरकत |-| उल |-| अंसार
भारतीय सेना
भारत सरकार
हरकत |-| उल |-| मुजाहिदीन
अल |- क़ायदा
अल |-| जज़ीरा
अल |- जज़ीरा
उत्तरी गठबंधन
इस्लामी विकास बैंक
करोलिंस्का संस्थान
नेशनल रेडियोलॉजिकल प्रोटेक्शन बोर्ड
आईसीएनआईआरपी
कैंसर शोध संस्थान
आईसीएआईआरपी
राष्ट्रीय कैंसर संस्थान
योरोपीय आयोग
ब्रिस्टल विश्वविद्यालय
सार्क
मेट्रेपॉलिटन पुलिस
क्राउन प्रोसिक्यूशन सर्विस
ईलिंग पुलिस डिवीज़न
स्कॉटलैंड यॉर्ड
पुलिस अनुशासन ट्राइब्यूनल
ऑक्सफ़ेम
संयुक्त राष्ट्रसंघ
मानव संसाधन विकास मंत्रालय
केरल राज्य विकास बोर्ड
राष्ट्रीय महिला आयोग
भारत ज्ञान विज्ञान संघ
राष्ट्रीय साक्षरता मिशन
सुबरू वेधशाला
रायटर्स
रायटर्स समाचार एजेंसी
सिंजेंटा कम्पनी
बीजिंग जेनोमिक्स इंस्टीट्यूट
युनिवर्सिटी ऑफ़ वाशिंगटन जेनोम सेंटर
गृह मंत्रालय
टाइम पत्रिका
टाइम एशिया
टाइम
सिपला
हिज़्बुल मुजाहीदीन
जेहाद काउंसिल
कश्मीर कमिटी
हुर्रियत संगठन
यूनाइटेड जेहाद काउंसिल
जमाते इस्लामी कश्मीर
हुर्रियत कॉँफ्रेंस
हुर्रियत काँफ़्रेंस
पाकिस्तानी सरकार
मध्यमार्गी |-| वामपंथी पार्टी
फ़्रीडम पार्टी
नेशनल एलायंस
ब्रिटिश नेशनल पार्टी
पाकिस्तानी सेना
लश्कर |-| ए |-| तैयबा
पाकिस्तान |-| अफ़ग़ानिस्तान डिफ़ेंस कमेटी
जमात |-| ए |-| इस्लामी
जमात |-| ए |-| दावा
वॉल स्ट्रीट जर्नल
अख़बार वॉल स्ट्रीट जर्नल
प्राइस वाटर हॉउसकूपर्स
ज़ेरॉक्स कॉर्पोरेशन
बहुराष्ट्रीय कंपनी ज़ेरॉक्स कॉर्पोरेशन
एअर चाइना
सबीर एअरलाइंस
सिंगापुर एअरलाइंस
ईरान एअर
अलास्का एअरलाइंस
गल्फ़ एअरबस
इजिप्ट एअर
चाईना नौर्दरन एअरलाइंस
अमेरिकन एअरलाइंस
चाईना एअरलाइंस
एअर फ़िलीपींस
एअर फ़ांस
इक्वेडोर टेम एअरलाईन
सकैंडेनेविअन एअरलाइंस
ज़ेरॉक्स मोदीकॉर्पोरेशन
जेरॉक्स
अमरीकी न्याय विभाग
एसईसी
कंपनियों
अमरीकी कंपनियों
एनर्जी कॉर्पोरेशन
वेबसीन फ़र्मे
मॉर्गन कोल
पर्सनेल टुडे पत्रिका
ग्लोबल हैल्थ प्रॉडक्ट
दवा फ़र्म
यूनिवर्सिटी ऑफ़ वाशिंगटन
अंतरिक्ष एजेंसी नासा
फ़लस्तीनी प्रतिनिधिमंडल
फ़लस्तीनी प्रशासन
अक़्सा ब्रिगेड
चरमपंथी इस्लामी गुट
फ़ोर्ड
क्रिकेट कंट्रोल बोर्ड
मारूति
तुवालु मौसम विभाग
अमरीकी प्रशासन
दिल्ली मेट्रो रेल
दिल्ली मेट्रो रेल कॉर्पोरेशन
माइक्रोकैशे कंप्यूटर
मुंबई पुलिस
सोफोस
इराक़ सरकार
पैट नाटूर
फ़ेडरेशन आफ़ सेपरेटिड एंड डाएवोरस्ड विमन
दैनिक एल मुंडो
रूसी टेलीविज़न
रूसी सैनिक अभियान
अल काय़दा
रूसी फ़ौज
चेचन सेना
रूसी सरकार
रूसी संसद
ऑस्ट्रेलियाई टीम
ऑस्ट्रेलियाई क्रिकेट टीम
रूसी मीडिया
रूसी सेना
अमरीकी सेना
इराक़ी सरकार
परिषद
पाकिस्तान विदेश मंत्रालय
माइक्रोसॉफ़्ट
हॉवर्ड बिजनेस स्कूल
अमरीकी सरकार
जनता दल
बोफ़ोर्स
गुजरात सरकार
विहिप
स्कॉटलैंड यार्ड
ऑल इंडिया इंस्टिट्यूट
जैव प्रोद्योगिकी विभाग
भारतीय जैव प्रोद्योगिकी विभाग
पेरिस पुलिस
अंतरराष्ट्रीय इस्लामी मोर्चे
विश्व व्यापार संगठन
डब्लयूटीओ
ग्रामीण अग्निशमन सेवा
हैदराबाद कर्नाटक एजुकेशन सोसायटी
रॉयल एयर फ़ोर्स
राज्य सभा
केबल नेटवर्क संशोधन विधेयक 2002
मैसाच्युसेट्स अस्पताल
यूरोपीय आयोग
तुर्की संघ
केंद्रीय जाँच ब्यूरो
ट्रांस्पैरेंसी इंटरनेशनल
भूमि प्रशासन
कर विभाग
एफबीआई
पाकिस्तानी पुलिस
चर्च ऑफ़ इंग्लैंड
नेशनल थर्मल पॉवर कॉरपोरेशन
एनटीपीसी
संयुक्त राष्ट्र की परमाणु एजेंसी
शिया मुस्लिम सर्वोच्च परिषद
टाइम मैगज़ीन
लिंकोपिंग विश्विद्यालय
केंद्रीय बैंक
स्टेट बैंक ऑफ पाकिस्तान
कराची शेयर बाज़ार
बैप्टिस्ट अस्पताल
यमन सरकार
सोशलिस्ट पार्टी
अवामी लीग
बांग्लादेश नेशनल पार्टी
जातीय पार्टी
एमएमए
पाकिस्तान पुलिस
भारतीय टीम
भारतीय क्रिकेट टीम
स्टैंडर्ड ऐंड पुअर
डोएच बैंक
टाइम्स
रक्षा मंत्रालय
डेली टेलीग्राफ़
जर्मन विदेश मंत्रालय
साउथ एशिया ट्रिब्यून
इंदिरा फ़ीमेल पियर एजुकेटर्स कलेक्टिव
जनसंख्या आयोग
भारतीय फ़िल्म उद्योग
अलक़ायदा
मैरी एडिलेड कुष्ठ निवारण केंद्र
लिबास इंटरनेशनल
किडनी सेंडर
लेडी डफरिन मेटरनिटी हॉस्पिटल
लेयटन रहीमतुल्ला बेनेवोलेंट ट्रस्ट
आतंकवाद |-| निरोधक पुलिस
ऑस्कर अवार्ड
लोअर मैनहटन डेवलपमेंट कॉर्पोरेशन
सीबीएस
सरकारी समाचार एजेंसी
विधान सभा
अमेरिकन एयरलाइन्स
एपी एजेंसी
पब्लिक सेफ़्टी डिपार्टमेंट
अमरीकी अंतरिक्ष एजेंसी
वायुसेना
कैनेडी स्पेस सेंटर
नौसेना
भारतीय अंतरिक्ष अनुसंधान संगठन
मुफ़्ती मोहम्मद सईद सरकार
जम्मू कश्मीर सरकार
ऑल पार्टी हुर्रियत कांफ़्रेंस
आस्ट्रेलियाई टीम
महाराष्ट्र क्रिकेट एसोसिएशन
ओलंपिक समिति
दिल्ली क्रिकेट एसोसिएशन
बिहार क्रिकेट एसोसिएशन
न्यूजीलैंड
एयर पैराडाइज़
इराक़ी मीडिया
अल इराक़
अल जम्हूरिया
समता पार्टी
एनडीए
शिवसेना
जनता दल (| यूनाइटेड |)
उच्चतम न्यायालय
बीजेपी
नैम
गुट निरपेक्ष आंदोलन
इंडीज़
रेल सुरक्षा बलों
अमरीकी गुप्तचर एजेंसियाँ
अल कायदा
एजेंसी आइएनए
अमरीकी रक्षा मुख्यालय पेंटागन
बहुजन समाजवादी पार्टी
भारतीय जनती पार्टी
व्हाइट हाऊस
निक्को सॉलोमन स्मिथ बार्नी
लिबरल डेमोक्रेटिक पार्टी
सिक्यूरिटीज़ एंड एक्सचेंज सर्वेलेंस
ज़िंबाबवे
ज़िबाबवे
जिंबाबवे
अंतरराष्ट्रीय ऊर्जा एजेंसी
नाटो
इराक़ी सेना
ब्रितानी फ़ौजे
ब्रितानी सेना
कॉंगो गणराज्य
नेपाल सरकार
मलेशिया सरकार
स्वास्थ्य विभाग
पाकिस्तान सरकार
क़्विकट्रैक
एसओएस रेस्पाँस
सूचना मंत्रालय
एयरपोर्ट ऑथोरिटी ऑफ़ इंडिया
नागरिक उड्डयन
हवाई जहाज़ों
तमिल ईलम
लिबरेशन
लिबरेशन टाइगर्स
तमिल टाइगरों
ऑफ तमिल
श्रीलंका सरकार
टाइगर्स ऑफ
ऑफ
ईलम
बैकोनूर अंतरिक्ष केंद्र
एडिनबरा विश्वविद्यालय
सिनई अस्पताल
बाल्टीमोर अस्पताल
अंतरराष्ट्रीय आणविक ऊर्जा संस्था
अन्तरराष्ट्रीय आणविक ऊर्जा संस्था
अन्तरराष्ट्रीय सलाहकार बोर्ड
उड़ीसा संग्रहालय
उत्कल विश्वविद्यालय
फ़लस्तीनी राष्ट्र
पीएलओ
नेचर
भारतीय ओलंपिक संघ
अंतरराष्ट्रीय ओलंपिक कमेटी
कमेटी
कैथोलिक चर्च
मार्क्सवादी कम्युनिस्ट पार्टी
कम्युनिस्ट पार्टी (| मार्क्सवादी |)
पेरिस फ़ैशन वीक
आउटलुक
इसराइली सरकार
अल |-| अक़्सा
ह्यूमैन राइट्स वॉच
इस्लामी जिहाद
हथियार निरीक्षण संबंधी आयोग
परमाणु ऊर्जा आयोग
हथियार निरीक्षण आयोग
एमनेस्टी
संस्था
माओवादियों
माओइस्ट कम्युनिस्ट सेंटर
माओवादी
अल |-| क़दिसिया
अल |-| जम्हूरिया
इराक़ी समाचार एजेंसी
सरकारी मीडिया
विक्टोरिया विश्वविद्यालय
टीसाइड विश्वविद्यालय
आप्रवासन विभाग
आईएनएस
एओएल टाइम वॉर्नर
टेड टर्नर सीएनएन
टाइम वॉर्नर
एओएल ऑनलाइन
अमेरिका ऑनलाइन
एलजी
आइसीसी
मसाचुसैट्स तकनीकी संस्थान
अमेरिकन एसोशियन फोर एडवांसमेंट आफ साइंस
अमरीकी रक्षा विभाग
कैलिफ़ोर्निया विश्वविद्यालय
न्यू साइंटिस्ट
सैन फ़्रांसिस्को मेडिकल सेंटर
विस्कांसिन विश्वविद्यालय
ड्यूक विश्वविद्यालय
ब्रितानी लॉन टेनिस संगठन
विश्व ग्रुप
हारवर्ड
हारवर्ड विश्वविद्यालय
सोवियत सेना
मजुहादिन
जम्मू |-| कश्मीर विधानसभा
हिंदूवादी पार्टी
अमरीकी कांग्रेस
राष्ट्रीय विमान सेवा
दाभोल पावर कम्पनी
नैस्डैक
अंतरराष्ट्रीय मजदूर संघ
विदेशी मुद्रा भण्डार
लुफ्तहांसा
जनरल मोटर्स
बोइंग
टाटा पावर
तमिल टाइगर
अंतरराष्ट्रीय राहत एजेंसियों
मधु शरणार्थी शिविर
राष्ट्रीय सेना
अंतरिम सरकार
अंतरिम प्रशासन
वेंडरबिल्ट विश्वविद्यालय
राकेश मोहन समिति
रेल विभाग
एरिज़ोना विश्वविद्यालय
मौलाना आज़ाद मेडिकल कॉलेज
केंद्रीय प्रदूषण नियंत्रण बोर्ड
सर्वोच्च न्यायालय
सर्वोच्च न्ययालय
आर्थर एंडरसन
केपीएमजी
वेस्ट मैनेजमेंट
अमरीकी केंद्रीय बैंक
अंतरराष्ट्रीय लेखा मानक संगठन
कोलंबिया विश्वविद्यालय
बफैलो विश्वविद्यालय
अमेरिकन एसोसिएशन ऑफ़ फ़िज़िकल एंथ्रोपोलोजिस्ट्स
पूर्वी तिमोरी छापामारों
इंडोनेशियाई सुरक्षाबलों
विश्व समाज
यूनिसेफ़
यूक्रेन सरकार
राष्ट्रीय एजेंसियों
इज़वेस्तिया अख़बार
अमरीकी वाणिज्य दूतावास
सरकारी अस्पताल
एपी समाचार एजेंसी
बैंक ऑफ़ राजस्थान
भारतीय वायुसेना
दमकल विभाग
एनएलडी
ऑक्सफ़ोर्ड विश्वविद्यालय
नेशनल लीग फ़ार डेमोक्रेसी एनएलडी
ब्रितानी बैंक
साइंस पत्रिका
एरीज़ोना विश्वविद्यालय
लूनर ऐंड प्लेनेटरी इंस्टीट्यूट
पीएमके
तृणमूल कांग्रेस
राष्ट्रीय जनतांत्रिक गठबंधन
पात्तली मत्तल काची
मंत्रिमंडल
रेल मंत्रालय
तृणमूल काँग्रेस
मंत्रीमंडल
यूरोपीय समकक्षों
युरोपीय अंतरिक्ष एजेंसी
यूरोपीय अंतरिक्ष संस्था
रूसी अंतरिक्ष कार्यक्रम
स्वास्थ्य और जैविक समस्यायों के संस्थान
तहरीके जाफ़रिया
तंज़ीमे निफ़ाज़
तंज़ीमे निफ़ाज़े शरीयते मोहम्मदी
झांगवी गुट
सिपाहे सहाबा
सुन्नी संप्रदाय
शिया |-| बहुल राष्ट्र
एएफ़आईए
एएफ़पी समाचार एजेंसी
बचाव दल
दिल्ली सरकार
महाराष्ट्र सरकार
सदन
पेट्रोलियम मंत्रालय
कानून मंत्रालयों
पूर्वी रेलवे
मुगलसराय रेल डिवीज़न
रेलवे बोर्ड
दि क्रिश्चियन मॉनिटर
वॉशिंगटन पोस्ट
क्रिश्चियन मॉनिटर
वॉशिं गटन पोस्ट
वॉशिंगटन टाइम्स
मार्गदर्शक मंडल
अंतरराष्ट्रीय समुदाय
अंतरराष्ट्रीय गठबंधन
भारतीय विदेश मंत्रालय
आईआसआई
अमरीकी काँग्रेस
पेप्सी
कोका |-| कोला
टीसिरीज़ कैसेट्स
दुबई पुलिस
दाऊद गिरोह
टिप्स
विदेश विभाग
अंतरराष्ट्रीय हॉकी
एशियाई ओलंपिक काउंसिल
नास्डाक़
इंटेल
एडवान्स्ड माइक्रो डिवाइसेज़
एएमडी
न्यूज़वीक
टोक्यो शेयर बाज़ार
सुप्रीम कोर्ट
रॉ
चेचन विद्रोहियों
अंतरराष्ट्रीय इस्लामी चरमपंथी संगठनों
जसलोक अस्पताल
अमरीकी राष्ट्रपति कार्यालय
बीबीसी न्यूज़ ऑनलाइन
क्रिकेट बोर्ड
फ़लस्तीनी चरमपंथी संगठन
इसराइली एयरलाइंस
इसराइली सेना
पीएफ़एलपी
एल अल एयरलाइंस
सरकारी स्वास्थ्य सेवा
नेचर पत्रिका
पीऊ रिसर्च सेंटर
वैज्ञानिक संस्थान
वैलकम ट्रस्ट
राष्ट्रीय स्वास्थ्य संस्थान
ब्रिटिश थोरैसिक सोसायटी
इंपीरियल कॉलेज
नेशनल हार्ट एंड लंग इंस्टिट्यूट
राष्ट्रीय स्वयंसेवक संघ
माधवपुरा सहकारी बैंक
अमेज़ान डॉट कॉम
न्यूज़ इंटरनेशनल
अंतरराष्ट्रीय समाचार संस्था
फ़्रांसीसी अंतरिक्ष एजेंसी
एरियन स्पेस
यूटेलसैट कंपनी
लॉकहीड मार्टिन
झारखंड मुक्ति मोर्चा
बाली विधानसभा
असम गण परिषद
गोड्डा लोकसभा
मेहसाणा लोकसभा
गुजरात विधानसभा
अरुणाचल काँग्रेस
इंटरनेट कॉरपोरेशन
इंटरनेट कॉरपोरेशन फोर एसाइग्ड नेम्स ऐंड नंबर्स
वाणिज्य विभाग
लोकतंत्र
दिल्ली विश्वविद्यालय
न्यूयॉर्क स्टॉक एक्सचेंज
कॉन्सीको
ग्रीन ट्री फ़ाइनेंशियल
जीई कैपिटल्स
सिक्योरिटीज़ एंड एक्सचेंज कमीशन
अमरीकी शेयर बाज़ार
कॉन्सीका
तमिल टाइगर्स
अल उम्मा
अमरीकी सीनेट
इंटरनेशनल एटॉमिक एनर्जी एजेंसी
योनहैप
दिल्ली मेट्रो
आर्थिक अपराध विभाग
गृहमंत्रालय
रूसी गृह मंत्रालय
प्रमुख प्रशासनिक अदालत
ईरानी संसद
दक्षिणपंथी
न्यायपालिका
सीसीएस
कैबिनेट समिति
राज्य सरकार
पीडबल्यूजी
नक्सली संगठन
पीपुल्स वॉर ग्रुप
पीपल्स वॉर ग्रुप
गठित टॉस्क फ़ोर्स
तमिल राष्ट्रवादी संगठन
कर्नाटक सरकार
तमिल लिबरेशन फ़्रंट
अरब अमीरात दूतावास
बीबीसी ऑनलाइन
संयुक्त राष्ट्र शांति रक्षा विभाग
बीबीसी हिंदी सेवा
न्याय विभाग
अमरीकन लीगल डिफ़ेंस
लेबर दल
हमस संगठन
राष्ट्रीय सुरक्षा बल
इसराइली सुरक्षा बलों
इसलाइली सरकार
विश्व समुदाय
इस्लामी चरमपंथी संगठन
स्पेशल ब्रांच
मुगाबे सरकार
राष्ट्रमंडल
इंग्लिश क्रिकेट बोर्ड
इंग्लैंड क्रिकेट बोर्ड
ब्रितानी सरकार
इंटरनेशनल नेटवर्क फॉर द इम्प्रूवमेंट ऑफ बनाना एंड प्लांटेन
न्यू साइंटिस्ट पत्रिका
रैनबैक्सी
रैनबैक्सी लेबोरेटरीज़
एनजीओ
भारतीय शेयर बाज़ार
अमरीकी फूड ऐंड ड्रग एडमिनिस्ट्रेशन
डॉक्टर रेड्डी लेबोरेटरीज़
मेक्सिको सिविल प्रोटेक्शन एजेंसी
इंटरनेशनल जरनल ऑफ़ साइकोफ़िज़ियोलोजी
दुबई प्रशासन
ख़लीज टाइम्स अख़बार
अखिल भारतीय काँग्रेस
समाज पार्टी
बसपा
काँग्रेस पार्टॉ
काँग्रेस पार्टी
राष्ट्रीय एड्स नियंत्रण संगठन
नेशनल इंटेलीजेंस कमीशन
कट्टरपंथी न्यायापालिका
हाई कोर्ट
दिल्ली हाई कोर्ट
दिल्ली क्रिकेट बोर्ड
दिल्ली क्रिकेट लीग
कैनैडी स्पेस सेंटर
जॉनसन स्पेस सेंटर
एंग्लोप्लेट
नोरिल्स्क
नोरिलिस्क निकेल
खदान यूनियन
वैरायटी
पैरामाउंट
टीएमसी
भारतीय सुप्रीम कोर्ट
क्रिकेट वर्ल्ड कप
कर्नाटक राज्य क्रिकेट संघ
भारत .| ए |. क्रिकेट टीम
इंग्लैंड क्रिकेट
वेल्स क्रिकेट बोर्ड
न्यूज़ ऑफ द वर्ल्ड
संस ऐंड डॉटर्स ऑफ ज़िम्बाब्वे
इंग्लैंड बोर्ड
किंग्स कॉलेज
न्यूयार्क विश्वविद्यालय
परमाणु केंद्र
शिव सेना
संयुक्त सेना
हार्वर्ड विश्वविद्यालय
आईएम
जनता दल (| युनाइटेड
एनएससीएन
एक्ज़ेटेर विश्वविद्यालय
शिक्षा विभाग
ब्रिटिश अकादमी ऑफ़ फ़िल्म एंड टेलीविज़न आर्ट्स
बाफ़्टा
बजाज ऑटो लिमिटेड
आईबीपी
ब्रिटेनिया इंडस्ट्रीज़
केलकर समीति
केलकर समिति
शेल
आईओसी
फ़िक्की इंडियन चैंबर्स आफ कॉमर्स एण्ड इंडस्ट्रीज़
मुत्तहिदा मजलिसे अमल
केंद्रीय सरकार
मुस्लिम लीग
पीपुल्स पार्टी
पाकिस्तान पीपुल्स पार्टी
मजलिसे अमल
पीपुल्स पार्टी और दो मुस्लिम लीग
जमीयत उलमाए पाकिस्तान
पार्लियामेंटेरियन
सत्तारूढ़ मुस्लिम लीग
मुस्लिम लीग क़ायदेआज़म
नेशनल एसेंबली
सत्तारूढ़ नेशनल डेमोक्रेटिक पार्टी
अल |-| समूद
नगालैंड पीपुल्स फ्रंट
आइएनपीटी
राष्ट्रवादी कॉंग्रेस पार्टी
आरएसपी
एनसीपी
मार्क्सावादी कम्युनिस्ट पार्टी
जनता दल यूनाइटेड
राष्ट्रवादी कांग्रेस पार्टी
अमरीकी खुफिया एजेंसी
अल |-| कुद्स
लुइसविले विश्वविद्यालय
शेफ़िल्ड विश्वविद्यालय
अमेरिकन एक्सप्रेस
इंफ़ोसिस
नोर्टेल नेटवर्क्स
फ़लस्तीनी चरमपंथी ग्रुप हमास
अंतरराष्ट्रीय टीवी कंपनी
केंद्र सरकार
उल्फ़ा
पृथकतावादी संगठन युनाइटेड फ्रंट ऑफ़ असम
उल्फा
फ़िलिस्तिनी क्षेत्र
अंतरराष्ट्रीय रग्बी बोर्ड
वर्ल्ड इकॉनॉमिक फ़ोरम
हॉगकॉग
अल |-| ज़जीरा
यूनीलिवर और जिलेट
प्रॉक्टर ऐंड गैंबल
स्थानीय समाचार संस्था
सीएनएस
अप्लॉज़ इंटरटेनेट
इंफ़ोमीडिया
आरबीआई
सीआरआर
भारतीय रिज़र्व बैंक
रिज़र्व बैंक
विधान परिषद
इराक़ नेशनल कांग्रेस
इराक़ी नेशनल एकॉर्ड
पैट्रियॉटिक यूनियन ऑफ़ कुर्दिस्तान
कुर्दिस्तान डेमोक्रेटिक पार्टी
शिया पार्टी सुप्रीम काउंसिल ऑफ़ इस्लामिक रिवॉलियुशन
स्वदेशी जागरण मंच केंद्र सरकार
आरएसएस
बीजेपी संगठन
सरकार विश्व व्यापार संगठन
सत्ताधारी मार्क्सवादी कम्युनिस्ट पार्टी
सीपीएम
बहुसांस्कृतिक समाज
न्यूसाइंटिस्ट डॉटकॉम
सीटीबीटी
जेन डिफ़ेंस वीक्ली
सेंटर फ़ॉर स्ट्रैटेजिक एंड इंटरनेश्नल स्टडिज़
सेंटर फ़ॉर स्ट्रेटिजिक एंड इंटरनेश्नल स्टडीज़
वेनेज़ुएला सरकार
सार्वजनिक स्वास्थ्य संधि
नया एशिया ईरोज़ संग्रहालय
अंतरराष्ट्रीय पाषाण कला संगठनों
आईएफ़आरएओ
यूनिवर्सिटी ऑफ़ इलिनॉय
यूनियन फ़ाइनेंस एंड इन्वेस्टमेंट कॉर्पोरेशन
यूनियन फ़ाइनैंस
फ्रेंच ओपन टेनिस
लॉरेंस बर्कर्ले राष्ट्रीय प्रयोगशाला
अंतरराष्ट्रीय वित्तीय कंपनी
संघीय जांच ब्यूरो
यूबीएस वॉरबर्ग
अमरीकी राजकोष विभाग
मिडलसेक्स विश्वविद्यालय
इंटरकॉन्टिनेंटल ब्रांड
सीआईआई
भारतीय उद्योग परिसंघ
विधायक दल
राष्ट्रीय लोक दल
ऐमनेस्टी इंटरनेशनल
हैलेट अस्पताल
विधि आयोग
दिल्ली पुलिस प्रशिक्षण कॉलेज
अमरीकी मध्य कमान
आनुवंशिक इंजीनियरिंग स्वीकृति समिति
जीईएसी
किसान समन्वय समिति
केसीसी
पाकिस्तानी नौसेना
पाकिस्तानी क्रिकेट बोर्ड
हंस
वेबदुनिया
हिंदी पोर्टल वेबदुनिया
विनिवेश
मारुति
सुज़ुकी मोटर कॉर्पोरेशन
मारुति उद्योग लिमिटेड
सुज़ुकी कंपनी
सुज़ुकी मोटर
सिम्बियन
हैंडस्प्रिंग
म्यूज़िकवेव
अल बद्र
भारतीय सुरक्षा
उल मुजाहिदीन
बैपटिस्ट मैडिकल सेंटर
वेक फ़ौरैस्ट यूनिवर्सिटी
वेक फ़ौरैस्ट विश्वविद्यालय
केंद्रीय मंत्रिमंडल
टाटा टीडी वॉटरहाउस सिक्योरिटीज़
द हिंदू
कॉमनवेल्थ बैंक क्रिकेट अकादमी
ऊर्जा मंत्रालय
पाकिस्तानी मानवाधिकार आयोग
राजस्थान उच्च न्यायालय
मद्रास हाई कोर्ट
विश्व व्यापार
इंटरनेशनल क्रिकेट काउंसिल
बीसीसीआई
नेशनल इंस्टीट्यूट ऑफ़ पब्लिक फ़ाइनेंस
पुलिस बैगपाइपर्स बैंड
अलगाववादी
चुनाव आयोग
खेल
ईसाई स्वंयसेवी संस्था
असम चाय मज़दूर संघ
द टाइम्स
एमआई
विधानमंडल
राष्ट्रीय लोकदल
रूसी सुरक्षा
ओआरटी टीवी
रूसी सुरक्षआबलों
राष्ट्रीय सुरक्षा
पाकिस्तानी सुरक्षा
यूरोपीय केंद्रीय बैंक
बैंक ऑफ़ इंग्लैंड
नेटवेस्ट
आईएमएफ़
प्रसार भारती
एयर डेकन
रायनएयर
डेकन एयर
एनईपीसी
ईज़ी जेट
भारत पेट्रोलियम कॉर्पोरेशन लिमिटेड
मानव संसाधन
हिंदुस्तान पेट्रोलियम कॉर्पोरेशन लिमिटेड
बीबीसी लंदन
राष्ट्रीय जनता दल
सीएसएक्स
गोल्डमैन सैक्स
अमरीकी सेनेट
फ़ुल सर्किल
हावर्ड्स
इन्फ़ोसिस
हिंद पॉकेट बुक्स
एल नाइडा
राज्य क़ानून
उद्योग
नर्मदा
वाणिज्य
शिक्षा
स्वास्थ्य
लाहौर हाईकोर्ट
जम्मू कश्मीर विधानसभा
लश्कर
फ़ुटबॉल
फ़ीफ़ा
सूचना एवं प्रसारण
जामिया मिलिया इस्लामिया
बॉस्टन हेरल्ड
क्रेमलिन
रोदोंग सिन्मम
लॉस एंजेल्स टाइम्स
सीआईडी
नेशनल कॉंफ़्रेंस
दूरसंचार विभाग
पीपल्स डेमोक्रैटिक पार्टी
सर्वदलीय हुर्रियत कॉंफ़्रेंस
स्टैनफ़ोर्ड
टेक्सस विश्विद्यालय
स्टैनफ़ोर्ड विश्विद्यालय
राजभवन
पीयूसीएल
कॉँग्रेस कार्यसमिति
कॉँग्रेस
राष्ट्रीय सेवक संघ
क्राउन
क्राउन कैसिनो
नेशनल सोशलिस्ट काउंसिल ऑफ़ नागालैंड
टिमिन्स एंड डिस्ट्रिक्ट अस्पताल
याहू
आरपीजी
बीपीएल
हच
ओएसिस
एअरटेल
आइडिया
टाटा टेलीसर्विसेज़
स्पाइस
एस्कोटेल
बीएसएनएल
एमटीएनएल
लेस्टरशायर क्लब
एसओजी
विशेष संचालन गुट
ऐमनेस्टी
हुरियत
कोशिकीय और आणविक जीव वैज्ञानिक केंद्र
अंतरराष्ट्रीय ओलंपिक समिति
भारतीय एमेच्योर एथलेटिक्स फ़ेडेरेशन
जैक्सन फ़ाइव ग्रुप
आईटीवी
अमरीकी रक्षा
उच्चायोग
लिकुद पार्टी
फ़लस्तीनी संसद
यूनाइटेड क्रिकेट बोर्ड
ईसीबी
इंगलैंड क्रिकेट बोर्ड
लीला ग्रुप
हिंदू जागरण मंच
फ़लस्तीन संसद
केंद्रीय
भारतीय विदेश
सेनेट
तेलुगू देसम पार्टी
मार्क्सवादी
भारतीय सीमा सुरक्षा बल
आइएनए
भारतीय दूरसंचार नियामक प्राधिकरण ट्राई
भारत संचार निगम लिमिटेड
अमरीकी सुरक्षा विभाग
एयर अल्जीरी
द्रविड़ मुनेत्र कषगम
डीएमके
समाजवाजदी पार्टी
राष्ट्र सुरक्षा परिषद
सोशल डेमोक्रेटिक पार्टी
भारतीय सर्वोच्च न्यायालय
अंतरराष्ट्रीय नदी नेटवर्क
विश्व जल परिषद
अंतरराष्ट्रीय रेड क्रॉस संघ
पर्यावरण
सुरक्षा परिषद्
इंटेलीजेंस ब्यूरो
आईबी
कॉग्रेस
एबीसी
इसरो
आईएमएफ
बैंक ऑफ इंग्लैंड
मुद्रा कोष
अरब प्रेस
रॉयल कंसल्टेंट्स
हैमरस्मिथ अस्पताल
बजरंग दल
अमरीकी रक्षा मुख्यायल
रिलायंस इंडस्ट्रीज़
विलय रिलायंस इंडस्ट्रीज़
रिलायंस इन्फोकॉम
प्राइसवाटरहाऊस कूपर्स
रिलांयस पेट्रोलियम
अहमदिया संप्रदाय
बिमान एयरलाइंस
कीनिया ब्रूअरी
ब्रूअरी कंपनी
बेस्कॉम
बंगलौर सप्लाई इलेक्ट्रीसिटी कंपनी
हिन्दुस्तान लिवर लिमिटेड
इनफ़ोसिस
विप्रो
बेस्कॉम सतर्कता विभाग
स्पिन बुलडक
हिज्बुल्ला
आंतरिक मंत्रालय
एंटी डोपिंग आयोग
संघ परिवार
आंतरिक सुरक्षा मंत्रालय
मराड
इसराइली लेबर पार्टी
एन्टी नारकोटिक्स फ़ोर्स
अर्थलिंक
मेलब्लॉक्स
अमेरिकन ऑनलाइन
श्रम
सीपीआईएम
प्रौद्योगिकी
सत्ताधारी लेबर पार्टी
विपक्षी कंज़रवेटिव पार्टी
आर एम एस टाइटैनिक
व्हाइट स्टार लाइन
संसद्
पाकिस्तान क्रिकेट कंट्रोल बोर्ड
अमेरिकन सोसायटी ऑफ़ माइक्रोबायोलॉजी
ऑल इंडिया ट्रेड यूनियन काँग्रेस
मज़दूर सभा
सीटू
सेंटर ऑफ़ इंडियन ट्रेड यूनियन्स
एआईटीयूसी
इनटक
भारतीय राजस्व सेवा
वित्त मंत्रालय
अंतरराष्ट्रीय मानवाधिकार संगठन एमनेस्टी इंटरनेशनल
`शिनहुअा'
अल-कायदा
अलकायदा
शिंदे सरकार
न्‍याय मंत्रालय
कथक केन्द्र
कांग्रेस पार्टी
रोटरी
बी सी सी आई
सी बी आई
केन्द्रीय अन्वेषण ब्यूरो
विद्युत मंडल
कांग्रेस सरकार
कांग्रेस पार्टी सरकार
केन्द्र सरकार
केन्द्र
संयुक्त विज्ञान एवं प्रौद्योगिकी सहयोग समिति
वाणिज्य एवं आपूर्ति मंत्रालय
नगर निगम
उच्च न्यायालय
राष्ट्रीय क्रिकेट अकादमी
न्यूटन ली विलोज
जी |.| आर |.| पी |. इलाहाबाद
मौसम विभाग
भारत ..| ए |.. टीम
डी आर डी ओ
रक्षा अनुसंधान एवं विकास संगठन
एन एस टी एल
एन आर बी
सूरत पुलिस
नाल्को
भारतीय प्रतिभूति एवं विनिमय बोर्ड
भारत पेट्रोलियम कार्पोरेशन लि
नेशनल एल्यूमीनियम कंपनी
भारत पेट्रोलियम
न्यूयार्क स्टॉक एक्सचेंज
मारुति उद्योग
एन |.| एच |.| पी |.| सी
उपक्रम पावर ग्रिड कारपोरेशन आफ इंडिया
ऑल इंडिया मुस्लिम पर्सनल ला बोर्ड
काठमांडू पोस्ट
नेपाली कांग्रेस
सीपीएन
यूएमएल
नेपाल कम्युनिस्ट पार्टी
विधि एवं न्याय मंत्रालय
जी टीवी
ई एस पी एन
स्टार स्पोर्ट्स
रियल मैड्रिड
मैनचेस्टर यूनाइटेड
यूनाइटेड
बार्सिलोना
मारति
नेशनल एल्युमिनियम
कांग्रेस कमेटी
सैनिक सरकार
केन्द्रीय जांच ब्यूरो
अमेरिकी सेना
इराकी सरकार
एसोसियेटेड प्रेस
हेलो अमेरिका
धार्मिक अध्ययन विभाग
जार्जिया स्टेट युनिवर्सिटी
वर्जीनिया युनिवर्सिटी
हेलो इंडिया
रोग नियंत्रण एवं बचाव केंद्र
संयुक्त राष्ट्र संघ
वी |.| ओ |.| ए |. न्यूज
विपक्षी मूवमेंट फॉर ङेमोक्रेटिक चेंज
दिल्ली परिवहन निगम
डीटीसी
अमेरिकी विदेश मंत्रालय
यू |.| एस |. कांग्रेशनल सर्विस
कोहेन ब्रुकिंग इंस्टीट्यूशंस
इलिनोए विश्वविद्यालय
के ई |. एस |. आई |. अस्पताल
भारतीय थलसेना
भारतीय थल सेना
सीबाआई
लश्करे |-| तैयबा
जनकपुरी ट्रांसपोर्ट अथॉरिटी
इराकी पुलिस
वी |.| ओ |.| ए न्यूज़
अमेरिकी अंतर्राष्ट्रीय विकास एजेंसी
डेयर श्पीगल
(| वी |.| ओ |.| ए न्यूज़ |) 
वाशिंगटन पोस्ट
सेंट्रल इंटेलीजेंस एजेंसी
डिफेंस इंटेलीजेंस एजेंसी
