मुल्ला मोहम्मद उमर
मुल्ला
मोहम्मद
उमर
रहमनी
मुल्ला मुहम्मद उमर
मुहम्मद
मोहम्मद हसन रहमनी
हसन
ओसामा बिन लादेन
ओसामा
बिन
लादेन
बिन लादेन
मुखर्जी
ऐलेस्टर लॉसन
ऐलेस्टर
लॉसन
सुब्रत मुखर्जी
सुब्रत
चन्द्रबाबू नायडू
चन्द्रबाबू
नायडू
रागैया नायक
रागैया
नायक
देवेन्द्र गौड़ा
देवेन्द्र
गौड़ा
वाई एस राजशेखर रेड्डी
वाई
राजशेखर
रेड्डी
माइकल पैशार्ड
माइकल
पैशार्ड
बॉब डेबस
बॉब
डेबस
फिल कोपरबर्ग
फिल
कोपरबर्ग
अजय राज शर्मा
अजय
राज
शर्मा
बुश
जॉर्ज डब्ल्यू बुश
जॉर्ज
डब्ल्यू
आयतुल्ला ख़ामेनेई
आयतुल्ला
ख़ामेनेई
किम जांग
किम
जांग
तारिक अज़ीज़
तारिक
अज़ीज़
मुलायम सिंह यादव
मुलायम
सिंह
यादव
अमिताभ
अमिताभ बच्चन
बच्चन
अटल बिहारी वाजपेयी
अटल
बिहारी
वाजपेयी
अमर सिंह
अमर
रामदत त्रिपाठी
रामदत
त्रिपाठी
रशीद मसूद
रशीद
मसूद
मायावती
विमल राकेश
विमल
राकेश
रेहान फ़ज़ल
रेहान
फ़ज़ल
मोहर सिंह
मोहर
मुत्तैया मुरलीधरन
मुत्तैया
मुरलीधरन
एडम गिलक्रिस्ट
एडम
गिलक्रिस्ट
रिकी पोंटिंग
रिकी
पोंटिंग
माइकल बेवन
बेवन
सचिन तेंदुलकर
सचिन
तेंदुलकर
ग्लेन मैक्ग्रा
ग्लेन
मैक्ग्रा
ब्रायन लारा
ब्रायन
लारा
मारकॅस ट्रेस्कोथिक
मारकॅस
ट्रेस्कोथिक
सौरभ गांगुली
सौरभ
गांगुली
यासिर अराफ़ात
यासिर
अराफ़ात
अरियल शेरॉन
अरियल
शेरॉन
होस्नी मुबारक
होस्नी
मुबारक
सीपी ठाकुर
सीपी
ठाकुर
सथुआ
आर सथुआ
आर
कोहली
डीआर कोहली
डीआर
जॉन हावर्ड
जॉन
हावर्ड
रोमेश भंडारी
रोमेश
भंडारी
कोफ़ी अन्नान
कोफ़ी
अन्नान
लिज़ होस्किन
लिज़
होस्किन
आकाश सोनी
आकाश
सोनी
गाया
मेंटूर
वंदना शिवा
वंदना
शिवा
अनीता
अनीता गोल्डस्मिथ
गोल्डस्मिथ
मंडला मेंटूर
मंडला
अमानुल्ला ख़ान
अमानुल्ला
ख़ान
अनिल प्रकाश पांडे
अनिल
प्रकाश
पांडे
महमूद क़िदवई
महमूद
क़िदवई
शाह अब्दुल्ला
शाह
अब्दुल्ला
एरी फ्लेशर
एरी
फ्लेशर
कॉलिन पॉवेल
कॉलिन
पॉवेल
ज़िनी
रोमानो प्रोदी
रोमानो
प्रोदी
अबदुल्ला
एंथनी ज़िनी
एंथनी
शाह मोहम्मद
शांता देवराजन
शांता
देवराजन
थियोडोर मैककैरिक
थियोडोर
मैककैरिक
बर्नार्ड लॉ
बर्नार्ड
डेविड विली
डेविड
विली
जोसेफ़ रात्ज़िंगर
जोसेफ़
रात्ज़िंगर
शोएब
शोएब अख़्तर
अख़्तर
रावलपिंडी एक्सप्रेस
रावलपिंडी
एक्सप्रेस
मैक्मिलन
जेफ़ थॉमसन
जेफ़
थॉमसन
ब्रैट ली
ब्रैट
जॉर्ज कायचिदो
कायचिदो
बादल
सिद्धू
प्रकाश सिंह
सिद्दू
अमरिंदर सिंह
अमरिंदर
असित जॉली
असित
जॉली
रविंदर पाल सिंह सिद्धू
रविंदर
पाल
डेनिस केंट
डेनिस
केंट
तेंज़िंग नॉर्गे
तेंज़िंग
नॉर्गे
सुशील शर्मा
सुशील
एडमंड हिलेरी
एडमंड
हिलेरी
तेंज़िंग नॉर्वे
नॉर्वे
ताशी वांगचुक तेंज़िंग
ताशी
वांगचुक
अप्पा शेरपा
अप्पा
शेरपा
चंद्रबाबू नायडू
चंद्रबाबू
डीसी रोशाया
डीसी
रोशाया
तिमूरी मलका गौहर शाद
तिमूरी
मलका
गौहर
शाद
राजेश प्रियदर्शी
राजेश
प्रियदर्शी
हेमंत दरबारी
हेमंत
दरबारी
हाफ़िज मोहम्मद सईद
हाफ़िज
सईद
अबू हमज़ा
हमज़ा
ब्रामवेल
ब्रॉमवेल
डेविड ब्रॉमवेल
रफ़ाएल गोफ़र्ड
रफ़ाएल
गोफ़र्ड
एमएल सलोदिया
एमएल
सलोदिया
बाबू लाल बिशनोई
बाबू
लाल
बिशनोई
बाबू लाल
वुल्फ़वित्ज़
आए वुल्फ़वित्ज़
आए
सद्दाम हुसैन
सद्दाम
हुसैन
पॉल वुल्फ़वित्ज़
पॉल
येवहान मार्चुक
येवहान
मार्चुक
वोलोदोमिर स्टर्लनिकोव
वोलोदोमिर
स्टर्लनिकोव
पेत्रो शुल्याक
पेत्रो
शुल्याक
कुचमा
लियोनिद कुचमा
लियोनिद
गुल
डेनियल पर्ल
डेनियल
पर्ल
उमर शेख़
शेख़
हमीद गुल
हमीद
लॉर्ड नज़ीर अहमद
लॉर्ड
नज़ीर
अहमद
अहमद उमर शेख़
ग़यासुद्दीन सिद्दीकी
ग़यासुद्दीन
सिद्दीकी
आवर्द शेख़
आवर्द
फ़र्नांडिस
मुशर्रफ़
राशिद क़ुरैशी
राशिद
क़ुरैशी
जाफ़र
परवेज़ मुशर्रफ़
परवेज़
फ़र्नांडीस
जॉर्ज फ़र्नांडिस
अब्दुल कादिर जाफ़र
अब्दुल
कादिर
जॉर्ज फ़र्नांडीस
हसन अल बोल्कियाह
अल
बोल्कियाह
यशवंत सिन्हा
यशवंत
सिन्हा
कॉलिन पावेल
पावेल
राज़ाली
थान श्वे
थान
श्वे
सू ची
राज़ाली इस्माइल
इस्माइल
आँग सान सू ची
आँग
सान
योरिको कावागुची
योरिको
कावागुची
राम नाइक
राम
नाइक
वेंकैया नायडू
वेंकैया
मनोहर जोशी
मनोहर
जोशी
जेम्स रेडकी
जेम्स
रेडकी
संजय पासवान
संजय
पासवान
प्रमोद महाजन
प्रमोद
महाजन
कुरैशी
मैकनिल
रॉजर किंग
रॉजर
किंग
राशिद कुरैशी
आर्मिटेज
रिचर्ड आर्मिटेज
रिचर्ड
मैलकम ग्रे
मैलकम
ग्रे
कपिल देव
कपिल
देव
सौरभ गाँगुली
गाँगुली
मैलकम स्पीड
स्पीड
फज़ल हक़ कुरैशी
फज़ल
हक़
शब्बीर शाह
शब्बीर
यासीन मलिक
यासीन
मलिक
बट्ट
निज़ामुद्दीन बट्ट
निज़ामुद्दीन
मोहम्मद आज़म इंक़लाबी
आज़म
इंक़लाबी
लाल कृष्ण आडवाणी
कृष्ण
आडवाणी
अमीर बट्ट
अमीर
अल्ताफ़ हुसैन
अल्ताफ़
अब्दुल ग़नी बट
ग़नी
बट
वांग पेंग्यान
वांग
पेंग्यान
झुआंग
झुआंग झुआंग
गुओ फ़ेंग
गुओ
फ़ेंग
सलाहुद्दीन
ज़फ़र अब्बास
ज़फ़र
अब्बास
सैयद सलाहुद्दीन
सैयद
स्टीव जोन्स
स्टीव
जोन्स
स्ट्रीक
हीथ स्ट्रीक
हीथ
डोनुई अग्बोकोउ
डोनुई
अग्बोकोउ
टॉम हूगार्ड
टॉम
हूगार्ड
आर्नी ओवेन
आर्नी
ओवेन
साएब एरकत
साएब
एरकत
रिचर्ड बाउचर
बाउचर
हाविए सोलाना
हाविए
सोलाना
जयललिता
एज़रा सर्गुनम
एज़रा
सर्गुनम
अरुलदास जेम्स
अरुलदास
संपत कुमार
संपत
कुमार
करीम अनसल
करीम
अनसल
दाई बख़्तियार
दाई
बख़्तियार
सिरिल तरियाँ
सिरिल
तरियाँ
नॉयस
मैट नॉयस
मैट
मेगावती सुकार्णोपुत्री
मेगावती
सुकार्णोपुत्री
जूली रिसीडे
जूली
रिसीडे
अलवारो उरिबी
अलवारो
उरिबी
असलमबेक असलाख़नोफ़
असलमबेक
असलाख़नोफ़
व्लादिमीर पुतिन
व्लादिमीर
पुतिन
कोनस्टांटिन अर्नस्ट
कोनस्टांटिन
अर्नस्ट
जसवंत सिंह
जसवंत
एम के वेणु
एम
वेणु
मुफ़्ती मुहम्मद सईद
मुफ़्ती
राजा हरि सिंह
राजा
हरि
मुफ़्ती मोहम्मद सईद
मुफ़्ती सईद
हरीश चंद्र नैनवाल
हरीश
चंद्र
नैनवाल
रुबैय्या सईद
रुबैय्या
अश्विनी यादव
अश्विनी
उरजीत छिब्ब
उरजीत
छिब्ब
दीपक वर्मा
दीपक
वर्मा
ए त्रिपाठी
ब्लिक्स
हैंस ब्लिक्स
हैंस
नाजी साबरी
नाजी
साबरी
उदय
ज़ेंग क्विंगहोंग
ज़ेंग
क्विंगहोंग
जियांग
ली रुईहुआन
रुईहुआन
जियांग ज़ेमिन
ज़ेमिन
जियांग ज़ेमिम
ज़ेमिम
हू जिनताओ
जिनताओ
जैकसन
माइकल जैकसन
लीसा मारी प्रेसली
लीसा
मारी
प्रेसली
हेगेंस
गुंथेर वॉन हेगेंस
गुंथेर
वॉन
वॉन हेगेंस
एंड्रियाज़ वेसेलियस
एंड्रियाज़
वेसेलियस
जेरेमी मेटर्स
जेरेमी
मेटर्स
यवान लीगैस
यवान
लीगैस
जॉर्ज बुश
जोसेफ लिबरमैन
जोसेफ
लिबरमैन
टोम रिज
टोम
रिज
ब्रेट ली
ब्रेट
क्रिस ब्रोड
क्रिस
ब्रोड
माइकल वॉन
मार्क ट्रेस्कोथिक
मार्क
नासिर हुसैन
नासिर
क्रिस सिलवरवुड
सिलवरवुड
माइक गेटिंग
माइक
गेटिंग
मार्क बुचर
बुचर
एलेक्स टुडोर
एलेक्स
टुडोर
केशुभाई पटेल
केशुभाई
पटेल
नरेंद्र मोदी
नरेंद्र
मोदी
इंदिरा गाँधी
इंदिरा
गाँधी
मोरारजी देसाई
मोरारजी
देसाई
गाँधीजी
चिमनभाई पटेल
चिमनभाई
लैरी लिंडसे
लैरी
लिंडसे
भागवतुला
ओनील
डेविड शेप्प
शेप्प
राम भागवतुला
जॉन लांस्की
लांस्की
पॉल ओनील
डालमिया
जगमोहन डालमिया
जगमोहन
जस्टिस अहमद इब्राहीम
जस्टिस
इब्राहीम
अनिल कुंबले
कुंबले
कामिला हयात
कामिला
हयात
मुख़्तार बीबी
मुख़्तार
बीबी
कोमिला हयात
कोमिला
जावेद इक़बाल चीमा
जावेद
इक़बाल
चीमा
रिचर्ड न्यूफारमर
न्यूफारमर
मूर
माइकल मूर
सांद्रा रुश
सांद्रा
रुश
ह्युगो शावेज़
ह्युगो
शावेज़
पॉल हॉर्सनेल
हॉर्सनेल
गेरहार्ड श्रोडर
गेरहार्ड
श्रोडर
जोहानेस राउ
जोहानेस
राउ
डी एन धर्माधिकारी
एन
धर्माधिकारी
रंगनाथ मिश्र
रंगनाथ
मिश्र
दोरइस्वामी राजू
दोरइस्वामी
राजू
जीबी पटनायक
जीबी
पटनायक
वरियावा
एमबी शाह
एमबी
एस एन वरियावा
अदनान सामी
अदनान
सामी
फिल हार्डिंग
हार्डिंग
थे त्रिलोक गुर्टू
त्रिलोक
गुर्टू
रोनाल्ड एच बेंजामिन
रोनाल्ड
एच
बेंजामिन
मीर
अब्दुल अज़ीज़ मीर
मोहम्मद अलबरदेई
अलबरदेई
जिम विलकिंसन
जिम
विलकिंसन
जॉन पॉल द्वितीय
द्वितीय
चंद्रगुप्त
इंदु शेखर सिन्हा
इंदु
शेखर
एंडरसन
गुरचरण दास
गुरचरण
दास
राहुल बजाज
राहुल
बजाज
मुकेश अंबानी
मुकेश
अंबानी
ह्यूगो शावेज़
ह्यूगो
लॉर्ड रॉबर्ट्सन
रॉबर्ट्सन
लॉर्ड रॉबर्टसन
रॉबर्टसन
जमाल नादिर
जमाल
नादिर
वसीम अल अश्कर
वसीम
अश्कर
हम्ज़ा रऊब
हम्ज़ा
रऊब
हम्ज़ा अबू रऊब
डेनियल अरप मोई
अरप
मोई
उहुरु कीनियाता
उहुरु
कीनियाता
एंड्रयू हार्डिंग
एंड्रयू
हॉल
डेविड हॉल
पीयर्स सेलर्स
पीयर्स
सेलर्स
पीटर रिकवुड
पीटर
रिकवुड
अल असद
असद
अल अत्तैया
अत्तैया
अब्देल रहमान अल अत्तैया
अब्देल
रहमान
बशर अल असद
बशर
बशर अल |-| असद
अम्र मूसा
अम्र
मूसा
क्लेयर शार्ट
क्लेयर
शार्ट
टोनी ब्लेयर
टोनी
ब्लेयर
क्लेयर शॉर्ट
शॉर्ट
डेविड ग्रैवेनी
ग्रैवेनी
जोनाथन बील
जोनाथन
बील
सहवाग
राइट
वीरेन्द्र सहवाग
वीरेन्द्र
जॉन राइट
मैकली
लोटी येट्स
लोटी
येट्स
ज्यॉफ़ मैकली
ज्यॉफ़
ओराम
हिचकॉक
मैक कलम
मैक
कलम
बांगड़
संजय बांगड़
राहुल द्रविड़
द्रविड़
स्टीफन फ्लेमिंग
स्टीफन
फ्लेमिंग
वीरेंद्र सहवाग
वीरेंद्र
वीवीएस लक्ष्मण
वीवीएस
लक्ष्मण
मौहम्मद कैफ
मौहम्मद
कैफ
मिल्स
टफी
तारिक़ अज़ीज़
तारिक़
लालकृष्ण आडवाणी
लालकृष्ण
रिचर्ड बाऊचर
बाऊचर
रिचर्ड हैस
हैस
वॉ
ऐलेक स्टुअर्ट
ऐलेक
स्टुअर्ट
डॉन्लड ब्रैडमैन
डॉन्लड
ब्रैडमैन
ऐलन बॉर्डर
ऐलन
बॉर्डर
स्टीव वॉ
डेविड गॉवर
गॉवर
सुनील गावस्कर
सुनील
गावस्कर
ग्राहम गूच
ग्राहम
गूच
एंटन बालासिंघम
एंटन
बालासिंघम
जी एल पेरिस
जी
एल
चंदू बोर्डे
चंदू
बोर्डे
रिचर्डसन
किम दाए |-| जुंग
दाए
जुंग
कोलिन पॉवेल
कोलिन
बिल रिचर्डसन
बिल
हैन साँग रयोल
हैन
साँग
रयोल
कूटनयिक
जोन लेइन
जोन
लेइन
कूटनयिकों
सुबीर भौमिक
सुबीर
भौमिक
रॉबर्ट ब्लैकविल
रॉबर्ट
ब्लैकविल
इंदर मल्होत्रा
इंदर
मल्होत्रा
केतन पारेख
केतन
पारेख
डार्विन
जौहर राना
जौहर
राना
वीरेंदर सहवाग
वीरेंदर
आशिष झा
आशिष
झा
एच एस नेगी
नेगी
पल्लव सक्सेना
पल्लव
सक्सेना
जयंत
आशीष
इमरान ख़ान
इमरान
सौरभ सुमन
सुमन
सईद अनवर
अनवर
मोहम्मद क़ैफ़
क़ैफ़
शबीर साठ्या
शबीर
साठ्या
वक़ार इमरान
वक़ार
अभिनव
पशुपति पंडित
पशुपति
पंडित
भरत
युवराज
सौरव गाँगुली
सौरव
महावीर प्रसाद कुमावत
महावीर
प्रसाद
कुमावत
अली वालाभाई
अली
वालाभाई
विनोद जॉर्ज रिबेरो
विनोद
रिबेरो
कृष्ण के शर्मा
रमेश चंद्रा
रमेश
चंद्रा
अर्जुन
राजू दीपालकर
दीपालकर
फ़ारूक़ देसाई
फ़ारूक़
हैरी
सुखजिन्दर राणा
सुखजिन्दर
राणा
कैफ़
मैग्रा
राजेश लखानी
लखानी
जमालुद्दीन अशरफ़ी
जमालुद्दीन
अशरफ़ी
राजीव भरोल
राजीव
भरोल
गोविंद दास
गोविंद
जितेंद्रसिंह केसरीसिंह ठाकुर
जितेंद्रसिंह
केसरीसिंह
कमल
नकुल
हक़ीमुद्दीन
उपेन्द्र गाडगिल
उपेन्द्र
गाडगिल
हरफ़नमौला
रंजीत भाँडिया
रंजीत
भाँडिया
भवेश पटेल
भवेश
रईस अहमद
रईस
भीम
शेन वार्न
शेन
वार्न
दिनेश मोंगिया
दिनेश
मोंगिया
युधिष्ठिर
राजेश कुमार भाटिया
भाटिया
सुरजन सिंह घोडला
सुरजन
घोडला
सहदेव
विजय कपूर
विजय
कपूर
एम सिद्दीक़ गगन
सिद्दीक़
गगन
मोहित गोयल
मोहित
गोयल
अवतार सिंह
अवतार
जग शर्मा
जग
दीपक कुमार
रोशन भाटिया
रोशन
मुंगेरीलाल चौटा
मुंगेरीलाल
चौटा
इमरान अंसारी
अंसारी
मनोज कुमार
मनोज
तुम्बी आसिफ़
तुम्बी
आसिफ़
युवराज सिंह
साजिद
जसवीर ढिल्लों
जसवीर
ढिल्लों
अवतार चीमा
हसन अली नूरानी
नूरानी
अलाउद्दीन ख़ान
अलाउद्दीन
सचित तेंदुलकर
सचित
भगवान स्वरूप
भगवान
स्वरूप
बिनोद कुमार सिंह
बिनोद
एस आई अहमद
आई
नारायण बारेठ
नारायण
बारेठ
गाहन
डॉन कार्टी
डॉन
कार्टी
अगासी
लिएंडर पेस
लिएंडर
पेस
नवरातिलोवा
महेश भूपति
महेश
भूपति
शुटलर
एलेनी डैनिलिडू
एलेनी
डैनिलिडू
रेनर शुटलर
रेनर
वीनस
मार्टिना
लीसा रेमंड
रेमंड
इलिएना लिहोत्सवा
इलिएना
लिहोत्सवा
आंद्रे अगासी
आंद्रे
सेरेना
मार्टीना नवरातिलोवा
मार्टीना
विलयम्स
टोड वुलब्रिज
टोड
वुलब्रिज
ग्राहम क्लुली
क्लुली
ली सांग
सांग
सोमाविया
जुआन सोमाविया
जुआन
होबेल
एन केली
केली
जीन रैंडोल्फ़
जीन
रैंडोल्फ़
जॉन होबेल
माइकल जैकबसन
जैकबसन
प्रचंड
कृष्ण मोहन श्रेष्ठ
मोहन
श्रेष्ठ
नारायण सिंह पुन
पुन
शिवराम गजुरेल
शिवराम
गजुरेल
परवाज़ मोहम्मद सुल्तान
परवाज़
सुल्तान
जुर्गन श्लंट
जुर्गन
श्लंट
एमा जेन किर्बी
एमा
जेन
किर्बी
इलान रैमन
इलान
रैमन
रॉन डिटमोर
रॉन
डिटमोर
कल्पना चावला
कल्पना
चावला
संतोष मिश्र
संतोष
ए सतीश गणेश
सतीश
गणेश
राजेंद्र यादव
राजेंद्र
राजा भैया
भैया
रघुराज प्रताप सिंह
रघुराज
प्रताप
भूरे
मोहम्मद असलम
असलम
उमरजी
हुसैन उमरजी
ज़बीर बेहरा
ज़बीर
बेहरा
मौहम्मद अल बरादेई
बरादेई
हांस ब्लिक्स
हांस
अमर अल सादी
सादी
जफर इकबाल
जफर
इकबाल
ज़ाहिदा परवीन
ज़ाहिदा
परवीन
तौफ़ीक़ मथलूदी
तौफ़ीक़
मथलूदी
अब्दुल हमीद इब्राहीम
गैरहर्ड श्रोयडर
गैरहर्ड
श्रोयडर
पीटर स्ट्रक
स्ट्रक
सरगेई इवानोफ़
सरगेई
इवानोफ़
सुधीर व्यास
सुधीर
व्यास
जीलानी
जलील अब्बास जीलानी
जलील
अंज़ुम जमरूद हबीब
अंज़ुम
जमरूद
हबीब
कियूलडर
विशर्ट
स्वेनपोयल
क्रेग विशर्ट
क्रेग
वर्म्यूलेन
एंडी फ्लावर
एंडी
फ्लावर
एंडी फ़्लावर
फ़्लावर
गाई व्हिट्टल
गाई
व्हिट्टल
हेनरी ओलोंगा
हेनरी
ओलोंगा
बर्गर
डॉनल्ड रम्सफ़ेल्ड
डॉनल्ड
रम्सफ़ेल्ड
जॉर्ज रॉबर्टसन
जॉनाथन मारकस
जॉनाथन
मारकस
जगदीश शेट्टिगार
जगदीश
शेट्टिगार
सुनील रमण
रमण
मनमोहन सिंह
मनमोहन
चंद्रशेखर
नरसिम्हा राव
नरसिम्हा
राव
क्लाइव लॉयड
क्लाइव
लॉयड
डेविड शेफर्ड
शेफर्ड
लतीफ़
शाहिद अफ़रीदी
शाहिद
अफ़रीदी
राशिद लतीफ़
एंड्रयू साइमंड्स
साइमंड्स
वकार युनुस
वकार
युनुस
डेनियल टैरंनटूला
टैरंनटूला
मौलाना वदीदुद्दीन ख़ान
मौलाना
वदीदुद्दीन
मुकेश कुमार मेंशराम
मेंशराम
जिम कोल्बे
कोल्बे
हामिद करज़ई
हामिद
करज़ई
मैल्कम स्पीड
मैल्कम
विजय कुमार मल्होत्रा
जयपाल रेड्डी
जयपाल
एपीजे अब्दुल कलाम
एपीजे
कलाम
चन्द्र बाबू नायडू
चन्द्र
सोनिया गाँधी
सोनिया
रेणु अगाल
रेणु
अगाल
जो मेरी नेल
मेरी
नेल
जो मैरी नेल
मैरी
कैथी
विली रैफ़ल्स
रैफ़ल्स
जगत
कचौरी लाल हमीरपुर
कचौरी
हमीरपुर
माझीराम
जानकी
बाबुलाल
त्यागी |.| राय |. गुरदीप
त्यागी
राय
गुरदीप
क़ैसर
ग़ुलाम
शुएब
मोहम्मद फ़ारूक़
राशिद मंज़ूर
मंज़ूर
क़ैसर मजीद
मजीद
ग़ुलाम हुसैन
यासर याकिस
यासर
याकिस
इगोर इवानोफ़
इगोर
नेल्सन मंडेला
नेल्सन
मंडेला
एंड्रयू फ़्लिंटॉफ़
फ़्लिंटॉफ़
रॉनी ईरानी
रॉनी
ईरानी
अकरम
ख़िलाफ़
वसीम अकरम
सिकंदर बख़्त
सिकंदर
बख़्त
आंद्रे एड्म्स
एड्म्स
काइल मिल्स
काइल
क्रिस केन्स
केन्स
स्कॉट स्टाइरिस
स्कॉट
स्टाइरिस
स्टीफ़न फ़्लेमिंग
स्टीफ़न
फ़्लेमिंग
क्रेग मेकमिलन
मेकमिलन
बाला नायडू
बाला
मार्क जेंटी
जेंटी
डैनियल विट्टोरी
डैनियल
विट्टोरी
जेफ़ क्रो
क्रो
ब्रेंडन मेककुलम
ब्रेंडन
मेककुलम
जेकब ओराम
जेकब
डॉन मैककिनॉन
मैककिनॉन
वलीउर रहमान
वलीउर
ब्रायन बैरन
बैरन
डी लीड्स
लीड्स
तौफीक़ उमर
तौफीक़
बुंगे
स्टैदम
अब्दुल रज़्जाक
रज़्जाक
यूसुफ़ योहाना
यूसुफ़
योहाना
आशीष नेहरा
नेहरा
कार्ल हूपर
कार्ल
हूपर
कैडिक
मॉर्निंग स्टार
मॉर्निंग
स्टार
स्टालिन
स्विट्ज़रलैंड
बैरिस्टर
चर्चिल
मिल्टन संगमा
मिल्टन
संगमा
टोनी कर्टिस
कर्टिस
फ़्राइडे
यूलिसीस
हिटलर
एडॉल्फ़ लू हिटलर
एडॉल्फ़
रूज़वेल्ट
फ़्रैंकंस्टाइन
ब्रिटेन वॉर
वॉर
क्लिंटन
मूनलाइट
लेनिन
अनिर्बान रॉय
अनिर्बान
रॉय
एडवर्ड
चैंबरलेन
फ़िनलैंड
आर्टिस्ट
मराक
अतुल प्रभाकर
अतुल
प्रभाकर
यूआर राव
यूआर
राकेश शर्मा
एडवर्ड व्हाइट
व्हाइट
बितान पटेल
बितान
चेतन त्रिवेदी
चेतन
त्रिवेदी
असलम भूरे
किरीट रावल
किरीट
रावल
स्टीफ़न डोन्स
डोन्स
जेम्स मूरले
मूरले
मोहम्मद अल बरदई
बरदई
मोहम्मद आदामी
आदामी
जैक स्ट्रॉ
जैक
स्ट्रॉ
एस नारायण
मुशाहिद हुसैन
मुशाहिद
अज़ीम चौधरी
अज़ीम
चौधरी
ज़फ़रुल्लाह जमाली
ज़फ़रुल्लाह
जमाली
शेट्टी
मोनिका चड्ढा
मोनिका
चड्ढा
मनमोहन शेट्टी
ह्रषिकेश मुखर्जी
ह्रषिकेश
करण जौहर
करण
राजीव गांधी
गांधी
सलीम जावेद
सलीम
टीनू आनंद
टीनू
आनंद
ख़्वाजा अहमद अब्बास
ख़्वाजा
जेफ़ क्लीनटॉप
क्लीनटॉप
पॉल चेर्नी
चेर्नी
बैरी हुरविट्ज़
बैरी
हुरविट्ज़
केनेथ रोगॉफ
केनेथ
रोगॉफ
जोसेफ स्टिगलित्ज़
स्टिगलित्ज़
ऐलन कुरी
कुरी
गैरफील्ड सोबर्स
गैरफील्ड
सोबर्स
मरवन अटापट्टू
मरवन
अटापट्टू
जावेद मियाँदाद
मियाँदाद
अली बाकर
बाकर
चमिंडा वास
चमिंडा
वास
मास्टर ब्लास्टर
मास्टर
ब्लास्टर
मोहम्मद सलीम
अरविंद डी सिल्वा
अरविंद
सिल्वा
एलेक्स कोंटुरी
कोंटुरी
डेव व्हाटमोर
डेव
व्हाटमोर
अनुरा तेन्नेकून
अनुरा
तेन्नेकून
जयसूर्या
मुतैया मुरलीधरन
मुतैया
संगकारा
अब्दुल क़दीर ख़ान
क़दीर
सैफ़
सैफ़ |-| उल |-| इस्लाम
उल
इस्लाम
डार
अब्दुल मज़ीद डार
मज़ीद
ग़ाज़ी नसीरुद्दीन
ग़ाज़ी
नसीरुद्दीन
अनुनिता
तंज़ीम अहमद
तंज़ीम
दुशासन
वाई सिंह
मिनियार
आनंदानी राम
आनंदानी
सतनाम सिंह सिंधू
सतनाम
सिंधू
जमाल ख़ान
विश्व
भद्रेश करतेला
भद्रेश
करतेला
केसरी सिंह ठाकुर
केसरी
गजेन्द्र बुद्धठोकी
गजेन्द्र
बुद्धठोकी
दुर्योधन
ए अमीन
अमीन
नंदिनी
जयराज मीना
जयराज
मीना
भीष्म पितामाह
भीष्म
पितामाह
अमित के उपाध्याय
अमित
उपाध्याय
इमादुद्दीन
मंज़र
पुर्श
जावेद जमालुद्दीन
मुरारी गुप्ता
मुरारी
गुप्ता
नन्दन
शहाब सरताज
शहाब
सरताज
कृष्ण अग्रवाल
अग्रवाल
नितिन शर्मा
नितिन
ओवैस क़ाज़मी
ओवैस
क़ाज़मी
जितेंद्र सिंह
जितेंद्र
अभय गुप्ता
अभय
फ़ीरोज़
रूपेश भलेराव
रूपेश
भलेराव
शीलू
ब्रह्मानंद मिश्रा
ब्रह्मानंद
मिश्रा
अल्पना दुबे
अल्पना
दुबे
पुर्ष
सहाफ़
अल सहाफ़
हैदर अहमद
हैदर
सईद अल सहाफ़
मोहम्मद सईद अल सहाफ़
वाइको
आमिर
पुलिल एच पटेल
पुलिल
एम एस
अश्विनी कुमार
उवैस काज़मी
उवैस
काज़मी
अमानुल्लाह ख़ान
अमानुल्लाह
मुस्लिम बोहरा
मुस्लिम
बोहरा
ह्यूइट
लेटन ह्यूइट
लेटन
ग्लिन
आर एस काहला
काहला
असित जौली
जौली
गुरु नानक
गुरु
नानक
एंड्रयू फ़ास्टो
फ़ास्टो
ली फ़ास्टो
फ्रेड एकार्ट
फ्रेड
एकार्ट
बुतरस बुतरस ग़ाली
बुतरस
ग़ाली
बुतरस ग़ाली
क्लेयर बुकैन
बुकैन
कैरोलीन ग्लक
कैरोलीन
ग्लक
मोहम्मद रमज़ान
रमज़ान
इक़बाल क़ैसर
हैरी पॉटर
पॉटर
जे के रॉलिंग
रॉलिंग
पिकासो
वॉन गॉग
गॉग
गॉग्याँ
मिर्जा
पांडे नीरज
नीरज
इरशाद मिर्जा
इरशाद
लता रेड्डी
लता
पॉल रेनॉल्ड्स
रेनॉल्ड्स
दलेर
दलेर मेंहदी
मेंहदी
दलेर मेहंदी
मेहंदी
उपेन्द्र प्रसाद वर्मा
वी एन खरे
खरे
एस बी सिन्हा
सुल्तान अहमेत्खानोव
अहमेत्खानोव
कीर्ति आज़ाद
कीर्ति
आज़ाद
मोहम्मद कैफ़
अमित मिश्रा
अमित भंडारी
बकौल कीर्ति आज़ाद
बकौल
हरभजन सिंह
हरभजन
विजय दहिया
दहिया
निखिल चोपड़ा
निखिल
चोपड़ा
गौतम गंभीर
गौतम
गंभीर
सरनदीप सिंह
सरनदीप
राहुल सांघवी
सांघवी
अबूबाकर जम्माई
अबूबाकर
जम्माई
दिदिअर सीउवस
दिदिअर
सीउवस
हेबा सालेह
हेबा
सालेह
मुस्तफा साहेल
मुस्तफा
साहेल
हुकुम सिंह
हुकुम
धनराज पिल्लै
धनराज
पिल्लै
मुकेश कुमार
वसीम अहमद
सोहेल अब्बास
सोहेल
बलजीत सिंह ढिल्लों
बलजीत
मोहम्मद नदीम
नदीम
जॉन हंट
हंट
ताशी वांगचुक तेनज़िंग
तेनज़िंग
शेरपा तेनज़िंग
एलिज़ाबेथ
धर्मपाल मैनी
धर्मपाल
मैनी
सुब्रमणि
अचला शर्मा
अचला
मृदुला गर्ग
मृदुला
गर्ग
वेद प्रताप वैदिक
वेद
वैदिक
तोशिओ तनाका
तोशिओ
तनाका
तनकामनी अम्मा
तनकामनी
अम्मा
कुँवर नारायण
कुँवर
एनी मोंदाउ
एनी
मोंदाउ
वी रामविलास
रामविलास
यू पारगु
पारगु
दानुता स्तासिक
दानुता
स्तासिक
आज़ाद समातोव
समातोव
एच राजाबोव
राजाबोव
येन होंग युआन
येन
होंग
युआन
रामदास चौधरी
रामदास
प्रभाष जोशी
प्रभाष
लोथर लुत्ज़
लोथर
लुत्ज़
रामदेव धुरंधर
रामदेव
धुरंधर
एन वी रामगोपालन
रामगोपालन
दया कृष्ण विजय वर्मा
दया
स्वेतिस्लाव कोस्तिक
स्वेतिस्लाव
कोस्तिक
पी संगिवैया
पी
संगिवैया
शंकरलाल पुरोहित
शंकरलाल
पुरोहित
जीत नारायण
जीत
डोमिनक़ बसेरो
डोमिनक़
बसेरो
डी सी रोशैया
रोशैया
वी वी भद्रम
भद्रम
उमर फ़ारुक़
फ़ारुक़
मणिकांत ठाकुर
मणिकांत
बंडारु दत्तात्रेय
बंडारु
दत्तात्रेय
ब्लयेर
फ़ातिमा रशीद
फ़ातिमा
महबूब ख़ान
महबूब
सुनील दत्त
दत्त
नम्रता
प्रिया
नरगिस
मार्लन ब्रांडो
मार्लन
ब्रांडो
जद्दन बाई
जद्दन
बाई
संजय दत्त
मोहनबाबू
राज कपूर
देविका रानी
देविका
रानी
नेपोलियन
जाँ बरनार्ड हार्थ
जाँ
बरनार्ड
हार्थ
मौलाना मसूद अज़हर
अज़हर
मौलाना अज़हर
ज़वाहरी
ऐमन एल |-| ज़वाहरी
ऐमन
डोनाल्ड रम्सफेल्ड
डोनाल्ड
रम्सफेल्ड
आतिफ़
मोहम्मद आतिफ़
अज़ीज़ अहमद ख़ान
औसामा बिन लादेन
औसामा
मुल्ला मोहम्मद ज़ईफ
ज़ईफ
पीटर फ़्यूस
फ़्यूस
डेनेस हेंसशॉ
डेनेस
हेंसशॉ
पद्मनाभन
एस |. पद्मनाभन
ज़ू रोंगजी
रोंगजी
अब्दुल सत्तार
सत्तार
गुरपाल विरदी
गुरपाल
विरदी
डेविड म्यूर
म्यूर
एरियल शेरॉन
एरियल
सलमा ज़ैदी
सलमा
ज़ैदी
मोहिनी गिरि
मोहिनी
गिरि
कोमल श्रीवास्तव
कोमल
श्रीवास्तव
आई एस गुलाठी
गुलाठी
वंदना मजूमदार
मजूमदार
साहिर नईम सफ़्वी
साहिर
नईम
सफ़्वी
डेविड व्हाइटहाउस
व्हाइटहाउस
एलेक्स सेमुअल
सेमुअल
कैरोलाइन व्हाइट
कैरोलाइन
कार्ल तारो ग्रीनफ़ेल्ड
तारो
ग्रीनफ़ेल्ड
के हमीद
आंग सान सू ची
आंग
गायक ए |-| मैन
गायक
मैन
जैकी चैन
जैकी
चैन
शनाना गुस्माओ
शनाना
गुस्माओ
ज़ाओ ज़ी यांग
ज़ाओ
ज़ी
यांग
शबाना आज़मी
शबाना
आज़मी
मीरवाइज़ उमर फ़ारुक़
मीरवाइज़
सर डॉन ब्रैडमैन
सर
कर्मापा लामा
कर्मापा
लामा
अब्दुल ग़नी लोन
लोन
गिलानी
सैयद अली शाह गिलानी
मीरवाइज़ उमर फ़ारुक
फ़ारुक
अब्दुल क़य्यूम ख़ान
क़य्यूम
सरदार अब्दुल क़य्यूम ख़ान
सरदार
सिल्वियो बेरलुस्कोनी
सिल्वियो
बेरलुस्कोनी
मुसोलिनी
योर्ग हाइडर
योर्ग
हाइडर
ले पेन
पेन
फ़ोर्टाइन
पिम फ़ोर्टाइन
पिम
ज़्याँ |-| मेरी ले पेन
ज़्याँ
नेती योर्ग हाइडर
नेती
रशीद तुराबी
तुराबी
शेख़ रशीद
अस्लम बेग
अस्लम
बेग
नवाज़ शरीफ़
नवाज़
शरीफ़
सरकारी अधिकारियों
सरकारी
अधिकारियों
अमरीकी राष्ट्रपति
राष्ट्रपति
राष्ट्रपति जॉर्ज डब्ल्यू बुश
आयतुल्ला ताहिरी
ताहिरी
आयतुल्ला ख़ुमैनी
ख़ुमैनी
आयतुल्ला जलालुद्दीन ताहिरी इस्फ़हान
जलालुद्दीन
इस्फ़हान
जोनाथन नेलर
नेलर
डॉक्टर कैनेथ मॉल
डॉक्टर
कैनेथ
मॉल
डॉक्टर गाए रैटक्लिफ़
गाए
रैटक्लिफ़
गाए रैटक्लिफ़
वैज्ञानिक रोबोट
वैज्ञानिक
रोबोट
आर्मस्ट्राँग
वैज्ञानिक केविन ज़्हानले
केविन
ज़्हानले
प्रोफ़ेसर जॉन आर्मस्ट्राँग
प्रोफ़ेसर
इंसान
फ़लस्तीनियों
फ़लस्तीनी नेता यासिर अराफ़ात
फ़लस्तीनी
नेता
बार्बरा प्लेट
बार्बरा
प्लेट
फ़लस्तीनी निर्माण कार्य मंत्री आज़म अल |-| अहमद
निर्माण
कार्य
मंत्री
रक्षा मंत्री बिन्यामिन बेन एलीज़र
बिन्यामिन
बेन
एलीज़र
अहमद अब्दुल रहमान
विदेश मंत्री कॉलिन पावेल
आईगोर नेमेक
आईगोर
नेमेक
गैरहर्ड शरॉयडर
शरॉयडर
शिवसुंदर दास
शिवसुंदर
हिला वेवेई
हिला
वेवेई
अनुरा टेन्नाकून
टेन्नाकून
जॉन एशक्रॉफ़्ट
एशक्रॉफ़्ट
डिक चेनी
डिक
चेनी
जॉन एशक्राफ़्ट
एशक्राफ़्ट
मेट्रो रेल कॉर्पोरेशन
मेट्रो
कॉर्पोरेशन
ई श्रीधरन
श्रीधरन
कैरेन डेन
कैरेन
डेन
जिमी लू
जिमी
रम्मोबाई
हाजी सुरैया
हाजी
सुरैया
गुलाब बाई
गुलाब
शबनम मौसी
शबनम
मौसी
आशा
हाजी रहमतउल्ला
रहमतउल्ला
ज्योति
महेश पांडे
कमला जान
कमला
जान
सलमान ख़ान
सलमान
भुजबल
रवींद्र पाटिल
रवींद्र
पाटिल
जावेद अहमद
छगन भुजबल
छगन
एमएन सिंह
एमएन
इलाहाबाद
हरिवंशराय बच्चन
हरिवंशराय
अभिषेक बच्चन
अभिषेक
दिलीप कुमार
दिलीप
करिश्मा कपूर
करिश्मा
तेजी बच्चन
तेजी
ख़्बाज़ा अहमद अब्बास
ख़्बाज़ा
ग्राहम क्लूले
क्लूले
मोहम्मद सईद अल सहाफ़ा
सहाफ़ा
मरिया जोस वेरीला
मरिया
जोस
वेरीला
कारमन
रौल जिमेनेज़
रौल
जिमेनेज़
एलेक्सी
डैनिस अफ़ांसयेफ़
डैनिस
अफ़ांसयेफ़
तातयाना सोल्येश्किना
तातयाना
सोल्येश्किना
आरबी बरायेफ़
आरबी
बरायेफ़
असलान माश्कादोफ़
असलान
माश्कादोफ़
मोहम्मद अता
अता
ख़त्ताब
बोरिस येल्तसिन
बोरिस
येल्तसिन
व्लादामिर पुतिन
व्लादामिर
इवान रिबकिन
इवान
रिबकिन
मार्क वॉ
जेम्स सदरलैंड
सदरलैंड
ट्रेवर होह्नस
ट्रेवर
होह्नस
बॉरिस ग्रिज़लोफ़
बॉरिस
ग्रिज़लोफ़
टॉमी फ़्रैंक्स
टॉमी
फ़्रैंक्स
पीटर बाइल्स
बाइल्स
नीरज कुमार
स्वामी
आई डी स्वामी
जेम्स कैश
कैश
कौलीन कौलर कोटेली
कौलीन
कौलर
कोटेली
बिल गेट्स
गेट्स
फ़ज़ल अहमद
बुरहान दाऊद
बुरहान
दाऊद
दुर्गेश चंद्र पाठक
दुर्गेश
पाठक
राजीव रंजन
रंजन
अरुण सहजपाल
अरुण
सहजपाल
अतीक़ मुज़फ़्फ़रपुरी
अतीक़
मुज़फ़्फ़रपुरी
अनिल प्रकाश पाँडे
पाँडे
वीरेन्द्र सिंह
ओत्तावियो क्वात्रोकी
ओत्तावियो
क्वात्रोकी
गोपीचंद हिंदुजा
गोपीचंद
हिंदुजा
विश्वनाथ प्रताप
विश्वनाथ
राजीव गाँधी
श्रीचंद हिंदुजा
श्रीचंद
प्रकाश हिंदुजा
हनुमान
ब्रिटिश
प्रवीण तोगड़िया
प्रवीण
तोगड़िया
मनु सिंघवी
मनु
सिंघवी
राबा चकत बायस
राबा
चकत
बायस
करीम कदूरी
कदूरी
फ़्रैंक गार्डनर
फ़्रैंक
गार्डनर
राबा कद्रीस
कद्रीस
मंजू शर्मा
मंजू
रफ़ी एहमद
रफ़ी
एहमद
कैफ़ी
सीमा मुस्तफ़ा
सीमा
मुस्तफ़ा
पटौदी
सईद नक़वी
नक़वी
एम जे अकबर
अकबर
रजनी कोठारी
रजनी
कोठारी
कैफ़ी आज़मी
हसन सुरूर
सुरूर
अली सरदार जाफ़री
जाफ़री
राही मासूम रज़ा
राही
मासूम
रज़ा
रिचर्ड रीड
रीड
रामा
शू बंबर
बंबर
ग़ुलाम मुस्तफ़ा रामा
मुस्तफ़ा रामा
रॉब्रट ज़ोलिक
रॉब्रट
ज़ोलिक
इंदु शेखर
तेजेन्द्र खन्ना
तेजेन्द्र
खन्ना
डोमिनिक ह्यूज्स
डोमिनिक
ह्यूज्स
गिरीश नायडू
गिरीश
निज़ाम
आलोक कुमार
आलोक
हबीब बेरी
बेरी
सुषमा
सुषमा स्वराज
स्वराज
डॉक्टर पामेला येलिक
पामेला
येलिक
जोसेफ़ वेकैंटी
वेकैंटी
अनीस इब्राहीम
अनीस
अबू सलेम
सलेम
पीसी शर्मा
पीसी
गुलशन कुमार
गुलशन
दाऊद इब्राहीम
आफ़ताब बटकी
आफ़ताब
बटकी
मोहम्मद अल बरादी
बरादी
ख्वाज़ा
अहमद जावेद ख़्वाजा
ग्रेग डाइक
ग्रेग
डाइक
वर्जिन मेरी
वर्जिन
ईसा मसीह
ईसा
मसीह
वर्जिन मैरी
हॉलिस
बी एन ओझा
ओझा
आरपी सिंह
आरपी
सपरमुरात नियाज़ोव
सपरमुरात
नियाज़ोव
ज़फ़रूल्ला जमाली
ज़फ़रूल्ला
केविन किम
बारादेई
मोहम्मद बारादेई
काज़िम जमील
काज़िम
जमील
अब्दुल अज़ीज़ अल हकीम
हकीम
पेद्रो अलमोडोवार
पेद्रो
अलमोडोवार
विशाल सेट
विशाल
सेट
मार्टिन स्कॉरसेज़ी
मार्टिन
स्कॉरसेज़ी
टॉम क्रूज़
क्रूज़
फ़्रांसीसी
मीरा नायर
मीरा
नायर
सी |. विद्यासागर राव
विद्यासागर
विद्यासागर राव
जॉर्ज पताकी
पताकी
मीर ज़फ़रूल्लाह जमाली
ज़फ़रूल्लाह
महानिदेशक मोइन फूदा
महानिदेशक
मोइन
फूदा
कलाश्निकोव
एस्टेल
ज़िया |-| उर |-| रहमान
ज़िया
उर
एरशाद
मुजीब
शेख़ हसीना
हसीना
शेख़ मुजीब
ख़ालिदा ज़िया
ख़ालिदा
बेग़म ख़ालिदा जिया
बेग़म
जिया
शेख मुजीब
शेख
अब्दुस सत्तार
अब्दुस
अकरम दुर्रानी
दुर्रानी
सईद अहमद ख़ान
ओवेन फिट्ज़पैट्रिक
फिट्ज़पैट्रिक
रोज़र हार्डी
रोज़र
हार्डी
शाहीन सहबाई
शाहीन
सहबाई
विक्रम सिंह
विक्रम
वकील अहमद
वकील
क्षिरिंग अतुप तमांड
क्षिरिंग
अतुप
तमांड
अमीन अहमद
शांति
संजय गुप्ता
इलयास अली
इलयास
सैय्यद सआदत अली फराज़
सैय्यद
सआदत
फराज़
ह्वा
टुंग ची ह्वा
टुंग
मोहम्मद आबिद आफ़रीदी
आबिद
आफ़रीदी
सबीन साईगोल
सबीन
साईगोल
मोहसिन सईद
मोहसिन
डायना
हुमा
हुमा अकरम
ज्यॉर्जी मारकोव
ज्यॉर्जी
मारकोव
पैट ट्रूप
पैट
ट्रूप
ज्यॉफ़ हून
हून
ज़हीर
ज़हीर ख़ान
नेथन ऐस्टल
नेथन
ऐस्टल
मैथ्यू सिंक्लेयर
मैथ्यू
सिंक्लेयर
जवागल श्रीनाथ
जवागल
श्रीनाथ
क्रिस हैरिस
हैरिस
गुरिंदर
ऐश्वर्या
ऐश्वर्या राय
बेकम
देवदास
अजय देवगन
देवगन
गुरिंदर चड्ढा
शाहरुख़ ख़ान
शाहरुख़
रितुपर्णो घोष
रितुपर्णो
घोष
दलाई लामा
दलाई
गौतम बुद्ध
बुद्ध
करमापा लामा
करमापा
चुन
जेम्स कैली
कैली
रोह मू |-| ह्युन
रोह
ह्युन
पाक उइ चुन
उइ
जेम्स केली
रुडॉल्फ़ जुलियानी
रुडॉल्फ़
जुलियानी
फीग
संघप्रिय गौतम
संघप्रिय
जयशंकर मीना
जयशंकर
अरुण जेटली
जेटली
सी पी ठाकुर
शिवानी भटनागर
शिवानी
भटनागर
अरुण शौरी
शौरी
जना कृष्णामूर्ति
जना
कृष्णामूर्ति
वसुंधरा राजे सिंधिया
वसुंधरा
राजे
सिंधिया
भावनाबेन चिखलिया
भावनाबेन
चिखलिया
उमा भारती
उमा
भारती
शत्रुघ्न सिन्हा
शत्रुघ्न
रविशंकर प्रसाद
रविशंकर
शूबॉम्बर
कोंडलीज़ा राइस
कोंडलीज़ा
राइस
ख़ुर्शीद कसूरी
ख़ुर्शीद
कसूरी
शॉन ओ कीफ़
शॉन
ओ
कीफ़
यूरी गगारिन
यूरी
गगारिन
ब्रूस बकिंघम
ब्रूस
बकिंघम
डॉ |. कस्तूरी रंगन
डॉ
कस्तूरी
रंगन
डॉ काले
काले
डॉ पीपी काले
पीपी
नील आर्मस्ट्रोंग
नील
आर्मस्ट्रोंग
ब्रजेश मिश्र
ब्रजेश
वेनिसा हीन्य
वेनिसा
हीन्य
बाजपेयी
ज्योति बाजपेयी
कांबली
पार्थिव पटेल
पार्थिव
विनोद कांबली
मौहम्मद क़ैफ़
द्रविड
वीरेंदर सेहवाग
सेहवाग
मैकग्रा
शोएब अख्तर
अख्तर
लेहमैन
बुकानन
जैसन गिलेस्पी
जैसन
गिलेस्पी
भज्जी
वहीद मिर्ज़ा
वहीद
मिर्ज़ा
डेमियन मार्टिन
डेमियन
डेरेन लेहमैन
डेरेन
रावलविंडी एक्सप्रेस
रावलविंडी
जॉन बुकानन
ज़फ़र आग़ा
आग़ा
लालू प्रसाद यादव
लालू
अरूण जेटली
अरूण
राबड़ी
गिब्स
निकी बोए
निकी
बोए
शेन बॉंड
बॉंड
स्टीफन फ़्लेमिंग
मेक्मिलन
स्टीफेन फ्लेंमिंग
स्टीफेन
फ्लेंमिंग
हर्शेल गिब्स
हर्शेल
जॉन्टी रोड्स
जॉन्टी
रोड्स
ग्रेम स्मिथ
ग्रेम
स्मिथ
कैलिस
क्लूज़नर
कादेक विरानाथा
कादेक
विरानाथा
अल थावरा
थावरा
टॉमस ऐटकिन्स
टॉमस
ऐटकिन्स
लार्ड रॉबर्टसन
लार्ड
वक़ार यूनुस
यूनुस
डंकन फ़्लेचर
डंकन
फ़्लेचर
रिचर्ड पाइबस
पाइबस
भैरोंसिंह शेखावत
भैरोंसिंह
शेखावत
सोनिया गांधी
ठहाकेदार हँसी
ठहाकेदार
हँसी
विजय केलकर
केलकर
अब्दुल कलाम
सोली सोराबजी
सोली
सोराबजी
ख़ुर्शीद महमूद कसूरी
ताहा यासीन रमज़ान
ताहा
अब्दुल्ला अहमद बदावी
बदावी
सरवन
हाँइड्स
डेविसन
ड्रेक्स
हाँड्स
रेल मंत्री नीतिश कुमार
नीतिश
रणतुंगा
रिचर्ड हैडली
हैडली
रोशन महानामा
महानामा
अर्जुन रणतुंगा
इयान बॉथम
इयान
बॉथम
सुनील शेट्टी
शहरुख़ ख़ान
शहरुख़
कुवैती
ख़ालिद शेख़ मोहम्मद
ख़ालिद
राष्ट्रपति परवेज़ मुशर्रफ़
पाकिस्तानी और अमरीकी अधिकारियों
रमज़ी बिनालशिब
रमज़ी
बिनालशिब
एरी फ़िशर
फ़िशर
अमरीकी और ब्रिटिश अधिकारियों
राज्यपाल
महासचिव शिवपाल यादव
महासचिव
शिवपाल
केसरीनाथ त्रिपाठी
केसरीनाथ
अंबिका चौधरी
अंबिका
प्रधानमंत्री अटल बिहारी वाजपेयी
प्रधानमंत्री
मुख्यमंत्री मायावती
मुख्यमंत्री
राष्ट्रपति जार्ज बुश
जार्ज
प्रधानमंत्री वाजपेयी
अमीर उल |-| अज़ीम
शेख़ राशिद अहमद
मुस्तफ़ा अहमद अब्दुल कादिस
कादिस
अमरीकी राष्ट्रपति जॉर्ज बुश
मुनियोका
मुगाबे
रोबर्ट मुगाबे
रोबर्ट
अरी फ्लेशर
अरी
क्रेग विशार्ट
विशार्ट
आंड्रे एडम्स
आंड्रे
एडम्स
एसल
ताइबू
डियोन इब्राहिम
डियोन
इब्राहिम
नाथन एसल
नाथन
टातेंडा ताइबू
टातेंडा
शेन बांड
बांड
कप्तान फ़्लेमिंग
कप्तान
सॉन अरविन
सॉन
अरविन
ख़ालिद शेख़
ज़हीर खान
खान
राज़ेक अल |-| काज़ेम अल |-| ख़फ़ाजी का
राज़ेक
काज़ेम
ख़फ़ाजी
बार्नबी मैसन
बार्नबी
मैसन
जॉर्ज पापेंद्रू
पापेंद्रू
जोनाथन मार्कस
मार्कस
अली हसन
अल |-| माजिद
माजिद
कैमिकल अली
कैमिकल
एल लॉकवुड
लॉकवुड
केमिकल अली
केमिकल
खांडू वांगचुक
खांडू
पैरिट
एंडी पैरिट
राइडी
मिशेल राइडी
मिशेल
जिहान
सीहम अल्वी
सीहम
अल्वी
मोहम्मद अशरफ़ुल
अशरफ़ुल
एलन डॉसन
एलन
डॉसन
शॉन पोलक
पोलक
मेकेन्ज़ी
डिपेनार
कप्तान खालिद
खालिद
शाहनवाज़ हुसैन
शाहनवाज़
बीजू पटनायक
बीजू
लक्ष्मण कदिरगमार
कदिरगमार
डैनी वुड
डैनी
वुड
जे गार्नर
गार्नर
यूरी मलेन्चेंको
मलेन्चेंको
एडवर्ड लू
स्नेडन
रेनबो ट्राउट
रेनबो
ट्राउट
लिन स्नेडन
लिन
करुणाकरण नायर
करुणाकरण
पेली
ड्रॉर पेली
ड्रॉर
स्टीवेन फ्राइडमैन
स्टीवेन
फ्राइडमैन
ख़ुर्शीद महमूद क़सूरी
क़सूरी
बिहारी वाजपेयी
रजब तैयब अर्दोगान
रजब
तैयब
अर्दोगान
जॉनी डायमंड
जॉनी
डायमंड
बिपाशा बसु
बिपाशा
बसु
पेरीज़ाद ज़ोराबिया
पेरीज़ाद
ज़ोराबिया
दीपक तिजोरी
तिजोरी
प्रितीश नंदी
प्रितीश
नंदी
गोविंद मेनन
मेनन
पूजा बेदी
पूजा
बेदी
हिमांशु मलिक
हिमांशु
मल्लिका शेखावत
मल्लिका
ब्रेमर
पॉल ब्रेमर
विलियम पी रोजर्स
विलियम
रोजर्स
हेनरी किसिंजर
किसिंजर
मार्क ड्युमेट
ड्युमेट
रोजर हार्डी
रोजर
ख़ातमी
रज़ा पहलवी
पहलवी
गौतम बुद्घ
बुद्घ
चंद्रभानु पटेल
चंद्रभानु
निशा
मुनीष
नवनीत
निशा शर्मा
डोर गोल्ड
डोर
गोल्ड
माइकल तराज़ी
तराज़ी
महमूद अब्बास
डेविड चज़ान
चज़ान
जॉन स्नो
स्नो
डाफ़्ने बैवेलियर
डाफ़्ने
बैवेलियर
रणधीर सिंह
रणधीर
विक्रम वर्मा
देउबा
महाराज ज्ञानेंद्र
महाराज
ज्ञानेंद्र
नरेश ज्ञानेंद्र
नरेश
लोकेंद्र बहादुर चंद
लोकेंद्र
बहादुर
चंद
राम कर्की
कर्की
महारा
गिरिजा प्रसाद कोइराला
गिरिजा
कोइराला
सनी देओल
सनी
देओल
आदित्य
जावेद जाफ़री
अनुश्का
आशुतोष राणा
आशुतोष
झामुंडा
कमाल हासन
कमाल
हासन
अमिशा पटेल
अमिशा
गुलिवर
पंडित रविशंकर
बकासुर
धर्मेंद्र
काकुली गोस्वामी
काकुली
गोस्वामी
जॉय फ़र्नांडीस
जॉय
बॉबी देओल
बॉबी
तब्बू
सुष्मिता सेन
सुष्मिता
सेन
जैक रॉग
रॉग
डॉक्टर किटसन
किटसन
वैटिकन
पोप जॉन पॉल द्वितीय
पोप
आर्चबिशप कार्डिनल बर्नाड लॉ
आर्चबिशप
कार्डिनल
बर्नाड
जॉन गियोगन
गियोगन
म्हात्रे
प्रवीण म्हात्रे
डी एस कोठारी
पीटर मॉरिस
मॉरिस
बुद्धदेब भट्टाचार्य
बुद्धदेब
भट्टाचार्य
नगेंदर शर्मा
नगेंदर
मोहम्मद अज़हरुदीन
अज़हरुदीन
वेलेंटिनो
टॉम फ़र्ड
फ़र्ड
सोनिया रिकेल
रिकेल
स्टेला मैकर्टनी
स्टेला
मैकर्टनी
कार्ल लैगरफ़ेल्ड
लैगरफ़ेल्ड
वासिल्येफ़
एकतरीना गुसेफ़ा
एकतरीना
गुसेफ़ा
एलेग्जजैंडर त्सेकालो
एलेग्जजैंडर
त्सेकालो
जियॉर्जी वासिल्येफ़
जियॉर्जी
अतुल व्यास
बी पी टुटेजा
टुटेजा
संदीप साहू
संदीप
साहू
इश्वर महतो
इश्वर
महतो
रामेश्वर ओराओं
रामेश्वर
ओराओं
मोहम्मद ख़ातमी
ज़फ़रूल्लाह ख़ान जमाली
अली ख़ुर्रम
ख़ुर्रम
अली शमख़ानी
शमख़ानी
जिम गोलबी
गोलबी
मैरीऐन गैरी
मैरीऐन
गैरी
हर्शल गिब्स
हर्शल
पॉल रैफ़ल
रैफ़ल
टॉम मूडी
लांस क्लूज़नर
लांस
ग्लेन मैकग्रा
इगोर इवानोव
इवानोव
पॉल वोल्फ़ोवित्ज़
वोल्फ़ोवित्ज़
होसम मोहम्मद अमीन
होसम
टेड टर्नर
टेड
टर्नर
उस्ताद नज़ीर जान
उस्ताद
गुलबुद्दीन हिकमतयार
गुलबुद्दीन
हिकमतयार
रवि शास्त्री
रवि
शास्त्री
डॉन वॉन बंज
बंज
ट्रेसी
सुज़ेन
डोनल्ड डक
डोनल्ड
डक
फ़िरोजशाह कोटला
फ़िरोजशाह
कोटला
डॉन लुडुवैक सैमुवेल फ़ंग बंग
लुडुवैक
सैमुवेल
फ़ंग
बंग
फ़िरोज़शाह कोटला
फ़िरोज़शाह
टेनिया
नरेश कुमार
ट्रेसी फ़्रांसिस
मारिया ज़ुबैर
मारिया
ज़ुबैर
बिल फ्राइडमैन
यूनुस ख़ान
क़मर अहमद
क़मर
समीउल हसन
समीउल
इंज़माम उल हक़
इंज़माम
कमांडर डेविस
कमांडर
डेविस
पॉल एकमैन
एकमैन
ओवन फ़्लैनागन
ओवन
फ़्लैनागन
ड्वाइट एफ़ डेविस
ड्वाइट
एफ़
आर्थर गोर
आर्थर
गोर
रेगिनल्ड
लॉरी
होलकोंब वार्ड
होलकोंब
वार्ड
मुल्ला उमर
रहीमुल्ला युसुफ़ज़ई
रहीमुल्ला
युसुफ़ज़ई
मनोज श्रीमल
श्रीमल
समीन कुरैशी
समीन
विशाल आनंद
अमित तिवारी
तिवारी
बलवंत राय व्यास
बलवंत
सदुद्दीन
विजय गर्ग
जिग्नेश व्यास
जिग्नेश
सी एस बोरा
बोरा
अभय भोसले
भोसले
पुष्कर पराशर
पुष्कर
पराशर
हरेंद्र चौधरी
हरेंद्र
दिलीप मिश्रा
भारत बारनवाल
बारनवाल
सैंडी
देवेंद्र शिंदे
देवेंद्र
शिंदे
सुहान
जितेंद्र चौधरी
लकी होड़ा
लकी
होड़ा
विवेक चौधरी
विवेक
राजेंद्र सिंह झाला
झाला
वीरेंद्र प्रताप
तुफैल अहमद
तुफैल
मनीष पटेल
मनीष
सुरेश कुमार वर्मा
सुरेश
नेमीचंद वर्मा
नेमीचंद
विनोद के गुप्ता
अभिषेक सिंह
मंगेष पिंपलखरे
मंगेष
पिंपलखरे
शेख अब्दुलरशीद
अब्दुलरशीद
विनोद धिर्डे
धिर्डे
समीर
श्रीधर जोशी
श्रीधर
ब्रजेश चंद्र श्रीवास्तव
राहुल सेठिया
सेठिया
पार्थ गुप्ता
पार्थ
नीरज अग्रवाल
मीनाक्षी बिष्ट
मीनाक्षी
बिष्ट
एम सिंह
मेजर सिंह तहिंद
मेजर
तहिंद
जगतार
सत्येंद्र प्रताप सिंह
सत्येंद्र
फ़ख़रूल हसन अंजुम
फ़ख़रूल
अंजुम
कपिल गुप्ता
राजू एम तोरानी
तोरानी
इंदुशेखर सिन्हा
इंदुशेखर
मुरासोली मारन
मुरासोली
मारन
हर्षद मेहता
हर्षद
मेहता
ऐना हॉर्सब्रॉ
ऐना
हॉर्सब्रॉ
जनरल फ़हीम
जनरल
फ़हीम
जनरल मोहम्मद कासिम फ़हीम
कासिम
डॉक्टर ज़ाल्ड
ज़ाल्ड
डेविड ज़ाल्ड
संत वैलेन्टाइन्स
संत
वैलेन्टाइन्स
ओम प्रकाश गुप्ता
ओम
नीतिश कुमार
स्टीव सॉन्डर्स
सॉन्डर्स
विलियम बॉयन्टन
बॉयन्टन
जसपाल
गौतम खन्ना
प्रियंका सिन्हा
प्रियंका
मित्रा
ए के मित्रा
सोमनाथ चटर्जी
सोमनाथ
चटर्जी
जी बी पटनायक
मोहम्मद असलम भूरे
जोसेफ़ बेरार्दिनो
बेरार्दिनो
इझाक शरव
इझाक
शरव
पॉल वोकर
वोकर
बेरेर्दिनो
आलोक जोशी
राजीव पांडे
जसवंत सिँह
सिँह
के आर नारायणन
नारायणन
ए जी स्टीजमन
स्टीजमन
टिमोथी सलिवन
टिमोथी
सलिवन
गुसमाओ
ज़नाना गुसमाओ
ज़नाना
फ़्रांसिस्को हाविए दो अमाराल
फ़्रांसिस्को
दो
अमाराल
दो अमाराल
कैरोल बेलमी
कैरोल
बेलमी
वोलोदोमिर खोलोशा
खोलोशा
डिमिट्रो रॉज़िंस्की
डिमिट्रो
रॉज़िंस्की
रॉज़िंस्की यूक्रेन
डैनियल पर्ल
अब्दुल वहीद काटपर
काटपर
सुरिंदर कौल
सुरिंदर
कौल
सुनील मल्होत्रा
महात्मा गांधी
महात्मा
माइकल ऐरिस
ऐरिस
मार्टिन लूथर किंग
लूथर
आँग सान
रज़ाली इस्माइल
रज़ाली
आँग सान सूची
सूची
लौह महिला
लौह
महिला
ने विन
विन
ऐलेक्सैंडर
वाइकिंग
विलियम्स
बेन विलियम्स
ममता बनर्जी
ममता
बनर्जी
मेनका गांधी
मेनका
साहिब सिंह वर्मा
साहिब
अटल बिहारी वाजपायी
वाजपायी
जना कृष्णमूर्ति
कृष्णमूर्ति
केशूभाई पटेल
केशूभाई
जना कृष्णमूर्ती
कृष्णमूर्ती
एनातोली ग्रिगोरिव
एनातोली
ग्रिगोरिव
डेलोरेस बीसली
डेलोरेस
बीसली
ऐलेन फ़ुरनियर |-| सिक्र
ऐलेन
फ़ुरनियर
सिक्र
सेमानोव
झांगवी
ज़िया उल हक़
मौलवी मौलाना हक़ नवाज़ झंगवी
मौलवी
झंगवी
सूफ़ी मोहम्मद
सूफ़ी
आज़म तारिक़
बेनज़ीर भुट्टो
बेनज़ीर
भुट्टो
अल्लामा आरिफ़ हुसैन अल |-| हुसैनी
अल्लामा
आरिफ़
हुसैनी
अमीर बख़्श
बख़्श
ज़ाहिदा माई
माई
संजीव श्रीवास्तव
संजीव
बासुदेव आचार्य
बासुदेव
आचार्य
विक्टर कोज़लोव
विक्टर
कोज़लोव
आशीष रंजन सिन्हा
बंडारू दत्तात्रेय
बंडारू
आशीष सिन्हा
आई आई एम एस राणा
सुज़ान फ़ील्ड्स
सुज़ान
फ़ील्ड्स
कटियार
विनय कटियार
विनय
अशोक सिंघल
अशोक
सिंघल
रामदत्त त्रिपाठी
रामदत्त
निरुपमा राव
निरुपमा
निरूपमा राव
निरूपमा
सुनील गुप्ता
रोमेश शर्मा
रामदास नाइक
प्रेम सिंह
प्रेम
रमेश तोरानी
बुनकर
अब्दुल क़य्यूम अंसारी
अबु सालेम
अबु
नदीम सैफ़ी
सैफ़ी
अल गोर
तहा यासीन रमादान
तहा
रमादान
एडवर्ड केनेडी
केनेडी
नजी साबरी
नजी
पीटर रिकेट्स
रिकेट्स
मार्क ग्रॉसमैन
ग्रॉसमैन
जगदीश टाईटलर
टाईटलर
कुँजूरानी देवी
कुँजूरानी
देवी
गगन अजीत सिंह
अजीत
किम दे जुंग
दे
धनराज प िल्लै
प िल्लै
जगराज सिंह
जगराज
दलजीत सिंह
दलजीत
ताकेनाका
हीज़ो ताकेनाका
हीज़ो
अनिल कुमार
सतीश राय
टाइटलर
बॉबी एलियोसिस
एलियोसिस
जगदीश टाइटलर
मडासामी
सुनीता रानी
सुनीता
कृष्णन मडासामी
कृष्णन
पेड्रो मोनागस
पेड्रो
मोनागस
मार्कोविच
हार्वी मार्कोविच
हार्वी
सरगना मोहम्मद अता
सरगना
मुतस्सादिक
मरवान अल शेही
मरवान
शेही
हार्टमट जैकोबी
हार्टमट
जैकोबी
मुनीर अल मुतस्सादिक
मुनीर
ज़कारियास मुसावी
ज़कारियास
मुसावी
बी रमन
रमन
अनीश आहलूवालिया
अनीश
आहलूवालिया
मोवसार बारायेफ़
मोवसार
बारायेफ़
मोवसार बरायेफ़
सुरेश आडवाणी
थौमस ज़िल्कर
थौमस
ज़िल्कर
एरी फ़्लेशर
फ़्लेशर
जोनाथन चार्लस
चार्लस
कौलिन
कौलिन केर
केर
सुबोध चंद्रा
सुबोध
सत्येंद्र शाह
शहज़ाद अनवर
शहज़ाद
ओनाली वालाभाई
ओनाली
लैंबट एम फ़ारुक़
लैंबट
वीरेंद्र सिंह
बीना जोशी
बीना
मार्लन सैम्युअल्स
सैम्युअल्स
शिवनारायण
क्रिस जायल
जायल
रायन हिंड्स
रायन
हिंड्स
शिवनारायण चंद्रपॉल
चंद्रपॉल
मर्विन डिल्लन
मर्विन
डिल्लन
वैज़बर्ट ड्रेक्स
वैज़बर्ट
कैमरून कफ़ी
कैमरून
कफ़ी
माइक प्रॉक्टर
प्रॉक्टर
महेंद्र नगामूट्टू
महेंद्र
नगामूट्टू
मुरली कार्तिक
मुरली
कार्तिक
रामनरेश सरवान
रामनरेश
सरवान
वेवेल हिंड्स
वेवेल
रिड्ले जैकब्स
रिड्ले
जैकब्स
लक्ष्मीपति बालाजी
लक्ष्मीपति
बालाजी
पैड्रो कॉलिंस
पैड्रो
कॉलिंस
मॉर्लन सैम्युअल्स
मॉर्लन
रिकार्डो पॉवेल
रिकार्डो
तौफ़ीक़ फ़ुकरा
फ़ुकरा
मेनेचम
ग्रांट फ़्लावर
ग्रांट
पॉल वुल्फ़ोवित्ज़
वुल्फ़ोवित्ज़
ताहा यासिन रमदान
यासिन
रमदान
मेलीसा फ़्लेमिंग
मेलीसा
जेन रोजर्स
उमर शरीफ़ उस्मानी
उस्मानी
जॉन हार्वे
हार्वे
शंकरसिंह वाघेला
शंकरसिंह
वाघेला
बनिया
ब्राह्मण
अमरसिंह चौधरी
अमरसिंह
पटेलों
राजपूत
जोसफ गुटनिक
जोसफ
गुटनिक
डाउ जोन्स
डाउ
डेमियन स्टूर्ज़ारकर
स्टूर्ज़ारकर
ज़्याँ ईव लेगॉल
ईव
लेगॉल
एरियन
रोहिश्व कुमार
रोहिश्व
हुसैन अंसारी
आत्माराम पटेल
आत्माराम
भैरो सिंह शेखावत
भैरो
नारायण दत्त तिवारी
बलराज पासी
बलराज
पासी
प्रबीण गोगोई
प्रबीण
गोगोई
सरदारा राम
सरदारा
लच्छित फुकन
लच्छित
फुकन
प्रदीप यादव
प्रदीप
पुष्पेंद्र सिंह
पुष्पेंद्र
पुंजाजी ठकोरे
पुंजाजी
ठकोरे
प्रसाद यादव
यारी दुलम
यारी
दुलम
सुरेंद्र कुमार
सुरेंद्र
मानेकलाल पटेल
मानेकलाल
अशोक गहलोत
गहलोत
भीमराज भट
भीमराज
भट
डाकलो निडाक
डाकलो
निडाक
कनाल मल कटारा
कनाल
मल
कटारा
महेंद्र सिंह पाल
नित्या रामचंद्रन
नित्या
रामचंद्रन
मोहम्मद अफ़ज़ल
अफ़ज़ल
सैयद अब्दुल रहमान गीलानी
गीलानी
अफ़्शाँ गुरू
अफ़्शाँ
गुरू
शौक़त हुसैन
शौक़त
शौकत गुरु
शौकत
शिव नारायण ढींगरा
शिव
ढींगरा
नवजोत संधू
नवजोत
संधू
सैराज बहुतुले
सैराज
बहुतुले
रतिंदर सिंह सोढ़ी
रतिंदर
सोढ़ी
रोहन गावस्कर
रोहन
आविष्कार साल्वी
आविष्कार
साल्वी
वेंकटेश प्रसाद
वेंकटेश
राकेश पटेल
इरफ़ान पठान
इरफ़ान
पठान
विलियम शिया
शिया
स्टीफ़न हिल्बर्ट
हिल्बर्ट
गैरी वेंड्ट
वेंड्ट
हैंल ब्लिक्स
हैंल
जस्टिन वेब
जस्टिन
वेब
ऐशले विल्स
ऐशले
विल्स
रणिल विक्रमसिंघे
रणिल
विक्रमसिंघे
मोहम्मद शफ़ी
शफ़ी
अबू दहीर
दहीर
सेल्वराज
आशिक़
जोज़फ़ बिडेन
जोज़फ़
बिडेन
जियॉर्जी मामेदोफ़
मामेदोफ़
निकोलइ बॉबकाफ़
निकोलइ
बॉबकाफ़
स्टीफ़न डियाल
डियाल
क़ुरबानअली दौरी नजफ़बादी
क़ुरबानअली
दौरी
नजफ़बादी
जमीला कादीवर
जमीला
कादीवर
महातीर मोहम्मद
महातीर
डिक एडम्स
मेगावती सुकारनोपुत्री
सुकारनोपुत्री
मुशर्रफ
विज
एन सी विज
वीरप्पन
एच नागप्पा
नागप्पा
नटराज
आर नटराज
भाग्यराज
बालामुरुगन
अलेक्ज़ेंडर
मोहित श्रीवास्तव
गोडूबोडू
मोना श्रीवास्तव
मोना
एक ए बेग
सुधीन्द्र अवस्थी
सुधीन्द्र
अवस्थी
सुदर्शन चौहान
सुदर्शन
चौहान
अनुज शर्मा
अनुज
ऋषि
दीपक त्यागी
गुरदेव लिड्डर
गुरदेव
लिड्डर
संजीव कुमार
खोका
मनोज वर्मा
नलिन चौधरी
नलिन
अल्लाउद्दीन ख़ान
अल्लाउद्दीन
जीतेंद्र सिंह
जीतेंद्र
ज्योफ हून
ज्योफ
ज्यार्जी मार्कोफ
ज्यार्जी
मार्कोफ
जोसेफ बियुस
बियुस
रमन मैगसायसाय
मैगसायसाय
मोरिसन टॉम गिशोफ
मोरिसन
गिशोफ
किरण
किरण बेदी
मज़हर अली बख़्श
मज़हर
सलीम रिज़वी
रिज़वी
एरियल शैरोन
शैरोन
साएब इराक़ात
इराक़ात
अमरम मित्ज़ना
अमरम
मित्ज़ना
शेरोन
सिन्ह
एस एन जैन
जैन
चेन लोंग
चेन
लोंग
अब्दुल्ला बिन अब्दुल अज़ीज़
ओक
स्टीफ़न ओक
डेविड ब्लंकेट
ब्लंकेट
रॉबर्ट मुगाबे
लैम्ब
टिम लैम्ब
टिम
एमाईल फ्राईसन
एमाईल
फ्राईसन
एमाइल फ्राईसन
एमाइल
एमाईमल फ्राईसन
एमाईमल
तेजिंदर खन्ना
तेजिंदर
निक माइल्स
निक
माइल्स
जॉन ग्रुज़ेलियर
ग्रुज़ेलियर
डेविड वरनोन
वरनोन
शरद शेट्टी
शरद
छोटा राजन
छोटा
राजन
आसिफ़ुल्ला ख़ान
आसिफ़ुल्ला
अन्ना शेट्टी
अन्ना
शिफ़ात यार ख़ान
शिफ़ात
यार
ज़फ़र ज़मज़मा
ज़मज़मा
गुल ख़ान
औसतन ढाई
औसतन
ढाई
राजा भय्या
भय्या
विनीता द्विवेदी
विनीता
द्विवेदी
अंजु सिंह
अंजु
पी एल जोशी
मोंताज़ेरी
अब्बास अली फ़तह
फ़तह
आयतुल्ला ख़मेनेई
ख़मेनेई
आयतुल्ला हुसैन अली मोंताज़ेरी
अली इरानी
इरानी
मनोज प्रभाकर
अजय जडेजा
जडेजा
अजय शर्मा
क्रोनिये
मोहम्मद अज़हरुद्दीन
अज़हरुद्दीन
सी के खन्ना
मौहम्मद अज़हरुद्दीन
हांसी क्रोनिये
हांसी
माइकल बुकैनन
बुकैनन
रॉन डिटेमोर
डिटेमोर
हुसैन मोहम्मद अमीन
बैरी डेविसन
जॉर्ज बुस
बुस
ऐरॉन एकर्त
ऐरॉन
एकर्त
हिलैरी स्वांक
हिलैरी
स्वांक
सुरिन्दर सैनी
सुरिन्दर
सैनी
चाँदराम
जिल मिकगिवरिंग
जिल
मिकगिवरिंग
मोहम्मद अल बरदेई
बरदेई
जनरल सोली जे सोराबजी
आरसी लाहोटी
आरसी
लाहोटी
केन अननडेल
केन
अननडेल
थाबो म्बेकी
थाबो
म्बेकी
बौएटा डिपेनार
बौएटा
क्रिस गेल
गेल
शिवनारायण चंदरपॉल
चंदरपॉल
गारफ़ील्ड सोबर्स
गारफ़ील्ड
कोरी कॉलीमोर
कोरी
कॉलीमोर
निकी बोये
बोये
रिकी स्केरिट
स्केरिट
एलन डॉनल्ड
वेस्बर्ट ड्रेक्स
वेस्बर्ट
लारा बनाम डॉनल्ड
बनाम
निक्सन मैकलीन
निक्सन
मैकलीन
मार्क बाउचर
ज़ॉक कैलिस
ज़ॉक
रामनरेश सर्वन
सर्वन
मखाया न्तीनी
मखाया
न्तीनी
गैरी कर्सटन
कर्सटन
चार्ल लैंजीवैल्ट
चार्ल
लैंजीवैल्ट
वेवल हाइंड्स
वेवल
हाइंड्स
रिडली जेकब्स
रिडली
जेकब्स
मार्लन सैम्यूल्स
सैम्यूल्स
मोंदे ज़ोदेन्की
मोंदे
ज़ोदेन्की
जर्मेन लॉसन
जर्मेन
रिकार्डो पावेल
पेड्रो कॉलिन्स
कॉलिन्स
रॉबिन पीटरसन
रॉबिन
पीटरसन
रिषभ राज
रिषभ
मदन लाल
मदन
जान राइट
संदीप पाटिल
जोश्का फ़िशर
जोश्का
जॉन पाल
सिद खन्ना
सिद
विजय मुखी
मुखी
जान प्लास
प्लास
डेविड क्रोसली
क्रोसली
कुमार कुमार
सरगेई इवानोव
गैरहर्ड श्रोडर
हाँस ब्लिक्स
हाँस
रेय फ़ुरलोंग
रेय
फ़ुरलोंग
जार्ज रॉबर्टसन
याक शिराक
याक
शिराक
वैन बंगे
वैन
बंगे
जॉन क्लोपेनबर्ग
क्लोपेनबर्ग
जॉन रीड
वोरा
श्रीराम
प्रफ़ुल्ल गाड़ोदिया
प्रफ़ुल्ल
गाड़ोदिया
मार्क टुली
टुली
राजीव वोरा
कृष्ण |-| अर्जुन
राजदूत झंग यान
राजदूत
झंग
यान
झंग यान
जय भगवान गोयल
जय
हाजी पीर मोहम्मद
पीर
पीर मोहम्मद
कर्नल किंग
कर्नल
कर्नल रॉजर किंग
जेम्स एंडरसन
निक नाइट
नाइट
सलीम इलाही
इलाही
वूरेन
स्नाईमैन
क्रेग व्हाइट
यूसूफ़ योहाना
यूसूफ़
प्रो |. मैकनेली
प्रो
मैकनेली
रिचर्ड मैकनेली
गुंतुरकुन
ओनुर गुंतुरकुन
ओनुर
राग प्रसाद
राग
पुर्जा
शेरी ब्लेयर
शेरी
ललथारा
जी पैट्रिक
पैट्रिक
तौफ़ीक
शाहिद आफ़रीदी
अब्दुल रज़ाक
रज़ाक
यूसुफ़ योहना
योहना
मोहम्मद समी
समी
इंज़मामुल हक़
इंज़मामुल
रूडी वैन वूरेन
रूडी
एम वी शूर
शूर
डी बी कोट्ज़े
कोट्ज़े
मेगावती सुकर्णोपुत्री
सुकर्णोपुत्री
महाथीर मोहम्मद
महाथीर
नासेर अल |-| क़ेदवा
नासेर
क़ेदवा
फ़िदेल कास्त्रो
फ़िदेल
कास्त्रो
सक्रिय रोबर्ट व्हेलन
सक्रिय
व्हेलन
लिन्डा
लिन्डा ब्राइन
ब्राइन
जॉन रीज़
रीज़
आसिफ़ कपाड़िया
कपाड़िया
इरफ़ान ख़ान
सुनील कुमार अलघ
अलघ
रवि बत्रा
बत्रा
सुनील अलघ
फिक्की
विक्रम सिंह मेहता
उत्तम बवेजा
उत्तम
बवेजा
मुकेश माथुर
माथुर
अलघ जसवंत सिंह
विक्रम मेहता
रोह मू हयून
हयून
अरि फ़्लेशर
अरि
क़ायदेआज़म
शाह अहमद नूरानी
मौलाना शाह अहमद नूरानी
रज़ा रब्बानी
रब्बानी
ज़फ़रूल्ला ख़ान जमाली
मुस्लिम ब्रॉदरहुड
ब्रॉदरहुड
साइमन विलसन
साइमन
विलसन
डोनल्ड रम्सफ़ेल्ड
एस सी जमीर
जमीर
ओसामा बिन लादने
लादने
शेख़ मोहम्मद
रम्ज़ी युसूफ
रम्ज़ी
युसूफ
अब्देल बारी अतवान
बारी
अतवान
भैरोसिंह शेखावत
भैरोसिंह
श्री राऊ
श्री
राऊ
जोहानेस राऊ
केआर नारायणन
केआर
रॉय लेविन
लेविन
कनिंघम
माइकल कनिंघम
थाकसिन शिनावात्रा
थाकसिन
शिनावात्रा
मूर्ति
नारायण मूर्ति
जिल क्लेमान
क्लेमान
अब्देल अज़ीज़ रानतीसी
रानतीसी
अरी फ़्लैशर
फ़्लैशर
सनत जयसूर्या
सनत
जॉर्ज डब्ल्यु बुश
डब्ल्यु
डोमिनिक डी विलेपाँ
विलेपाँ
मोहम्मद शाहजहाँ
शाहजहाँ
रथिन दास
रथिन
के आर कौशिक
कौशिक
हरेन पांड्या
हरेन
पांड्या
उर्बानी
कार्लो उर्बानी
कार्लो
उर्बानी इटली
फ़िल गुडविन
फ़िल
गुडविन
रंजीत कुमार
अक्षय
अक्षय आनन्द
आनन्द
स्टीव टिकोलो
टिकोलो
अरविंद डिसिल्वा
डिसिल्वा
मौरिस ओदुम्बे
मौरिस
ओदुम्बे
कुमार संगकारा
शेख हमद बिन ख़लीफा अल |-| थानी
हमद
ख़लीफा
थानी
रिचर्ड एडवर्ड
ज़्याक शिराक
ज़्याक
चांसलर गेरहार्ड श्रोडर
चांसलर
व्लादीमिर पुतिन
व्लादीमिर
मोहम्मद युसुफ़
युसुफ़
क़मारुज़ ज़माँ
क़मारुज़
ज़माँ
मोहम्मद युसुफ़ हजम
हजम
शारी उर्फ जफ्फार
शारी
उर्फ
जफ्फार
हिज़बुल मुजाहिदीन
मुजाहिदीन
गोविंद निहलानी
निहलानी
कुमारमंगलम बिरला
कुमारमंगलम
बिरला
रतन टाटा
रतन
टाटा
जॉन अब्राहम
अब्राहम
एज के एक अधिकारी
एज
अधिकारी
विक्रम भट्ट
भट्ट
बिड़ला
फ़ौजा सिंह
फ़ौजा
मिकुलस ज़िरुंडा
मिकुलस
ज़िरुंडा
रेडक्लिफ़
डीना ड्रॉसिन
डीना
ड्रॉसिन
एलिस्टेयर केम्पबेल
एलिस्टेयर
केम्पबेल
कैथरीन डेरेबा
कैथरीन
डेरेबा
पॉला रेडक्लिफ़
पॉला
एमआरएफ़
जावेद मियांदाद
मियांदाद
एंटोनी रोडरिक्स
एंटोनी
रोडरिक्स
मरवन ख़ातिब
ख़ातिब
जेम्स रोज़र्स
रोज़र्स
बर्जिस देसाई
बर्जिस
वाडिया
गोदरेज
एलस्टेयर लॉसन
एलस्टेयर
जालान
बिमल जालान
बिमल
अरी फ़्लेशर
अबू माज़ेन
माज़ेन
जेम्स रेनॉल्ड्स
अहमद चलाबी
चलाबी
भाई अज़ीज़ अल हाकिम
भाई
हाकिम
जलाल तालाबानी
जलाल
तालाबानी
मसूद बरज़ानी
बरज़ानी
आयद अलवी
आयद
अलवी
केएस सुदर्शन
केएस
मुरली मनोहर जोशी
राम माधव
माधव
मोहन भागवत
भागवत
वेकैंया नायडू
वेकैंया
जफ़रुल्लाह ख़ान जमाली
जफ़रुल्लाह
नवतेज सरना
नवतेज
सरना
टी सी ए राघवन
टी
राघवन
जफ़रूल्लाह ख़ान जमाली
जफ़रूल्लाह
अनीश अहलूवालिया
अहलूवालिया
श्री पॉवेल
दिग्विजय सिंह
दिग्विजय
जफ़रूल्लाह जमाली
सुनील जोशी
विजेता
अंजलि
ब्रजेश पटेल
विजेता पेंढारकर
पेंढारकर
दुमिता लूथरा
दुमिता
लूथरा
ग़नीम अल बोसो
ग़नीम
बोसो
तपन सिकदर
तपन
सिकदर
जीवन दुश्वार
जीवन
दुश्वार
नवीनतम आँकड़े
नवीनतम
आँकड़े
ख़्वाजा मोहीदीन
मोहीदीन
ख़्वाजा मोहिदीन
मोहिदीन
ख्वाजा मोहिदीन
ख्वाजा
सम्पत कुमार
सम्पत
ग़ौरी
ऐलेक्स विल्सन
ऐलेक्स
विल्सन
रोहित व्यास
रोहित
एस एस सिंह
मारिएंजेल रूइज़
मारिएंजेल
रूइज़
ओस्मेल सौसा
ओस्मेल
सौसा
मारियान्जेल रूइज़
मारियान्जेल
जोनाथन हेड
हेड
जनाना गुस्माओ
जनाना
ग्रो हार्लेम ब्रन्टलैंड
ग्रो
हार्लेम
ब्रन्टलैंड
स्टेनली एम्ब्रोज़
स्टेनली
एम्ब्रोज़
रॉबर्ट बेडनरिक
बेडनरिक
माइकल जैक्सन
जैक्सन
ब्रायन ओक्समैन
ओक्समैन
पिअर्स ओ डौनेल
पिअर्स
डौनेल
डेविड रिकल
रिकल
मार्टिना नवरातिलोवा
मैक्स मिर्नी
मैक्स
मिर्नी
जोसेफ़ कबीला
कबीला
लॉरा मेलो
लॉरा
मेलो
डॉन वास्को
वास्को
जोसेफ़ बरारदिनो
बरारदिनो
केन ले
लॉरेंस व्हाले
लॉरेंस
व्हाले
केनेथ ले
डायनेजी
डेविड डंगन
डंगन
एंड्रू फ़ॉस्टो
एंड्रू
फ़ॉस्टो
हेवलेट |-| पैकर्ड
हेवलेट
पैकर्ड
पॉल बरवुड
बरवुड
ह्यूलेट |-| पैकर्ड
ह्यूलेट
विल्किन्सन
जॉन विल्किन्सन
आशा देवी
श्रीदेवी
फ़र्नाडिस
लिसिंडा विलियम्स
लिसिंडा
लेनी क्रावित्ज़
लेनी
क्रावित्ज़
मिल्टन नेसिमेल्टो
नेसिमेल्टो
सत्यजीत रे
सत्यजीत
रे
नेली फ़ुरटार्डो
नेली
फ़ुरटार्डो
टेलर
जॉन मेक्लॉलिन
मेक्लॉलिन
यहूदी मेनुहिन
यहूदी
मेनुहिन
उदय शंकर
शंकर
गुलज़ार
जेम्स टेलर
गिलबर्टो गिल
गिलबर्टो
गिल
जॉर्ज हैरिसन
हैरिसन
विष्णुकांत शास्त्री
विष्णुकांत
राजनाथ सिंह
राजनाथ
अजीत सिंह
विष्णुकांत शांस्त्री
शांस्त्री
बीपी जीवन रेड्डी
बीपी
मन्ना सिंह
मन्ना
कृष्ण महाजन
तोलेदो
पीटर ग्रेस्टे
ग्रेस्टे
अलेजान्द्रो तोलेदो
अलेजान्द्रो
क्ली
मैथ्यू क्ली
अहमद अल्हज़नवी
अल्हज़नवी
कॉलिंगवुड
बिल हैरिसन
जॉन कॉलिंगवुड
गोखले
ए एम गोखले
शरद जोशी
स्टीफ़न जोन्स
कैथ
निकोला सेनोविच
निकोला
सेनोविच
ग्रुबन
द्रेगोल्यूब ओयदोनिक
द्रेगोल्यूब
ओयदोनिक
मैमसिलो ग्रुबन
मैमसिलो
निक चाइल्डस
चाइल्डस
जॉन बोल्टन
बोल्टन
जॉर्जी मामदोफ़
जॉर्जी
मामदोफ़
मुनव्वर राना
मुनव्वर
अरुण अस्थाना
अस्थाना
रवींद्र शाह
कारमोना
एलवारो यूरीबे
एलवारो
यूरीबे
पेद्रो कारमोना
गुलैरमो फ़र्नांडिस ड |' सोतो
गुलैरमो
ड
'
सोतो
ओसामु सुज़ुकी
ओसामु
सुज़ुकी
जगदीश खट्टर
खट्टर
औसामु सुज़ुकी
औसामु
सुरेश प्रभु
प्रभु
ईस्ट
रॉय बेडलो
बेडलो
जिल्स बैबिनेट
जिल्स
बैबिनेट
साइमन ईस्ट
टायसन
लुईस
लैनॉक्स
माइक टायसन
लेनॉक्स लुईस
लेनॉक्स
वक़ार शाहजी
शाहजी
परवेज़ मुशर्रफ़ सहित
सहित
तौसीफ़
टॉड ट्रूस्ट
टॉड
ट्रूस्ट
बालासाहेब विखे पाटिल
बालासाहेब
विखे
आनंद गीते
गीते
एनटी षणमुगम
एनटी
षणमुगम
बाबा गौडा पाटिल
बाबा
गौडा
एके मूर्ति
एके
विनोद खन्ना
निखिल चौधरी
श्रीपद नाइक
श्रीपद
एस तिरुणावुकरसर
तिरुणावुकरसर
वेंकैयानायडू
आलोक मुखर्जी
बर्नी ऐबर्स
बर्नी
ऐबर्स
मेल डिक
मेल
आई के जडेजा
आगरकर
हनीफ़ मोहम्मद
हनीफ़
मानक गुप्ता
मानक
धीरज परसाना
धीरज
परसाना
स्टीव हरमीसन
हरमीसन
एडम गिलक्रीस्ट
गिलक्रीस्ट
जगत पटेल
निशा पटेल
अजय रात्रा
रात्रा
सी दुरैराज
दुरैराज
बाल ठाकरे
बाल
ठाकरे
अनंत गीते
अनंत
आनंदराव अदसूल
आनंदराव
अदसूल
आनंद राव अदसूल
आरिफ़ शमीम
शमीम
जगदीप धनखड़
जगदीप
धनखड़
बी एन किरपाल
किरपाल
क्रिस पैटेन
पैटेन
मॉल्कम स्पीड
मॉल्कम
डी के श्रीवास्तव
ब्रजेश उपाध्याय
जॉर्ज पटाकी
पटाकी
रुडोल्फ जुलियानी
रुडोल्फ
अब्राहम लिंकन
लिंकन
हेलेन क्लार्क
हेलेन
क्लार्क
माइकल ब्लूमबर्ग
ब्लूमबर्ग
प्रिंस चार्ल्स
प्रिंस
चार्ल्स
जेएम लिंगदोह
जेएम
लिंगदोह
जीवी रेड्डी
जीवी
अबू सालेम
मोनिका बेदी
मधु भादुड़ी
भादुड़ी
सरग़ना अबू सालेम
सरग़ना
मोहम्मद अली
पी सी शर्मा
जॉनाथन मार्कस
राजेंद्र सिंह
भारोत्तोलक कुंजरानी
भारोत्तोलक
कुंजरानी
अंजली भागवत
अंजली
एम एस खंडेत
खंडेत
तरुण गोगोई
तरुण
अबु क़तादा
क़तादा
ज़कारिया मुसावी
ज़कारिया
अल |-| क़तादा
समरपाल सिंह
समरपाल
अजित सिंह
अजित
मुलायम सिंह
गंगाभक्त सिंह
गंगाभक्त
लालजी टंडन
लालजी
टंडन
व्लादिमीर वासिल्येफ़
निकोलाई पात्रुशेफ़
निकोलाई
पात्रुशेफ़
ख़लीलज़ाद
कँवल सिब्बल
कँवल
सिब्बल
ज़ल्मे ख़लीलज़ाद
ज़ल्मे
ब्रजेश मिश्रा
हारून रशीद
हारून
जनरल अब्दुल रशीद
सग़ीर
मोहम्मद सग़ीर
हाजी मीर आलम
आलम
दोस्तम
मार्टिन डौब्सन
डौब्सन
हैरी मिकास
मिकास
स्टीव थॉम्पसन
थॉम्पसन
रॉबर्टो लावाग्ना
रॉबर्टो
लावाग्ना
रनिल विक्रमसिंघे
रनिल
सुधीश पचौरी
सुधीश
पचौरी
योगेश तिवारी
योगेश
नोएस म्वाकुगू
नोएस
म्वाकुगू
गोपीनाथ
जी आर गोपीनाथ
आंद्रे एडम्स
मार्टिन क्रो
सोनिया बक्शी
बक्शी
बिल क्लिंटन
राम नाईक
नाईक
राबड़ी देवी
मुज़फ्फरपुर
तेजराज
लालू यादव
रिफ़त जावेद
रिफ़त
मिखाइल वेहबे
मिखाइल
वेहबे
पॉल ओ नील
जॉर्ज डबल्यू बुश
डबल्यू
स्टीवन फ़्रीडमैन
स्टीवन
फ़्रीडमैन
लॉरेंस लिंडसे
नरेंद्र सैनी
टी एन नाइनन
नाइनन
पुरु
पॉल ईडल
ईडल
सुलेमान अबु ग़ैस
सुलेमान
ग़ैस
हेमंत चपातवाला
चपातवाला
नरेश रावल
महेंद्र सिंह वाघेला
सुरेश भाई मेहता
अशोक भट्ट
शंकर सिंह वाघेला
यतीन ओझा
यतीन
आनंदीबेन पटेल
आनंदीबेन
नरेश कानोरिया
कानोरिया
नरहरि अमीन
नरहरि
तुषार चौधरी
तुषार
जयनारायण व्यास
जयनारायण
गोवर्धनलाल झोड़पिया
गोवर्धनलाल
झोड़पिया
धीरूभाई शाह
धीरूभाई
वजूभाई वाला
वजूभाई
वाला
हरेश भट्ट
हरेश
राजेन्द्र पटेल
राजेन्द्र
मसूद अज़हर
हाफ़िज़ मोहम्मद सईद
हाफ़िज़
रोनाल्डो
एस एम साजिद
अहमद ख़ुर्रम
डेविड लेटरमैन
लेटरमैन
राउल क्रिस्चियन
राउल
क्रिस्चियन
इसा मसीह
इसा
ऐमा नन
ऐमा
नन
अहमद कादिरोफ़
कादिरोफ़
मिखाइल बाबिच
बाबिच
क्लेएर बूकैन
क्लेएर
बूकैन
टॉम कार्वर
कार्वर
रॉजर हार्डी
शम्स |-| ए |-| आलम
शम्स
विनोद चंद्र पांडेय
पांडेय
मोहम्मद सईद
कैमिली पार्मिसन
कैमिली
पार्मिसन
टेरी रूट
टेरी
रूट
जॉन लीनी
लीनी
मुरारी बापू
बापू
अंशुमान सिंह
अंशुमान
तान्या
लैला
तान्या आंतिसेफ़
आंतिसेफ़
क्रिस मान
मान
जॉन कार्र
कार्र
निकोलस लाँसमैन
निकोलस
लाँसमैन
एसएस खपलाँग
एसएस
खपलाँग
इसाक चिशू स्वू
इसाक
चिशू
स्वू
पदमनाभैया
मुइवाह
ओकरम इबोबी सिंह
ओकरम
इबोबी
टी मुइवा
मुइवा
क्रिस्टीना एग्विलेरा
क्रिस्टीना
एग्विलेरा
मलविंदर परमार
मलविंदर
परमार
ब्रिटनी स्पियर्स
ब्रिटनी
स्पियर्स
ब्रैड स्मिथ
ब्रैड
मैथ्यू सिन्क्लेयर
सिन्क्लेयर
वीरेन्दर सहवाग
वीरेन्दर
ग्लेन मैक्ग्रॉ
मैक्ग्रॉ
शोएब अख़तर
अख़तर
टेरी सेमेल
सेमेल
पद्मसंभव
दोरजी
नवांग नाम्ग्याल
नवांग
नाम्ग्याल
सांगेय नेदुप
सांगेय
नेदुप
गुरू रिम्पोछे
रिम्पोछे
पेम एल दोरजी
पेम
डेनियल लैक
लैक
महाथिर
माइक वर्डिन
वर्डिन
महाथिर मोहम्मद
फ़र्ज़ाद
फ़र्जाद नबी
फ़र्जाद
नबी
संगीता
इयन सट्क्लिफ़
इयन
सट्क्लिफ़
होज
कार्ल क्रो
ब्रैड होज
फ़िल विटीकेस
विटीकेस
पैगंबर मोहम्मद
पैगंबर
लालजी सिंह
मोहम्मद ख़तामी
ख़तामी
मार्टिन बशीर
बशीर
प्रिंस मिशेल
रूड लब्बर्स
रूड
लब्बर्स
अबू अला
अला
डोव वीसगलास
डोव
वीसगलास
अहमद कोरेई
कोरेई
डेनियल कुर्तज़र
कुर्तज़र
मोशे कत्सव
मोशे
कत्सव
मेलकम स्पीड
मेलकम
परसी सोन
परसी
सोन
हेनरी ओलूंगा
ओलूंगा
मशरफ़े मुर्तज़ा
मशरफ़े
मुर्तज़ा
कॉडरिंगटन
मौहम्मद रफ़ीक़
रफ़ीक़
बिलक्लिफ़
हन्नन सरकार
हन्नन
सरकार
सनवर हुसैन
सनवर
मराज
चुमनी
कामरान नियाज़
कामरान
नियाज़
एलन बॉर्डर
डॉन ब्रेडमैन
ब्रेडमैन
वासबर्ड ड्रेक्स
वासबर्ड
क्रिस केर्नस
केर्नस
डेनियल विट्टोरी
मरवन डिलन
डिलन
नेथन एस्टल
एस्टल
साएब एरकात
एरकात
केन लिविंगस्टोन
लिविंगस्टोन
हर्स्ट
नूर मोहम्मद
नूर
स्टीफ़न हर्स्ट
कुंदन सिंह
कुंदन
कलीमुद्दीन
सरस्वती
भोज
एंडी ब्लिग्नॉट
ब्लिग्नॉट
राहुल द्रविड
क्रेग विशहार्ट
विशहार्ट
अहमद क्वुरे
क्वुरे
सलाम फ़ैयाद
सलाम
फ़ैयाद
साएब एराकात
एराकात
कृष्णचंद्र पंत
कृष्णचंद्र
पंत
एन एन वोहरा
वोहरा
राम जेठमलानी
जेठमलानी
रॉब हॉस्वैल
रॉब
हॉस्वैल
महात्मा गाँधी
प्रेम कुमार धूमल
धूमल
शांता कुमार
होसे मारिया अज़नार
होसे
अज़नार
नवजोत सिंह सिद्धू
अगरकर
अजित अगरकर
डियोन कोत्ज़
कोत्ज़
कंवल सिब्बल
कंवल
ऐलन जैक्सन
नोरा
टोनी बेनेट
बेनेट
ब्रूस स्प्रिंगस्टीन
स्प्रिंगस्टीन
डिक्सी चिक्स
डिक्सी
चिक्स
येहूदी मेन्युहिन
येहूदी
मेन्युहिन
एमिमेम
नोरा जोन्स
अलीम डार
अलीम
ब्योन कोत्ज़े
ब्योन
कोत्ज़े
शिवराज पाटील
शिवराज
पाटील
रादर
बिनलादेन
डैन रादर
डैन
एंड्रयू लाइपस
लाइपस
हामिद क़रज़ई
क़रज़ई
प्रियरंजन दासमुंशी
प्रियरंजन
दासमुंशी
राशिद अल्वी
येरन नायडू
येरन
रमिंदर सिंह
रमिंदर
जेम्स एल जोन्स
जाक शिराक
जाक
पिओ लाघी
पिओ
लाघी
जॉन पॉल
पृथ्वीपाल सिंह
पृथ्वीपाल
जार्ज बुश
कोफी अन्नान
कोफी
जोसे मारिया अजनार
जोसे
अजनार
अमृत माथुर
अमृत
मुश्ताक
वक़ार युनूस
युनूस
रशीद लतीफ
लतीफ
इंतिखाब आलम
इंतिखाब
शेख़ रशीद अहमद
मोहम्मद जलाल
रामजी लाल सुमन
रामजी
रघुवंश प्रसाद सिंह
रघुवंश
डोमिनिक द विलेपाँ
द
श्रोएडर
गेरहार्ड श्रोएडर
धवन
शाहिद अमीन
बी बी लाल
राजीव धवन
न्यायचंद्र
मैकुली
लिम स्वी
लिम
स्वी
विलियम कॉस्ग्रॉव
कॉस्ग्रॉव
बेरमेजो
अल्वारो बेरमेजो
अल्वारो
पैट्रिक मैकुली
मोहम्मद सईद सहाफ़
अजित जोगी
जोगी
रिचर्ड मायर्स
मायर्स
कस्तूरीरंगन
मार्क्स
अशोक कुमार सूरी
सूरी
माजिद डार
ज़लमै ख़लीलज़ाद
ज़लमै
मारवाँ अल मुआशेर
मारवाँ
मुआशेर
अहमद चेलाबी
चेलाबी
अश्विन
अश्विन डि पेन्हा
डि
पेन्हा
ठक्कर
ब्रिजेट केन्डाल
ब्रिजेट
केन्डाल
कैरोल शोल्डर्स
शोल्डर्स
जेम्स स्कॉट
निक्क चाईलड्स
निक्क
चाईलड्स
मिर्ज़ा ताहिर
ताहिर
मिर्ज़ा मसरूर अहमद
मसरूर
मिर्ज़ा ग़ुलाम अहमद
मिर्ज़ा मसरूर
मिर्ज़ा ताहिर अहमद
गिंगरिच
न्यूट गिंगरिच
न्यूट
जॉन लीन
लीन
शीला आमदानी
शीला
आमदानी
बी एन एस रेड्डी
हाजी फ़ज़ल दीन आग़ा
दीन
फ़ज़ल दीन आग़ा
हाफ़िज़ अब्दुल रहीम
रहीम
मुल्ला दादुल्ला
दादुल्ला
डोनाल्ड रम्सफ़ेल्ड
रोजर किंग
कैथरीन डेविस
अरावान
फ़ामिला
चार्ल्स हाविलैंड
हाविलैंड
राधा
भगवान कृष्ण
शेख अहमद यासिन
ख़ालिद अल अत्ताश
अत्ताश
वालिद बिन अत्ताश
वालिद
सुरेश कलमाडी
कलमाडी
अमर मुरलीधरन
रेमंड गुबे
गुबे
माइकेल हायट
माइकेल
हायट
फ़िलिस नॉर्टन
फ़िलिस
नॉर्टन
स्टीव हैरिस
ओमार शरीफ़
ओमार
चे गुवारा
चे
गुवारा
ज्यॉफ़्री पोज़नर
ज्यॉफ़्री
पोज़नर
ग्राउचो मार्क्स
ग्राउचो
रॉब वॉटसन
वॉटसन
जरमीन लॉसन
जरमीन
डॉन ब्रैडमैन
ए के एंटनी शांति
एंटनी
बिन्यामिन बेन |-| एलिएज़र
एलिएज़र
शाहिद मलिक
मुथैया मुरलीधरन
मुथैया
डेरेल टफ़ी
डेरेल
टफ़ी
हॉवर्ड कारमैक
हॉवर्ड
कारमैक
आरन रॉलस्टन
आरन
रॉलस्टन
जॉर्ज फ़र्नान्डीज़
फ़र्नान्डीज़
परगना ज़िले
परगना
ज़िले
मुर्शिदाबाद
मिखाइल कास्यानोफ़
कास्यानोफ़
इल्या क्लेबानोफ़
इल्या
क्लेबानोफ़
इयन डंकन स्मिथ
माइकल हावर्ड
गौरडन ब्राउन
गौरडन
ब्राउन
जेमिनी सिल्वा
जेमिनी
गुंडप्पा विश्वनाथ
गुंडप्पा
मिल्टन शिफ़ेनबॉयर
शिफ़ेनबॉयर
के पैंदे
पैंदे
सुज़ाना प्राइस
सुज़ाना
प्राइस
सर्गेई लावरोफ़
सर्गेई
लावरोफ़
जी मोहंती
मोहंती
आर पेरुमल सामी
पेरुमल
अनुराग वर्द्धन
अनुराग
वर्द्धन
जिंजी रामचंद्रन
जिंजी
जीएन रामचंद्रन
जीएन
व्लादीमीर पुतिन
व्लादीमीर
जुनीशिरो कोइज़ुमी
जुनीशिरो
कोइज़ुमी
डी सी रोशइया
रोशइया
डी सी रोशाइया
रोशाइया
इरीन ख़ान
इरीन
जौंग वुक ली
जौंग
वुक
सुरेंद्र शेट्टी
हेमंत देशपांडे
देशपांडे
शिल्पा शेट्टी
शिल्पा
सुनंदा शेट्टी
सुनंदा
एचएच नेगी
एचएच
वुल्फ़ोटिज़
पॉल वुल्फ़ोविट्ज़
वुल्फ़ोविट्ज़
मोनिका गुप्ता
तरुण विजय
अरविंद डिसिल्‍वा
डिसिल्‍वा
अजहरुद्दीन
मोहम्‍मद अजहरुद्दीन
मोहम्‍मद
टोनी ब्‍लेयर
ब्‍लेयर
श्रीमती गांधी
श्रीमती
देशमुख
विलासराव
विलासराव देशमुख
कपिल देव
वीरेन्‍द्र
वीरेन्‍द्र सहवाग
विवियन
डोमिनिक पेब्रेन
पेब्रेन
लाल कृष्‍ण अाडवाणी
कृष्‍ण
अाडवाणी
श्री अाडवाणी
लोधी
दिग्‍विजय सिंह
दिग्‍विजय
प्रसाद लोधी
वीनस विलियम्‍स
विलियम्‍स
सेरेना विलियम्‍स
काॅलिस
रज्‍जाक
हीथ स्‍टीक
स्‍टीक
स्‍काट स्‍टाइारस
स्‍काट
स्‍टाइारस
अजहर महमूद
अजहर
जैक्‍स हेनरी काॅालस
जैक्‍स
काॅालस
`कैली'
क्रिस केयर्न्‍स
केयर्न्‍स
अब्‍दुल रज्‍जाक
अब्‍दुल
लांस क्‍लुसनर
क्‍लुसनर
शाहिद अफरीदी
अफरीदी
कुंदनलाल
प्रेरणा श्रीमाली
प्रेरणा
श्रीमाली
गोविंद गंगानी
गंगानी
उर्मिला नायर
उर्मिला
दुर्गालाल
गीतांजलि
हरीश गंगानी
उप्रेती
राजेन्द्र कुमार गंगानी
कुंदन लाल गंगानी
शिशिर
रीमा
रेखा ठाकर
रेखा
ठाकर
राय श
श
जग्गी गत माह
जग्गी
गत
माह
अजीत जोगी
घोलप
राम अवतार जग्गी
अमित जोगी
नेताराम अवतार जग्गी
नेताराम
परवेज मुशर्रफ
परवेज
आकाश |.| अरविंद |.| राणा
पार्थिव .| राणा
माधवन
पी जगदीश
मोहम्मद अजहरुद्दीन
सं |. सत्या
सत्या
बी |.| एस |.| बनाफर
बनाफर
राय पांडे
मधुकांत अरविंद आनंद
मधुकांत
सुमित्रा महाजन
सुमित्रा
थेन स्वे
थेन
स्वे
माइक ओ ब्रायन
सू की
आंग सान सू की
सत्या राजेश वीरेन्द्र
सं |.| अभिनव |.| शिशिर
एच0आर0 खन्ना
एच0आर0
 जोशी जितेन्द्र
जितेन्द्र
नीतीश कुमार
नीतीश
 रवि राजेश
गुड्डी रावत
गुड्डी
रावत
मोहन रावत
सुनीताबाई
पार्वती
नरेन्द्र
सत्या अजय
मुशर्रफ्
अजीज
अजीज अहमद
परवेज मुशर्रफ्
अजीज अहमद खान
मधूलिका
ए पी जे अब्दुल कलाम
रजनीश राज
रजनीश
राय आनंद
जितेन्द्र राजेश आनंद
जार्ज डब्ल्यु बुश
राबर्ट ब्लैकविल
राबर्ट
आडवानी
रामभाऊ महालगी प्रबोधिनी
रामभाऊ
महालगी
प्रबोधिनी
एस के केशोट
केशोट
शिवसुदंर दास
शिवसुदंर
सचिन पार्थिव
जितेन्द्र मधुकांत आनंद
अनिल शुक्ल
शुक्ल
महेश विश्वकर्मा
विश्वकर्मा
अखिलेश पांडे
अखिलेश
अखिलेश राय श
शर्मा समरेन्द्र आनंद
समरेन्द्र
आकाश मधुकांत आनंद
डा पिल्लै
डा
ए सिवाथानु पिल्लै
सिवाथानु
हंसमुख लालवाला
हंसमुख
लालवाला
एच |. एल राठौड़
राठौड़
मौलवी मुफ्ती
मुफ्ती
मौलवी मुफ्ती ताहिर वाक्सवाला
वाक्सवाला
मौलवी मुफ्ती ताहिर बॉक्सवाला
बॉक्सवाला
पंड्या
हरेन पंड्या
विजय नारायण
रघुनाथ चौहान
महाबीर नीरज कुमार
महाबीर
पी |.| एन |. राय
 निगम नीरज
निगम
ए |.| पी |.| जे |. अब्दुल कलाम
शोभना
रीता
निगम नीरज
शंकराचार्य
शंकराचार्य जयेंद्र सरस्वती
जयेंद्र
रीता |.| मधुकांत चटर्जी
माधव कुमार
ज्ञानेन्द्र
शिशिर राजेश वीरेन्द्र
भुवन
जितेन्द्र अरविंद
पवन चोपडा
पवन
चोपडा
बेकहम
राउल शामिल
शामिल
बेकहैम
बेंकहैम
डेविड बेकहैम
राज पार्थिव
बिंगर लुईस फिगो
बिंगर
फिगो
जिनेदिन जिदाने
जिनेदिन
जिदाने
टीम |. प्रशांत ठाकुर
टीम
प्रशांत
गोपालदास नीरज
गोपालदास
निगम राजेश
टी जगदीश
ए सी मुथैया
शशि
हरक सिंह रावत
हरक
कागोडू थिम्मपा
कागोडू
थिम्मपा
मधुकांत आकाश आनंद
फर्नांडीस
जार्ज फर्नांडीस
सं |.| अभिनव |.| राज
अफरोज
ए के खान
जे |.| जयललिता
ए |.| पी |.| जे |.| अब्दुल कलाम
पी |.| एस |. राममोहन राव
राममोहन
विजयकुमार
आयी के गोविन्द
आयी
गोविन्द
जौर्ज डबल्यू बुश
जौर्ज
ब्लादिमीर पुतिन
ब्लादिमीर
डा |. शेषगिरि राव
शेषगिरि
डा |. राशिद नईम
अखिला शिवदास
अखिला
शिवदास
आंचल कुमार
आंचल
नो मू ह्यून
नो
ह्यून
टक्सिन सीनावत्रा
टक्सिन
सीनावत्रा
रजाली इस्माइल
रजाली
जिएव बोइम
जिएव
बोइम
अहमद मेहर
मेहर
मॉर्गन त्स्वांगिराई
मॉर्गन
त्स्वांगिराई
होसनी मुबारक
होसनी
ममता चन्द्राकर
चन्द्राकर
रिचर्ड निक्सन
स्टीव कोहेन
कोहेन
ड्वाइट आइज़नहावर
आइज़नहावर
डेनिस कक्स
कक्स
जिमी कार्टर
कार्टर
मार्विन वाइनबाउम
मार्विन
वाइनबाउम
वाई |.| एम |.| बाम्मी
बाम्मी
राजेन्द्र सिंह
राजीव कुमार शुक्ल
ऋषि दलाल
दलाल
देवदत्त शर्मा
देवदत्त
अनीश बवेजा
एन |. सी |. विज
तेनज़िंग नोर्गे
तेनज़िंग
लोक बहादुर थामा
लोक
थामा
अशोक अभय
सुनील सिंह राठौर
राठौर
सी |. आंगचुक
आंगचुक
हरि बहादुर तांग
तांग
एडमंड पी |. हिलरी
हिलरी
भीम बहादुर भुजी
भुजी
एस |. एस |. शेखावत
सूर्यसेन थापा
सूर्यसेन
थापा
अनुराग वर्धन
वर्धन
तयशुदा राशि
तयशुदा
राशि
पेरूमल स्वामी
पेरूमल
जी जी एन रामचंद्रन
आरिफ मुहम्मद
आरिफ
अब्दुल अजीज
शान
डेविड मैककिरनन
मैककिरनन
बी |.| बी त्यागी
पोल ब्रेमर
पोल
पीटर महान
महान
वैंकया नायडु
वैंकया
नायडु
मुख्तार अब्बास नकवी
मुख्तार
नकवी
विजयलक्ष्मी
