德国
塞尔  维亚共和国
塞尔维亚
贝尔格勒
法国
南斯拉夫联邦
南斯拉夫
卢森堡
南国
中国
中东
埃及
以
拉马拉镇
巴勒斯坦
巴
以色  列
巴勒斯坦自治区
以色列
夏姆  席克
美国
夏姆席克
北韩
欧
亚
伦敦
英国
平壤
汉城
南韩
台
台北
台湾
美
佛州
佛罗达里州
田纳西州
佛罗
佛罗里达州
坦汉德市
美  国
纳斯维尔镇
俄罗斯
挪威
也门
阿富汗
苏联
哈萨克
亚洲
瑞典
斯德哥尔摩
澳洲
加拿  大
意大利
西欧
俄
莫斯科
德  国
中华人民共和国
法兰西共和国
斯里兰卡
中
山东
江苏
北京
朝鲜
柏林
菲律宾
澳大利亚
涿州市
河北省
珠海
辽宁
沈阳市
四川
福建
湖南
甘肃
吉林
江西
哈尔滨
大理
华西村
山西
华西
太原市
江苏省
三重
台北县
香港
香  港
纽约
台中县
高雄
大理市
中立市
南港
台北市
微山区
内湖
西陇
苗栗县
新竹
高雄市
瑞方
基隆
新庄
丹佛
德拉维尔
福吉尼亚州
诺福克
中华  人民共和国
挪
华沙
北美
青海
宁夏
华盛顿
北美洲
俄联邦
马格尼托戈尔斯克市
马其顿
斯洛文尼亚
斯洛文尼  亚
南联盟
南斯拉夫联盟
波黑
克罗地亚
华
波兰
南京城
南京
日本
马来西亚
乌克兰
东京
福冈  县
贝尔格莱德
海牙
巴黎
以  色列
约旦
阿拉伯
巴勒斯坦人
叙利亚
巴林
科威特
阿拉伯联合酋长国
卡塔尔
俄  罗斯
坦桑尼亚
肯尼亚
维吉尼亚州
伊拉克
亚丁
萨那
南亚
非洲
古巴
墨西哥
拉丁美洲
拉丁  美洲
韩国
越南
多米尼加共和国
南美洲
萨尔瓦多
南美
中美洲
印度
诺浮克
沙特阿拉
土耳其
芬兰
爱尔兰
北爱尔兰
南非
北  爱尔兰
俄罗  斯
俄国
莫斯  科
山东省
辽宁省
法
佛罗里达  州
布劳渥德县
棕榈滩县
塞拉利昂
西藏
新疆
塞  拉利昂
车臣
新疆维吾尔自治区
港
加拿大
意  大利
韩
咸阳
华夏
东方
陕西省
中华
陕西
西安
宝鸡
亚奇
伊里安察亚省
亚奇省
印度尼西亚
印尼
梵
梵蒂 冈
日 本
满洲国
梵蒂冈
安顺市
贵阳
贵阳市
重庆
贵州
圣地亚哥
亚特兰大
巴西
智利
乌拉圭
哥伦比亚
乌拉圭人
阿根廷
悉尼
沙姆沙伊 赫
巴勒斯 坦
沙姆沙伊赫
埃
浦东
东亚
上海
上海市
澳门
新加坡
曼谷
深圳
浦东新区
无锡
苏州
常州
徐州
浙江省
杭州
内 罗毕
阿尔及利亚
中 国
非
武汉
厄立特里亚
莫桑 比克
乌干达
安哥拉
苏丹
也
荷兰
葡萄牙
丹麦
奥地利
青海省
内蒙古
成都
青 海
挪 威
莫尔斯克
涩谷
比尼亚 德尔马
圣地亚哥市
康塞普 西翁市
康塞普西翁市
瓦尔帕莱索
突尼斯
开罗
土
因吉尔利克
阿达纳省
安卡拉
因吉尔 利克
因 吉尔利克
瑞 典
比利时
哥伦比亚特区
华盛顿市
塔拉哈 西
佛罗里达
棕榈滩
京城
北京市
欧洲
鄂木斯克
沙特阿 拉伯
伊
伊 拉克
乐东县
乐东
海 南省
海南省
海口
海南
墨尔本
堪培拉
莫斯科市
科索沃
塞族
南联盟塞尔维亚共和国
联合王国
朝鲜民主主义人民共和国
云南
迪庆州
迪庆
昆明
迪庆藏族自治州
迪 庆
中甸
中甸县
河内
奉贤县
郑州
河南
河南省
奥克兰
新墨西哥州
加蓬
格鲁 吉亚
亚 洲
迪拜
吉布提
多佛
特拉华
弗吉尼亚州
港市亚丁
西方
小亚丁
朝
安曼
因吉尔利
沙地阿拉伯
卡 塔尔
塞纳
索马里
利马
秘鲁
巴拿马
摩尔曼斯克
肯雅
哥伦布
俄亥俄州
巴 勒斯坦
新
新德里
印
晋江
晋江市
东南亚
泰
泰国
马国
东帝汶
温哥华
城中城
吉隆坡
吉 隆坡
江户
新宿
东 京
六本木
上 野
东京市
弗洛里亚诺波利斯
西班牙
东方市
中华民国
海地
洛杉矶
雅松森
南加
格  瑞纳达
巴拉圭
京
朗乡
黑龙江省
朝阳
雷马拉
雷  马拉
智
文莱
南极洲
智利共和国
拉美
也  门
直布罗陀
土耳奇
塞内加尔
加纳
北非
尼日利亚
兰斯图尔
贝尔根
琼海市
河北
保定
津
石家庄
邢台
河 北
邯郸
博茨瓦纳
刚果
卢萨卡
哈博罗内
约翰内斯堡
哈博罗 内
赛达
的黎波利
贝鲁特
黎巴嫩
蔡厝港
女皇镇
宏茂 桥区
缅甸
伊朗