Actinium
actinium
Aluminium
aluminium
Americium
americium
Antimony
antimony
Argon
argon
Arsenic
arsenic
Astatine
astatine
Barium
barium
Berkelium
berkelium
Beryllium
beryllium
Bismuth
bismuth
Boron
boron
Bromine
bromine
Cadmium
cadmium
Calcium
calcium
Californium
californium
Carbon
carbon
Cerium
cerium
Cesium
cesium
Chlorine
chlorine
Chromium
chromium
Cobalt
cobalt
Copper
copper
Curium
curium
Dysprosium
dysprosium
Einsteinium
einsteinium
Erbium
erbium
Europium
europium
Fermium
fermium
Fluorine
fluorine
Francium
francium
Gadolinium
gadolinium
Gallium
gallium
Germanium
germanium
Gold
gold
Hafnium
hafnium
Helium
helium
Holmium
holmium
Hydrogen
hydrogen
Indium
indium
Iodine
iodine
Iridium
iridium
Iron
iron
Krypton
krypton
Lanthanum
lanthanum
Lawrencium
lawrencium
Lead
lead
Lithium
lithium
Lutetium
lutetium
Magnesium
magnesium
Manganese
manganese
Mendelevium
mendelevium
Mercury
mercury
Molybdenum
molybdenum
Neodymium
neodymium
Neon
neon
Neptunium
neptunium
Nickel
nickel
Niobium
niobium
Nitrogen
nitrogen
Nobelium
nobelium
Osmium
osmium
Oxygen
oxygen
Palladium
palladium
Phosphorus
phosphorus
Platinum
platinum
Plutonium
plutonium
Polonium
polonium
Potassium
potassium
Praseodygmium
praseodygmium
Promethium
promethium
Protactinium
protactinium
Radium
radium
Radon
radon
Rhenium
rhenium
Rhodium
rhodium
Rubidium
rubidium
Ruthenium
ruthenium
Samarium
samarium
Scandium
scandium
Selenium
selenium
Silicon
silicon
Silver
silver
Sodium
sodium
Strontium
strontium
Sulfur
sulfur
Sulphur
sulphur
Tantalum
tantalum
Technetium
technetium
Tellurium
tellurium
Terbium
terbium
Thallium
thallium
Thorium
thorium
Thulium
thulium
Tin
tin
Titanium
titanium
Tungsten
tungsten
Unnilennium
unnilennium
Unnilhexium
unnilhexium
Unniloctium
unniloctium
Unnilpentium
unnilpentium
Unnilquadium
unnilquadium
Unnilseptium
unnilseptium
Ununnilium
ununnilium
Unununium
unununium
Uranium
uranium
Vanadium
vanadium
Xenon
xenon
Ytterbium
ytterbium
Yttrium
yttrium
Zinc
zinc
Zirconium
zirconium
