Asian Currency Unit
Austral
B Fr
BFr
Baht
Balboa
Birr
Bolivar
CFA franc
CFP franc
Cedi
Cent
Cents
Colon
Cordoba
Costa Rican colon
Couronne
Couronnes
Cruzeiro
DM
Dalasi
Deutsch Mark
Deutsch Marks
Deutsche mark
Deutsche marks
Deutschemark
Deutschemarks
Dinar
Dinari
Dirham
Dollar
Dollars
Drach
Drachma
Drachmas
ECU
EURO
EUROS
East Caribbean dollar
Ecu
Escudo
Escudos
Euc
Euro
European Currency Units
Euros
F Fr
FFr
Floren
Florens
Forint
Fr
Franc
Francs
German mark
German marks
Guarani
Guilder
Guilders
Kina
Koruna
Krona
Krone
Kroner
Kronor
Kuna
Kwacha
Kwanza
Kyat
Lempira
Leone
Leu
Lev
Lilangeni
Lira
Liras
Lire
Livre
Macau Palaca
Maloti
Mark
Markka
Markkaa
Marks
Metical
NT dollar
NT dollars
Naira
New Taiwan dollar
New Taiwan dollars
Nuevo Sol
Ost Mark
Ostmark
Ouguiya
Palaca
Pence
Pences
Peseta
Pesetas
Peso
Pesos
Pound
Pound Sterling
Pounds
Pounds Sterling
Pula
Punt
Punts
Quetzal
Rand
Rands
Renminbi
Rial
Ringgit
Riyal
Ruble
Rubles
Rupee
Rupees
Rupiah
S Fr
SFr
Saudi riyal
Schilling
Schillings
Shekel
Shekels
Shilling
Shillings
Sol
Sterling
Sucre
Taka
Tugrik
US dollar
US dollars
Vatu
Won
Yen
Zaire
Zloty
austral
baht
balboa
birr
bolivar
cedi
cent
cents
colon
cordoba
couronne
couronnes
cruzeiro
dalasi
deutsch mark
deutsch marks
deutschemark
deutschemarks
dinar
dinari
dirham
dolar
dolari
dollar
dollars
drach
drachma
drachmas
ecu
escudo
escudos
euc
euro
euros
floren
florens
forint
franc
francs
guarani
guilder
guilders
kina
koruna
krona
krone
kroner
kronor
kuna
kwacha
kwanza
kyat
lei
lempira
leone
leu
lev
lilangeni
lira
liras
lire
livre
maloti
marcă
mark
markka
markkaa
marks
metical
mărci
naira
nuevo sol
ostmark
ouguiya
palaca
pence
pences
peseta
pesetas
peso
pesos
pound
pound sterling
pounds
pounds sterling
pula
punt
punts
quetzal
rand
rands
renminbi
rial
ringgit
riyal
ruble
rubles
rupee
rupees
rupiah
schilling
schillings
shekel
shekels
shilling
shillings
sol
sterling
sucre
taka
tugrik
vatu
won
yen
zaire
zloty
