1 Decembrie
Adormirea Maicii Domnului 
Adormirea Sfântului Apostol şi Evanghelist Ioan 
Advent 
Advent Sunday
Ajun
Ajun de Crăciun
Ajunul Anului Nou
Ajunul Crăciunului
All Hallows
All Hallows Eve
All Saints' 
All Souls'
Înălţarea Domnului 
Înãltarea Sfintei Cruci
Anul Nou
Învierea Domnului
April Fool's
Ascension Sunday
Ashadha
Ash Wednesday
Assumption 
Assumption
Assumption Sunday
Asun
Asvina
Bastille
Bhadrapada
Boboteaza
Bobotezei
Bonfire night
Bonfire Night
Boxing Day 
Bunavestire
Burns night
Burns Night
Chaitra
Chinese New Year
Christmas
Christmas Eve
Christmastide
Commonwealth
Coronation
Corpus Christi
Crăciun
Crăciunul
Day of Atonement
Day Of Atonement
D-day
D-Day
Dhu-i-Hijja
Diwali
Duminica Floriilor
Duminica Tomei
Easter
Easter Monday
Easter Sunday
Eastertide
Epiphany
Fathering Sunday
Father's Day
Fathers' Day
Feast of Passover
Feast Of Passover
Feast of Pesach
Feast Of Pesach
Feast of Stephen
Feast Of Stephen
Feast of Weeks
Feast Of Weeks
Festival of Wesak
Festival Of Wesak
Florii
Floriile
Golden Jubilee
Good Fri
Good Friday
Grandparent's
Guy Fawkes' night
Guy Fawkes' Night
Hallowe'en
Halloween
Hana Matsuri
Hanukkah
Hogmanay
Holy Week
Ignat
Independence Day
Intrarea în Bisericã a Născătoarei de Dumnezeu
Islamic New Year
Jewish New Year
Joia Mare
Jubilee
karttika
Katik
Lent
Low Sunday
Magar
Magha
May
Mehragan
Mothering Sunday
Mother's
Muharram
Naşterea Domnului nostru Isus Hristos 
New Year
New Year's Eve
Noruz
Oli
Paşte
Paştele
Paşti
Pajjusana
Palm Sunday
Passover
Pentecost
Pesach
Phagan
Phalguna
Prea Cuvioasa Maica Parascheva
Quadragesima Sunday
Quinquagesima Sunday
Rabi I
Rajab
Ramadam
Ramadanul
Ramadan
Remembrance
Remembrance Sunday
Rogation Sunday
Rosh Hashanah
Saga dawa
Saga Dawa
Saint Andrew's Day
Saint Basil's Day
Saint David's Day
Saint George's Day
Saint Nicholas' Day
Saint Nicholas's Day
Saint Patrick's Day
Saint Stephen's Day
Saint Swithun's Day
Saint Valentine's Day
Sâmbăta Mare
Săptămâna Luminată
Săptămâna Mare
Săptămâna Paştelui
Saraswati Puja
Schimbarea la Faţă
Schimbarea la Faţă a Domnului
Septuagesima Sunday
Sfânta Elena
Sfânta Filofteea
Sfânta Maria
Sfânta Mărie Mare
Sfânta Mărie Mică
Sfânta Treime
Sfântul Andrei
Sfântul Apostol Andrei
Sfântul Ştefan
Sfântul Constantin
Sfântul Dimitrie
Sfântul Dimitrie Izvorâtorul de Mir
Sfântul Gheorghe
Sfântul Grigorie
Sfântul Grigorie Teologul
Sfântul Ierarh Nicolae
Sfântul Ierarh Spiridon al Trimitundei
Sfântul Ioan
Sfântul Ioan Botezătorul
Sfântul Ioan Gurã de Aur
Sfântul Ion
Sfântul Nicolae
Sfântul Prooroc Ilie Tezviteanul 
Sfântului Prooroc Ioan Botezãtorul
Sfântul Valentin
Sfântul Vasile
Sfântul Vasile cel Mare
Sfinţii 40 de Mucenici din Sevastia
Sfinţii Împăraţi Constantin şi Elena
Sfinţii Apostoli Petru şi Pavel 
Sfinţii Constantin şi Elena
Sfinţii Mihai şi Gavril
Sfinţii Mucenici
Sfinţii Petru şi Pavel 
Sfinţii Trei Mari Ierarhi Vasilie, Grigorie şi Ioan
Sfinţii Vasilie, Grigorie şi Ioan
Sfintei Treimi
Sfintele Paşti
Sfintii 40 de Mucenici
Shawwal
Shici-go-san
Shrove Tuesday
Silver Jubilee
Soborul Marilor Voevozi Mihail şi Gavril
Spring festival
Spring Festival
St Andrew's Day
St. Andrew's Day
St Basil's Day
St. Basil's Day
St David's Day
St. David's Day
St George's Day
St. George's Day
St Nicholas' Day
St. Nicholas' Day
St Nicholas's Day
St. Nicholas's Day
St Patrick's Day
St. Patrick's Day
St Stephen's Day
St. Stephen's Day
St Swithun's Day
St. Swithun's Day
St Valentine's Day
Succoth
Tabernacles
Thanksgiving
Trinity Sunday
Vaisakha
V.E. 
VE
Vinerea Mare
V.J.
VJ
Whitsun
Whit Sunday
Xmas 
Xmas Eve
Yom Kippur
Yuletide
Zi Naţională
Ziua Naţională
Zilei Naţionale
Ziua Recunoştinţei
