antrenorul
Antrenorul
candidat
candidatul
comisar
Comisar
consilier
Consilier
consilieri
consilierii
consilierilor
consilierul
Consilierul
consilierului
Consilierului
demisionar
Demisionar
demisionarul
Demisionarul
demisionarului
Demisionarului
deputat
Deputat
deputatul
Deputatul
deputatul laburist
designer
Designer
detectiv
Detectiv
economist
Economist
economistului
Economistului
inginera
Inginera
inginer şef
inginerul
Inginerul
inspector şef
Inspector şef
inspector-şef
Inspector-şef
mecanic auto
Mecanic auto
ministrul federal Justiţiei
Ministrul federal Justiţiei
ministrul laburist al Mediului
Ministrul laburist al Mediului
ministrul Administratiei Publice
Ministrul Administratiei Publice
ministrul Agriculturii, Alimentatiei si Padurilor
Ministrul Agriculturii, Alimentatiei si Padurilor
ministrul Apărării Naţionale
Ministrul Apărării Naţionale
ministrul Apelor si Protectiei Mediului
Ministrul Apelor si Protectiei Mediului
ministrul Comunicaţiilor şi Tehnologiei Informaţiilor
Ministrul Comunicaţiilor şi Tehnologiei Informaţiilor
ministrul Coordonator al Secretariatului General al Guvernului
Ministrul Coordonator al Secretariatului General al Guvernului
ministrul Culturii şi Cultelor
Ministrul Culturii şi Cultelor
ministrul de Externe
Ministrul de Externe
ministrul de Interne
Ministrul de Interne
ministrul de Justiţie
Ministrul de Justiţie
ministrul Dezvoltării şi Prognozei
Ministrul Dezvoltării şi Prognozei
ministrul Educaţiei şi Cercetării
Ministrul Educaţiei şi Cercetării
ministrul Finanţelor Publice
Ministrul Finanţelor Publice
ministrul Industriei si Resurselor
Ministrul Industriei si Resurselor
ministrul Informaţiilor Publice
Ministrul Informaţiilor Publice
ministrul Integrării Europene
Ministrul Integrării Europene
ministrul Justiţiei
Ministrul Justiţiei
ministrul Lucrărilor Publice, Transporturilor şi Locuinţei
Ministrul Lucrărilor Publice, Transporturilor şi Locuinţei
ministrul Muncii si Solidarităţii Sociale
ministrul Muncii si Solidarităţii Sociale
ministrul pentru Intreprinderile Mici şi Mijlocii si Cooperaţie
Ministrul pentru Intreprinderile Mici şi Mijlocii si Cooperaţie
ministrul pentru Privatizare
Ministrul pentru Privatizare
ministrul pentru Relaţia cu Parlamentul
Ministrul pentru Relaţia cu Parlamentul
ministrul Sănătăţii şi Familiei
Ministrul Sănătăţii şi Familiei
ministrul Tineretului şi Sportului
Ministrul Tineretului şi Sportului
ministrul Turismului
Ministrul Turismului
popa
Preşedintele Autorităţii Palestiniene
preot
Preot
preotul
Preotul
preotului
Preotului
secretar coordonator
Secretar coordonator
secretar General
Secretar General
sociologul
Sociologul
subprefectul
Subprefectul
şeful
