Arhiepiscopia Ortodoxă Română
Arhiepiscopia Ortodoxă Română a Americii şi Canadei
Arhiepiscopia Ortodoxă Română a Americii şi Canadei
Asociaţia Generală a Inginerilor din România
Asociaţia Inginerilor Constructori din România
Asociaţia Internaţională a Transportatorilor Publici
Asociaţia Pro-Democraţia
Asociaţia Profesională de Drumuri şi Poduri 
Asociaţia Profesională Internaţională a Constructorilor de Drumuri 
Asociaţia Reţelei Naţionale de Acreditare din România
Asociaţia Romana de Logistică
Asociaţia sistemelor Inteligente de Transport 
Asociaţia Studenţilor Stomatologi din Timişoara
Asociatia Institutelor de Cercetare în Transporturi din vestul şi estul Europei 
Centrul de Cercetări Rutiere Belgia 
Centrul de Comunicaţii Internet pentru ONG
Centrul de Sănătate şi Medicină Preventivă România
Banca Agricolă
Banca Europeană pentru Reconstrucţie şi Dezvoltare
Banca Mondială
Băncii Agricole
Băncii Europene pentru Reconstrucţie şi Dezvoltare
Băncii Mondiale
Autoritatea Naţională pentru Turism
Academia de Ştiinte Tehnice din România
Agenţia pentru Ocuparea Forţei de Muncă
Institutul de cercetări în transporturi
Institutul Naţional Cercetare- Dezvoltare Delta Dunării
Institutul Naţional Cercetare- Dezvoltare pentru protecţia mediului
Institutul Naţional de cercetare, dezvoltare şi test
Institutul Naţional de Cercetare-Dezvoltare în Informatică
