AGIR
Arpechi
ARPECHIM
A.I.C.R.
A.J.O.F.M
A.J.V.P.S.
AJVPS
Alianţa Civică
ANT
APDP
ApR
ARB
ARD
ARGCOMS
ARLOG
A.R.R.
A.S.E.
ASE
ASTR
AVAB
BA
Banc Post
Bankcoop
BANKCOOP
BRCE
B.C.R.
BCR
BIPEDA
BIR
Biroul de Presă
Biroului Unic  pentru Afaceri
Blocul Naţional Sindical
B.N.R.
BNS
BPC
B.R.D.
BRD
BNR
CDR
CEC
CET
CEMT
CET Sud
CFR
CIA
C.J.J.
C.J.J
C.J.T.
C.N.E.E.A.
CNEAA
CNN
CNR UNESCO
Comefin
Comisia Naţionala de Comportare "in situ" a Construcţiilor 
CONEL
Consiliul Interministerial pentru Siguranta Circulaţiei 
CORA
CSR
DSV
ELARS
Episcopia Ortodoxă Română
FDSN
Federaţia Internaţională Rutieră 
F.I.E.P.
Finanţe
FMI
FNI
Fondul Româno-American de Investiţii
FPS
FSN
Fundaţia Naţională pentru Ştiinţă
Fundaţia pentru dezvoltarea societăţii civile
GPTIC 
IAME
IAS
IATC
ICI
ICMET
ICN
I.G.J.
I.G.P.
IGP
IJP
I.N.M.H
IPA
I.P.J.
IPJ
IRF
ITS
Laboratorul Central de Poduri şi Şosele 
L.C.P.C.
Liga Navală Română
Liga Pro Europa
Liga Tinerilor Români de Pretutindeni
Mare Adunare Naţională
MEC
M.S.F.
MI
M.I.
Muzeul Civilizaţiei Dacice şi Romane
Naţiunile Unite
National Endowment for Democracy
NPK
ONG
O.N.U.
ONU
OPC
Organizaţia studenţilor medicinişti
O.S.C.E.
OSCE
P.C.T.F.
P.D.
PD
PDSR
PECO
Pentagon
Pentagonul
Pentagonului
Petrom
PETROM
Permanent International Assossiation of Navigation Congress. 
PIANC
PIARC
PNL
Pompieri
PRM
Protecţia  muncii
PSD
PUR
PUNR
PUBLITRANS
Rapid
RAFO
R.A.R.
Reiffeisen Zentralbank
RENAR
Romania Online
Romtelecom
Romtehnica
Sanepid
SCCP
SEIP
Senat
Senatul
Senatului
SETREF
SIE
SNAME
SNP ARPECHIM
SNP Petrom
SNP - PETROM
SAD
Societatea Studenţilor in Medicina din Timişoara
South-East European Transport Research Forum
SPP
S.R.I.
S.R.I
SRI
TAROM
Termoelectrica 2000
TERMOELECTRICA
The International Association of Maritime Economists 
The Society of Naval Architects and Marine Engineers
T.P.I.
TPI
UDMR
U.E.
UE
UITP
Un grup POLI-TIC
Uniunea Naţională a Transportatorilor Publici din România
Uniunea Patronala a Unitatilor de Cercetare - Dezvoltare - Proiectare din Romania 
Uniunea Românească
UNTPR
UNICEF
U.P.U.C.D.P.R 
WETRI
Zebra
