Achim
Adam
Adicuţă
Adrean
Adrian
Şerban
Agamiţă
Alecsandru
Alex
Alexander
Alexandru
Alin
Amedeo
Anatolie
Andrei
Angel
Angelo
Anghel
Antemir
Antim
Anton
Antoniu
Şohan
Arachiţă
Ariel
Aristide
Armand
Arsene
Artemie
Artin
Ştefan
Ştefănel
Ştefaniţă
Ştefăniţă
Auraş
Aurel
Aurelian
Avram
Axente
Badea
Bădişor
Bădilică
Balli
Bebe
Baraţă
Barbu
Basile
Benedic
Beniamin
Benjamin
Bogdan
Bogdănel
Bucur
Călin
Camil
Carol
Cătălin
Catrinel
Cezar
Chiţoiu
Chiriac
Christian
Ciprian
Claudiu
Codin
Codrin
Codruţ
Coman
Comeliu
Constantin
Coriolan
Cornel
Corneliu
Cosma
Cosmin
Costache
Costachi
Costel
Costică
Costin
Costinel
Crăciunelu
Crişan
Crian
Crin
Cristi
Cristian
Cristin
Cristinel
C-tin
Cucu
Dan
Daniel
Danil
Dănuţ
Darian
David
Denis
Dică
Dimitrie
Dincă
Dinu
Dionisie
Dobre
Dobrin
Dobrogeanu
Doicescu
Dorel
Dorică
Dorin
Dorinel
Doru
Dragoş
Dragomir
Drăgulin
Duţă
Ducu
Dumitraşcu
Dumitrescu
Dumitru
Eduard
Eftimie
Ehud
Elian
Emanoil
Emanuel
Emanuil
Emil
Emilian
Enache
Eremia
Eugen
Eugeniu
Fabian
Fănică
Felix
Ferdinand
Filaret
Filiaş
Filip
Flaviu
Flavius
Florea
Florentin
Florian
Florin
Florinel
Francisc
Gabriel
Găman
Gavril
Gelu
George
Georgel
Georgian
Gh.
Ghenari
Gheorghe
Gheorgheta
Gheorghi
Gheorghiţa
Gheorghiţă
Ghiţă
Ghideon
Ghiocel
Ghiorghe
Ghiulgean
Giani
Gică
Gigel
Gigi
Gino
Giulan
Gligor
Gloescu
Graţian
Grigore
Haim
Haralambie
Hariton
Horia
Horică
Hosni
Iacob
Iancu
Iani
Ianoş
Ianu
Ilie
Iliescu
Inocentiu
Ioan
Ion
Ionel
Ionuţ
Iordache
Iordachi
Iorgu
Iosef
Iosif
Iosiv
Irimia
Iris
Iulian
Iuliu
Iustin
Ivan
Izvorel
James
Jan
Jănică
Jean
Justinian
Kast
Ladislău
Lamiş
Laris
Laurenţiu
Lazăr
Leon
Leonard
Leonardo
Leontin
Leopold
Lică
Lica
Lideraş
Liviu
Livius
Lorin
Lorică
Luca
Luchian
Lucian
Lucică
Ludovic
Lupea
Mădălin
Mahide
Manole
Marcel
Marcelius
Mariam
Marian
Maricel
Marin
Marinel
Marinică
Mario
Mariu
Marius
Matei
Mauriciu
Mavie
Maximilian
Miţa
Miţu
Mişu
Mihai
Mihaică
Mihail
Mihailuc
Mihalache
Mihnea
Mindel
Mircea
Mirel
Miron
Mitică
MITICĂ
Mitruţ
Momcilo
Mugur
Mugurel
Munteanu
Naftanil
Narcis
Neculai
Neculaie
Nelu
Neluţu
Nicoale
Nicoara
Nicolae
Nicolaie
Nicu
Nicuşor
Niculae
Niculaie
Niky
Ninel
Nistor
Octav
Octavian
Ofir
Oiţă
Olivia
Oltea
Onişor
Onisifor
Oprea
Oreste
Orhan
Osman
Ovidiu
Paşcu
Pachel
Panaite
Paraschiv
Parris
Pascu
Paul
Pedram
Pericle
Petrache
Petre
Petrea
Petrişor
Petrică
Petru
Petruţ
Pidhomi
Piroşca
Popescu
Preda
Puiu
Radu
Raoul
Rareş
Ratko
Raul
Răzvan
Redin
Relu
Remus
Rică
Robe
Robert
Rodion
Roman
Romică
Romulus
Rudolf
Ruth
Saban
Sabin
Sami
Samuel
Săndel
Sandu
Sebastian
Sergiu
Sever
Sică
Silviu
Silvius
Siminel
Simion
Simon
Slobodan
Sorin
Stan
Stăvărel
Stela
Stelian
Stelică
Stere
Stroe
Syme
Tache
Teo
Teodor
Theodor
Theodore
Tiberiu
Tiberius
Timotei
Titus
Toader
Toma
Traian
Trandafir
Tudor
Tudorel
Vadim
Valentin
Valer
Valeria
Valerian
Valerică
Valeriu
Vali
Vasea
Vasile
Vasilică
Veaceslav
Vicenţiu
Vichente
Victor
Vintilă
Viorel
Viorin
Virgil
Visu
Vlad
Vladan
Vladimir
Volumian
Walter
Yasser
Zamfir
Zaharia
Zenobie
