Administrator
ambasador
Ambasador
Ambasadori
Ambasadorii
Ambasadorilor
ambasadorul
Ambasadorul
ambasadorului
Ambasadorului
Înalt Prea Sfinţitul
Înalt Prea Sfinţitul Arhiepiscop
Arhiepiscop
cancelar
cancelarul
Cpt.
căpitan
căpitanul
căpitanului
col.
Col.
colonel
Colonel
colonelul
Colonelul
colonelului
Colonelului
cpt.
diplomat
Diplomat
director
Director
directorul
directorului
Directorul
dl
d-l
d-l.
dl.
Dl
Dl.
dl col.
dlui
d-lui
D-lui
D-na
dna
dnei
D-nul
doamna
Doamna
doamnă
doamnei
Doamnei
doctor
Doctor
doctorul
Doctorul
doctorului
Doctorului
domni
domnişoara
Domnişoara
domnii
domnilor
domnul
domnule
Domnul
domnului
Domnului
dr
dr.
Dr
Dr.
D-ra
Gen.
G-ral
Gl.bg.dr.
general
General
generalul
Generalul
generalului
Generalului
guvernator
Guvernator
ing.
judecător
judecătorul
judecătorului
guvernatorului
Guvernatorului
inginer
inginerul
inginerului
locotenent
locotenentul
locotenent - colonel
locotenent colonelul
lt.
Lt.
lt. col.
lt.col.
Lt. col.
Lt. Col.
Lt.Col.
lt. colonel
Lt. colonel
mareşal
mareşalul
mareşalului
maior
Maior
maiorul
Maiorul
maiorului
Maiorului
Medicului
ministru
ministrul
Ministrul
ministrului
Ministrului
ministrul de externe
Nea
Nenea
Patriarhul Teoctist
prof.
Plt.
plt.
plt.maj.
Plt. maj.
Plt.adj.
plt. maj.
Plt.adj.şef
plutonier
plutonier adjutant - şef 
plutonier major
preşedinte
Preşedinte
preşedinte interimar
preşedintele
Preşedintele
preşedintele interimar
preşedintelui
preşedintelui interimar
premier
premierul
premierului
Premier
premierul
Premierul
premierului în exerciţiu
Primul-Ministru
primar
primarul
primarului
prim ministru
Prim ministru
prim-ministrul
Prim-ministrul
primul ministru
Primul ministru
Procurorul general
pr. conf. univ.
prof. univ.
Pr. asistent
prof.
prof. dr.
rege
regele
regelui
senator
Senator
senatorul
Senatorul
senatorului
Senatorului
sg. maj.
tovarăş
Tovarăş
tovarăşe
Tovarăşe
tovarăşul
Tovarăşul
tovarăşului
Tovarăşului
vicepreşedinte
Vicepreşedinte
vice Preşedinte
Vice Preşedinte
vicepreşedintele
Vicepreşedintele
vicepreşedintelui
Vicepreşedintelui
viceprimarul
Viceprimarul
