Arpechim
ARPECHIM
Afumaţi
Ţinteşti
Albeşti
Amaru
AMARU
Armăşeşti
Ţuţuleşti
Bălăceanu
Balta Albă
Bîrlogu
Bănănăi
Barcani
Bâsceni
Beceni
BECENI
Bentu
Berca
BERCA
Bisoca
Blăjani
Bogaţi
Boldu
Borleşti
Bozioru
Brădeanu
Brăeşti
Breaza
Buda
Budeasa
Bughea de Sus
Caşoca
Căldăruşanca
Călineşti
Calvini
Cîndeşti
Cândeşti
Căneşti
Cârligu Mare
Cârlomăneşti
C. A. Rosetti
C.A. Rosetti
Catanele
Cătina
Cernăteşti
Chiliile
Chiojdu
Cicăneşti
Cilibia
Ciofrîngeni
Cioranca
Cislău
Ciulniţa
Coşeşti
Cochirleanca
Colţi
Cozieni
Davideşti
Gălbinaşi
GĂLBINAŞI
Găvana
Gherăseni
Ghergheasa
Gliganu de Sus
Glodeanu Sărat
GLODEANU SĂRAT
GLODEANU-SĂRAT
Glodeanu Siliştea
Glodeanu-Siliştea
Gl. Siliştea
Goideşti
Grebănu
GREBĂNU
Greceanca
Gura Dimienii
Gura Hulubei
Gura-Nişcov
Gura Teghii
Izvoru-Dulce
Jirlău
Joseni
Largu
Leordeni
Lereşti
Limpeziş
Lipia
Lopătari
LOPĂTARI
Luciu
LUCIU
Lunca Corbului
Măgura
Mânzăleşti
Mînzăleşti
MÂNZĂLEŞTI
Mărăcineni
Mărgăriteşti
Mîrghia
Măteşti
Merei
Mihăileşti
MIHĂILEŞTI
Mioveniul
Mira Lichiei
Moşoaia
Monteoru
Morăreşti
Movila Banului
MOVILA BANULUI
Mozăceni
Murgeşti
Năeni
Nehoiaşu
NEHOIU
Niculeşti
Oarja
Odăile
Ojasca
Oreavu
Padina
Pănătău
Pardoşi
Pîrscov
Pârscov
Pătîrlagele
Pătârlagele
PĂTÂRLAGELE
P. Cîlnău
Pietroasele
PIETROASELE
Poşta Cîlnău
Poşta Câlnău
Podgoria
Potoceni
Prundu
Puieşti
Purcăreni
PUIEŞTI
Racoviţa
Racoviţeni
Râmnicelu
RÂMNICU SĂRAT
Războieni
Robeasca
Rociu
Ruşchiţa
Ruşeţu
Săgeata
Săhăteni
Săpoca
SĂPOCA
Sărata
Sărata Monteoru
Săruleşti
Schela Berca
Scorţoasa
SCORŢOASA
Scutelnici
SCUTELNICI
Siriu
SIRIU
Slobozia Bradului
Smârdan
Smeeni
Smeura
Stolnici
Spătaru
Stîlpu
Stâlpu
STÂLPU
Suseni
Talea
Tâmboieşti
Tisău
TISĂU
Topliceni
Trivale
Vadu Paşii
Vîlcelele
Vâlcelele
Valea Mare
Valea Mare Pravăţ
Valea Râmnicului
VALEA RÂMNICULUI
Valea Salciei
Verneşti
VERNEŞTI
Viişoara
Vintilă Vodă
Vipereşti
Vrăneşti
Vultureşti
ZĂRNEŞTI
Ziduri
