अल्बेनिया
अल्जीरिया
ऐन्डोरा
ऐन्टिगुआ और बर्बुदा
अर्जेन्टिना
अर्मेनिया
आस्ट्रेलिया
आस्ट्रिया
बहमास
बार्बडोस
बेलारस
बेल्जियम
बर्मुडा
बोलिविया
बोस्निया और हर्जेगोविना
ब्रेजिल
बल्गेरिया
कॉमेरून
केनडा
केमॉन अइलॉन्ड
केन्द्रीय ऑफ्रिकन प्रजातंत्र
चिली
चैना
कोलम्बिया
कोस्टा रिका
कोट डि अइवोइर
क्रोवेशिया
क्यूबा
साइप्रस
चेक् रिपब्लिक
डेनमार्क
डोमिनिकन रिपब्लिक
इक्वडोर
इजिप्ट्
ऐल सल्वडोर
इस्टोनिया
फरोइ अइलान्ड
फिनलान्ड
फ्रान्स
जोर्जिया
जर्मनी
ग्रीस
ग्रेनडा
गुवाडेलोप
गुवाटेमाला
गयाना
हाइटि
होन्डुरस
हान्कान्ग
हन्गेरी
अइसलान्ड
भारत
इन्डोनेशिया
अयर्लान्ड
इस्रएल
इटली
जपान
जोर्डन
काश्मीरि 
कझाखस्तान
कुवैट्
लॉट्विया
लेबनॉन
लैचटेन्स्टीन
लिथुवानिया
लक्सेम्बर्ग
मेसिडोनिया
मलेशिया
माल्टा
मनिपुरि
मोरिशस
मेक्सिको
मोनाको
नमीबिया
नेपाल
नेदर्लान्ड
न्यूज़िलान्ड
निकरगुवा
नैजीरिया
नोर्वे
पाकिस्तान
पनामा
पपुआ न्यू गइना
परगुवे
पेरु
फिलिपैन्स
पोलान्ड
पोर्चुगल
पुएर्टो रिको
रिपब्लिक ऑफ माल्डोवा
रोमेनिया
रूस्सियन राज्य संध
संस्कृत
सौदि अरेबिया
सिन्गपूर
स्लोवेकिया
स्लोवेनिया
दक्षिण आफ्रिका
दक्षिण कोरिया
स्पेइन्
श्रीलंका
स्वाझिलॉन्ड
स्वीडन
स्विज़र्लान्ड
तजिकिस्तान
ताइलॉन्ड
ट्रिनाडाड और टोबागो
टूनिसिया
टर्कि
टर्किमेनिसतान
यूक्रेइन
युनइटेड अरब एमिरेट्स
युनइटेड किन्गडम्
उरूगूवे
उस्बेकिस्तान
वेनेझुवेला
युगोस्लोविय
