ममता 
समता 
पश्तो 
अम्मा 
नमिता 
बिडप्पा 
सोना 
नगा 
शिव 
बोम्मई 
कहो ना 
सिन्हा 
सपोतरा 
शक्ति सिन्हा 
गुप्ता 
उम्टा 
सोमैया 
अशोक 
यमुना 
बसु 
शिल्पा 
कोसोवो 
शक्ति 
विदिशा 
शर्मा 
हद्दा 
पेमा 
मल्होत्रा 
नेमा 
पेटा 
सक्सेना 
मथुरा 
सौदा 
घलोटी 
गुना 
अयोध्या 
शर्मिला 
बुद्ध 
डोडा 
मिश्र 
टोक्यो 
मल्लिका 
अग्निहोत्री 
सोनी 
मधु सप्रे 
बख्तू 
गोपी 
सिमी 
जम्मू 
सेठी 
पुणे 
ब्रह्मगिरि 
जया 
मेदिनी 
जोशी 
लो 
मदुरै 
बालू 
शिलोत्री 
दुबई 
केन्या 
ब्रज 
मुद्रा 
सप्रे 
द्रौपदी 
नुस्ली 
रवि 
सेबी 
जोगी 
अमेरिका 
गेक्को 
रोहिली 
धुले 
करौली 
ब्रुनेई 
केरल 
रितु बेरी 
पुरी 
जेनेवा 
मोहम्मद अली 
बेरी 
मध्य प्रदेश 
मुहम्मद अली 
लेले 
बिष्णुपद सेठी 
सत्यार्थी 
मधुबाला 
नगा होहो 
दिनो मोरिया 
कर्नाटक 
सोनिया 
जयललिता 
केशुभाई 
दतिया 
बिलमाला 
करुणानिधि 
भगत 
त्रिभुवन 
अनिरुद्ध बनर्जी 
बुद्धदेव 
खट्टर 
पार्वती 
मणि रत्नम 
तलौलिकर 
जयश्री 
मणिपुर 
वर्मा 
भीष्म कुमार अग्निहोत्री 
सिल्विया स्तोरै 
ब्रजेश मिश्र 
नरूला 
को सी मणि 
बैलेनो 
अनीता 
नोगुची 
मोनिषा 
मिठाणी 
प्रिटोरिया 
एल्टो 
जेसिका 
मचला 
मडोना 
दा गिद्धा 
मित्तल 
बेटनोटी 
सकीना 
रायगडा 
मनोज लोहिया 
शालिनी 
शास्त्री 
कण्णन 
मौत 
किरीट सोमैया 
मनोहर जोशी 
मरीना 
अब्दुल्ला 
मारुति 
मुरसोलि मारन 
कपूरथला 
गणेश 
पादुकोणे 
मसानी 
लगान 
फूलन देवी 
म्हात्रे 
मनाली 
विजय मुखी 
भराली 
तारिणी 
विद्युतमा 
गनाई 
धन 
चीन 
सिहारे 
पटना 
सुभाष घई 
मालिनी 
किरण सक्सेना 
दिनेश 
पाध्या 
भट्टाचार्य 
रीता शर्मा 
अली मोहम्मद गनाई 
रोशन 
दमन 
शरद जोशी 
बुद्धदेव भट्टाचार्य 
ब्रज बरिक 
रमेश 
पालेजा 
मुइवा 
कल्याण योजना 
नरेश खट्टर 
गदर 
सुराणा 
रमानी 
मोहन जेना 
जिन्ना 
शत्रुघ्न सिन्हा 
बासु भट्टाचार्य 
बजरिया 
सिखनी 
अबु हसनत 
दोषी 
करिश्मा 
कनाडा 
महेश म्हात्रे 
नब जागरन 
छेत्री 
कश्यप 
सोलन 
अब्बासी 
अबू ओसामा 
पद्मनाभन 
पानसागुडा 
तोर्शारानी 
निष्कल्प 
अभिजित सेन 
दिनेश भट्ट 
लुधियाना 
पद्मनाभ आचार्य 
अब्दुल गनी लोन 
उज्जैन 
परना 
मनोज लोहिया 
गोद 
परेश पालेजा 
गोर्डन गेक्को 
राठी 
रज्जन गुज्जर 
भरत पटेल 
निरुपम 
उत्तर प्रदेश 
केशुभाई पटेल 
कीर्ति पटेल 
काशी 
कटनी 
ब्रह्मभट्ट 
मुल्ला मोहम्मद उमर 
मुल्ला उमर 
भास्करन 
कमल हासन 
नगरोटा 
श्रुति कार्णिक 
दिनेश पटेल 
कलोल 
सुश्रुत 
मस्जिद मोठ 
शौरी 
नीहारिका 
पिनारयी विजयन 
रितु कुमार 
प्रवीण आचार्य 
मोहम्मद अली जिन्ना 
हमामात्सु 
ध्रुव 
ओलिवर स्टोन 
फूलन 
पिताजोडी 
महेश ठक्कर 
सूरी 
10 जनपथ 
मनीषा 
नयनार 
वारा 
बेहमई 
कैलाश सत्यार्थी 
बनर्जी 
कैलाश शर्मा 
बुश 
मुरसोली मारन 
ए.के. मित्रा 
प्रकाश जोशी 
सुब्रह्मण्यम 
मुरली मनोहर जोशी 
प्रकाश पादुकोणे 
बीखी 
शकीना अर्किस 
मदन गोपाल दमानी 
मालिनी रमानी 
पल्लवी जयकिशन 
खादी 
तरुण टहिलियाणी 
अपर्णा कपूर 
मोहम्मद बिलाल 
सखालिन 
सुभाष ब्रह्मभट्ट 
शशि रंजनः 
करुणाकरण 
विनय पिपरसानिया 
मीसा भारती 
मेलोविति दामोदरन 
तीर्थ बहादुर श्रेष्ठ 
अर्जुन 
सुनील मोदी 
संघमित्रा भराली 
मुतुकरुप्पन 
केरन 
सतीश कौशिक 
लक्ष्मी 
सुधाकरन 
मुझे कुछ कहना है 
भरतपुर 
धर्मेंद्र 
अर्किस 
सत्तार 
भंते धम्मवीरियो 
एवरेस्ट 
शेखर कपूर 
कश्मीर 
केनरा 
उमर अब्दुल्ला 
मेहम 
सलीम अली 
नीरीश दवे 
रमेश नारायणन 
जैन 
अंबुमणि 
हरौडा 
मेधा पाटेकर 
दामोदरन 
हैडोस 
हनुमान 
कार्येकर 
इटली 
चारू हासन 
राजेश खन्ना 
सरत बर्काटकी 
उमा कश्यप 
रंजन किशोर भट्टाचार्य 
भट्टाचार्य 
दोआबा 
कलकत्ता 
जैसलमेर 
गुजरात 
प्रजापत 
बाली 
राऊल द कुन्हा 
राणा 
जयश्री गोस्वामी 
चड्ढा 
प्रकाश 
कैलाश 
देओल 
महंत 
वर्साचे 
अजय ठक्कर 
गौतम घोष 
मीना कुमारी 
प्रवीण तोगड्Lया 
संजीव शर्मा 
दिवासिगमणि 
नवीन 
अरुण 
विजय दिवस 
महाराजकुमारी मीनाक्षी देवी 
पर 
ताइज़ुन 
गिल्ली 
हरिपाद सा 
गदरः 
बासुदेव सेन 
कुरुक्षेत्र 
महेंद्र 
अनिल कपूर 
मुरैना 
शिकागो 
भोपाल 
धौलपुर 
हिंदुजा 
केतन पारेख 
स्पार्क्स 
गुरभजन गिल 
नरेश त्रेहन 
विवेक 
उदय 
पट्ट 
अशोक सूरी 
सरदार सरोवर 
सुभाष चक्रवर्ती 
लखपत 
ऊआ 
कमल थापा 
हरियाणा 
हरेन पंड्या 
कपूरासी-कोरियानी 
बासमती 
कराची 
लैक्टोजेन 
बीरेन पाध्या 
इश्तान 
प्रमोद महाजन 
कोरबा 
गिल 
रोहित बल 
स्तालिन 
जालू 
नारायणन 
महापात्र 
अनुपम वर्मा 
पेरिस 
विघ्नेश्वर गणेश 
भक्तवत्सलम 
लिबर्टी 
अब्दुल सत्तार 
थुनिगेलेंग मुइवा 
आर्मिटेज 
देवकांत महंत 
देवयानी 
योगेश त्यागी 
कमला दास 
गीतांजलि कश्यप 
घातली 
मुल्तान 
नर्मदा बचाओ आंदोलन 
खालिस्तान 
शहीद स्मारक समिति 
नेल्सन मंडेला 
शांता गोखले 
पारेख 
जगदीश खट्टर 
विजय कुमार 
रामनन 
रेड्डी 
सुरजीत भल्ला 
मुत्तुकरुप्पन 
कोलकाता 
अकासाका 
आंध्र प्रदेश 
ब्रह्मार बरिक 
मुंबई 
नूरानल 
रोमाबाई 
नागमणि 
बालासोर 
संभू 
दल 
डब्लिन 
केन नोगुची 
शोला और शबनम 
सोंधी 
वापी 
सौगत रॉय 
कोस्टारिका , 
डालमिया 
रोशन खान 
वडनगर 
लालू 
लज्जा कामथ 
रागी 
बिहार 
सुरजीत भल्ला 
शेंबगमूर्ति 
शब्बीर मनासवाला 
बब्बर खालसा 
चेन्नै 
जतिन के 
मंजुल सिन्हा 
ज़ेन 
किरण उत्तम घोष 
शमित सागर 
निषाद 
यूरोप 
कातिए 
नवीन 
पाठक 
अजित कुमार 
अरुणाचल प्रदेश 
नीतीश 
अतुल कुमार 
समीर 
के 
जगदीश गुज्जर 
गुल 
मोहम्मद सईद 
नरगिस 
मारन 
कुमार 
अर्धेंदु सारंगी 
इंडोनेशिया 
कोहजा 
अरुण शौरी 
ओनासिस 
पुकार 
राधा हत्तंगड़ी 
उमर शेख 
कहना 
प्रसाद 
हिमाचल प्रदेश 
लालू प्रसाद यादव 
लालू यादव 
दीपक बुधरानी 
राघवेंद्र राठौर 
निपामाचा 
अब्दुल गनी भट 
पूजा नय्यर 
चौटाला 
नंदा 
तरुण ताहलियाणी 
सतबाई 
तिरुवरुर 
बिमल गांधी 
बिजय महापात्र 
अशोक भान 
लिली 
होशियारपुर 
राजन भगत 
अनंत जोशी 
भोगीलाल मेहता 
इंडिका 
बीरबल दास धलिया 
सलमान रुश्दी 
अतुल भटकलकर 
नंजुंदप्पा 
वीरेंद्र जैन 
बृजेश मिश्र 
तृणमूल 
अल्मा मेटर 
जमीर 
उदयपुर 
स्कूटर 
महाराष्ट्र 
सक्सेना 
महाजन 
हिज़्बुल मुजाहिदीन 
कुशाभाऊ ठाकरे 
बीजू जनता दल 
महावीर 
निहाल 
रीना ढाका 
नेस्ले 
अशोक कुमार 
इस 
कल्लम अंजी रेड्डी 
तहलका 
गोविंद गोयल 
नेपाल 
कैथरीन रूस्तमजी 
दीपा मेहता 
ताज समुद्र 
लुई जालू 
किरण खेर 
शोर्स 
लोकनायक भवन 
असीम दासगुप्त 
शांति करमा 
अरशी अमीन 
नीतीश कुमार 
करगिल 
रघुवीर छेत्री 
गोपीनाथ मुंडे 
बच्चूभाई कास्ता 
के पीछे हैं 
कुतुबशाही 
अजय कायन 
तमिलनाडु के 
राजनकुंटे 
मुहम्मद हमजा 
ओडीसा गण परिषद 
परवेज़ हाशमी 
बथारी 
मौलवी मोहम्मद वली 
नितिन बोरवाके 
श्रीनगर 
तोड़ 
रमेश शाह 
मेधा पाटकर 
इंडिगो 
शेषनाग 
उपहार 
बिक्री 
केनेथ ऍगस्टीन 
पाकिस्तान 
केशव चौहान 
कश्मीरी 
सोनिया गांधी 
दिगंबर जैन मुनि निर्भयसागर 
अणे मार्ग 
जसलोक 
के. त्रिपाठी 
लिलेट दुबे 
दलाल स्ट्रीट 
नरेंद्र कुमार अहमद 
बंग्लादेश 
अमीन प्रेमजी 
रुबी नूर 
ओडीसा 
फिलिप थॉमस 
कूचबिहार के डिवीजनल 
शीला चड्ढा 
संदीप ब्रह्मभट्ट 
इस 
कमलेश जैन 
राजस्थान 
यासीन मलिक 
सुनील गंगोपाध्याय 
मलेशिया 
आऍस्ट्रेलिया 
तोलोलिंग 
रिचर्ड आर्मिटेज 
रवि बजाज 
टेरी 
अनिल अंबानी 
केतन पारीख 
नेहरू 
मेडिटरेनियन 
गांधीनगर 
तमिलनाडु से 
राधाबिनोद कोइजाम 
बड़शल्ला 
शैलेश आयंगर 
एक प्रेम कथा 
शशि रंजन, 
बंगलूर 
लकपा शेरपा 
गुरुमूरित 
टर्की 
राधाकृष्ण दमानी 
करने 
उस्मान अली खान 
रवीना टंडन 
अनंत कुमार 
जयपुर 
किशोर रूंगटा 
टिंकू 
चीनी 
द्रविड़ 
मिलिंद सोमण 
अब्दुल माजिद 
सवाई माधोपुर 
की 
वैजयंतीमाला बाली 
अब्दुल्ला शाह गाज़ी दर्घ क्लिफ्टन 
दीपेंद्र 
सलीम-जावेद 
परीक्षित सागर 
जालंधर 
अरुंधंती 
बंगलूर पैलेस 
खार 
निशात कॉलोनी 
तो राज्यसभा 
शेखर तिवारी 
गौरव बक्शी-को 
रंजन प्रसाद यादव 
चरक 
गुनीत सिंगला 
भूटान 
करण जौहर 
बेकर 
मुंबईः 
पहले 
उसे राज्यसभा 
केंद्र 
जालंधर बरिक 
बंगलूरः 
शाह 
बर्मिंघम 
तिब्बत 
शरद पवार 
भराली को 
प्रियरंजन दासमुंशी ने 
आयशा प्रेम 
अरुंधति राय 
सुरेश अरोड़ा 
सभी 
माणिक उपाध्याय 
के अन्नानगर 
मिर्जापुर 
टर्टल 
गुवाहाटी 
नागे का पार 
संजय निरुपम 
कुदरतुल्लाह जमाल 
बांडीपोर 
मुर्तजा 
सामी दिवल्या वनवी 
बामियान 
अशोक विश्वनाथन 
स्टेफनो ग्रॉसी 
बांग्ला 
सरूप 
जगदीश 
आनंद अशोक खरे 
राजा 
बरिकों 
बिश्वनाथ माझी 
संपत 
और अमेरिका 
परकाश 
मलखान 
रिपुदमन सिंह 
मोहंती 
रंजन यादव 
कोइजाम 
मालाबार हिल 
सादिया माझी 
मोहन शमशेर जंग बहादुर राणा 
भान 
गोपालकृष्णन 
पुल्लेला गोपीचंद 
वायको 
शब्बीर शाह 
नरसिंह राव 
मैकबेथ 
लिश्टेंस्टीन 
बाबरी मस्जिद 
सहिदुल आलम चौधरी 
संध्या तिवारी 
देते 
संबलपुर 
ब्लेयर 
हिम्मत सिंह 
सैयद मोदी 
वसंउधरा राजे 
इंडिया 
इंडिया 
जूलिया रॉबर्ट्स 
एस. पद्मनाभन 
क्रिस्टोफर नेलसन 
ब्रिटेन 
उसे 
यूरोसिल 
बढ़ी 
पर 
बेथनी कॉन्वेंट 
सौन्स 
मान 
हरिंदर बवेजा 
गांधी 
वे राज्यसभा 
बिश्वनाथ 
विजय मल्होत्रा ने 
प्रणव मुखर्जी 
राजेश 
कैरिबजेट 
जसबीर कौर 
गायतोंडे 
ओलिवर रोड 
पॉल कक्कास्सेरी 
प्रागपुर 
विव रिचर्ड्स 
आसनसोल 
गोयनका 
उस 
सैयद अहमद 
दलबीर कौर 
प्रफुल्ल कुमार मंहत 
कोलंबो 
प्रशांत नंदा 
लिबर्टीर् 
प्यूरोडर्म 
बरोज़ गज़दार 
पाकिस्तानी 
टार्जन 
कच्छ 
कोमल आनंद 
क्योंझर 
संजय त्यागी 
बिल क्लिंटन 
सरोज ओबेरॉय 
सौरव गांगुली 
निर्भय सिंह गुज्जर 
बांग्लादेश 
मुगल शेरेटन 
विक्रम मल्लाह 
लाहौर 
सपन धनंजय सिंह 
सैंट्रो 
राजीव दुबे 
शेक्सपियर 
मुंडे 
नादिर खान 
काबुल 
कमल पांडेय 
इंदर प्रजापत 
सैयद अली जिलानी 
कारबी 
एशिया 
ग्रीन पार्क 
नंगरहार 
अभिषेक बांका 
जैक स्ट्रा 
जोए मैथ्यू 
राजेंद्र चतुर्वेदी, 
शेन वार्न 
अनुपम सेन, 
पाटकर 
मुगल 
मस्करेहंस 
दलितों 
टी. सुब्बीरामी रेड्डी 
विएतनाम 
झील के 
रंगराजन 
बंगारू लक्ष्मण 
रविकांत सिन्हा कहते 
धौलपुर 
सुमीत नायर 
इज्राएल 
दिग्विजय सिंह 
सिटी 
जालौर 
मैथ्यू सैम्युएल 
रामदास 
राऊल द्रविड़ 
अटल बिहारी वाजपेयी 
मनीषा वनसिंह करमा 
निज़ाम 
ओंतारियो 
राऊल देव 
कश्मीर' 
विक्रम रांगणेकर 
नवीन पटनायक 
उसे 
बाबूलाल मरांडी 
चार्ल्स 
सुंदरगढ़ 
तिलक मार्ग 
नीना गुप्ता की ओर 
चंद्रिका कुमारतुंगा 
पेशावर 
जयपाल रेड्डी 
ग्रॉसी 
फीसदी 
मुशर्रफ 
बिशन सिंह बेदी 
डेनमार्क 
लाल लालमलानी 
डेरा 
चरण बरिक 
सुनीता सिंह 
सतबीर 
राजे 
चंद्रलेखा 
बुद्धदेव 
फिर 
टोनी ब्लेयर 
गिलक्रिस्ट 
इंदिरा गांधी 
ओम प्रकाश चौटाला 
फाल्गुनी पाठक 
विष्णु भागवत 
आनंद राठी 
शांता कुमार 
इंदिरा राजारामन 
दयानंद सहाय 
इस्लामाबाद 
निझावन 
बाद 
सिंगापुर 
राजीव मेनन 
देवी राम 
मुतुकृष्ण वरतराजलू 
तोर्शा नदी 
शीला रावल सैंडी 
बांडा एकेह 
कश्मीरियों 
मुस्लिम-जाट बूल 
हम आपके हैं कौन 
जगदीश चौधरी 
हाजीपुर 
लक्ष्मण 
मध्य प्रदेश 
विलासराव देशमुख 
करनजीत सिंह सेठी 
कृष्णन 
जरिया 
कानपुर 
गुरविंदर 
हैरी बवेजा 
देने 
चोकिला अय्यर 
पारीख 
रामचंद्र उलाका 
दिल्ली 
लिए 
गौड़ा 
भुवनेश्वर 
जसबीर 
लौटे 
ढेंकानाल 
राधाकिशन मालवीय 
कुट्टी नायर 
नवेश खंडेलवाल 
विन्टेक 
निर्मल रामप्रसाद 
जना कृष्णमूर्ति 
रंजीत कपूर 
पवन कुमारः 
अटलबिहारी वाजपेयी से 
यशवंत सिन्हा 
निर्माता 
शैल राणावत 
उमा भारती-के 
किशन राव 
अरुंधती रॉय 
विवेक साहनी 
लेबनान 
जॉर्डन 
चिदंबरम 
बांका 
पटनायक 
जैसन बेकर 
का 
रिफात ऊसैन 
इंदिरा 
ह्रितिक 
सिलिकान वैली 
, भाउसाहब हिरे मार्ग 
बचते 
युद्ध 
ग्लैक्सोस्मिथक्लाइन 
प्रशांत भूषण 
माधुरी दीक्षित 
अंशु अरोड़ा सेन 
अनोखा 
मोहम्मद जाफर 
डरबन 
कानडा सिंह 
मनमोहन सिंह 
माजिद 
सुरेश फोगला 
कोफी अन्नान 
राजन 
देते 
फारूक अब्दुल्ला 
सनी देओल 
असम 
थाइलैंड 
ली 
रजनी निझावन 
याकाओलंग 
अनीता सिंह 
दिलीप रे 
स्टेवरोस नियारकोस 
पैंटालून 
परमिंदर 
पर 
बुकर 
डूंगरपुर 
भूषण 
पवई लेक 
संजय कृपाल 
डांगी 
सागर 
देहरादून 
-सुप्रिया बेजबरुआ 
बलदेव सिंह 
प्रशांत भूसन 
स्टरलाइट 
मूनीर मूफारिज 
राजा त्रिभुवन 
पाते 
सकता 
मीर गुलाम मोहम्मद 
गुरजीत 
अरुण जेटली 
वझे 
मयूरभंज 
चारबाग 
हरिमोहन खन्ना कहते 
बंगलूर 
अरुंधती 
दाऊद इब्राहिम कासकर 
हैदराबाद 
निर्मल भंग, 
मणिशंकर अय्यर कहते 
मंउबई 
गुलाम रसूल 
हरबिंदर 
आऍटोरिक्शा 
अहमद 
झारखंड 
अहमदाबाद 
बेल्लारी, 
काडर 
चांद मेहरा 
रोडनी फील्ड्स 
पाकिस्तानियों 
प्रीतम की 
दौरान 
जवाहरलाल नेहरू 
मीना चावला 
दिया 
क्लिंटन 
वाली 
चयन बोर्ड 
संभू देवरी 
जैकलिन कैनेडी 
मुलायम सिंह यादव 
कोलकाता 
चल 
लाख 
गोवा 
मुलायम, 
शेख दाऊद हसन 
दीना वाडिया 
रैली को 
चंद्रबाबू नायडू 
लिबरान 
कोइज़ाम 
वसंउधरा राजे 
पूरी 
वकील अहमद मुतवक्किल 
ब्लॉक प्रमुख अशोक घोष 
जीतू वीरवानी 
सियाचिन 
मुलतान 
अमर सिंह 
परवेज़ मुशर्रफ 
आने 
कोंडोलीजा राइस 
शाहजहां 
जया जेटली 
कर 
आऍस्ट्रेलिया, 
जैसे 
सिलिकॉन वैली 
करते 
प्रफुल्ल पटेल 
अमिताभ बच्चन 
खंडायतों 
कि 
कांति बिस्वास 
पर 
फ्लोरा 
सचिन तेंडुलकर 
नंदूरबार 
हत्या 
मालिनी अग्रवाल 
लालू यादव 
देखा 
उनका 
लगा 
प्रीतम सिंह 
भाषा ओ चेतना-के 
माहौल 
इसका 
हिज़्बुल मुजाहिदीन 
लेकसाइड 
नायक 
अनुदान 
एनीमल 
से 
ने 
बढ़त 
गांगुली 
पूरा करने 
चंद्रजीत यादव 
ब्रीच कैंडी 
करण सिंह दलाल 
भरे 
काठमांडो 
कार्लसन 
स्वामी 
रीता कायराल 
म्यांमार 
रही 
स्वराज कौशल 
राजेश प्रताप सिंह 
चार्ल्स डिकेंस 
पाञ्चचजन्य 
चौधरी 
स्क्वॉड्रन लीडर मोहिंदर कुमार जैन 
कैनेडी 
गुजरात 
इंफाल 
पावला अल्बेरताज़ी, 
डाबर 
तिरु 
) वाजपेयी 
गोपालनगर झील 
भिंड 
साल 
दिलबर सिंह 
रु 
सरसिंग रोंगफार 
सुषमा स्वराज 
होने 
जा 
ब्लेयर 
फारुक अब्दुल्ला 
लालाराम 
गांधीधाम 
ललित मान सिंह 
जापान 
नारंग 
तैमूर 
सांग लाल 
बार 
एस्टीबन विजमैन 
इंटरवेंशनल कार्डियोलॉजी 
है 
सिंह गुज्जर 
और 
दाऊद हसन 
मैसूर 
राजीव गांधी 
गुलाम हसन 
के. स्टालिन 
के. स्तालिन 
करुणानिधि के 
पकड़ 
राजीव त्यागी 
कर्ज 
रेहन इंजीनियर 
काजीरंगा 
बांग्लादेशियों 
यशवंत नाडकर्णी 
विश्वभूषण हरिचंदन 
हरकिशन सिंह सुरजीत 
अमेरिका 
जल्दापाड़ा 
कुतुब मीनार 
जैकस शिराक 
मीनू आर 
इंदिरा' 
हैदराबाद 
रखने 
जिन्ना 
यह 
ऊमायूं रोड 
कक्कड़ 
एशिया 
ऊर्जा 
तारा सिंह 
गुलाम हसन वानी 
ज्यादा 
एस. ओबेराय 
फातिमा बीवी 
नलिनीकांत मोहंती अन्य 
गए 
मगर 
गाजियाबाद 
अजीम प्रेमजी 
एल्विन डी'सूजा 
शेयर 
से 
के 
बेकनगंज 
पंकज 
रावलपिंडी 
से 
विलक्षण 
आरिफ मसूद 
दीवाली 
फ्लिन रेमेडियोस 
शंकर प्रसाद टेकरीवाल 
सुरिंदर एस 
से 
ने 
के 
दे 
मध्य यूरोप 
कभी 
माधवराव सिंधिया 
अफगानिस्तान 
हृदय 
अर्जुन सिंह 
बोफोर्स 
ज्ञानेंद्र 
``अयोध्या 
जायज 
है 
पांडेय 
कंचन 
पंत 
केवलादेव नेशनल पार्क 
भूरे 
जसबीर सिंह 
राजेश वनवी 
टिकट 
दूध 
दयाल राम 
जिम्मेदारी 
तंबीदुरै 
जरूरी 
गोपीचंद 
, हिज़्ब-उल-मुजाहिदीन 
परवेज मुशर्रफ 
गुरेज 
जगजीत सिंह चौहान 
चौधरी 
बजाज 
एस्मॉन 
जताया 
जैसा 
रूस 
आखिर 
रांची 
उस 
सायरो मालाबार 
ऊमायूं 
पड़ी 
कराची 
फैसले 
गुरजीत सिंह 
कोलाबा आऍप्टिशियंस 
गुरबीर सिंह 
और 
पेंडसे 
केंद्र 
एस.के. चौधरी 
माइकल मस्करेहंस 
अनाज 
जल्दी 
वाहेंगबम निपामाचा सिंह 
मिलने 
वाजपेयी 
बेशक 
रूमा पॉल 
पढ़े 
राबड़ी देवी 
बनाते ऊए 
हफीज मुहम्मद तो 
महीने जब 
परमिंदर सिंह 
डंकन 
लगाया 
राजीव चोपड़ा 
कायल 
उत्तर 
वीरवानी 
सितारा 
समय 
श्वार्जेनेगर 
अरविंद जौहरी 
मेग रयान 
सूरज बड़जात्या 
पूरी 
चाहिए 
जेटली 
राजिंदर सच्चर 
मेरी चूनर उड़-उड़ जाए ने 
राज चोपड़ा 
चेनी 
शैली 
मुताबिक 
सफल 
अयोध्या 
रिश्ते 
दुनिया 
टी.के. संपत 
श्रीलंका , 
बदल 
माणक अग्रवाल 
की 
बचन सिंह आर्य 
बढ़ा 
कमला मेघवाल 
लौट रही 
श्रेय 
हरबिंदर सिंह 
पेश 
अगुआ 
इमानुल हक 
संग्रह 
नाइजीरिया 
ऊई 
कराया 
बामियान में 
अनिल अग्रवाल 
जार्ज फर्नांडीस 
से मिलता 
कहना 
रूंगटा 
नंदलाल रघुवंशी 
देने 
प्रेम सिंह 
उमेद सिंह 
स्यू होम्स 
मिली 
करने 
बजाज चेतक 
वार्न 
अरुण सिंह 
अरुण जेटली, 
नांबियार 
ने 
के 
हरमिंदर सिंह चाथा 
पड़ा 
हैदराबादी 
संगरूर 
बंगाल 
मुमताज बेन 
मटीज 
करीब 
के.आर. नारायणन 
रुड़की 
रेसकोर्स रोड 
कृष्णा 
अनवारुल हक 
के 
कोपरगांव 
इंडियन 
रेड्डीज़ 
अय्यर 
सम्मान 
राजा 
ऐंड्रयू टेरी 
यीद 
चरणजीत सिंह 
कंधार 
आइवरी कोस्ट 
गृहराज्य आंध्र प्रदेश 
विन्सेंट जॉर्ज 
जॉन अब्राहम 
कदम 
अवतार सिंह 
और निकोबार द्वीप 
सिन्हा 
लिओंस 
कटक 
चौकीदार 
जटिलता 
कराह 
आनंद 
होटल ने 
मॉलिए 
डिस्काऊंटेड कैश फ्लो 
पांडिचेरी 
रूस 
दिलीप पेंडसे 
अन्ना विनटुअर 
अफ्रीका 
विजय वसंत तांबे 
अप्रैल 
फॉना 
और अमेरिका 
लुधियाना जिले 
चढ़ाया 
चौधरी 
मानना 
दाऊद 
रेड्डीज़ 
गुरबचन सिंह 
प्रशासन 
एक्सेंट 
दूसरा 
हिमाचल प्रदेश विश्वविद्यालय 
आंद्रे जॉर्जमैन्स 
देवी 
कप 
डब्लिन 
सुखदेव पासवान 
लिए 
पास 
अच्छा 
प्रदीप कृष्ण 
राइसटेक 
जाहिर 
मोनिका जयसिंह 
चो रामास्वामी 
चयन प्रक्रिया 
खेल 
एन 
कपिलेशपुर के जुगल 
आडवाणी 
हम साथ-साथ हैं या 
बरीपादा कस्बे 
कर्फ्यू 
मेजर कंवलजीत सिंह 
महिला 
बृजमोहन 
मश्कोह घाटी 
(तहलका 
सदस्य 
डाल 
कि 
बताया 
कोई 
जयंती ग्राम स्वरोजगार योजना 
रेजिन 
अब दक्षिणी चीन 
ए. गनी खान चौधरी 
करीबी 
कहना 
इकट्ठा 
फ्रैंगीपानी 
कर्ज 
एक 
जुड़े 
मिश्मी पहाड्Lयों 
ने श्रीलंका 
आधे 
बंगाली 
समय बाद 
अन्य 
अटके 
नॉर्थ ब्लॉक 
चंडीगढ़ 
अंदमान सागर 
कहा 
केंद्र 
निर्माता 
साफ 
शैतान 
राजीव 
प्रदर्शन ` 
दिया 
लंदन 
बाद 
बाल ठाकरे 
नंदूरबार जिले 
बढ़ा 
दिया 
अमेरिका 
श्रमिक 
सक्रिय 
एस. शूज़ 
सतपाल ने 
दशक 
राजपुर रोड 
जटिया और 
चारा 
कैंडी 
छिड़कते ऊए पीएमके 
पारीख 
फीनिक्स 
रहे फर्नांडीस 
इंडियाटाइम्स 
अगुआई 
और 
की 
जयप्रकाश को 
दिवल्या 
कर्नल राजकुमार पट्टू कहते 
दक्षिण अफ्रीका 
पुराना 
ऊई 
अखिल 
किनारे 
विरोधी 
ऊई 
करते 
चालक 
आडेZ 
कुल 
पत्र पर 
करीब 
``कश्मीर 
फर्नांडीस 
स्वीडन 
को 
कुलपति 
रानीगंज 
यौन 
बॉयोटिक 
होंडा 
यादवों 
लिए 
में 
राजीव रंजन सिंह 
जरिए 
है 
क्रेडिट 
न्यायपालिका 
दक्षिण एशिया 
छत्रपति 
करता 
तो हम उनके 
कांधार 
माइकल डगलस 
सा 
प्रयास 
बाधक 
छोड़ 
की 
जनता 
बेताज 
कर्नलगंज 
भारत 
पड़ 
जिला 
उनकी 
दक्षिण चीन सागर 
राम यीद 
लेकिन 
रहने के 
होम्स 
छत्रपति 
करीना-फिल्मी 
के नोगुची/एशिया 
शुमार 
शायद 
नायर 
रहे 
प्रकाश के 
श्रेष्ठ 
महीने करीना 
की छत 
बौद्ध 
वेस्ट इंडीज 
खुद 
कदम 
फर्जी 
चठे सेखवां 
घोषित 
सोवियत संघ 
आट्ज़र् 
रु 
बलबीर सिंह, 
नदी 
ठाकरे 
होने 
राम विलास पासवान 
सब 
कुछ 
कहा है 
कुछ 
दिया 
करने 
शुरू 
नॉर्थम्टन शायर 
तब 
ओर 
बैगी 
लगाया 
रिपोर्ट 
का 
वाशिंगटन 
जाने 
ज्यादा 
रु 
और 
कश्मीरियत 
राजनाथ सिंह 
मान सिंह 
मुजफ्फरपुर 
फिर चेन्नै 
की टिप्पणी 
शाखा 
पिछले तीन 
करने 
यही 
अंदमान द्वीप 
गया 
केलूचरण को 
इस टिप्पणी 
रहे थे 
फौरन 
जरूरी 
कि सीबीआइ 
कहते 
जैसा 
जुटाने 
पर उनकी 
देता 
जसवंत 
प्रमोद महाजन के सफदरजंग 
मदद देने 
जनरल 
जारी 
किया 
समाज 
आनंद सिंह डांगी 
जबकि गांगुली 
सिखनी 
इंदिरा प्वाइंट 
बलविंदर सिंह 
गांधीधाम 
कोस्टारिका 
महत्वपूर्ण 
सीरीज 
अनधिकारिक 
अजीत एम 
सतर्कता 
टॉम स्टॉपार्ड 
जीत 
शिवराज सिंह चौहान 
राज्य 
गए 
करने 
और 
छुआछूत के 
ओलिव बार ऐंड किचन 
प्रिंसिपल श्यामा चोना 
से लेकर भ्रष्टाचार 
की 
वे श्रीलंका 
पब 
सकता 
बढ़ा 
ताकि 
खुफिया 
