अंदर
अगर
अगले
अगला
अगली
अधिक
अनेक
अनेकों
अन्य
अपना
अपनी
अपने
अब
अभी
अलग
अलावा
आगे
आप
आपके
आपका
आपकी
आपको
इन
इनका
इनके
इनकी
इन्हें
इन्होंने
इनसे
इनमें
इस
इसका
इसकी
इसके
इसमें
इसने
इसलिए
इससे
इसी
इसे
उन
उनका
उनकी
उनके
उनमें
उन्हें
उन्होंने
उनसे
उस
उसका
उसकी
उसके
उसने
उसमें
उससे
उसको
उसी
उसे
एक
ऐसा
ऐसी
ऐसे
और
कई
कभी
कम
कर
करूं
करें
करो
कीजिए
करता
करती
करते
करना
करनी
करने
करके
किया
किए
करें
करूंगा
करूंगी
करेंगे
करेगा
करेगी
कह
कहूँ
कहें
कहिए
कहता
कहती
कहते
कहना
कहनी
कहने
कहके
कहा
कही
कहे
कहेंगे
कहूँगा
कहूँगी
कहेगा
कहेगी
कहीं
का
काफ़ी
कि
किसी
की
कुछ
के
केवल
को
कोई
क्या
क्यों
क्योंकि
ख़ुद
जा
जाऊँ
जाए
जाएँ
जाइए
जाता
जाती
जाते
जाना
जानी
जाने
जाके
गया
गई
गईं
गए
जाएँगे
जाऊँगा
जाऊँगी
जाएगा
जाएगी
चाहते
चाहता
चाहती
जब
जबकि
जहाँ
ज़रूरत
ज़्यादातर
जिन
जिनमें
जिस
जिसके
जिसमें
जिससे
जिसे
जैसी
जैसे
जो
तक
तब
तरह
ताकि
तो
था
थी
थीं
थे
दिया
दी
दौरान
द्वारा
न
नहीं
ने
पर
पहला
पहली
पास
पिछले
पीछे
पूरा
पूरी
पूरे
प्रति
फिर
बल्कि
बहुत
बाद
बार
बारे
बिना
बीच
भी
मगर
में
मैं
यदि
यह
यहाँ
यही
या
यानि
ये
रह
रहा
रही
रहे
लगा
लगाया
लिए
लिया
लेकिन
वह
वहाँ
वहीं
वे
वो
शायद
सकता
सकती
सकते
सके
सका
सकी
सबसे
सिर्फ़
सी
से
हम
हमें
हर
हालाँकि
ही
हुआ
हुई
हुए
है
हैं
हो
होंगे
होगा
होगी
होता
होती
होते
होना
होनी
होने
