阿比 国民 银行
阿第克 公司
阿尔贝特 公司
阿尔伯特逊 公司
阿尔卡特尔-阿尔斯通 集团
阿尔斯塔特 公司
阿尔斯通 公司
阿克佐诺贝尔 公司
阿斯特拉珍尼卡 制药
阿歇丹尼尔斯.米德兰 公司
ABB 公司
埃德卡 中心 股份 有限 公司
埃贡 公司
埃克森 公司
埃尼尔 公司
埃特纳 人寿 与 意外 伤害 保险 公司
爱迪生 国际 公司
爱立信 公司
爱默生 电器 
AMP 保险
AMP 保险 公司
安联 保险 集团
安然 公司
安田 火灾 与 海事 保险 公司
安田 生命
凸版 印刷 公司
沃尔格林 公司
沃尔-马特 百货 公司
沃尔特-迪斯尼 公司
澳大利亚 电讯
奥卡恩 集团
奥卡恩 集团 公司
奥托邮购两合 公司
ASDA 集团
ASDA 集团 公司
AXA 公司
巴伐利亚 国家 银行
巴克莱 银行
巴黎 国民 银行
巴里巴 金融
巴里巴 金融 公司
巴斯夫 公司
巴西 石油
巴西 石油 公司
巴西 银行
百利克拉克 公司
百事 公司
百时美施贵宝
拜耳 公司
办公 用品 仓储 商店
保诚 保险
宝洁 公司
宝马 汽车 公司
贝特斯曼 公司
标致 公司
北德意志 国家 银行
北方 电讯
北方 钢铁 联合 公司
本田 汽车 公司
BESTBUY 公司
比尔鲍.维兹卡亚 银行
比利时 石油 公司
标准 人寿 保险 公司
波音 公司
伯灵顿北桑塔佛 公司
柏林 银行 公司 
伯格.布鲁斯威克 公司 
伯克希尔哈撒韦 公司 
BOUYGUES 公司
布罗肯.希尔 公司
出光 产业 公司
川崎 重工业 公司
川铁 商事
创意 系统
创意 系统 公司
CGU 公司
超值 商店
CNP 公司
CNP 保险 公司
CSX 公司
大成 公司
大都会 公司
大东 电报
大韩 贸易 振兴 公社
大日本 印刷 公司
大荣 公司
大通 曼哈顿
大通 曼哈顿 公司
大西洋 贝尔 公司
大西洋 富田 公司
大西洋 与 太平洋 茶叶 公司
大宇宙 商店
大众 超级 市场 公司
大众 互助 人寿 保险 公司
大众 汽车
大众 汽车 公司
达那 公司
DAIDO 人寿 保险 公司 
戴顿哈德逊 公司
戴恩 能源
戴尔 电脑
戴姆勒-克莱斯勒 公司
道氏 化学 公司
德国 电讯
德国 电讯 公司
德国 商业 银行
德国 西门子
德国 西门子 公司
德国 冶金 公司
德国 裕宝
德国 裕宝 银行
德累斯登 银行
德尔海兹利莲公司
德尔塔 航空 公司
德士古 公司
德意志 巴恩
德意志 巴恩 公司
德意志 合作 银行
德意志 银行
德意志 邮政
德意志 邮政 公司
德州 公用
迪尔 公司 
第一 联合 公司
第一 劝业
第一 劝业 银行
第一 生命
第一 银行 公司
帝国 化学 工业 公司
电报 电话 公司
电路城 集团
电通 公司
电装 公司 
电子 数据 系统
迪高沙 公司
东方 电力 公司
东海 银行
东京 电力
东京 电力 公司
东京 海事 与 火灾 保险
东京 海事 与 火灾 保险 公司
东京 三菱 银行
东日本 铁路 公司
东芝 公司
都市 人寿 保险
杜邦 公司
杜克 能源
杜克 能源 公司
多伦多 自治领 银行
法国 电力
法国 电力 公司
法国 电讯
法国 电讯 公司
法国 航空
法国 天然气 公司
法国 兴业
法国 兴业 银行
法国 邮政
法国 邮政 公司
法国 自来水
法律 通用 保险 公司
法尼梅 公司
泛加 输油 管道
费巴 集团
费巴 集团 公司
菲利浦 电气 公司
菲利浦斯 石油 公司
菲利普莫里斯 公司
菲亚特 公司
废品 管理 公司
丰田 汽车
丰田 汽车 公司
富国 银行
富士 胶卷
富士通 公司
富士 银行
富士 重工业 公司
福顿 公司
福蒂斯 公司
福特 汽车 公司
弗来明 公司
弗劳尔 公司 
佛来得梅耶 公司
佛兰兹汉尼尔 公司
盖普 公司
哥伦比亚 广播 公司 
哥伦比亚 保健 公司
葛兰素惠康 公司
工商 银行
GTE 公司
古帕马干 保险 公司
固特异 轮胎 与 橡胶 公司
关西 电力
关西 电力 公司
贵州 茅台 酒厂
国家 农场 保险 公司
国际 集团 公司
国际 商用 机器 公司
国际 造纸
国际 造纸 公司
国立 澳大利亚 银行
国民威斯敏斯特 银行
国泰 人寿
哈门那 公司
哈特福德 金融 服务 公司
汉高 公司
汉莎 航空
汉莎 航空 集团
汉莎 航空 集团 公司 
海斯布施 公司
韩国 大宇 集团
韩国 大宇 公司
韩国 电力 公司
HCA 保健 公司
荷兰 皇家 壳牌 集团
荷兰 国际 集团
荷兰 银行
花旗 集团
花旗 银行
华纳兰勃特 制药 公司
华盛顿 互助 银行
汇丰 控股
汇丰 银行
惠而浦 公司
惠普 公司
皇家 与 太阳 联盟 公司
IBP 公司
基本 健康
积水 建房
吉列 公司
技术 数据 公司
家庭 百货
佳能 公司
加拿大 帝国 商业 银行
加拿大 神力 保险 公司
加拿大 太阳 人寿 保险
进出口 银行
舰队 金融 公司
J．P.摩根 公司
卡斯达特 公司
卡特彼勒 公司
卡西诺 集团
卡西诺 集团 公司
卡西斯 百货 集团
卡西斯 百货 集团 公司
康柏 电脑
康柏 电脑 公司
康尼格拉 公司
开发 银行
凯马特 公司
科尼克林克-阿诺尔德 公司
科尔斯.迈耶 公司
科斯托克 公司
可口可乐 公司
可信 能源
壳牌 集团
克威尔内 公司
KYOEI 生命
KYUSHU 电力 公司
拉格 公司
莱普索尔 公司
莱曼 兄弟
莱因 集团
莱因 集团 公司
拉勃 银行
拉法日 公司
拉加德里 集团
拉加德里 集团 公司
朗讯 科技
劳埃德 TSB 集团
劳埃德 TSB 集团 公司
劳.加兹普罗姆 公司
劳易斯 公司
乐喜金星 电子 公司
乐喜金星 国际 公司
雷诺 公司
雷声 公司 
理尔 公司
理光 公司
里昂 水管
里昂 信贷
里昂 信贷 公司
联邦 百货
联邦 百货 商店
联邦 百货 商店 公司
联邦 家庭 信贷 抵押
联邦 家庭 信贷 抵押 公司
联邦 捷运
联邦 捷运 公司
联合 包裹 服务
联合 保健
联合 保健 公司
联合 公用 事业
联合 航空
联合 利华
联合 利华 公司
联合 技术 公司
联合 太平洋 公司
联合 信号 公司
铃木 汽车 公司
鹿岛 公司 
罗伯特-博世 公司
罗纳－普朗克 公司
罗氏 控股
罗氏 控股 公司
洛拉尔 公司
洛克希德马丁 公司
马克斯 与 斯宾塞 公司
马来西亚 石油 公司
马自达 汽车 公司
麦克逊 公司
迈卡尔 公司
曼内斯曼 公司
MCI 通讯
MCI 通讯 公司
美孚 石油
美国 电报 电话 公司
美国 百货
美国 百货 公司
美国 钢铁 马拉松 公司
美国 国际 集团 公司
美国 家庭 产品 公司
美国 技术 公司
美国 礼来 制药 公司
美国 铝
美国 通用 保险
美国 万全 保险 公司
美国 西部 公司
美国 协和 石化
美国 英特尔 公司
美国 邮政 服务 公司
美国 运通
美利坚 航空
美林 公司
美洲 银行
美洲 银行 公司
蒙特迪生 公司
蒙特里尔 银行 
米格罗斯 公司
米切林 公司
明尼苏达 矿业 与 制造业 公司
明治 生命
默克 公司
慕尼黑 再保险
摩托罗拉 公司
墨西哥 石油 公司
纳比斯科 控股
纳比斯科 控股 公司
南方 贝尔
南方 贝尔 公司
南方 公司
宁波 麦芽
纽约 人寿 保险 公司
农业 信贷 银行
NORINCHUKIN 银行
挪威 水电 公司
诺瓦斯考地亚 银行
诺威治 联合 公司
OBAYASHI 公司
帕斯奇塞纳蒙特 银行
PDVSA 公司
PG&E公司
彭尼 公司
皮诺特－印章 集团
皮诺特－印章 集团 公司
普里伊萨格 公司
普罗莫德 公司
浦项钢铁 公司
强生 公司
桥石 公司
乔治亚 太平洋 公司
乔治威斯顿 公司
清水 公司
全国 保险 企业 公司 
雀巢 公司
日本 电器
日本 交通 会社 
日产 汽车 公司
日本 电报 电话 公司
日本 钢管
日本 航空
日本 航空 公司
日本 能源 公司
日本 生命
日本 石油 公司
日本 丸红 株式会社
日本 兴业 银行
日本 伊藤忠 株式会社
日本 通运
日本 通运 公司
日本 烟草 公司
日本 邮政 服务 公司
日立 公司
日绵 公司
日特爱德 公司
瑞士 联合 银行
瑞士 人寿 保险 与 年金 公司
瑞士 信贷
瑞士 信贷 公司
瑞士 再保险 公司
萨拉-李 公司
塞斯克 公司
3M 公司
三井 不动产 公司
三和 银行
三井 生命
三井 物产
三菱 电气
三菱 电气 公司
三菱 化学 公司
三菱 汽车 公司
三菱 商事
三菱 银行
三菱 重工
三星 电子
三星 电子 公司
三星 集团
三星 人寿 保险 公司
三洋 电气 公司
商用 机器
商用 机器 公司
上海 施乐宝 制药 有限 公司
上海 施乐宝
SBC 西南贝尔
神户 钢铁 公司
圣保罗 保险 公司
圣保罗 IMI 银行
圣戈班 公司
圣斯伯里 公司
施霸 商业
斯卡迪纳 集团
斯卡迪纳 集团 公司 
施乐 公司
斯普林特 公司
斯普林特 公司
斯塔托尔 公司
斯坦德 集团
斯坦德 集团 公司
世界 银行
时代 华纳 公司
石化 公司
石化 集团
石油 化工 集团
石油 化工 集团 公司
SNCF 公司
松下 电器
松下 电器 产业 公司
苏格兰 皇家 银行
苏格兰 鳏寡 基金
苏黎世 金融 服务 公司
隋福威 公司
索尼 公司
泰克 国际 公司
太平洋 健康 系统
太阳 公司
太阳 生命
特克斯特隆 公司
特尼奥 公司
特斯科 公司
通用 电气
通用 电气 公司
通用 汽车 公司
TRW 公司
托斯克 公司
托塔尔菲那 公司
UPM-KYMMENE 公司
王子 造纸 公司
万全 保险 公司
微软 公司
维亚哥 公司
温-迪克斯 百货 公司
乌尔沃斯 公司
五十铃 汽车 公司
五月 百货 商店
五月 百货 商店 公司
武中 公司 
西班牙 电讯
西班牙 电讯 公司
西北 航空 公司
西北 互助 人寿 保险 公司
西德意志 银行
西尔斯-罗巴克 公司
西格拉姆 公司
西格纳 公司
西夫韦 公司
西门子 公司
西 日本 铁路 公司
西屋 电气
夏普 公司
仙妮雷德 集团
鲜京 公司
现代 公司
香港 长江 实业 集团
长江 实业
新闻 公司
信孚 银行
信念 健康 公司
兴和 实业
兴洋 毛毯
兴业 银行
雪印 乳业
雅培 制药 公司
意大利 电信
意大利 国家 碳化氢
意大利 商业 银行
意大利 信贷
意大利 信贷 公司 
伊利 公司
伊斯特曼.柯达 公司 
伊陶萨 投资 公司 
伊滕洋 华堂
伊腾忠 商社
英 格雷姆麦克罗
英 格雷姆麦克罗 公司
英国 半岛 东方 汽船 公司
英国 保诚 保险
英国 电信
英国 钢铁 公司
英国 航空 公司
英国 罗罗 公司
英国 煤气
英国 石油 公司
英国 通用 电器
英国 邮政局 公司
英 美 烟草
英 美 烟草 工业 公司
因特撒 银行
印度 石油 公司
樱花 银行
宇航 公司
裕宝 银行
约翰汉科 共同 寿险 公司
约翰逊 控制 公司
朝日 玻璃
朝日 化学 工业 公司
朝日 生命
正大 粮油
道琼斯 公司
自由 相助 人寿 保险 公司
中部 电力
中部 电力 公司
中国 化工 进出口 公司 
中国 工商 银行
中国 粮油 进出口 公司
中国 进出口 银行
中国 石油 公司
中国 石油 化工 集团
中国 石油 化工 集团 公司
中国 银行
中日本 铁路 公司
忠利 保险 股份 公司
重建 信贷 机构
住友 电工
住友 公司
住友 金属 工业 公司
住友 生命
住友 银行
克雷 公司
欧姆龙
罗纳普郎克
阿莫科
阿比国民银行
阿第克
阿第克公司
阿尔贝特公司
阿尔伯特逊公司
阿尔卡特
阿尔卡特尔-阿尔斯通集团
阿尔斯塔特公司
阿尔斯通公司
阿克佐诺贝尔公司
阿斯特拉珍尼卡制药
阿歇丹尼尔斯.米德兰公司
ABB
ABB公司
埃德卡中心股份有限公司
埃尔夫-阿奎坦
埃贡公司
埃克森
埃克森公司
埃尼尔
埃尼尔公司
埃索
埃特纳人寿与意外伤害保险公司
爱迪生国际公司
爱立信
爱立信公司
爱默生电器 
AMP保险
AMP保险公司
安联保险集团
安然公司
安盛
安田火灾与海事保险公司
安田生命
凸版印刷公司
沃尔沃
沃尔格林公司
沃尔-马特百货公司
沃尔特-迪斯尼
沃尔特-迪斯尼公司
澳大利亚电讯
奥卡恩
奥卡恩集团
奥卡恩集团公司
奥托邮购两合公司
ASDA集团
ASDA集团公司
AXA
AXA公司
巴伐利亚国家银行
巴克莱银行
巴黎国民银行
巴里巴金融
巴里巴金融公司
巴斯夫
巴斯夫公司
巴西石油
巴西石油公司
巴西银行
百利克拉克公司
百事
百事公司
百时美施贵宝
拜耳
拜耳公司
办公用品仓储商店
保诚保险
宝洁
宝洁公司
宝马
宝马汽车公司
贝特斯曼公司
BCE贝尔加拿大
标致公司
北德意志国家银行
北方电讯
北方钢铁联合公司
本田汽车公司
BESTBUY公司
比尔鲍.维兹卡亚银行
比利时石油公司
标准人寿保险公司
波音
波音公司
伯灵顿北桑塔佛公司
柏林银行公司 
伯格.布鲁斯威克公司 
伯克希尔哈撒韦公司 
BOUYGUES公司
布罗肯.希尔公司
出光产业公司
川崎重工业公司
川铁商事
创意系统
创意系统公司
CGU
CGU公司
超值商店
CNP
CNP公司
CNP保险公司
CSX公司
CVS
大成公司
大都会公司
大东电报
大韩贸易振兴公社
大日本印刷公司
大荣
大荣公司
大通曼哈顿
大通曼哈顿公司
大西洋贝尔公司
大西洋富田公司
大西洋与太平洋茶叶公司
大宇宙商店
大众超级市场公司
大众互助人寿保险公司
大众汽车
大众汽车公司
达那公司
达能
DAIDO人寿保险公司 
戴顿哈德逊公司
戴恩能源
戴尔
戴尔电脑
戴姆勒-克莱斯勒公司
道氏化学公司
DDI
德国电讯
德国电讯公司
德国商业银行
德国西门子
德国西门子公司
德国冶金公司
德国裕宝
德国裕宝银行
德累斯登
德累斯登银行
德尔海兹利莲公司
德尔塔航空公司
德士古
德士古公司
德意志巴恩
德意志巴恩公司
德意志合作银行
德意志银行
德意志邮政
德意志邮政公司
德州公用
迪尔公司 
第一联合公司
第一劝业
第一劝业银行
第一生命
第一银行公司
蒂森
帝国化学工业公司
电报电话公司
电路城集团
电通公司
电装公司 
电子数据系统
迪高沙公司
东方电力公司
东海银行
东京电力
东京电力公司
东京海事与火灾保险
东京海事与火灾保险公司
东京三菱银行
东绵
东日本铁路公司
东信
东芝
东芝公司
都市人寿保险
杜邦
杜邦公司
杜克能源
杜克能源公司
多伦多自治领银行
ENTERGY
法国电力
法国电力公司
法国电讯
法国电讯公司
法国航空
法国天然气公司
法国兴业
法国兴业银行
法国邮政
法国邮政公司
法国自来水
法律通用保险公司
法尼梅
法尼梅公司
方海
泛加输油管道
费巴集团
费巴集团公司
飞利浦
菲利浦电气公司
菲利浦斯石油公司
菲利普莫里斯公司
菲亚特公司
废品管理公司
丰田汽车
丰田汽车公司
富国银行
富士
富士胶卷
富士通
富士通公司
富士银行
富士重工业公司
福顿公司
福蒂斯
福蒂斯公司
福特
福特汽车公司
弗来明公司
弗劳尔公司 
佛来得梅耶公司
佛兰兹汉尼尔
佛兰兹汉尼尔公司
盖普公司
高岛屋
高露洁
哥伦比亚广播公司 
哥伦比亚保健公司
葛兰素惠康公司
工商银行
GTE公司
古帕马干保险公司
固特异轮胎与橡胶公司
关西电力
关西电力公司
贵州茅台酒厂
国家农场保险公司
国际集团公司
国际商用机器公司
国际造纸
国际造纸公司
国立澳大利亚银行
国民威斯敏斯特银行
国泰人寿
哈利博顿
哈门那公司
哈特福德金融服务公司
汉高公司
汉莎
汉莎航空
汉莎航空集团
汉莎航空集团公司 
赫司特
海尔
海斯布施公司
韩国大宇集团
韩国大宇公司
韩国电力公司
豪尔法克斯
HCA保健公司
荷兰皇家壳牌集团
荷兰国际集团
荷兰银行
亨氏
花旗
花旗集团
花旗银行
华纳兰勃特制药公司
华盛顿互助银行
汇丰控股
汇丰银行
惠而浦公司
惠好
惠普
惠普公司
辉瑞
皇家与太阳联盟公司
IBP公司
ING
基本健康
积水建房
吉列公司
吉之岛
技术数据公司
家乐福
家庭百货
佳能
佳能公司
加拿大帝国商业银行
加拿大神力保险公司
加拿大太阳人寿保险
进出口银行
兼松
舰队金融公司
J．P.摩根公司
卡斯达特公司
卡特彼勒公司
卡西诺
卡西诺集团
卡西诺集团公司
卡西斯百货集团
卡西斯百货集团公司
康柏电脑
康柏电脑公司
康尼格拉
康尼格拉公司
开发银行
凯马特公司
科尼克林克-阿诺尔德
科尼克林克-阿诺尔德公司
科尔斯.迈耶公司
科斯托克
科斯托克公司
可口可乐 
可口可乐公司
可信能源
壳牌
壳牌集团
克罗格
克威尔内公司
KINGFISHER
KYOEI生命
KYUSHU电力公司
拉格公司
莱普索尔
莱普索尔公司
莱曼兄弟
莱因集团
莱因集团公司
拉勃银行
拉法日公司
拉加德里集团
拉加德里集团公司
朗讯科技
劳埃德TSB集团
劳埃德TSB集团公司
劳.加兹普罗姆公司
劳士
劳易斯公司
乐喜金星电子公司
乐喜金星国际公司
雷诺
雷诺公司
雷声公司 
立荣
理尔公司
理光公司
里昂水管
里昂信贷
里昂信贷公司
联邦百货
联邦百货商店
联邦百货商店公司
联邦家庭信贷抵押
联邦家庭信贷抵押公司
联邦捷运
联邦捷运公司
联合包裹服务
联合保健
联合保健公司
联合公用事业
联合航空
联合利华
联合利华公司
联合技术公司
联合太平洋公司
联合信号公司
LIMITED
铃木汽车公司
鹿岛公司 
罗伯特-博世公司
罗纳－普朗克公司
罗氏控股
罗氏控股公司
洛拉尔公司
洛克希德马丁公司
马克斯与斯宾塞公司
马来西亚石油公司
马自达汽车公司
麦道
麦当劳
麦克逊公司
迈卡尔公司
曼公司 
曼内斯曼
曼内斯曼公司
MCI通讯
MCI通讯公司
美孚
美孚石油
美国电报电话公司
美国百货
美国百货公司
美国钢铁马拉松公司
美国国际集团公司
美国家庭产品公司
美国技术公司
美国礼来制药公司
美国铝
美国通用保险
美国万全保险公司
美国西部公司
美国协和石化
美国英特尔公司
美国邮政服务公司
美国运通
美利坚航空
美林公司
美洲银行
美洲银行公司
梅特罗
蒙特迪生公司
蒙特里尔银行 
米格罗斯公司
米切林公司
明尼苏达矿业与制造业公司
明治生命
默克公司
慕尼黑再保险
摩根-斯坦利添惠
摩托罗拉
摩托罗拉公司
墨西哥石油公司
纳比斯科控股
纳比斯科控股公司
耐克
南方贝尔
南方贝尔公司
南方公司
NEC
宁波麦芽
纽约人寿保险公司
农业信贷银行
NORINCHUKIN银行
挪威水电公司
诺华
诺基亚
诺斯罗普-格鲁曼
诺瓦斯考地亚银行
诺威治
诺威治联合公司
OBAYASHI公司
帕斯奇塞纳蒙特银行
PDVSA公司
PG&E 公司
彭尼
彭尼公司
皮诺特－印章集团
皮诺特－印章集团公司
普里伊萨格公司
普罗莫德
普罗莫德公司
浦项钢铁公司
千代生命
强生
强生公司
桥石公司
乔治亚太平洋公司
乔治威斯顿公司
清水公司
全国保险企业公司 
雀巢
雀巢公司
日本电器
日本交通会社 
日产汽车公司
日本电报电话公司
日本钢管
日本航空
日本航空公司
日本能源公司
日本生命
日本石油公司
日本丸红株式会社
日本兴业银行
日本伊藤忠株式会社
日本通运
日本通运公司
日本烟草公司
日本邮政服务公司
日立
日立公司
日绵公司
日胜岩井
日特爱德公司
瑞士联合银行
瑞士人寿保险与年金公司
瑞士信贷
瑞士信贷公司
瑞士再保险公司
萨拉-李公司
塞斯克公司
3M公司
三井不动产公司
三和银行
三井生命
三井物产
三菱
三菱电气
三菱电气公司
三菱化学公司
三菱汽车公司
三菱商事
三菱银行
三菱重工
三星
三星电子
三星电子公司
三星集团
三星人寿保险公司
三洋电气公司
商用机器
商用机器公司
上海施乐宝制药有限公司
上海施乐宝
SBC西南贝尔
神户钢铁公司
圣保罗保险公司
圣保罗IMI银行
圣戈班公司
圣斯伯里公司
施霸商业
斯卡迪纳集团
斯卡迪纳集团公司 
施乐公司
施伦泊格
斯达拉恩索
斯普林特公司
斯普林特公司
斯塔托尔公司
斯坦德集团
斯坦德集团公司
世界银行
时代华纳公司
石化公司
石化集团
石油化工集团
石油化工集团公司
史克必成 
SNCF
SNCF公司
松下
松下电器
松下电器产业公司
首信
苏格兰皇家银行
苏格兰鳏寡基金
苏黎世金融服务公司
隋福威
隋福威公司
索尼
索尼公司
泰克国际公司
太平洋健康系统
太阳公司
太阳生命
特克斯特隆公司
特尼奥公司
特斯科
特斯科公司
通用电气
通用电气公司
通用汽车公司
TRW公司
托斯克公司
托塔尔菲那公司
UPM-KYMMENE公司
玩具反斗店
王子造纸公司
万全保险公司
威望迪
微软
微软公司
维亚哥
维亚哥公司
维亚康姆
温-迪克斯百货公司
乌尔沃斯公司
五十铃汽车公司
五月百货商店
五月百货商店公司
武中公司 
西班牙电讯
西班牙电讯公司
西北航空公司
西北互助人寿保险公司
西德意志银行
西尔斯-罗巴克公司
西格拉姆公司
西格纳
西格纳公司
西夫韦公司
西门子
西门子公司
西日本铁路公司
西屋电气
夏普
夏普公司
仙妮雷德集团
鲜京公司
现代公司
香港长江实业集团
长江实业
新日铁
新闻公司
信孚银行
信念健康公司
兴和实业
兴洋毛毯
兴业银行
雪佛龙
雪印乳业
雅马哈
雅培制药公司
怡和
意大利电信
意大利国家碳化氢
意大利商业银行
意大利信贷
意大利信贷公司 
伊莱克斯
伊利公司
伊斯特曼.柯达公司 
伊陶萨投资公司 
伊滕洋华堂
伊腾忠商社
岩谷
英格雷姆麦克罗
英格雷姆麦克罗公司
英国半岛东方汽船公司
英国保诚保险
英国电信
英国钢铁公司
英国航空公司
英国罗罗公司
英国煤气
英国石油公司
英国通用电器
英国邮政局公司
英美烟草
英美烟草工业公司
英特尔
因特撒银行
印度石油公司
樱花银行
宇航公司
裕宝银行
约翰汉科共同寿险公司
约翰逊控制公司
朝日玻璃
朝日化学工业公司
朝日生命
 正大粮油
道琼斯公司
自由相助人寿保险公司
中部电力
中部电力公司
中国化工进出口公司 
中国工商银行
中国粮油进出口公司
中国进出口银行
中国石油公司
中国石油化工集团
中国石油化工集团公司
中国银行
中桥
中日本铁路公司
忠利保险股份公司
重建信贷机构
住友
住友电工
住友公司
住友金属工业公司
住友生命
住友银行
克雷公司